2026-04-29 13:56:24,746 INFO: 自动选择设备: directml
2026-04-29 13:56:24,746 INFO: 设备: privateuseone:0
2026-04-29 13:56:24,747 INFO: 设备类型: directml
2026-04-29 13:56:24,747 INFO: 日志输出目录: checkpoints/cnn/inst_best
2026-04-29 13:56:24,747 INFO: 从指定配置文件加载: checkpoints/cnn/inst_best/cnn_best_inst.json
2026-04-29 13:56:24,896 INFO: 模型加载完成: checkpoints/cnn/inst_best/cnn_best_inst.pt  (设备: privateuseone:0)
2026-04-29 13:56:24,896 INFO: 模型类型: cnn
2026-04-29 13:56:24,896 INFO: 模型参数: {'in_features': 6, 'mlp_hidden': 128, 'dropout': 0.1, 'cnn_hidden': 64, 'cnn_out': 128}
2026-04-29 13:56:24,896 INFO: pair-swap 训练增强: False（此为训练时数据增强，不影响推理逻辑）
2026-04-29 13:56:24,985 INFO: ========================================================================
2026-04-29 13:56:24,985 INFO: 版本对: O1-g_vs_O3-g  (O1-g vs O3-g)  共 174 个程序
2026-04-29 13:56:24,985 INFO: 标签模式: inst_retired_ratio
2026-04-29 13:56:24,985 INFO: 标签定义: Y = Σinst_v1 / Σinst_v2 (retired instruction ratio)
2026-04-29 13:56:24,985 INFO: 判定方向: Y >= 1 视为 O1-g 更快，Y < 1 视为 O3-g 更快
2026-04-29 13:56:24,985 INFO: 统计口径: 方向准确率按 same-side(Y=1.0) 统计；展示结论仍使用 judge() 的 ±5%% 区间
2026-04-29 13:56:24,985 INFO: ========================================================================
2026-04-29 13:56:24,985 INFO:      #                              程序          预测 Ŷ          真实 Y            误差  判断
2026-04-29 13:56:24,985 INFO:   ------------------------------------------------------------------------------------
2026-04-29 13:56:24,986 INFO:      1                            7zip    1.01662755    1.05214691   -0.03551936  O1-g ≈ O3-g（差异在 ±5% 内）
2026-04-29 13:56:24,986 INFO:      2             ASCI_Purple_SMG2000    1.19979608    1.51914060   -0.31934452  O1-g 优于 O3-g（快 16.7%，加速比 1.20x）
2026-04-29 13:56:24,986 INFO:      3               ASC_Sequoia_AMGmk    0.78096938    0.84737968   -0.06641030  O3-g 优于 O1-g（快 21.9%，加速比 1.28x）
2026-04-29 13:56:24,986 INFO:      4           ASC_Sequoia_CrystalMk    1.06838834    1.01239920   +0.05598915  O1-g 优于 O3-g（快 6.4%，加速比 1.07x）
2026-04-29 13:56:24,986 INFO:      5               ASC_Sequoia_IRSmk    0.97370917    0.95196372   +0.02174544  O1-g ≈ O3-g（差异在 ±5% 内）
2026-04-29 13:56:24,986 INFO:      6                  BitBench_drop3    0.95712942    0.99763298   -0.04050356  O1-g ≈ O3-g（差异在 ±5% 内）
2026-04-29 13:56:24,986 INFO:      7                 BitBench_five11    0.96508849    1.01229441   -0.04720592  O1-g ≈ O3-g（差异在 ±5% 内）
2026-04-29 13:56:24,986 INFO:      8               BitBench_uudecode    0.99888307    1.02966845   -0.03078538  O1-g ≈ O3-g（差异在 ±5% 内）
2026-04-29 13:56:24,986 INFO:      9               BitBench_uuencode    1.15210140    1.05835128   +0.09375012  O1-g 优于 O3-g（快 13.2%，加速比 1.15x）
2026-04-29 13:56:24,986 INFO:     10                          Bullet    1.00439405    0.98187548   +0.02251858  O1-g ≈ O3-g（差异在 ±5% 内）
2026-04-29 13:56:24,987 INFO:     11         DOE-ProxyApps-C++_CLAMR    0.98102933    0.98705596   -0.00602663  O1-g ≈ O3-g（差异在 ±5% 内）
2026-04-29 13:56:24,987 INFO:     12   DOE-ProxyApps-C++_HACCKernels    1.30722642    1.13959455   +0.16763186  O1-g 优于 O3-g（快 23.5%，加速比 1.31x）
2026-04-29 13:56:24,987 INFO:     13         DOE-ProxyApps-C++_HPCCG    1.55727839    1.27994394   +0.27733445  O1-g 优于 O3-g（快 35.8%，加速比 1.56x）
2026-04-29 13:56:24,987 INFO:     14       DOE-ProxyApps-C++_PENNANT    1.00690532    1.00958002   -0.00267470  O1-g ≈ O3-g（差异在 ±5% 内）
2026-04-29 13:56:24,987 INFO:     15        DOE-ProxyApps-C++_miniFE    1.36592102    1.20870245   +0.15721858  O1-g 优于 O3-g（快 26.8%，加速比 1.37x）
2026-04-29 13:56:24,987 INFO:     16            DOE-ProxyApps-C_CoMD    1.40934527    1.23889935   +0.17044592  O1-g 优于 O3-g（快 29.0%，加速比 1.41x）
2026-04-29 13:56:24,987 INFO:     17      DOE-ProxyApps-C_Pathfinder    0.98848712    0.97986549   +0.00862163  O1-g ≈ O3-g（差异在 ±5% 内）
2026-04-29 13:56:24,987 INFO:     18         DOE-ProxyApps-C_RSBench    0.98749340    1.00982273   -0.02232933  O1-g ≈ O3-g（差异在 ±5% 内）
2026-04-29 13:56:24,987 INFO:     19       DOE-ProxyApps-C_SimpleMOC    0.95717031    0.92758280   +0.02958751  O1-g ≈ O3-g（差异在 ±5% 内）
2026-04-29 13:56:24,987 INFO:     20         DOE-ProxyApps-C_XSBench    1.00842452    0.99297804   +0.01544648  O1-g ≈ O3-g（差异在 ±5% 内）
2026-04-29 13:56:24,987 INFO:     21         DOE-ProxyApps-C_miniAMR    1.00492513    1.00334132   +0.00158381  O1-g ≈ O3-g（差异在 ±5% 内）
2026-04-29 13:56:24,987 INFO:     22         DOE-ProxyApps-C_miniGMG    1.07801735    1.09932089   -0.02130353  O1-g 优于 O3-g（快 7.2%，加速比 1.08x）
2026-04-29 13:56:24,988 INFO:     23                     Fhourstones    0.95507145    0.98708868   -0.03201723  O1-g ≈ O3-g（差异在 ±5% 内）
2026-04-29 13:56:24,988 INFO:     24                 Fhourstones-3.1    1.02588236    1.00331378   +0.02256858  O1-g ≈ O3-g（差异在 ±5% 内）
2026-04-29 13:56:24,988 INFO:     25              FreeBench_analyzer    0.95156860    0.95052683   +0.00104177  O1-g ≈ O3-g（差异在 ±5% 内）
2026-04-29 13:56:24,988 INFO:     26               FreeBench_distray    1.01748955    1.04589963   -0.02841008  O1-g ≈ O3-g（差异在 ±5% 内）
2026-04-29 13:56:24,988 INFO:     27            FreeBench_fourinarow    1.89137232    2.22647858   -0.33510625  O1-g 优于 O3-g（快 47.1%，加速比 1.89x）
2026-04-29 13:56:24,988 INFO:     28                 FreeBench_mason    0.99879122    1.02385378   -0.02506256  O1-g ≈ O3-g（差异在 ±5% 内）
2026-04-29 13:56:24,988 INFO:     29                FreeBench_neural    1.41816807    1.33065224   +0.08751583  O1-g 优于 O3-g（快 29.5%，加速比 1.42x）
2026-04-29 13:56:24,988 INFO:     30            FreeBench_pcompress2    1.04737651    0.96300054   +0.08437598  O1-g ≈ O3-g（差异在 ±5% 内）
2026-04-29 13:56:24,988 INFO:     31                 FreeBench_pifft    1.01084352    1.12198377   -0.11114025  O1-g ≈ O3-g（差异在 ±5% 内）
2026-04-29 13:56:24,988 INFO:     32               MallocBench_cfrac    0.98494989    1.00670195   -0.02175206  O1-g ≈ O3-g（差异在 ±5% 内）
2026-04-29 13:56:24,988 INFO:     33            MallocBench_espresso    0.98418623    0.96524370   +0.01894253  O1-g ≈ O3-g（差异在 ±5% 内）
2026-04-29 13:56:24,989 INFO:     34                  MallocBench_gs    0.97587955    0.96539551   +0.01048404  O1-g ≈ O3-g（差异在 ±5% 内）
2026-04-29 13:56:24,989 INFO:     35                 McCat_01-qbsort    0.98448843    1.03647053   -0.05198210  O1-g ≈ O3-g（差异在 ±5% 内）
2026-04-29 13:56:24,989 INFO:     36               McCat_03-testtrie    0.95292234    0.99037755   -0.03745520  O1-g ≈ O3-g（差异在 ±5% 内）
2026-04-29 13:56:24,989 INFO:     37                 McCat_04-bisect    1.01039326    0.91615516   +0.09423810  O1-g ≈ O3-g（差异在 ±5% 内）
2026-04-29 13:56:24,989 INFO:     38                    McCat_05-eks    0.98001391    0.98651868   -0.00650477  O1-g ≈ O3-g（差异在 ±5% 内）
2026-04-29 13:56:24,989 INFO:     39                   McCat_08-main    1.00617695    1.10683334   -0.10065639  O1-g ≈ O3-g（差异在 ±5% 内）
2026-04-29 13:56:24,989 INFO:     40                    McCat_09-vor    1.03108549    1.02850676   +0.00257874  O1-g ≈ O3-g（差异在 ±5% 内）
2026-04-29 13:56:24,989 INFO:     41                 McCat_12-IOtest    0.94994873    1.01122808   -0.06127936  O3-g 优于 O1-g（快 5.0%，加速比 1.05x）
2026-04-29 13:56:24,990 INFO:     42                   McCat_15-trie    1.03198802    1.03785956   -0.00587153  O1-g ≈ O3-g（差异在 ±5% 内）
2026-04-29 13:56:24,990 INFO:     43                  McCat_17-bintr    1.23040056    1.19810581   +0.03229475  O1-g 优于 O3-g（快 18.7%，加速比 1.23x）
2026-04-29 13:56:24,990 INFO:     44                    McCat_18-imp    0.99887574    1.00422978   -0.00535405  O1-g ≈ O3-g（差异在 ±5% 内）
2026-04-29 13:56:24,990 INFO:     45    MiBench_automotive-basicmath    1.00103343    1.00098825   +0.00004518  O1-g ≈ O3-g（差异在 ±5% 内）
2026-04-29 13:56:24,990 INFO:     46     MiBench_automotive-bitcount    0.96430349    0.96513814   -0.00083464  O1-g ≈ O3-g（差异在 ±5% 内）
2026-04-29 13:56:24,990 INFO:     47        MiBench_automotive-susan    1.08677149    1.04468167   +0.04208982  O1-g 优于 O3-g（快 8.0%，加速比 1.09x）
2026-04-29 13:56:24,990 INFO:     48           MiBench_consumer-jpeg    1.02684450    1.07011580   -0.04327130  O1-g ≈ O3-g（差异在 ±5% 内）
2026-04-29 13:56:24,991 INFO:     49           MiBench_consumer-lame    1.27494144    1.09484780   +0.18009365  O1-g 优于 O3-g（快 21.6%，加速比 1.27x）
2026-04-29 13:56:24,991 INFO:     50        MiBench_consumer-typeset    1.01436675    0.99273539   +0.02163136  O1-g ≈ O3-g（差异在 ±5% 内）
2026-04-29 13:56:24,991 INFO:     51        MiBench_network-dijkstra    0.91192019    0.99944168   -0.08752149  O3-g 优于 O1-g（快 8.8%，加速比 1.10x）
2026-04-29 13:56:24,991 INFO:     52        MiBench_network-patricia    1.15525758    0.98605341   +0.16920418  O1-g 优于 O3-g（快 13.4%，加速比 1.16x）
2026-04-29 13:56:24,991 INFO:     53           MiBench_office-ispell    0.99285609    1.00195062   -0.00909454  O1-g ≈ O3-g（差异在 ±5% 内）
2026-04-29 13:56:24,991 INFO:     54     MiBench_office-stringsearch    0.97417057    1.11747324   -0.14330268  O1-g ≈ O3-g（差异在 ±5% 内）
2026-04-29 13:56:24,991 INFO:     55       MiBench_security-blowfish    1.00499547    0.98299021   +0.02200526  O1-g ≈ O3-g（差异在 ±5% 内）
2026-04-29 13:56:24,991 INFO:     56       MiBench_security-rijndael    1.05498683    1.02165723   +0.03332961  O1-g 优于 O3-g（快 5.2%，加速比 1.05x）
2026-04-29 13:56:24,991 INFO:     57            MiBench_security-sha    1.32946801    1.25654697   +0.07292104  O1-g 优于 O3-g（快 24.8%，加速比 1.33x）
2026-04-29 13:56:24,992 INFO:     58          MiBench_telecomm-CRC32    0.98586863    0.99769044   -0.01182181  O1-g ≈ O3-g（差异在 ±5% 内）
2026-04-29 13:56:24,992 INFO:     59            MiBench_telecomm-FFT    0.98439938    1.00493848   -0.02053910  O1-g ≈ O3-g（差异在 ±5% 内）
2026-04-29 13:56:24,992 INFO:     60          MiBench_telecomm-adpcm    0.99427813    1.00401998   -0.00974184  O1-g ≈ O3-g（差异在 ±5% 内）
2026-04-29 13:56:24,992 INFO:     61            MiBench_telecomm-gsm    1.12267017    1.02951670   +0.09315348  O1-g 优于 O3-g（快 10.9%，加速比 1.12x）
2026-04-29 13:56:24,992 INFO:     62                   NPB-serial_is    1.21837068    1.22246301   -0.00409234  O1-g 优于 O3-g（快 17.9%，加速比 1.22x）
2026-04-29 13:56:24,992 INFO:     63                        Olden_bh    1.65631032    1.77179885   -0.11548853  O1-g 优于 O3-g（快 39.6%，加速比 1.66x）
2026-04-29 13:56:24,992 INFO:     64                    Olden_bisort    1.03601754    1.06078053   -0.02476299  O1-g ≈ O3-g（差异在 ±5% 内）
2026-04-29 13:56:24,992 INFO:     65                      Olden_em3d    0.99180031    0.99986130   -0.00806099  O1-g ≈ O3-g（差异在 ±5% 内）
2026-04-29 13:56:24,992 INFO:     66                    Olden_health    1.00781131    1.04082322   -0.03301191  O1-g ≈ O3-g（差异在 ±5% 内）
2026-04-29 13:56:24,992 INFO:     67                       Olden_mst    0.93788350    0.97771299   -0.03982949  O3-g 优于 O1-g（快 6.2%，加速比 1.07x）
2026-04-29 13:56:24,992 INFO:     68                 Olden_perimeter    0.93745542    0.96491396   -0.02745855  O3-g 优于 O1-g（快 6.3%，加速比 1.07x）
2026-04-29 13:56:24,993 INFO:     69                     Olden_power    1.55082262    1.62748301   -0.07666039  O1-g 优于 O3-g（快 35.5%，加速比 1.55x）
2026-04-29 13:56:24,993 INFO:     70                   Olden_treeadd    0.94523782    0.99467939   -0.04944158  O3-g 优于 O1-g（快 5.5%，加速比 1.06x）
2026-04-29 13:56:24,993 INFO:     71                       Olden_tsp    1.11393237    1.09866929   +0.01526308  O1-g 优于 O3-g（快 10.2%，加速比 1.11x）
2026-04-29 13:56:24,993 INFO:     72                   Olden_voronoi    0.95489317    0.98685688   -0.03196371  O1-g ≈ O3-g（差异在 ±5% 内）
2026-04-29 13:56:24,993 INFO:     73                           PAQ8p    1.68130350    1.40663445   +0.27466905  O1-g 优于 O3-g（快 40.5%，加速比 1.68x）
2026-04-29 13:56:24,993 INFO:     74                 Prolangs-C++_NP    0.98632097    0.98800284   -0.00168186  O1-g ≈ O3-g（差异在 ±5% 内）
2026-04-29 13:56:24,993 INFO:     75               Prolangs-C++_city    0.97126395    0.99258202   -0.02131808  O1-g ≈ O3-g（差异在 ±5% 内）
2026-04-29 13:56:24,993 INFO:     76             Prolangs-C++_deriv1    0.99016756    0.98991650   +0.00025105  O1-g ≈ O3-g（差异在 ±5% 内）
2026-04-29 13:56:24,993 INFO:     77             Prolangs-C++_deriv2    0.99162042    1.01208258   -0.02046216  O1-g ≈ O3-g（差异在 ±5% 内）
2026-04-29 13:56:24,993 INFO:     78             Prolangs-C++_employ    0.96816081    1.00013697   -0.03197616  O1-g ≈ O3-g（差异在 ±5% 内）
2026-04-29 13:56:24,993 INFO:     79             Prolangs-C++_family    0.98892248    1.00363624   -0.01471376  O1-g ≈ O3-g（差异在 ±5% 内）
2026-04-29 13:56:24,993 INFO:     80                Prolangs-C++_fsm    0.99461174    1.01623404   -0.02162230  O1-g ≈ O3-g（差异在 ±5% 内）
2026-04-29 13:56:24,994 INFO:     81             Prolangs-C++_garage    0.99001288    0.98105830   +0.00895458  O1-g ≈ O3-g（差异在 ±5% 内）
2026-04-29 13:56:24,994 INFO:     82               Prolangs-C++_life    0.98925626    1.06317055   -0.07391429  O1-g ≈ O3-g（差异在 ±5% 内）
2026-04-29 13:56:24,994 INFO:     83            Prolangs-C++_objects    0.99188930    1.00501144   -0.01312214  O1-g ≈ O3-g（差异在 ±5% 内）
2026-04-29 13:56:24,994 INFO:     84              Prolangs-C++_ocean    0.96087289    1.00059795   -0.03972507  O1-g ≈ O3-g（差异在 ±5% 内）
2026-04-29 13:56:24,994 INFO:     85             Prolangs-C++_office    0.99011874    1.00568211   -0.01556337  O1-g ≈ O3-g（差异在 ±5% 内）
2026-04-29 13:56:24,994 INFO:     86             Prolangs-C++_primes    0.42038125    0.48612747   -0.06574622  O3-g 优于 O1-g（快 58.0%，加速比 2.38x）
2026-04-29 13:56:24,994 INFO:     87             Prolangs-C++_shapes    0.99238855    1.00664079   -0.01425225  O1-g ≈ O3-g（差异在 ±5% 内）
2026-04-29 13:56:24,994 INFO:     88              Prolangs-C++_simul    0.98367149    0.95430279   +0.02936870  O1-g ≈ O3-g（差异在 ±5% 内）
2026-04-29 13:56:24,994 INFO:     89              Prolangs-C++_trees    0.98770648    0.98814744   -0.00044096  O1-g ≈ O3-g（差异在 ±5% 内）
2026-04-29 13:56:24,994 INFO:     90              Prolangs-C++_vcirc    0.99081033    0.99003530   +0.00077504  O1-g ≈ O3-g（差异在 ±5% 内）
2026-04-29 13:56:24,995 INFO:     91         Prolangs-C_TimberWolfMC    1.00260437    0.98097908   +0.02162528  O1-g ≈ O3-g（差异在 ±5% 内）
2026-04-29 13:56:24,995 INFO:     92                Prolangs-C_agrep    1.03609276    1.02208614   +0.01400661  O1-g ≈ O3-g（差异在 ±5% 内）
2026-04-29 13:56:24,995 INFO:     93             Prolangs-C_allroots    0.99623275    0.98878694   +0.00744581  O1-g ≈ O3-g（差异在 ±5% 内）
2026-04-29 13:56:24,995 INFO:     94        Prolangs-C_archie-client    0.99158555    1.00117230   -0.00958675  O1-g ≈ O3-g（差异在 ±5% 内）
2026-04-29 13:56:24,995 INFO:     95            Prolangs-C_assembler    0.99060529    0.98933381   +0.00127149  O1-g ≈ O3-g（差异在 ±5% 内）
2026-04-29 13:56:24,995 INFO:     96                Prolangs-C_bison    0.99314231    1.01602924   -0.02288693  O1-g ≈ O3-g（差异在 ±5% 内）
2026-04-29 13:56:24,995 INFO:     97                Prolangs-C_cdecl    0.99205858    1.01050997   -0.01845139  O1-g ≈ O3-g（差异在 ±5% 内）
2026-04-29 13:56:24,995 INFO:     98             Prolangs-C_compiler    0.98359001    0.99449879   -0.01090878  O1-g ≈ O3-g（差异在 ±5% 内）
2026-04-29 13:56:24,995 INFO:     99            Prolangs-C_fixoutput    0.98507154    1.00782871   -0.02275717  O1-g ≈ O3-g（差异在 ±5% 内）
2026-04-29 13:56:24,995 INFO:    100             Prolangs-C_football    0.99188673    1.01312721   -0.02124047  O1-g ≈ O3-g（差异在 ±5% 内）
2026-04-29 13:56:24,995 INFO:    101                Prolangs-C_gnugo    1.02687991    1.06310117   -0.03622127  O1-g ≈ O3-g（差异在 ±5% 内）
2026-04-29 13:56:24,995 INFO:    102               Prolangs-C_loader    0.98383904    1.01331997   -0.02948093  O1-g ≈ O3-g（差异在 ±5% 内）
2026-04-29 13:56:24,996 INFO:    103             Prolangs-C_plot2fig    0.99382955    1.00841832   -0.01458877  O1-g ≈ O3-g（差异在 ±5% 内）
2026-04-29 13:56:24,996 INFO:    104            Prolangs-C_simulator    0.99553668    0.98909372   +0.00644296  O1-g ≈ O3-g（差异在 ±5% 内）
2026-04-29 13:56:24,996 INFO:    105           Prolangs-C_unix-smail    0.99975085    1.00438523   -0.00463438  O1-g ≈ O3-g（差异在 ±5% 内）
2026-04-29 13:56:24,996 INFO:    106             Prolangs-C_unix-tbl    0.98994678    1.01323879   -0.02329201  O1-g ≈ O3-g（差异在 ±5% 内）
2026-04-29 13:56:24,996 INFO:    107                 Ptrdist_anagram    0.99047691    0.95366198   +0.03681493  O1-g ≈ O3-g（差异在 ±5% 内）
2026-04-29 13:56:24,996 INFO:    108                      Ptrdist_bc    1.00820386    0.99959159   +0.00861228  O1-g ≈ O3-g（差异在 ±5% 内）
2026-04-29 13:56:24,996 INFO:    109                      Ptrdist_ft    0.89411062    1.01296639   -0.11885577  O3-g 优于 O1-g（快 10.6%，加速比 1.12x）
2026-04-29 13:56:24,996 INFO:    110                      Ptrdist_ks    0.94325328    0.96455014   -0.02129686  O3-g 优于 O1-g（快 5.7%，加速比 1.06x）
2026-04-29 13:56:24,996 INFO:    111                   Ptrdist_yacr2    0.92037082    0.89105582   +0.02931499  O3-g 优于 O1-g（快 8.0%，加速比 1.09x）
2026-04-29 13:56:24,996 INFO:    112                Rodinia_backprop    1.07473898    1.07215905   +0.00257993  O1-g 优于 O3-g（快 7.0%，加速比 1.07x）
2026-04-29 13:56:24,996 INFO:    113                 Rodinia_hotspot    1.11701500    1.09053552   +0.02647948  O1-g 优于 O3-g（快 10.5%，加速比 1.12x）
2026-04-29 13:56:24,997 INFO:    114              Rodinia_pathfinder    1.01823771    1.02710640   -0.00886869  O1-g ≈ O3-g（差异在 ±5% 内）
2026-04-29 13:56:24,997 INFO:    115                    Rodinia_srad    1.16478062    1.17933989   -0.01455927  O1-g 优于 O3-g（快 14.1%，加速比 1.16x）
2026-04-29 13:56:24,997 INFO:    116                      SciMark2-C    1.13784111    1.11672235   +0.02111876  O1-g 优于 O3-g（快 12.1%，加速比 1.14x）
2026-04-29 13:56:24,997 INFO:    117            TSVC_ControlFlow-dbl    0.91550267    0.99046850   -0.07496583  O3-g 优于 O1-g（快 8.4%，加速比 1.09x）
2026-04-29 13:56:24,997 INFO:    118            TSVC_ControlFlow-flt    0.89121705    0.91927743   -0.02806038  O3-g 优于 O1-g（快 10.9%，加速比 1.12x）
2026-04-29 13:56:24,997 INFO:    119           TSVC_ControlLoops-dbl    2.05117297    1.71405315   +0.33711982  O1-g 优于 O3-g（快 51.2%，加速比 2.05x）
2026-04-29 13:56:24,997 INFO:    120           TSVC_ControlLoops-flt    1.81329870    1.62484658   +0.18845212  O1-g 优于 O3-g（快 44.9%，加速比 1.81x）
2026-04-29 13:56:24,997 INFO:    121     TSVC_CrossingThresholds-dbl    1.40882576    1.38178182   +0.02704394  O1-g 优于 O3-g（快 29.0%，加速比 1.41x）
2026-04-29 13:56:24,997 INFO:    122     TSVC_CrossingThresholds-flt    1.67758429    1.65369225   +0.02389205  O1-g 优于 O3-g（快 40.4%，加速比 1.68x）
2026-04-29 13:56:24,997 INFO:    123          TSVC_Equivalencing-dbl    2.10723758    2.00345516   +0.10378242  O1-g 优于 O3-g（快 52.5%，加速比 2.11x）
2026-04-29 13:56:24,998 INFO:    124          TSVC_Equivalencing-flt    2.00083470    1.70989823   +0.29093647  O1-g 优于 O3-g（快 50.0%，加速比 2.00x）
2026-04-29 13:56:24,998 INFO:    125              TSVC_Expansion-dbl    1.19026935    1.51436615   -0.32409680  O1-g 优于 O3-g（快 16.0%，加速比 1.19x）
2026-04-29 13:56:24,998 INFO:    126              TSVC_Expansion-flt    1.27500165    1.49383807   -0.21883643  O1-g 优于 O3-g（快 21.6%，加速比 1.28x）
2026-04-29 13:56:24,998 INFO:    127         TSVC_GlobalDataFlow-dbl    1.75297964    1.49913609   +0.25384355  O1-g 优于 O3-g（快 43.0%，加速比 1.75x）
2026-04-29 13:56:24,998 INFO:    128         TSVC_GlobalDataFlow-flt    1.80055022    1.69196165   +0.10858858  O1-g 优于 O3-g（快 44.5%，加速比 1.80x）
2026-04-29 13:56:24,998 INFO:    129     TSVC_IndirectAddressing-dbl    1.27419615    1.26709020   +0.00710595  O1-g 优于 O3-g（快 21.5%，加速比 1.27x）
2026-04-29 13:56:24,998 INFO:    130     TSVC_IndirectAddressing-flt    1.27553022    1.21542096   +0.06010926  O1-g 优于 O3-g（快 21.6%，加速比 1.28x）
2026-04-29 13:56:24,998 INFO:    131      TSVC_InductionVariable-dbl    1.47272992    1.26401389   +0.20871603  O1-g 优于 O3-g（快 32.1%，加速比 1.47x）
2026-04-29 13:56:24,999 INFO:    132      TSVC_InductionVariable-flt    1.40830600    1.27615166   +0.13215435  O1-g 优于 O3-g（快 29.0%，加速比 1.41x）
2026-04-29 13:56:24,999 INFO:    133       TSVC_LinearDependence-dbl    1.40732050    1.44502699   -0.03770649  O1-g 优于 O3-g（快 28.9%，加速比 1.41x）
2026-04-29 13:56:24,999 INFO:    134       TSVC_LinearDependence-flt    1.42217588    1.30733514   +0.11484075  O1-g 优于 O3-g（快 29.7%，加速比 1.42x）
2026-04-29 13:56:24,999 INFO:    135          TSVC_LoopRerolling-dbl    1.22576070    1.16878235   +0.05697834  O1-g 优于 O3-g（快 18.4%，加速比 1.23x）
2026-04-29 13:56:24,999 INFO:    136          TSVC_LoopRerolling-flt    1.38578534    1.16744995   +0.21833539  O1-g 优于 O3-g（快 27.8%，加速比 1.39x）
2026-04-29 13:56:24,999 INFO:    137      TSVC_LoopRestructuring-dbl    1.68771636    1.37091148   +0.31680489  O1-g 优于 O3-g（快 40.7%，加速比 1.69x）
2026-04-29 13:56:24,999 INFO:    138      TSVC_LoopRestructuring-flt    1.68317735    1.39173472   +0.29144263  O1-g 优于 O3-g（快 40.6%，加速比 1.68x）
2026-04-29 13:56:24,999 INFO:    139          TSVC_NodeSplitting-dbl    1.02525318    1.07326806   -0.04801488  O1-g ≈ O3-g（差异在 ±5% 内）
2026-04-29 13:56:24,999 INFO:    140          TSVC_NodeSplitting-flt    1.03928745    1.11647558   -0.07718813  O1-g ≈ O3-g（差异在 ±5% 内）
2026-04-29 13:56:24,999 INFO:    141                TSVC_Packing-dbl    1.00988865    1.04240382   -0.03251517  O1-g ≈ O3-g（差异在 ±5% 内）
2026-04-29 13:56:25,000 INFO:    142                TSVC_Packing-flt    1.01633120    1.04674053   -0.03040934  O1-g ≈ O3-g（差异在 ±5% 内）
2026-04-29 13:56:25,000 INFO:    143            TSVC_Recurrences-dbl    1.11857712    1.06764257   +0.05093455  O1-g 优于 O3-g（快 10.6%，加速比 1.12x）
2026-04-29 13:56:25,000 INFO:    144            TSVC_Recurrences-flt    1.12842023    1.06592286   +0.06249738  O1-g 优于 O3-g（快 11.4%，加速比 1.13x）
2026-04-29 13:56:25,000 INFO:    145             TSVC_Reductions-dbl    1.45804811    1.67038345   -0.21233535  O1-g 优于 O3-g（快 31.4%，加速比 1.46x）
2026-04-29 13:56:25,000 INFO:    146             TSVC_Reductions-flt    1.39691353    1.68663168   -0.28971815  O1-g 优于 O3-g（快 28.4%，加速比 1.40x）
2026-04-29 13:56:25,000 INFO:    147              TSVC_Searching-dbl    0.73954308    0.79990190   -0.06035882  O3-g 优于 O1-g（快 26.0%，加速比 1.35x）
2026-04-29 13:56:25,000 INFO:    148              TSVC_Searching-flt    0.77872878    0.76631284   +0.01241595  O3-g 优于 O1-g（快 22.1%，加速比 1.28x）
2026-04-29 13:56:25,000 INFO:    149    TSVC_StatementReordering-dbl    1.06131673    0.99871159   +0.06260514  O1-g 优于 O3-g（快 5.8%，加速比 1.06x）
2026-04-29 13:56:25,000 INFO:    150    TSVC_StatementReordering-flt    1.06569290    1.00862420   +0.05706871  O1-g 优于 O3-g（快 6.2%，加速比 1.07x）
2026-04-29 13:56:25,000 INFO:    151              TSVC_Symbolics-dbl    1.82235682    1.61541533   +0.20694149  O1-g 优于 O3-g（快 45.1%，加速比 1.82x）
2026-04-29 13:56:25,001 INFO:    152              TSVC_Symbolics-flt    1.75129187    1.23055673   +0.52073514  O1-g 优于 O3-g（快 42.9%，加速比 1.75x）
2026-04-29 13:56:25,001 INFO:    153               Trimaran_enc-3des    1.02313089    1.00129914   +0.02183175  O1-g ≈ O3-g（差异在 ±5% 内）
2026-04-29 13:56:25,001 INFO:    154                Trimaran_enc-md5    1.00026214    1.00132620   -0.00106406  O1-g ≈ O3-g（差异在 ±5% 内）
2026-04-29 13:56:25,001 INFO:    155                Trimaran_enc-pc1    1.52814567    1.15480661   +0.37333906  O1-g 优于 O3-g（快 34.6%，加速比 1.53x）
2026-04-29 13:56:25,001 INFO:    156                Trimaran_enc-rc4    1.13562143    1.09661901   +0.03900242  O1-g 优于 O3-g（快 11.9%，加速比 1.14x）
2026-04-29 13:56:25,001 INFO:    157           Trimaran_netbench-crc    1.20093966    1.17783833   +0.02310133  O1-g 优于 O3-g（快 16.7%，加速比 1.20x）
2026-04-29 13:56:25,001 INFO:    158           Trimaran_netbench-url    0.97571051    0.91711408   +0.05859643  O1-g ≈ O3-g（差异在 ±5% 内）
2026-04-29 13:56:25,001 INFO:    159                VersaBench_8b10b    1.11634958    1.11346579   +0.00288379  O1-g 优于 O3-g（快 10.4%，加速比 1.12x）
2026-04-29 13:56:25,001 INFO:    160           VersaBench_beamformer    0.98700446    0.97226250   +0.01474196  O1-g ≈ O3-g（差异在 ±5% 内）
2026-04-29 13:56:25,001 INFO:    161                  VersaBench_bmm    1.00775003    0.99259430   +0.01515573  O1-g ≈ O3-g（差异在 ±5% 内）
2026-04-29 13:56:25,001 INFO:    162                 VersaBench_dbms    1.01275873    1.00903523   +0.00372350  O1-g ≈ O3-g（差异在 ±5% 内）
2026-04-29 13:56:25,001 INFO:    163               VersaBench_ecbdes    0.99803221    1.01502907   -0.01699686  O1-g ≈ O3-g（差异在 ±5% 内）
2026-04-29 13:56:25,002 INFO:    164                    llubenchmark    0.98553717    1.00484812   -0.01931095  O1-g ≈ O3-g（差异在 ±5% 内）
2026-04-29 13:56:25,002 INFO:    165                           mafft    1.03608263    1.11314344   -0.07706082  O1-g ≈ O3-g（差异在 ±5% 内）
2026-04-29 13:56:25,002 INFO:    166      mediabench_adpcm_rawcaudio    1.00097847    1.02923095   -0.02825248  O1-g ≈ O3-g（差异在 ±5% 内）
2026-04-29 13:56:25,002 INFO:    167      mediabench_adpcm_rawdaudio    0.97192222    1.00451350   -0.03259128  O1-g ≈ O3-g（差异在 ±5% 内）
2026-04-29 13:56:25,002 INFO:    168      mediabench_g721_g721encode    1.24373007    1.20170522   +0.04202485  O1-g 优于 O3-g（快 19.6%，加速比 1.24x）
2026-04-29 13:56:25,002 INFO:    169            mediabench_gsm_toast    1.15781367    1.02816927   +0.12964439  O1-g 优于 O3-g（快 13.6%，加速比 1.16x）
2026-04-29 13:56:25,002 INFO:    170         mediabench_jpeg_jpeg-6a    0.95675248    0.99372202   -0.03696954  O1-g ≈ O3-g（差异在 ±5% 内）
2026-04-29 13:56:25,002 INFO:    171       mediabench_mpeg2_mpeg2dec    2.24909282    2.17545843   +0.07363439  O1-g 优于 O3-g（快 55.5%，加速比 2.25x）
2026-04-29 13:56:25,002 INFO:    172                          nbench    1.12759423    1.21341527   -0.08582103  O1-g 优于 O3-g（快 11.3%，加速比 1.13x）
2026-04-29 13:56:25,002 INFO:    173                             sim    0.99924028    0.98539340   +0.01384687  O1-g ≈ O3-g（差异在 ±5% 内）
2026-04-29 13:56:25,003 INFO:    174                      tramp3d-v4    1.00595641    1.05297732   -0.04702091  O1-g ≈ O3-g（差异在 ±5% 内）
2026-04-29 13:56:25,003 INFO: 
  ── 验证指标 ──
2026-04-29 13:56:25,003 INFO:   MAE  = 0.067145
2026-04-29 13:56:25,003 INFO:   MSE  = 0.012452
2026-04-29 13:56:25,003 INFO:   RMSE = 0.111587
2026-04-29 13:56:25,003 INFO:   方向准确率 = 129/174 (74.1%)
2026-04-29 13:56:25,003 INFO:   预测 O1-g 更优: 97/174  (真实: 120/174)
2026-04-29 13:56:25,003 INFO:   方向准确率（排除 ±5%）= 72/75 (96.0%)
2026-04-29 13:56:25,006 INFO:   结构化结果: checkpoints/cnn/inst_best/infer_samples_O1-g_vs_O3-g.csv
2026-04-29 13:56:25,006 INFO:   摘要结果: checkpoints/cnn/inst_best/infer_summary_O1-g_vs_O3-g.json
2026-04-29 13:56:25,021 INFO: ========================================================================
2026-04-29 13:56:25,021 INFO: 版本对: O2-bolt_vs_O2-bolt-opt  (O2-bolt vs O2-bolt-opt)  共 174 个程序
2026-04-29 13:56:25,021 INFO: 标签模式: inst_retired_ratio
2026-04-29 13:56:25,021 INFO: 标签定义: Y = Σinst_v1 / Σinst_v2 (retired instruction ratio)
2026-04-29 13:56:25,021 INFO: 判定方向: Y >= 1 视为 O2-bolt 更快，Y < 1 视为 O2-bolt-opt 更快
2026-04-29 13:56:25,021 INFO: 统计口径: 方向准确率按 same-side(Y=1.0) 统计；展示结论仍使用 judge() 的 ±5%% 区间
2026-04-29 13:56:25,021 INFO: ========================================================================
2026-04-29 13:56:25,021 INFO:      #                              程序          预测 Ŷ          真实 Y            误差  判断
2026-04-29 13:56:25,021 INFO:   ------------------------------------------------------------------------------------
2026-04-29 13:56:25,021 INFO:      1                            7zip    0.95873278    0.99190646   -0.03317368  O2-bolt ≈ O2-bolt-opt（差异在 ±5% 内）
2026-04-29 13:56:25,021 INFO:      2             ASCI_Purple_SMG2000    1.00825584    0.99499196   +0.01326388  O2-bolt ≈ O2-bolt-opt（差异在 ±5% 内）
2026-04-29 13:56:25,021 INFO:      3               ASC_Sequoia_AMGmk    1.00656426    1.01762629   -0.01106203  O2-bolt ≈ O2-bolt-opt（差异在 ±5% 内）
2026-04-29 13:56:25,022 INFO:      4           ASC_Sequoia_CrystalMk    0.98054576    1.00154722   -0.02100146  O2-bolt ≈ O2-bolt-opt（差异在 ±5% 内）
2026-04-29 13:56:25,022 INFO:      5               ASC_Sequoia_IRSmk    1.00283670    0.99642879   +0.00640792  O2-bolt ≈ O2-bolt-opt（差异在 ±5% 内）
2026-04-29 13:56:25,022 INFO:      6                  BitBench_drop3    0.97436070    1.04710507   -0.07274437  O2-bolt ≈ O2-bolt-opt（差异在 ±5% 内）
2026-04-29 13:56:25,022 INFO:      7                 BitBench_five11    0.95835984    0.98819727   -0.02983743  O2-bolt ≈ O2-bolt-opt（差异在 ±5% 内）
2026-04-29 13:56:25,022 INFO:      8               BitBench_uudecode    0.98692578    1.00271845   -0.01579267  O2-bolt ≈ O2-bolt-opt（差异在 ±5% 内）
2026-04-29 13:56:25,022 INFO:      9               BitBench_uuencode    1.00866234    1.00675178   +0.00191057  O2-bolt ≈ O2-bolt-opt（差异在 ±5% 内）
2026-04-29 13:56:25,022 INFO:     10                          Bullet    0.97275257    1.00948513   -0.03673255  O2-bolt ≈ O2-bolt-opt（差异在 ±5% 内）
2026-04-29 13:56:25,022 INFO:     11         DOE-ProxyApps-C++_CLAMR    1.23463631    1.00605237   +0.22858393  O2-bolt 优于 O2-bolt-opt（快 19.0%，加速比 1.23x）
2026-04-29 13:56:25,022 INFO:     12   DOE-ProxyApps-C++_HACCKernels    1.00765705    0.99787724   +0.00977981  O2-bolt ≈ O2-bolt-opt（差异在 ±5% 内）
2026-04-29 13:56:25,022 INFO:     13         DOE-ProxyApps-C++_HPCCG    1.00713587    1.00221992   +0.00491595  O2-bolt ≈ O2-bolt-opt（差异在 ±5% 内）
2026-04-29 13:56:25,023 INFO:     14       DOE-ProxyApps-C++_PENNANT    1.00321317    1.00467432   -0.00146115  O2-bolt ≈ O2-bolt-opt（差异在 ±5% 内）
2026-04-29 13:56:25,023 INFO:     15        DOE-ProxyApps-C++_miniFE    1.00275898    0.99282509   +0.00993389  O2-bolt ≈ O2-bolt-opt（差异在 ±5% 内）
2026-04-29 13:56:25,023 INFO:     16            DOE-ProxyApps-C_CoMD    0.93521720    0.97062367   -0.03540647  O2-bolt-opt 优于 O2-bolt（快 6.5%，加速比 1.07x）
2026-04-29 13:56:25,023 INFO:     17      DOE-ProxyApps-C_Pathfinder    1.04334247    1.04506969   -0.00172722  O2-bolt ≈ O2-bolt-opt（差异在 ±5% 内）
2026-04-29 13:56:25,023 INFO:     18         DOE-ProxyApps-C_RSBench    0.97498620    1.00188196   -0.02689576  O2-bolt ≈ O2-bolt-opt（差异在 ±5% 内）
2026-04-29 13:56:25,023 INFO:     19       DOE-ProxyApps-C_SimpleMOC    1.01648831    1.02424765   -0.00775933  O2-bolt ≈ O2-bolt-opt（差异在 ±5% 内）
2026-04-29 13:56:25,023 INFO:     20         DOE-ProxyApps-C_XSBench    1.00051963    0.98589885   +0.01462078  O2-bolt ≈ O2-bolt-opt（差异在 ±5% 内）
2026-04-29 13:56:25,023 INFO:     21         DOE-ProxyApps-C_miniAMR    0.97132009    1.00723326   -0.03591317  O2-bolt ≈ O2-bolt-opt（差异在 ±5% 内）
2026-04-29 13:56:25,023 INFO:     22         DOE-ProxyApps-C_miniGMG    0.98131478    0.99291104   -0.01159626  O2-bolt ≈ O2-bolt-opt（差异在 ±5% 内）
2026-04-29 13:56:25,023 INFO:     23                     Fhourstones    0.99746895    0.99807417   -0.00060523  O2-bolt ≈ O2-bolt-opt（差异在 ±5% 内）
2026-04-29 13:56:25,024 INFO:     24                 Fhourstones-3.1    1.08244312    1.08088267   +0.00156045  O2-bolt 优于 O2-bolt-opt（快 7.6%，加速比 1.08x）
2026-04-29 13:56:25,024 INFO:     25              FreeBench_analyzer    0.94884950    1.02111661   -0.07226712  O2-bolt-opt 优于 O2-bolt（快 5.1%，加速比 1.05x）
2026-04-29 13:56:25,024 INFO:     26               FreeBench_distray    0.99902648    1.00339484   -0.00436836  O2-bolt ≈ O2-bolt-opt（差异在 ±5% 内）
2026-04-29 13:56:25,024 INFO:     27            FreeBench_fourinarow    1.02550900    1.00898135   +0.01652765  O2-bolt ≈ O2-bolt-opt（差异在 ±5% 内）
2026-04-29 13:56:25,024 INFO:     28                 FreeBench_mason    0.98521227    0.98459494   +0.00061733  O2-bolt ≈ O2-bolt-opt（差异在 ±5% 内）
2026-04-29 13:56:25,024 INFO:     29                FreeBench_neural    0.98714578    1.00250769   -0.01536191  O2-bolt ≈ O2-bolt-opt（差异在 ±5% 内）
2026-04-29 13:56:25,024 INFO:     30            FreeBench_pcompress2    1.02011430    1.05552721   -0.03541291  O2-bolt ≈ O2-bolt-opt（差异在 ±5% 内）
2026-04-29 13:56:25,024 INFO:     31                 FreeBench_pifft    1.00339615    1.00208592   +0.00131023  O2-bolt ≈ O2-bolt-opt（差异在 ±5% 内）
2026-04-29 13:56:25,024 INFO:     32               MallocBench_cfrac    0.96802706    1.01551688   -0.04748982  O2-bolt ≈ O2-bolt-opt（差异在 ±5% 内）
2026-04-29 13:56:25,024 INFO:     33            MallocBench_espresso    1.05463326    1.02561450   +0.02901876  O2-bolt 优于 O2-bolt-opt（快 5.2%，加速比 1.05x）
2026-04-29 13:56:25,024 INFO:     34                  MallocBench_gs    0.93465847    0.98479539   -0.05013692  O2-bolt-opt 优于 O2-bolt（快 6.5%，加速比 1.07x）
2026-04-29 13:56:25,025 INFO:     35                 McCat_01-qbsort    0.97335601    0.97684669   -0.00349069  O2-bolt ≈ O2-bolt-opt（差异在 ±5% 内）
2026-04-29 13:56:25,025 INFO:     36               McCat_03-testtrie    0.93984777    0.94643414   -0.00658637  O2-bolt-opt 优于 O2-bolt（快 6.0%，加速比 1.06x）
2026-04-29 13:56:25,025 INFO:     37                 McCat_04-bisect    1.03632057    1.01462364   +0.02169693  O2-bolt ≈ O2-bolt-opt（差异在 ±5% 内）
2026-04-29 13:56:25,025 INFO:     38                    McCat_05-eks    0.98134607    1.01603544   -0.03468937  O2-bolt ≈ O2-bolt-opt（差异在 ±5% 内）
2026-04-29 13:56:25,025 INFO:     39                   McCat_08-main    0.99993044    0.99935353   +0.00057691  O2-bolt ≈ O2-bolt-opt（差异在 ±5% 内）
2026-04-29 13:56:25,025 INFO:     40                    McCat_09-vor    1.00139117    0.99774402   +0.00364715  O2-bolt ≈ O2-bolt-opt（差异在 ±5% 内）
2026-04-29 13:56:25,025 INFO:     41                 McCat_12-IOtest    0.96118826    0.99122238   -0.03003412  O2-bolt ≈ O2-bolt-opt（差异在 ±5% 内）
2026-04-29 13:56:25,025 INFO:     42                   McCat_15-trie    1.00591910    0.98767984   +0.01823926  O2-bolt ≈ O2-bolt-opt（差异在 ±5% 内）
2026-04-29 13:56:25,025 INFO:     43                  McCat_17-bintr    0.99891335    0.97631204   +0.02260131  O2-bolt ≈ O2-bolt-opt（差异在 ±5% 内）
2026-04-29 13:56:25,025 INFO:     44                    McCat_18-imp    1.01096237    1.10998380   -0.09902143  O2-bolt ≈ O2-bolt-opt（差异在 ±5% 内）
2026-04-29 13:56:25,026 INFO:     45    MiBench_automotive-basicmath    0.99388707    1.00245774   -0.00857067  O2-bolt ≈ O2-bolt-opt（差异在 ±5% 内）
2026-04-29 13:56:25,026 INFO:     46     MiBench_automotive-bitcount    0.95557469    0.90276325   +0.05281144  O2-bolt ≈ O2-bolt-opt（差异在 ±5% 内）
2026-04-29 13:56:25,026 INFO:     47        MiBench_automotive-susan    1.00472903    0.99683386   +0.00789517  O2-bolt ≈ O2-bolt-opt（差异在 ±5% 内）
2026-04-29 13:56:25,026 INFO:     48           MiBench_consumer-jpeg    0.99425423    1.00021982   -0.00596559  O2-bolt ≈ O2-bolt-opt（差异在 ±5% 内）
2026-04-29 13:56:25,026 INFO:     49           MiBench_consumer-lame    0.98296034    0.99483883   -0.01187849  O2-bolt ≈ O2-bolt-opt（差异在 ±5% 内）
2026-04-29 13:56:25,026 INFO:     50        MiBench_consumer-typeset    0.98597008    0.97581011   +0.01015997  O2-bolt ≈ O2-bolt-opt（差异在 ±5% 内）
2026-04-29 13:56:25,026 INFO:     51        MiBench_network-dijkstra    0.86648160    0.88403666   -0.01755506  O2-bolt-opt 优于 O2-bolt（快 13.4%，加速比 1.15x）
2026-04-29 13:56:25,026 INFO:     52        MiBench_network-patricia    1.13859713    0.99423981   +0.14435732  O2-bolt 优于 O2-bolt-opt（快 12.2%，加速比 1.14x）
2026-04-29 13:56:25,026 INFO:     53           MiBench_office-ispell    0.99925333    0.99025184   +0.00900149  O2-bolt ≈ O2-bolt-opt（差异在 ±5% 内）
2026-04-29 13:56:25,026 INFO:     54     MiBench_office-stringsearch    0.99502134    0.99113613   +0.00388521  O2-bolt ≈ O2-bolt-opt（差异在 ±5% 内）
2026-04-29 13:56:25,026 INFO:     55       MiBench_security-blowfish    0.99474138    1.00254738   -0.00780600  O2-bolt ≈ O2-bolt-opt（差异在 ±5% 内）
2026-04-29 13:56:25,027 INFO:     56       MiBench_security-rijndael    1.06253529    1.04544866   +0.01708663  O2-bolt 优于 O2-bolt-opt（快 5.9%，加速比 1.06x）
2026-04-29 13:56:25,027 INFO:     57            MiBench_security-sha    1.01102972    1.00519347   +0.00583625  O2-bolt ≈ O2-bolt-opt（差异在 ±5% 内）
2026-04-29 13:56:25,027 INFO:     58          MiBench_telecomm-CRC32    1.02156484    1.05202186   -0.03045702  O2-bolt ≈ O2-bolt-opt（差异在 ±5% 内）
2026-04-29 13:56:25,027 INFO:     59            MiBench_telecomm-FFT    0.98646235    1.00388658   -0.01742423  O2-bolt ≈ O2-bolt-opt（差异在 ±5% 内）
2026-04-29 13:56:25,027 INFO:     60          MiBench_telecomm-adpcm    0.99266720    0.99869037   -0.00602317  O2-bolt ≈ O2-bolt-opt（差异在 ±5% 内）
2026-04-29 13:56:25,027 INFO:     61            MiBench_telecomm-gsm    1.00964761    1.01039660   -0.00074899  O2-bolt ≈ O2-bolt-opt（差异在 ±5% 内）
2026-04-29 13:56:25,027 INFO:     62                   NPB-serial_is    1.00520432    0.99037051   +0.01483381  O2-bolt ≈ O2-bolt-opt（差异在 ±5% 内）
2026-04-29 13:56:25,027 INFO:     63                        Olden_bh    0.97769517    1.00291443   -0.02521926  O2-bolt ≈ O2-bolt-opt（差异在 ±5% 内）
2026-04-29 13:56:25,027 INFO:     64                    Olden_bisort    1.01858270    0.98128825   +0.03729445  O2-bolt ≈ O2-bolt-opt（差异在 ±5% 内）
2026-04-29 13:56:25,027 INFO:     65                      Olden_em3d    1.37222433    1.39461422   -0.02238989  O2-bolt 优于 O2-bolt-opt（快 27.1%，加速比 1.37x）
2026-04-29 13:56:25,027 INFO:     66                    Olden_health    1.00343251    1.00839543   -0.00496292  O2-bolt ≈ O2-bolt-opt（差异在 ±5% 内）
2026-04-29 13:56:25,028 INFO:     67                       Olden_mst    0.96123064    1.00913882   -0.04790819  O2-bolt ≈ O2-bolt-opt（差异在 ±5% 内）
2026-04-29 13:56:25,028 INFO:     68                 Olden_perimeter    0.94627750    0.95056021   -0.00428271  O2-bolt-opt 优于 O2-bolt（快 5.4%，加速比 1.06x）
2026-04-29 13:56:25,028 INFO:     69                     Olden_power    1.00913644    0.99998045   +0.00915599  O2-bolt ≈ O2-bolt-opt（差异在 ±5% 内）
2026-04-29 13:56:25,028 INFO:     70                   Olden_treeadd    0.94566387    0.98974520   -0.04408133  O2-bolt-opt 优于 O2-bolt（快 5.4%，加速比 1.06x）
2026-04-29 13:56:25,028 INFO:     71                       Olden_tsp    1.00424373    1.00329030   +0.00095344  O2-bolt ≈ O2-bolt-opt（差异在 ±5% 内）
2026-04-29 13:56:25,028 INFO:     72                   Olden_voronoi    0.97241467    0.99776626   -0.02535158  O2-bolt ≈ O2-bolt-opt（差异在 ±5% 内）
2026-04-29 13:56:25,028 INFO:     73                           PAQ8p    0.96973282    1.00459862   -0.03486580  O2-bolt ≈ O2-bolt-opt（差异在 ±5% 内）
2026-04-29 13:56:25,028 INFO:     74                 Prolangs-C++_NP    0.99036819    1.00328708   -0.01291889  O2-bolt ≈ O2-bolt-opt（差异在 ±5% 内）
2026-04-29 13:56:25,028 INFO:     75               Prolangs-C++_city    0.97042644    0.98593503   -0.01550859  O2-bolt ≈ O2-bolt-opt（差异在 ±5% 内）
2026-04-29 13:56:25,029 INFO:     76             Prolangs-C++_deriv1    0.98805630    1.00345039   -0.01539409  O2-bolt ≈ O2-bolt-opt（差异在 ±5% 内）
2026-04-29 13:56:25,029 INFO:     77             Prolangs-C++_deriv2    0.98862624    1.00318360   -0.01455736  O2-bolt ≈ O2-bolt-opt（差异在 ±5% 内）
2026-04-29 13:56:25,029 INFO:     78             Prolangs-C++_employ    0.96057785    0.99439657   -0.03381872  O2-bolt ≈ O2-bolt-opt（差异在 ±5% 内）
2026-04-29 13:56:25,029 INFO:     79             Prolangs-C++_family    0.98970181    1.00583816   -0.01613635  O2-bolt ≈ O2-bolt-opt（差异在 ±5% 内）
2026-04-29 13:56:25,029 INFO:     80                Prolangs-C++_fsm    0.98503518    0.98981202   -0.00477684  O2-bolt ≈ O2-bolt-opt（差异在 ±5% 内）
2026-04-29 13:56:25,029 INFO:     81             Prolangs-C++_garage    0.98312581    0.98199821   +0.00112760  O2-bolt ≈ O2-bolt-opt（差异在 ±5% 内）
2026-04-29 13:56:25,029 INFO:     82               Prolangs-C++_life    0.97976446    1.01864362   -0.03887916  O2-bolt ≈ O2-bolt-opt（差异在 ±5% 内）
2026-04-29 13:56:25,029 INFO:     83            Prolangs-C++_objects    0.98265272    0.98750311   -0.00485039  O2-bolt ≈ O2-bolt-opt（差异在 ±5% 内）
2026-04-29 13:56:25,029 INFO:     84              Prolangs-C++_ocean    0.95922077    1.00416625   -0.04494548  O2-bolt ≈ O2-bolt-opt（差异在 ±5% 内）
2026-04-29 13:56:25,029 INFO:     85             Prolangs-C++_office    0.98940450    0.99278432   -0.00337982  O2-bolt ≈ O2-bolt-opt（差异在 ±5% 内）
2026-04-29 13:56:25,030 INFO:     86             Prolangs-C++_primes    0.92534220    1.01111674   -0.08577454  O2-bolt-opt 优于 O2-bolt（快 7.5%，加速比 1.08x）
2026-04-29 13:56:25,030 INFO:     87             Prolangs-C++_shapes    0.98558432    1.00703347   -0.02144915  O2-bolt ≈ O2-bolt-opt（差异在 ±5% 内）
2026-04-29 13:56:25,030 INFO:     88              Prolangs-C++_simul    0.98558962    1.02582586   -0.04023623  O2-bolt ≈ O2-bolt-opt（差异在 ±5% 内）
2026-04-29 13:56:25,030 INFO:     89              Prolangs-C++_trees    0.98841470    1.00736880   -0.01895410  O2-bolt ≈ O2-bolt-opt（差异在 ±5% 内）
2026-04-29 13:56:25,030 INFO:     90              Prolangs-C++_vcirc    0.98571146    0.98898882   -0.00327736  O2-bolt ≈ O2-bolt-opt（差异在 ±5% 内）
2026-04-29 13:56:25,030 INFO:     91         Prolangs-C_TimberWolfMC    0.99260801    1.00363100   -0.01102298  O2-bolt ≈ O2-bolt-opt（差异在 ±5% 内）
2026-04-29 13:56:25,030 INFO:     92                Prolangs-C_agrep    1.04381347    1.04153943   +0.00227404  O2-bolt ≈ O2-bolt-opt（差异在 ±5% 内）
2026-04-29 13:56:25,030 INFO:     93             Prolangs-C_allroots    0.99687004    1.00817728   -0.01130724  O2-bolt ≈ O2-bolt-opt（差异在 ±5% 内）
2026-04-29 13:56:25,030 INFO:     94        Prolangs-C_archie-client    0.98501492    0.98080885   +0.00420606  O2-bolt ≈ O2-bolt-opt（差异在 ±5% 内）
2026-04-29 13:56:25,030 INFO:     95            Prolangs-C_assembler    1.00682664    1.02570844   -0.01888180  O2-bolt ≈ O2-bolt-opt（差异在 ±5% 内）
2026-04-29 13:56:25,030 INFO:     96                Prolangs-C_bison    0.98169065    1.00086927   -0.01917863  O2-bolt ≈ O2-bolt-opt（差异在 ±5% 内）
2026-04-29 13:56:25,031 INFO:     97                Prolangs-C_cdecl    0.98563808    0.99894136   -0.01330328  O2-bolt ≈ O2-bolt-opt（差异在 ±5% 内）
2026-04-29 13:56:25,031 INFO:     98             Prolangs-C_compiler    0.98642707    0.98951912   -0.00309205  O2-bolt ≈ O2-bolt-opt（差异在 ±5% 内）
2026-04-29 13:56:25,031 INFO:     99            Prolangs-C_fixoutput    0.98815602    0.99020785   -0.00205183  O2-bolt ≈ O2-bolt-opt（差异在 ±5% 内）
2026-04-29 13:56:25,031 INFO:    100             Prolangs-C_football    0.98358464    0.97804320   +0.00554144  O2-bolt ≈ O2-bolt-opt（差异在 ±5% 内）
2026-04-29 13:56:25,031 INFO:    101                Prolangs-C_gnugo    1.00898254    1.02155674   -0.01257420  O2-bolt ≈ O2-bolt-opt（差异在 ±5% 内）
2026-04-29 13:56:25,031 INFO:    102               Prolangs-C_loader    1.00608587    1.01517832   -0.00909245  O2-bolt ≈ O2-bolt-opt（差异在 ±5% 内）
2026-04-29 13:56:25,031 INFO:    103             Prolangs-C_plot2fig    1.01180732    1.03825295   -0.02644563  O2-bolt ≈ O2-bolt-opt（差异在 ±5% 内）
2026-04-29 13:56:25,032 INFO:    104            Prolangs-C_simulator    1.01413453    1.02132380   -0.00718927  O2-bolt ≈ O2-bolt-opt（差异在 ±5% 内）
2026-04-29 13:56:25,032 INFO:    105           Prolangs-C_unix-smail    0.98926580    0.98909330   +0.00017250  O2-bolt ≈ O2-bolt-opt（差异在 ±5% 内）
2026-04-29 13:56:25,032 INFO:    106             Prolangs-C_unix-tbl    0.98775095    0.98751724   +0.00023371  O2-bolt ≈ O2-bolt-opt（差异在 ±5% 内）
2026-04-29 13:56:25,032 INFO:    107                 Ptrdist_anagram    1.00979519    0.99212426   +0.01767093  O2-bolt ≈ O2-bolt-opt（差异在 ±5% 内）
2026-04-29 13:56:25,032 INFO:    108                      Ptrdist_bc    0.88180292    0.91725212   -0.03544921  O2-bolt-opt 优于 O2-bolt（快 11.8%，加速比 1.13x）
2026-04-29 13:56:25,032 INFO:    109                      Ptrdist_ft    0.95918494    0.98800486   -0.02881992  O2-bolt ≈ O2-bolt-opt（差异在 ±5% 内）
2026-04-29 13:56:25,032 INFO:    110                      Ptrdist_ks    0.86461353    1.01833463   -0.15372109  O2-bolt-opt 优于 O2-bolt（快 13.5%，加速比 1.16x）
2026-04-29 13:56:25,032 INFO:    111                   Ptrdist_yacr2    0.97132784    1.09103012   -0.11970228  O2-bolt ≈ O2-bolt-opt（差异在 ±5% 内）
2026-04-29 13:56:25,033 INFO:    112                Rodinia_backprop    0.98185480    1.00222254   -0.02036774  O2-bolt ≈ O2-bolt-opt（差异在 ±5% 内）
2026-04-29 13:56:25,033 INFO:    113                 Rodinia_hotspot    0.99745274    0.99391270   +0.00354004  O2-bolt ≈ O2-bolt-opt（差异在 ±5% 内）
2026-04-29 13:56:25,033 INFO:    114              Rodinia_pathfinder    1.01021504    1.03372097   -0.02350593  O2-bolt ≈ O2-bolt-opt（差异在 ±5% 内）
2026-04-29 13:56:25,033 INFO:    115                    Rodinia_srad    0.99491453    1.00772810   -0.01281357  O2-bolt ≈ O2-bolt-opt（差异在 ±5% 内）
2026-04-29 13:56:25,033 INFO:    116                      SciMark2-C    0.99812251    0.99707294   +0.00104958  O2-bolt ≈ O2-bolt-opt（差异在 ±5% 内）
2026-04-29 13:56:25,033 INFO:    117            TSVC_ControlFlow-dbl    0.97038835    1.01295221   -0.04256386  O2-bolt ≈ O2-bolt-opt（差异在 ±5% 内）
2026-04-29 13:56:25,033 INFO:    118            TSVC_ControlFlow-flt    1.01125991    1.02443826   -0.01317835  O2-bolt ≈ O2-bolt-opt（差异在 ±5% 内）
2026-04-29 13:56:25,033 INFO:    119           TSVC_ControlLoops-dbl    1.01973498    0.99185991   +0.02787507  O2-bolt ≈ O2-bolt-opt（差异在 ±5% 内）
2026-04-29 13:56:25,033 INFO:    120           TSVC_ControlLoops-flt    0.98827255    0.99650049   -0.00822794  O2-bolt ≈ O2-bolt-opt（差异在 ±5% 内）
2026-04-29 13:56:25,033 INFO:    121     TSVC_CrossingThresholds-dbl    1.00680673    1.00930941   -0.00250268  O2-bolt ≈ O2-bolt-opt（差异在 ±5% 内）
2026-04-29 13:56:25,033 INFO:    122     TSVC_CrossingThresholds-flt    1.00390565    0.99235862   +0.01154703  O2-bolt ≈ O2-bolt-opt（差异在 ±5% 内）
2026-04-29 13:56:25,034 INFO:    123          TSVC_Equivalencing-dbl    1.02652979    1.03525054   -0.00872076  O2-bolt ≈ O2-bolt-opt（差异在 ±5% 内）
2026-04-29 13:56:25,034 INFO:    124          TSVC_Equivalencing-flt    1.08143020    1.03489125   +0.04653895  O2-bolt 优于 O2-bolt-opt（快 7.5%，加速比 1.08x）
2026-04-29 13:56:25,034 INFO:    125              TSVC_Expansion-dbl    1.06813526    1.02877700   +0.03935826  O2-bolt 优于 O2-bolt-opt（快 6.4%，加速比 1.07x）
2026-04-29 13:56:25,034 INFO:    126              TSVC_Expansion-flt    1.04503930    1.00891173   +0.03612757  O2-bolt ≈ O2-bolt-opt（差异在 ±5% 内）
2026-04-29 13:56:25,034 INFO:    127         TSVC_GlobalDataFlow-dbl    1.06070375    1.01026607   +0.05043769  O2-bolt 优于 O2-bolt-opt（快 5.7%，加速比 1.06x）
2026-04-29 13:56:25,034 INFO:    128         TSVC_GlobalDataFlow-flt    1.05735672    1.00367320   +0.05368352  O2-bolt 优于 O2-bolt-opt（快 5.4%，加速比 1.06x）
2026-04-29 13:56:25,034 INFO:    129     TSVC_IndirectAddressing-dbl    1.01266956    0.99403685   +0.01863271  O2-bolt ≈ O2-bolt-opt（差异在 ±5% 内）
2026-04-29 13:56:25,034 INFO:    130     TSVC_IndirectAddressing-flt    1.01325095    1.00193632   +0.01131463  O2-bolt ≈ O2-bolt-opt（差异在 ±5% 内）
2026-04-29 13:56:25,034 INFO:    131      TSVC_InductionVariable-dbl    1.00999856    0.95490927   +0.05508929  O2-bolt ≈ O2-bolt-opt（差异在 ±5% 内）
2026-04-29 13:56:25,034 INFO:    132      TSVC_InductionVariable-flt    0.99363852    0.99645537   -0.00281686  O2-bolt ≈ O2-bolt-opt（差异在 ±5% 内）
2026-04-29 13:56:25,034 INFO:    133       TSVC_LinearDependence-dbl    1.01885128    1.01332951   +0.00552177  O2-bolt ≈ O2-bolt-opt（差异在 ±5% 内）
2026-04-29 13:56:25,035 INFO:    134       TSVC_LinearDependence-flt    1.06895983    0.95713621   +0.11182362  O2-bolt 优于 O2-bolt-opt（快 6.5%，加速比 1.07x）
2026-04-29 13:56:25,035 INFO:    135          TSVC_LoopRerolling-dbl    0.99118048    0.99874389   -0.00756341  O2-bolt ≈ O2-bolt-opt（差异在 ±5% 内）
2026-04-29 13:56:25,035 INFO:    136          TSVC_LoopRerolling-flt    0.99547493    1.00267529   -0.00720036  O2-bolt ≈ O2-bolt-opt（差异在 ±5% 内）
2026-04-29 13:56:25,035 INFO:    137      TSVC_LoopRestructuring-dbl    1.05327094    1.04329872   +0.00997221  O2-bolt 优于 O2-bolt-opt（快 5.1%，加速比 1.05x）
2026-04-29 13:56:25,035 INFO:    138      TSVC_LoopRestructuring-flt    1.04718745    1.04162657   +0.00556087  O2-bolt ≈ O2-bolt-opt（差异在 ±5% 内）
2026-04-29 13:56:25,035 INFO:    139          TSVC_NodeSplitting-dbl    1.03452075    1.01968777   +0.01483297  O2-bolt ≈ O2-bolt-opt（差异在 ±5% 内）
2026-04-29 13:56:25,035 INFO:    140          TSVC_NodeSplitting-flt    1.03029203    0.97685176   +0.05344027  O2-bolt ≈ O2-bolt-opt（差异在 ±5% 内）
2026-04-29 13:56:25,035 INFO:    141                TSVC_Packing-dbl    0.99532545    0.96582186   +0.02950358  O2-bolt ≈ O2-bolt-opt（差异在 ±5% 内）
2026-04-29 13:56:25,035 INFO:    142                TSVC_Packing-flt    1.17439687    1.29632914   -0.12193227  O2-bolt 优于 O2-bolt-opt（快 14.8%，加速比 1.17x）
2026-04-29 13:56:25,035 INFO:    143            TSVC_Recurrences-dbl    1.11795676    1.05606377   +0.06189299  O2-bolt 优于 O2-bolt-opt（快 10.6%，加速比 1.12x）
2026-04-29 13:56:25,035 INFO:    144            TSVC_Recurrences-flt    1.06986904    1.05975950   +0.01010954  O2-bolt 优于 O2-bolt-opt（快 6.5%，加速比 1.07x）
2026-04-29 13:56:25,035 INFO:    145             TSVC_Reductions-dbl    1.00438344    1.00855696   -0.00417352  O2-bolt ≈ O2-bolt-opt（差异在 ±5% 内）
2026-04-29 13:56:25,036 INFO:    146             TSVC_Reductions-flt    1.03222024    1.02131081   +0.01090944  O2-bolt ≈ O2-bolt-opt（差异在 ±5% 内）
2026-04-29 13:56:25,036 INFO:    147              TSVC_Searching-dbl    0.95725983    0.99144375   -0.03418392  O2-bolt ≈ O2-bolt-opt（差异在 ±5% 内）
2026-04-29 13:56:25,036 INFO:    148              TSVC_Searching-flt    0.98293060    0.99501938   -0.01208878  O2-bolt ≈ O2-bolt-opt（差异在 ±5% 内）
2026-04-29 13:56:25,036 INFO:    149    TSVC_StatementReordering-dbl    1.03439510    1.01621354   +0.01818156  O2-bolt ≈ O2-bolt-opt（差异在 ±5% 内）
2026-04-29 13:56:25,036 INFO:    150    TSVC_StatementReordering-flt    1.03947818    1.05346978   -0.01399159  O2-bolt ≈ O2-bolt-opt（差异在 ±5% 内）
2026-04-29 13:56:25,036 INFO:    151              TSVC_Symbolics-dbl    0.99594063    0.95801646   +0.03792417  O2-bolt ≈ O2-bolt-opt（差异在 ±5% 内）
2026-04-29 13:56:25,036 INFO:    152              TSVC_Symbolics-flt    0.97085971    0.94078332   +0.03007638  O2-bolt ≈ O2-bolt-opt（差异在 ±5% 内）
2026-04-29 13:56:25,036 INFO:    153               Trimaran_enc-3des    1.01535499    1.00174665   +0.01360834  O2-bolt ≈ O2-bolt-opt（差异在 ±5% 内）
2026-04-29 13:56:25,036 INFO:    154                Trimaran_enc-md5    1.00984561    0.99947608   +0.01036954  O2-bolt ≈ O2-bolt-opt（差异在 ±5% 内）
2026-04-29 13:56:25,036 INFO:    155                Trimaran_enc-pc1    1.00662374    0.99862123   +0.00800252  O2-bolt ≈ O2-bolt-opt（差异在 ±5% 内）
2026-04-29 13:56:25,036 INFO:    156                Trimaran_enc-rc4    0.98987019    0.99345094   -0.00358075  O2-bolt ≈ O2-bolt-opt（差异在 ±5% 内）
2026-04-29 13:56:25,037 INFO:    157           Trimaran_netbench-crc    1.03246355    0.99080622   +0.04165733  O2-bolt ≈ O2-bolt-opt（差异在 ±5% 内）
2026-04-29 13:56:25,037 INFO:    158           Trimaran_netbench-url    0.95258361    0.99761277   -0.04502916  O2-bolt ≈ O2-bolt-opt（差异在 ±5% 内）
2026-04-29 13:56:25,037 INFO:    159                VersaBench_8b10b    0.98953474    0.99545288   -0.00591815  O2-bolt ≈ O2-bolt-opt（差异在 ±5% 内）
2026-04-29 13:56:25,037 INFO:    160           VersaBench_beamformer    1.03830874    1.13175118   -0.09344244  O2-bolt ≈ O2-bolt-opt（差异在 ±5% 内）
2026-04-29 13:56:25,037 INFO:    161                  VersaBench_bmm    0.99561459    1.01369286   -0.01807827  O2-bolt ≈ O2-bolt-opt（差异在 ±5% 内）
2026-04-29 13:56:25,037 INFO:    162                 VersaBench_dbms    0.99967307    1.00997090   -0.01029783  O2-bolt ≈ O2-bolt-opt（差异在 ±5% 内）
2026-04-29 13:56:25,037 INFO:    163               VersaBench_ecbdes    1.00867188    1.00696623   +0.00170565  O2-bolt ≈ O2-bolt-opt（差异在 ±5% 内）
2026-04-29 13:56:25,037 INFO:    164                    llubenchmark    0.96815217    0.98124939   -0.01309723  O2-bolt ≈ O2-bolt-opt（差异在 ±5% 内）
2026-04-29 13:56:25,037 INFO:    165                           mafft    1.00168180    0.92274141   +0.07894039  O2-bolt ≈ O2-bolt-opt（差异在 ±5% 内）
2026-04-29 13:56:25,037 INFO:    166      mediabench_adpcm_rawcaudio    0.98911172    0.99222046   -0.00310874  O2-bolt ≈ O2-bolt-opt（差异在 ±5% 内）
2026-04-29 13:56:25,037 INFO:    167      mediabench_adpcm_rawdaudio    0.96384788    0.99568635   -0.03183848  O2-bolt ≈ O2-bolt-opt（差异在 ±5% 内）
2026-04-29 13:56:25,037 INFO:    168      mediabench_g721_g721encode    0.98001063    0.99530083   -0.01529020  O2-bolt ≈ O2-bolt-opt（差异在 ±5% 内）
2026-04-29 13:56:25,038 INFO:    169            mediabench_gsm_toast    1.00607765    1.02883673   -0.02275908  O2-bolt ≈ O2-bolt-opt（差异在 ±5% 内）
2026-04-29 13:56:25,038 INFO:    170         mediabench_jpeg_jpeg-6a    0.95370305    0.98786324   -0.03416020  O2-bolt ≈ O2-bolt-opt（差异在 ±5% 内）
2026-04-29 13:56:25,038 INFO:    171       mediabench_mpeg2_mpeg2dec    0.94533521    0.97445261   -0.02911741  O2-bolt-opt 优于 O2-bolt（快 5.5%，加速比 1.06x）
2026-04-29 13:56:25,038 INFO:    172                          nbench    0.98912573    1.03428447   -0.04515874  O2-bolt ≈ O2-bolt-opt（差异在 ±5% 内）
2026-04-29 13:56:25,038 INFO:    173                             sim    0.97371024    0.96357864   +0.01013160  O2-bolt ≈ O2-bolt-opt（差异在 ±5% 内）
2026-04-29 13:56:25,038 INFO:    174                      tramp3d-v4    0.97927451    0.99214816   -0.01287365  O2-bolt ≈ O2-bolt-opt（差异在 ±5% 内）
2026-04-29 13:56:25,038 INFO: 
  ── 验证指标 ──
2026-04-29 13:56:25,038 INFO:   MAE  = 0.024663
2026-04-29 13:56:25,038 INFO:   MSE  = 0.001545
2026-04-29 13:56:25,038 INFO:   RMSE = 0.039309
2026-04-29 13:56:25,038 INFO:   方向准确率 = 111/174 (63.8%)
2026-04-29 13:56:25,039 INFO:   预测 O2-bolt 更优: 75/174  (真实: 92/174)
2026-04-29 13:56:25,039 INFO:   方向准确率（排除 ±5%）= 15/17 (88.2%)
2026-04-29 13:56:25,041 INFO:   结构化结果: checkpoints/cnn/inst_best/infer_samples_O2-bolt_vs_O2-bolt-opt.csv
2026-04-29 13:56:25,041 INFO:   摘要结果: checkpoints/cnn/inst_best/infer_summary_O2-bolt_vs_O2-bolt-opt.json
2026-04-29 13:56:25,067 INFO: ========================================================================
2026-04-29 13:56:25,067 INFO: 版本对: O3-bolt_vs_O3-bolt-opt  (O3-bolt vs O3-bolt-opt)  共 174 个程序
2026-04-29 13:56:25,067 INFO: 标签模式: inst_retired_ratio
2026-04-29 13:56:25,067 INFO: 标签定义: Y = Σinst_v1 / Σinst_v2 (retired instruction ratio)
2026-04-29 13:56:25,067 INFO: 判定方向: Y >= 1 视为 O3-bolt 更快，Y < 1 视为 O3-bolt-opt 更快
2026-04-29 13:56:25,067 INFO: 统计口径: 方向准确率按 same-side(Y=1.0) 统计；展示结论仍使用 judge() 的 ±5%% 区间
2026-04-29 13:56:25,067 INFO: ========================================================================
2026-04-29 13:56:25,067 INFO:      #                              程序          预测 Ŷ          真实 Y            误差  判断
2026-04-29 13:56:25,067 INFO:   ------------------------------------------------------------------------------------
2026-04-29 13:56:25,067 INFO:      1                            7zip    0.94978487    1.01578355   -0.06599867  O3-bolt-opt 优于 O3-bolt（快 5.0%，加速比 1.05x）
2026-04-29 13:56:25,067 INFO:      2             ASCI_Purple_SMG2000    1.00448775    1.01146007   -0.00697231  O3-bolt ≈ O3-bolt-opt（差异在 ±5% 内）
2026-04-29 13:56:25,068 INFO:      3               ASC_Sequoia_AMGmk    1.00447619    1.00634980   -0.00187361  O3-bolt ≈ O3-bolt-opt（差异在 ±5% 内）
2026-04-29 13:56:25,068 INFO:      4           ASC_Sequoia_CrystalMk    1.01515424    0.99978775   +0.01536649  O3-bolt ≈ O3-bolt-opt（差异在 ±5% 内）
2026-04-29 13:56:25,068 INFO:      5               ASC_Sequoia_IRSmk    1.00152993    1.00539255   -0.00386262  O3-bolt ≈ O3-bolt-opt（差异在 ±5% 内）
2026-04-29 13:56:25,068 INFO:      6                  BitBench_drop3    0.98358589    0.92709821   +0.05648768  O3-bolt ≈ O3-bolt-opt（差异在 ±5% 内）
2026-04-29 13:56:25,068 INFO:      7                 BitBench_five11    0.95803750    0.98016906   -0.02213156  O3-bolt ≈ O3-bolt-opt（差异在 ±5% 内）
2026-04-29 13:56:25,068 INFO:      8               BitBench_uudecode    0.98663926    1.71619010   -0.72955084  O3-bolt ≈ O3-bolt-opt（差异在 ±5% 内）
2026-04-29 13:56:25,068 INFO:      9               BitBench_uuencode    1.01278484    1.01267838   +0.00010645  O3-bolt ≈ O3-bolt-opt（差异在 ±5% 内）
2026-04-29 13:56:25,068 INFO:     10                          Bullet    0.97632945    1.00599194   -0.02966249  O3-bolt ≈ O3-bolt-opt（差异在 ±5% 内）
2026-04-29 13:56:25,068 INFO:     11         DOE-ProxyApps-C++_CLAMR    1.23628175    1.01356697   +0.22271478  O3-bolt 优于 O3-bolt-opt（快 19.1%，加速比 1.24x）
2026-04-29 13:56:25,068 INFO:     12   DOE-ProxyApps-C++_HACCKernels    0.99731404    1.00790739   -0.01059335  O3-bolt ≈ O3-bolt-opt（差异在 ±5% 内）
2026-04-29 13:56:25,068 INFO:     13         DOE-ProxyApps-C++_HPCCG    1.01206875    1.01080227   +0.00126648  O3-bolt ≈ O3-bolt-opt（差异在 ±5% 内）
2026-04-29 13:56:25,069 INFO:     14       DOE-ProxyApps-C++_PENNANT    1.01124597    1.01100075   +0.00024521  O3-bolt ≈ O3-bolt-opt（差异在 ±5% 内）
2026-04-29 13:56:25,069 INFO:     15        DOE-ProxyApps-C++_miniFE    1.00851989    1.02538431   -0.01686442  O3-bolt ≈ O3-bolt-opt（差异在 ±5% 内）
2026-04-29 13:56:25,069 INFO:     16            DOE-ProxyApps-C_CoMD    0.92785871    0.93704116   -0.00918245  O3-bolt-opt 优于 O3-bolt（快 7.2%，加速比 1.08x）
2026-04-29 13:56:25,069 INFO:     17      DOE-ProxyApps-C_Pathfinder    1.04338098    1.04369795   -0.00031698  O3-bolt ≈ O3-bolt-opt（差异在 ±5% 内）
2026-04-29 13:56:25,069 INFO:     18         DOE-ProxyApps-C_RSBench    0.95861745    1.01033378   -0.05171633  O3-bolt ≈ O3-bolt-opt（差异在 ±5% 内）
2026-04-29 13:56:25,069 INFO:     19       DOE-ProxyApps-C_SimpleMOC    1.07034874    1.01593506   +0.05441368  O3-bolt 优于 O3-bolt-opt（快 6.6%，加速比 1.07x）
2026-04-29 13:56:25,069 INFO:     20         DOE-ProxyApps-C_XSBench    1.10370684    0.98454797   +0.11915886  O3-bolt 优于 O3-bolt-opt（快 9.4%，加速比 1.10x）
2026-04-29 13:56:25,069 INFO:     21         DOE-ProxyApps-C_miniAMR    0.97398853    1.00541043   -0.03142190  O3-bolt ≈ O3-bolt-opt（差异在 ±5% 内）
2026-04-29 13:56:25,069 INFO:     22         DOE-ProxyApps-C_miniGMG    0.97293860    1.00271499   -0.02977639  O3-bolt ≈ O3-bolt-opt（差异在 ±5% 内）
2026-04-29 13:56:25,069 INFO:     23                     Fhourstones    0.96770412    1.02165437   -0.05395025  O3-bolt ≈ O3-bolt-opt（差异在 ±5% 内）
2026-04-29 13:56:25,069 INFO:     24                 Fhourstones-3.1    1.08097863    1.08524120   -0.00426257  O3-bolt 优于 O3-bolt-opt（快 7.5%，加速比 1.08x）
2026-04-29 13:56:25,070 INFO:     25              FreeBench_analyzer    0.96651429    0.99516904   -0.02865475  O3-bolt ≈ O3-bolt-opt（差异在 ±5% 内）
2026-04-29 13:56:25,070 INFO:     26               FreeBench_distray    0.99269623    1.00478363   -0.01208740  O3-bolt ≈ O3-bolt-opt（差异在 ±5% 内）
2026-04-29 13:56:25,070 INFO:     27            FreeBench_fourinarow    1.00317001    1.00707912   -0.00390911  O3-bolt ≈ O3-bolt-opt（差异在 ±5% 内）
2026-04-29 13:56:25,070 INFO:     28                 FreeBench_mason    0.98726535    0.98173440   +0.00553095  O3-bolt ≈ O3-bolt-opt（差异在 ±5% 内）
2026-04-29 13:56:25,070 INFO:     29                FreeBench_neural    0.99866062    1.01482201   -0.01616138  O3-bolt ≈ O3-bolt-opt（差异在 ±5% 内）
2026-04-29 13:56:25,070 INFO:     30            FreeBench_pcompress2    1.00870764    1.02793360   -0.01922596  O3-bolt ≈ O3-bolt-opt（差异在 ±5% 内）
2026-04-29 13:56:25,070 INFO:     31                 FreeBench_pifft    1.00780320    1.01334882   -0.00554562  O3-bolt ≈ O3-bolt-opt（差异在 ±5% 内）
2026-04-29 13:56:25,070 INFO:     32               MallocBench_cfrac    0.98190010    1.00837708   -0.02647698  O3-bolt ≈ O3-bolt-opt（差异在 ±5% 内）
2026-04-29 13:56:25,070 INFO:     33            MallocBench_espresso    1.03017020    1.03733695   -0.00716674  O3-bolt ≈ O3-bolt-opt（差异在 ±5% 内）
2026-04-29 13:56:25,070 INFO:     34                  MallocBench_gs    0.93774939    0.97171474   -0.03396535  O3-bolt-opt 优于 O3-bolt（快 6.2%，加速比 1.07x）
2026-04-29 13:56:25,070 INFO:     35                 McCat_01-qbsort    0.97464317    0.98156148   -0.00691831  O3-bolt ≈ O3-bolt-opt（差异在 ±5% 内）
2026-04-29 13:56:25,071 INFO:     36               McCat_03-testtrie    0.94372761    0.95510554   -0.01137793  O3-bolt-opt 优于 O3-bolt（快 5.6%，加速比 1.06x）
2026-04-29 13:56:25,071 INFO:     37                 McCat_04-bisect    1.02132106    1.10215461   -0.08083355  O3-bolt ≈ O3-bolt-opt（差异在 ±5% 内）
2026-04-29 13:56:25,071 INFO:     38                    McCat_05-eks    0.96361965    1.00565314   -0.04203349  O3-bolt ≈ O3-bolt-opt（差异在 ±5% 内）
2026-04-29 13:56:25,071 INFO:     39                   McCat_08-main    1.01262343    0.99874270   +0.01388073  O3-bolt ≈ O3-bolt-opt（差异在 ±5% 内）
2026-04-29 13:56:25,071 INFO:     40                    McCat_09-vor    1.01218152    1.01240158   -0.00022006  O3-bolt ≈ O3-bolt-opt（差异在 ±5% 内）
2026-04-29 13:56:25,071 INFO:     41                 McCat_12-IOtest    0.95849580    0.99384511   -0.03534931  O3-bolt ≈ O3-bolt-opt（差异在 ±5% 内）
2026-04-29 13:56:25,071 INFO:     42                   McCat_15-trie    1.02106190    1.00621033   +0.01485157  O3-bolt ≈ O3-bolt-opt（差异在 ±5% 内）
2026-04-29 13:56:25,071 INFO:     43                  McCat_17-bintr    0.98867708    1.02601528   -0.03733820  O3-bolt ≈ O3-bolt-opt（差异在 ±5% 内）
2026-04-29 13:56:25,071 INFO:     44                    McCat_18-imp    1.01351118    1.10870421   -0.09519303  O3-bolt ≈ O3-bolt-opt（差异在 ±5% 内）
2026-04-29 13:56:25,071 INFO:     45    MiBench_automotive-basicmath    0.98065925    1.00038624   -0.01972699  O3-bolt ≈ O3-bolt-opt（差异在 ±5% 内）
2026-04-29 13:56:25,071 INFO:     46     MiBench_automotive-bitcount    0.95811146    0.96945256   -0.01134109  O3-bolt ≈ O3-bolt-opt（差异在 ±5% 内）
2026-04-29 13:56:25,072 INFO:     47        MiBench_automotive-susan    1.00466287    0.99529481   +0.00936806  O3-bolt ≈ O3-bolt-opt（差异在 ±5% 内）
2026-04-29 13:56:25,072 INFO:     48           MiBench_consumer-jpeg    0.98810166    0.99141425   -0.00331259  O3-bolt ≈ O3-bolt-opt（差异在 ±5% 内）
2026-04-29 13:56:25,072 INFO:     49           MiBench_consumer-lame    0.97807467    0.99480385   -0.01672918  O3-bolt ≈ O3-bolt-opt（差异在 ±5% 内）
2026-04-29 13:56:25,072 INFO:     50        MiBench_consumer-typeset    0.97730672    0.97824597   -0.00093925  O3-bolt ≈ O3-bolt-opt（差异在 ±5% 内）
2026-04-29 13:56:25,072 INFO:     51        MiBench_network-dijkstra    0.86178279    0.88587141   -0.02408862  O3-bolt-opt 优于 O3-bolt（快 13.8%，加速比 1.16x）
2026-04-29 13:56:25,072 INFO:     52        MiBench_network-patricia    1.13685858    0.99544346   +0.14141512  O3-bolt 优于 O3-bolt-opt（快 12.0%，加速比 1.14x）
2026-04-29 13:56:25,072 INFO:     53           MiBench_office-ispell    1.00404334    0.99367309   +0.01037025  O3-bolt ≈ O3-bolt-opt（差异在 ±5% 内）
2026-04-29 13:56:25,072 INFO:     54     MiBench_office-stringsearch    0.99634957    1.00778401   -0.01143444  O3-bolt ≈ O3-bolt-opt（差异在 ±5% 内）
2026-04-29 13:56:25,072 INFO:     55       MiBench_security-blowfish    1.01069224    1.03637934   -0.02568710  O3-bolt ≈ O3-bolt-opt（差异在 ±5% 内）
2026-04-29 13:56:25,072 INFO:     56       MiBench_security-rijndael    1.05653369    1.05644810   +0.00008559  O3-bolt 优于 O3-bolt-opt（快 5.4%，加速比 1.06x）
2026-04-29 13:56:25,072 INFO:     57            MiBench_security-sha    1.01715088    1.00753462   +0.00961626  O3-bolt ≈ O3-bolt-opt（差异在 ±5% 内）
2026-04-29 13:56:25,073 INFO:     58          MiBench_telecomm-CRC32    1.02738607    1.05712545   -0.02973938  O3-bolt ≈ O3-bolt-opt（差异在 ±5% 内）
2026-04-29 13:56:25,073 INFO:     59            MiBench_telecomm-FFT    0.98555601    1.00125551   -0.01569951  O3-bolt ≈ O3-bolt-opt（差异在 ±5% 内）
2026-04-29 13:56:25,073 INFO:     60          MiBench_telecomm-adpcm    0.98933244    0.99768746   -0.00835502  O3-bolt ≈ O3-bolt-opt（差异在 ±5% 内）
2026-04-29 13:56:25,073 INFO:     61            MiBench_telecomm-gsm    1.01884294    0.99434364   +0.02449930  O3-bolt ≈ O3-bolt-opt（差异在 ±5% 内）
2026-04-29 13:56:25,073 INFO:     62                   NPB-serial_is    1.00517166    0.99758065   +0.00759101  O3-bolt ≈ O3-bolt-opt（差异在 ±5% 内）
2026-04-29 13:56:25,073 INFO:     63                        Olden_bh    0.97562897    1.00719869   -0.03156972  O3-bolt ≈ O3-bolt-opt（差异在 ±5% 内）
2026-04-29 13:56:25,073 INFO:     64                    Olden_bisort    1.03142297    1.00634491   +0.02507806  O3-bolt ≈ O3-bolt-opt（差异在 ±5% 内）
2026-04-29 13:56:25,073 INFO:     65                      Olden_em3d    1.37506068    1.39166772   -0.01660705  O3-bolt 优于 O3-bolt-opt（快 27.3%，加速比 1.38x）
2026-04-29 13:56:25,073 INFO:     66                    Olden_health    1.01188922    1.01210880   -0.00021958  O3-bolt ≈ O3-bolt-opt（差异在 ±5% 内）
2026-04-29 13:56:25,073 INFO:     67                       Olden_mst    0.97210366    1.01557493   -0.04347128  O3-bolt ≈ O3-bolt-opt（差异在 ±5% 内）
2026-04-29 13:56:25,074 INFO:     68                 Olden_perimeter    0.95229810    0.99643099   -0.04413289  O3-bolt ≈ O3-bolt-opt（差异在 ±5% 内）
2026-04-29 13:56:25,074 INFO:     69                     Olden_power    0.97680944    1.00054836   -0.02373892  O3-bolt ≈ O3-bolt-opt（差异在 ±5% 内）
2026-04-29 13:56:25,074 INFO:     70                   Olden_treeadd    0.94720727    1.00693905   -0.05973178  O3-bolt-opt 优于 O3-bolt（快 5.3%，加速比 1.06x）
2026-04-29 13:56:25,074 INFO:     71                       Olden_tsp    0.98573154    1.00845313   -0.02272159  O3-bolt ≈ O3-bolt-opt（差异在 ±5% 内）
2026-04-29 13:56:25,074 INFO:     72                   Olden_voronoi    0.97482657    1.00633812   -0.03151155  O3-bolt ≈ O3-bolt-opt（差异在 ±5% 内）
2026-04-29 13:56:25,074 INFO:     73                           PAQ8p    0.96672130    1.01735151   -0.05063021  O3-bolt ≈ O3-bolt-opt（差异在 ±5% 内）
2026-04-29 13:56:25,074 INFO:     74                 Prolangs-C++_NP    0.99456334    1.01477528   -0.02021194  O3-bolt ≈ O3-bolt-opt（差异在 ±5% 内）
2026-04-29 13:56:25,074 INFO:     75               Prolangs-C++_city    0.96944225    1.04837799   -0.07893574  O3-bolt ≈ O3-bolt-opt（差异在 ±5% 内）
2026-04-29 13:56:25,075 INFO:     76             Prolangs-C++_deriv1    0.99231923    0.98951948   +0.00279975  O3-bolt ≈ O3-bolt-opt（差异在 ±5% 内）
2026-04-29 13:56:25,075 INFO:     77             Prolangs-C++_deriv2    0.99081862    0.99298400   -0.00216538  O3-bolt ≈ O3-bolt-opt（差异在 ±5% 内）
2026-04-29 13:56:25,075 INFO:     78             Prolangs-C++_employ    0.96787071    1.01141703   -0.04354632  O3-bolt ≈ O3-bolt-opt（差异在 ±5% 内）
2026-04-29 13:56:25,075 INFO:     79             Prolangs-C++_family    0.99206656    0.99944913   -0.00738257  O3-bolt ≈ O3-bolt-opt（差异在 ±5% 内）
2026-04-29 13:56:25,075 INFO:     80                Prolangs-C++_fsm    0.99899894    1.00200772   -0.00300878  O3-bolt ≈ O3-bolt-opt（差异在 ±5% 内）
2026-04-29 13:56:25,075 INFO:     81             Prolangs-C++_garage    0.99492043    0.99535859   -0.00043815  O3-bolt ≈ O3-bolt-opt（差异在 ±5% 内）
2026-04-29 13:56:25,075 INFO:     82               Prolangs-C++_life    0.97939426    1.02461314   -0.04521888  O3-bolt ≈ O3-bolt-opt（差异在 ±5% 内）
2026-04-29 13:56:25,075 INFO:     83            Prolangs-C++_objects    0.99561977    1.00070775   -0.00508797  O3-bolt ≈ O3-bolt-opt（差异在 ±5% 内）
2026-04-29 13:56:25,075 INFO:     84              Prolangs-C++_ocean    0.96048814    0.99652171   -0.03603357  O3-bolt ≈ O3-bolt-opt（差异在 ±5% 内）
2026-04-29 13:56:25,075 INFO:     85             Prolangs-C++_office    0.99405831    0.98996598   +0.00409234  O3-bolt ≈ O3-bolt-opt（差异在 ±5% 内）
2026-04-29 13:56:25,076 INFO:     86             Prolangs-C++_primes    0.95556313    1.00369465   -0.04813153  O3-bolt ≈ O3-bolt-opt（差异在 ±5% 内）
2026-04-29 13:56:25,076 INFO:     87             Prolangs-C++_shapes    0.99355471    0.99385619   -0.00030148  O3-bolt ≈ O3-bolt-opt（差异在 ±5% 内）
2026-04-29 13:56:25,076 INFO:     88              Prolangs-C++_simul    0.98634857    0.99068391   -0.00433534  O3-bolt ≈ O3-bolt-opt（差异在 ±5% 内）
2026-04-29 13:56:25,076 INFO:     89              Prolangs-C++_trees    0.99739170    1.02200830   -0.02461660  O3-bolt ≈ O3-bolt-opt（差异在 ±5% 内）
2026-04-29 13:56:25,076 INFO:     90              Prolangs-C++_vcirc    0.99250919    1.00359893   -0.01108974  O3-bolt ≈ O3-bolt-opt（差异在 ±5% 内）
2026-04-29 13:56:25,076 INFO:     91         Prolangs-C_TimberWolfMC    1.02710187    1.04274309   -0.01564121  O3-bolt ≈ O3-bolt-opt（差异在 ±5% 内）
2026-04-29 13:56:25,076 INFO:     92                Prolangs-C_agrep    1.04108834    1.04121566   -0.00012732  O3-bolt ≈ O3-bolt-opt（差异在 ±5% 内）
2026-04-29 13:56:25,076 INFO:     93             Prolangs-C_allroots    1.02088320    1.03824496   -0.01736176  O3-bolt ≈ O3-bolt-opt（差异在 ±5% 内）
2026-04-29 13:56:25,076 INFO:     94        Prolangs-C_archie-client    0.99496686    0.99152249   +0.00344437  O3-bolt ≈ O3-bolt-opt（差异在 ±5% 内）
2026-04-29 13:56:25,076 INFO:     95            Prolangs-C_assembler    1.02798712    1.04223180   -0.01424468  O3-bolt ≈ O3-bolt-opt（差异在 ±5% 内）
2026-04-29 13:56:25,077 INFO:     96                Prolangs-C_bison    0.98539305    0.99823880   -0.01284575  O3-bolt ≈ O3-bolt-opt（差异在 ±5% 内）
2026-04-29 13:56:25,077 INFO:     97                Prolangs-C_cdecl    0.98446876    0.99449199   -0.01002324  O3-bolt ≈ O3-bolt-opt（差异在 ±5% 内）
2026-04-29 13:56:25,077 INFO:     98             Prolangs-C_compiler    0.99687409    1.00085521   -0.00398111  O3-bolt ≈ O3-bolt-opt（差异在 ±5% 内）
2026-04-29 13:56:25,077 INFO:     99            Prolangs-C_fixoutput    0.98857683    0.98937786   -0.00080103  O3-bolt ≈ O3-bolt-opt（差异在 ±5% 内）
2026-04-29 13:56:25,077 INFO:    100             Prolangs-C_football    1.00105500    1.01308882   -0.01203382  O3-bolt ≈ O3-bolt-opt（差异在 ±5% 内）
2026-04-29 13:56:25,077 INFO:    101                Prolangs-C_gnugo    1.03890061    1.02897823   +0.00992239  O3-bolt ≈ O3-bolt-opt（差异在 ±5% 内）
2026-04-29 13:56:25,077 INFO:    102               Prolangs-C_loader    0.99802256    1.00336170   -0.00533915  O3-bolt ≈ O3-bolt-opt（差异在 ±5% 内）
2026-04-29 13:56:25,077 INFO:    103             Prolangs-C_plot2fig    1.00640094    1.01614428   -0.00974333  O3-bolt ≈ O3-bolt-opt（差异在 ±5% 内）
2026-04-29 13:56:25,077 INFO:    104            Prolangs-C_simulator    1.00982916    1.03908980   -0.02926064  O3-bolt ≈ O3-bolt-opt（差异在 ±5% 内）
2026-04-29 13:56:25,077 INFO:    105           Prolangs-C_unix-smail    0.99255580    0.99530661   -0.00275081  O3-bolt ≈ O3-bolt-opt（差异在 ±5% 内）
2026-04-29 13:56:25,077 INFO:    106             Prolangs-C_unix-tbl    0.99865645    1.01295793   -0.01430148  O3-bolt ≈ O3-bolt-opt（差异在 ±5% 内）
2026-04-29 13:56:25,078 INFO:    107                 Ptrdist_anagram    1.02403903    1.00220931   +0.02182972  O3-bolt ≈ O3-bolt-opt（差异在 ±5% 内）
2026-04-29 13:56:25,078 INFO:    108                      Ptrdist_bc    0.89483386    0.93240905   -0.03757519  O3-bolt-opt 优于 O3-bolt（快 10.5%，加速比 1.12x）
2026-04-29 13:56:25,078 INFO:    109                      Ptrdist_ft    0.99111444    1.01286995   -0.02175552  O3-bolt ≈ O3-bolt-opt（差异在 ±5% 内）
2026-04-29 13:56:25,078 INFO:    110                      Ptrdist_ks    0.86671084    0.88861984   -0.02190900  O3-bolt-opt 优于 O3-bolt（快 13.3%，加速比 1.15x）
2026-04-29 13:56:25,078 INFO:    111                   Ptrdist_yacr2    0.98211807    1.08272433   -0.10060626  O3-bolt ≈ O3-bolt-opt（差异在 ±5% 内）
2026-04-29 13:56:25,078 INFO:    112                Rodinia_backprop    0.96141219    1.00219524   -0.04078305  O3-bolt ≈ O3-bolt-opt（差异在 ±5% 内）
2026-04-29 13:56:25,078 INFO:    113                 Rodinia_hotspot    1.01964378    1.00095415   +0.01868963  O3-bolt ≈ O3-bolt-opt（差异在 ±5% 内）
2026-04-29 13:56:25,078 INFO:    114              Rodinia_pathfinder    1.01793289    0.99289376   +0.02503914  O3-bolt ≈ O3-bolt-opt（差异在 ±5% 内）
2026-04-29 13:56:25,078 INFO:    115                    Rodinia_srad    1.00625134    1.02228773   -0.01603639  O3-bolt ≈ O3-bolt-opt（差异在 ±5% 内）
2026-04-29 13:56:25,078 INFO:    116                      SciMark2-C    0.99237716    1.01620269   -0.02382553  O3-bolt ≈ O3-bolt-opt（差异在 ±5% 内）
2026-04-29 13:56:25,078 INFO:    117            TSVC_ControlFlow-dbl    0.97609729    1.03565192   -0.05955464  O3-bolt ≈ O3-bolt-opt（差异在 ±5% 内）
2026-04-29 13:56:25,078 INFO:    118            TSVC_ControlFlow-flt    0.98197943    1.04929185   -0.06731242  O3-bolt ≈ O3-bolt-opt（差异在 ±5% 内）
2026-04-29 13:56:25,079 INFO:    119           TSVC_ControlLoops-dbl    0.96112818    0.99948257   -0.03835440  O3-bolt ≈ O3-bolt-opt（差异在 ±5% 内）
2026-04-29 13:56:25,079 INFO:    120           TSVC_ControlLoops-flt    0.96776968    1.00608766   -0.03831798  O3-bolt ≈ O3-bolt-opt（差异在 ±5% 内）
2026-04-29 13:56:25,079 INFO:    121     TSVC_CrossingThresholds-dbl    1.00974274    0.99849886   +0.01124388  O3-bolt ≈ O3-bolt-opt（差异在 ±5% 内）
2026-04-29 13:56:25,079 INFO:    122     TSVC_CrossingThresholds-flt    1.00778532    1.03935432   -0.03156900  O3-bolt ≈ O3-bolt-opt（差异在 ±5% 内）
2026-04-29 13:56:25,079 INFO:    123          TSVC_Equivalencing-dbl    1.03510785    1.03804207   -0.00293422  O3-bolt ≈ O3-bolt-opt（差异在 ±5% 内）
2026-04-29 13:56:25,079 INFO:    124          TSVC_Equivalencing-flt    1.06864810    1.03284538   +0.03580272  O3-bolt 优于 O3-bolt-opt（快 6.4%，加速比 1.07x）
2026-04-29 13:56:25,079 INFO:    125              TSVC_Expansion-dbl    1.04187965    1.01790655   +0.02397311  O3-bolt ≈ O3-bolt-opt（差异在 ±5% 内）
2026-04-29 13:56:25,079 INFO:    126              TSVC_Expansion-flt    1.03692257    1.06088364   -0.02396107  O3-bolt ≈ O3-bolt-opt（差异在 ±5% 内）
2026-04-29 13:56:25,079 INFO:    127         TSVC_GlobalDataFlow-dbl    1.03776813    1.02321601   +0.01455212  O3-bolt ≈ O3-bolt-opt（差异在 ±5% 内）
2026-04-29 13:56:25,079 INFO:    128         TSVC_GlobalDataFlow-flt    1.02037859    1.01367843   +0.00670016  O3-bolt ≈ O3-bolt-opt（差异在 ±5% 内）
2026-04-29 13:56:25,079 INFO:    129     TSVC_IndirectAddressing-dbl    1.00869477    0.99225050   +0.01644427  O3-bolt ≈ O3-bolt-opt（差异在 ±5% 内）
2026-04-29 13:56:25,080 INFO:    130     TSVC_IndirectAddressing-flt    1.01310074    0.97296017   +0.04014057  O3-bolt ≈ O3-bolt-opt（差异在 ±5% 内）
2026-04-29 13:56:25,080 INFO:    131      TSVC_InductionVariable-dbl    0.99470079    1.05321896   -0.05851817  O3-bolt ≈ O3-bolt-opt（差异在 ±5% 内）
2026-04-29 13:56:25,080 INFO:    132      TSVC_InductionVariable-flt    1.00985169    1.00122225   +0.00862944  O3-bolt ≈ O3-bolt-opt（差异在 ±5% 内）
2026-04-29 13:56:25,080 INFO:    133       TSVC_LinearDependence-dbl    1.01995981    1.01511943   +0.00484037  O3-bolt ≈ O3-bolt-opt（差异在 ±5% 内）
2026-04-29 13:56:25,080 INFO:    134       TSVC_LinearDependence-flt    1.03670573    0.95952314   +0.07718259  O3-bolt ≈ O3-bolt-opt（差异在 ±5% 内）
2026-04-29 13:56:25,080 INFO:    135          TSVC_LoopRerolling-dbl    0.99068362    1.00312531   -0.01244169  O3-bolt ≈ O3-bolt-opt（差异在 ±5% 内）
2026-04-29 13:56:25,080 INFO:    136          TSVC_LoopRerolling-flt    0.99434680    0.99850774   -0.00416094  O3-bolt ≈ O3-bolt-opt（差异在 ±5% 内）
2026-04-29 13:56:25,080 INFO:    137      TSVC_LoopRestructuring-dbl    1.07148182    1.02997386   +0.04150796  O3-bolt 优于 O3-bolt-opt（快 6.7%，加速比 1.07x）
2026-04-29 13:56:25,080 INFO:    138      TSVC_LoopRestructuring-flt    1.05240047    1.03045797   +0.02194250  O3-bolt 优于 O3-bolt-opt（快 5.0%，加速比 1.05x）
2026-04-29 13:56:25,080 INFO:    139          TSVC_NodeSplitting-dbl    1.01767886    1.01778722   -0.00010836  O3-bolt ≈ O3-bolt-opt（差异在 ±5% 内）
2026-04-29 13:56:25,080 INFO:    140          TSVC_NodeSplitting-flt    1.03039014    1.09958148   -0.06919134  O3-bolt ≈ O3-bolt-opt（差异在 ±5% 内）
2026-04-29 13:56:25,081 INFO:    141                TSVC_Packing-dbl    1.12475717    1.17247140   -0.04771423  O3-bolt 优于 O3-bolt-opt（快 11.1%，加速比 1.12x）
2026-04-29 13:56:25,081 INFO:    142                TSVC_Packing-flt    1.13008869    1.22751749   -0.09742880  O3-bolt 优于 O3-bolt-opt（快 11.5%，加速比 1.13x）
2026-04-29 13:56:25,081 INFO:    143            TSVC_Recurrences-dbl    1.08621395    1.06051290   +0.02570105  O3-bolt 优于 O3-bolt-opt（快 7.9%，加速比 1.09x）
2026-04-29 13:56:25,081 INFO:    144            TSVC_Recurrences-flt    1.14038539    1.05906332   +0.08132207  O3-bolt 优于 O3-bolt-opt（快 12.3%，加速比 1.14x）
2026-04-29 13:56:25,081 INFO:    145             TSVC_Reductions-dbl    0.99860752    1.00581753   -0.00721002  O3-bolt ≈ O3-bolt-opt（差异在 ±5% 内）
2026-04-29 13:56:25,081 INFO:    146             TSVC_Reductions-flt    1.01312304    1.00946319   +0.00365984  O3-bolt ≈ O3-bolt-opt（差异在 ±5% 内）
2026-04-29 13:56:25,081 INFO:    147              TSVC_Searching-dbl    0.96470869    0.99068916   -0.02598047  O3-bolt ≈ O3-bolt-opt（差异在 ±5% 内）
2026-04-29 13:56:25,081 INFO:    148              TSVC_Searching-flt    0.99902403    0.99654156   +0.00248247  O3-bolt ≈ O3-bolt-opt（差异在 ±5% 内）
2026-04-29 13:56:25,081 INFO:    149    TSVC_StatementReordering-dbl    1.03101718    1.01957202   +0.01144516  O3-bolt ≈ O3-bolt-opt（差异在 ±5% 内）
2026-04-29 13:56:25,081 INFO:    150    TSVC_StatementReordering-flt    1.04069877    1.02887583   +0.01182294  O3-bolt ≈ O3-bolt-opt（差异在 ±5% 内）
2026-04-29 13:56:25,082 INFO:    151              TSVC_Symbolics-dbl    0.99780709    0.95133102   +0.04647607  O3-bolt ≈ O3-bolt-opt（差异在 ±5% 内）
2026-04-29 13:56:25,082 INFO:    152              TSVC_Symbolics-flt    0.96037245    0.89796203   +0.06241041  O3-bolt ≈ O3-bolt-opt（差异在 ±5% 内）
2026-04-29 13:56:25,082 INFO:    153               Trimaran_enc-3des    1.00726700    1.00349534   +0.00377166  O3-bolt ≈ O3-bolt-opt（差异在 ±5% 内）
2026-04-29 13:56:25,082 INFO:    154                Trimaran_enc-md5    1.01013899    1.00622022   +0.00391877  O3-bolt ≈ O3-bolt-opt（差异在 ±5% 内）
2026-04-29 13:56:25,082 INFO:    155                Trimaran_enc-pc1    1.00077462    1.00240302   -0.00162840  O3-bolt ≈ O3-bolt-opt（差异在 ±5% 内）
2026-04-29 13:56:25,082 INFO:    156                Trimaran_enc-rc4    0.99321336    0.99556661   -0.00235325  O3-bolt ≈ O3-bolt-opt（差异在 ±5% 内）
2026-04-29 13:56:25,082 INFO:    157           Trimaran_netbench-crc    1.02970529    1.00019097   +0.02951431  O3-bolt ≈ O3-bolt-opt（差异在 ±5% 内）
2026-04-29 13:56:25,082 INFO:    158           Trimaran_netbench-url    0.95257705    1.00052023   -0.04794317  O3-bolt ≈ O3-bolt-opt（差异在 ±5% 内）
2026-04-29 13:56:25,082 INFO:    159                VersaBench_8b10b    0.99527013    0.88725698   +0.10801315  O3-bolt ≈ O3-bolt-opt（差异在 ±5% 内）
2026-04-29 13:56:25,082 INFO:    160           VersaBench_beamformer    1.01226020    1.00112140   +0.01113880  O3-bolt ≈ O3-bolt-opt（差异在 ±5% 内）
2026-04-29 13:56:25,083 INFO:    161                  VersaBench_bmm    0.99592561    0.99431783   +0.00160778  O3-bolt ≈ O3-bolt-opt（差异在 ±5% 内）
2026-04-29 13:56:25,083 INFO:    162                 VersaBench_dbms    1.00678515    1.02810395   -0.02131879  O3-bolt ≈ O3-bolt-opt（差异在 ±5% 内）
2026-04-29 13:56:25,083 INFO:    163               VersaBench_ecbdes    1.01855898    1.01350093   +0.00505805  O3-bolt ≈ O3-bolt-opt（差异在 ±5% 内）
2026-04-29 13:56:25,083 INFO:    164                    llubenchmark    0.97046602    1.00407982   -0.03361380  O3-bolt ≈ O3-bolt-opt（差异在 ±5% 内）
2026-04-29 13:56:25,083 INFO:    165                           mafft    1.00625420    1.01419985   -0.00794566  O3-bolt ≈ O3-bolt-opt（差异在 ±5% 内）
2026-04-29 13:56:25,083 INFO:    166      mediabench_adpcm_rawcaudio    0.98744416    0.99648595   -0.00904179  O3-bolt ≈ O3-bolt-opt（差异在 ±5% 内）
2026-04-29 13:56:25,083 INFO:    167      mediabench_adpcm_rawdaudio    0.96434677    1.01338756   -0.04904079  O3-bolt ≈ O3-bolt-opt（差异在 ±5% 内）
2026-04-29 13:56:25,083 INFO:    168      mediabench_g721_g721encode    1.01645637    1.00831401   +0.00814235  O3-bolt ≈ O3-bolt-opt（差异在 ±5% 内）
2026-04-29 13:56:25,083 INFO:    169            mediabench_gsm_toast    1.00234866    0.99834013   +0.00400853  O3-bolt ≈ O3-bolt-opt（差异在 ±5% 内）
2026-04-29 13:56:25,083 INFO:    170         mediabench_jpeg_jpeg-6a    0.95657796    1.01562071   -0.05904275  O3-bolt ≈ O3-bolt-opt（差异在 ±5% 内）
2026-04-29 13:56:25,083 INFO:    171       mediabench_mpeg2_mpeg2dec    0.93584257    0.96874619   -0.03290361  O3-bolt-opt 优于 O3-bolt（快 6.4%，加速比 1.07x）
2026-04-29 13:56:25,084 INFO:    172                          nbench    0.97336704    0.96670610   +0.00666094  O3-bolt ≈ O3-bolt-opt（差异在 ±5% 内）
2026-04-29 13:56:25,084 INFO:    173                             sim    1.00421989    1.02870250   -0.02448261  O3-bolt ≈ O3-bolt-opt（差异在 ±5% 内）
2026-04-29 13:56:25,084 INFO:    174                      tramp3d-v4    0.99075484    1.00187922   -0.01112437  O3-bolt ≈ O3-bolt-opt（差异在 ±5% 内）
2026-04-29 13:56:25,084 INFO: 
  ── 验证指标 ──
2026-04-29 13:56:25,084 INFO:   MAE  = 0.029866
2026-04-29 13:56:25,084 INFO:   MSE  = 0.004578
2026-04-29 13:56:25,084 INFO:   RMSE = 0.067664
2026-04-29 13:56:25,084 INFO:   方向准确率 = 110/174 (63.2%)
2026-04-29 13:56:25,084 INFO:   预测 O3-bolt 更优: 81/174  (真实: 117/174)
2026-04-29 13:56:25,084 INFO:   方向准确率（排除 ±5%）= 19/22 (86.4%)
2026-04-29 13:56:25,086 INFO:   结构化结果: checkpoints/cnn/inst_best/infer_samples_O3-bolt_vs_O3-bolt-opt.csv
2026-04-29 13:56:25,086 INFO:   摘要结果: checkpoints/cnn/inst_best/infer_summary_O3-bolt_vs_O3-bolt-opt.json
2026-04-29 13:56:25,087 INFO: 
