2026-04-29 13:56:29,264 INFO: 自动选择设备: directml
2026-04-29 13:56:29,265 INFO: 设备: privateuseone:0
2026-04-29 13:56:29,265 INFO: 设备类型: directml
2026-04-29 13:56:29,265 INFO: 日志输出目录: checkpoints/lstm/fixed_work_best
2026-04-29 13:56:29,270 INFO: 从指定配置文件加载: checkpoints/lstm/fixed_work_best/lstm_best_work.json
2026-04-29 13:56:29,270 INFO: [LSTM] DirectML 不支持 nn.LSTM，已自动回退到 CPU
2026-04-29 13:56:29,278 INFO: 模型加载完成: checkpoints/lstm/fixed_work_best/lstm_best_work.pt  (设备: cpu)
2026-04-29 13:56:29,279 INFO: 模型类型: lstm
2026-04-29 13:56:29,279 INFO: 模型参数: {'in_features': 6, 'mlp_hidden': 32, 'dropout': 0.2, 'lstm_hidden': 32, 'lstm_out': 64, 'num_layers': 2, 'bidirectional': True}
2026-04-29 13:56:29,279 INFO: log-target 模式: 推理时将自动应用 exp() 变换
2026-04-29 13:56:29,279 INFO: pair-swap 训练增强: True（此为训练时数据增强，不影响推理逻辑）
2026-04-29 13:56:29,351 INFO: 已应用 exp() 变换（log-target 模式）
2026-04-29 13:56:29,351 INFO: ========================================================================
2026-04-29 13:56:29,351 INFO: 版本对: O1-g_vs_O3-g  (O1-g vs O3-g)  共 163 个程序
2026-04-29 13:56:29,351 INFO: 标签模式: fixed_workload
2026-04-29 13:56:29,351 INFO: 标签定义: Y = T_v2 / T_v1 (time ratio)
2026-04-29 13:56:29,351 INFO: 判定方向: Y >= 1 视为 O1-g 更快，Y < 1 视为 O3-g 更快
2026-04-29 13:56:29,351 INFO: 统计口径: 方向准确率按 same-side(Y=1.0) 统计；展示结论仍使用 judge() 的 ±5%% 区间
2026-04-29 13:56:29,352 INFO: ========================================================================
2026-04-29 13:56:29,352 INFO:      #                              程序          预测 Ŷ          真实 Y            误差  判断
2026-04-29 13:56:29,352 INFO:   ------------------------------------------------------------------------------------
2026-04-29 13:56:29,352 INFO:      1                            7zip    1.00067389    1.00000000   +0.00067389  O1-g ≈ O3-g（差异在 ±5% 内）
2026-04-29 13:56:29,352 INFO:      2             ASCI_Purple_SMG2000    0.99834728    0.87500000   +0.12334728  O1-g ≈ O3-g（差异在 ±5% 内）
2026-04-29 13:56:29,352 INFO:      3               ASC_Sequoia_AMGmk    0.99746591    0.66666669   +0.33079922  O1-g ≈ O3-g（差异在 ±5% 内）
2026-04-29 13:56:29,352 INFO:      4           ASC_Sequoia_CrystalMk    0.99845457    0.92857140   +0.06988317  O1-g ≈ O3-g（差异在 ±5% 内）
2026-04-29 13:56:29,353 INFO:      5               ASC_Sequoia_IRSmk    1.00056934    0.66666669   +0.33390266  O1-g ≈ O3-g（差异在 ±5% 内）
2026-04-29 13:56:29,353 INFO:      6                  BitBench_drop3    1.00159693    0.99411762   +0.00747931  O1-g ≈ O3-g（差异在 ±5% 内）
2026-04-29 13:56:29,353 INFO:      7                 BitBench_five11    1.00133443    1.05263162   -0.05129719  O1-g ≈ O3-g（差异在 ±5% 内）
2026-04-29 13:56:29,353 INFO:      8               BitBench_uudecode    1.00263321    0.28747046   +0.71516275  O1-g ≈ O3-g（差异在 ±5% 内）
2026-04-29 13:56:29,353 INFO:      9               BitBench_uuencode    0.99996918    0.95510203   +0.04486716  O1-g ≈ O3-g（差异在 ±5% 内）
2026-04-29 13:56:29,353 INFO:     10                          Bullet    1.00123680    0.90909094   +0.09214586  O1-g ≈ O3-g（差异在 ±5% 内）
2026-04-29 13:56:29,353 INFO:     11         DOE-ProxyApps-C++_CLAMR    1.00126481    1.03225803   -0.03099322  O1-g ≈ O3-g（差异在 ±5% 内）
2026-04-29 13:56:29,353 INFO:     12   DOE-ProxyApps-C++_HACCKernels    0.99608123    0.95238096   +0.04370028  O1-g ≈ O3-g（差异在 ±5% 内）
2026-04-29 13:56:29,354 INFO:     13         DOE-ProxyApps-C++_HPCCG    0.99761164    1.00000000   -0.00238836  O1-g ≈ O3-g（差异在 ±5% 内）
2026-04-29 13:56:29,354 INFO:     14       DOE-ProxyApps-C++_PENNANT    1.00126946    0.89285713   +0.10841233  O1-g ≈ O3-g（差异在 ±5% 内）
2026-04-29 13:56:29,354 INFO:     15        DOE-ProxyApps-C++_miniFE    0.99844992    0.91666669   +0.08178324  O1-g ≈ O3-g（差异在 ±5% 内）
2026-04-29 13:56:29,354 INFO:     16            DOE-ProxyApps-C_CoMD    0.99867195    0.95652175   +0.04215020  O1-g ≈ O3-g（差异在 ±5% 内）
2026-04-29 13:56:29,354 INFO:     17      DOE-ProxyApps-C_Pathfinder    1.00126088    1.00000000   +0.00126088  O1-g ≈ O3-g（差异在 ±5% 内）
2026-04-29 13:56:29,354 INFO:     18         DOE-ProxyApps-C_RSBench    0.99939001    0.99248123   +0.00690877  O1-g ≈ O3-g（差异在 ±5% 内）
2026-04-29 13:56:29,354 INFO:     19       DOE-ProxyApps-C_SimpleMOC    0.99835396    0.78125000   +0.21710396  O1-g ≈ O3-g（差异在 ±5% 内）
2026-04-29 13:56:29,354 INFO:     20         DOE-ProxyApps-C_XSBench    1.00004148    0.93333334   +0.06670815  O1-g ≈ O3-g（差异在 ±5% 内）
2026-04-29 13:56:29,354 INFO:     21         DOE-ProxyApps-C_miniAMR    1.00007260    0.91379309   +0.08627951  O1-g ≈ O3-g（差异在 ±5% 内）
2026-04-29 13:56:29,354 INFO:     22         DOE-ProxyApps-C_miniGMG    1.00004077    0.90476191   +0.09527886  O1-g ≈ O3-g（差异在 ±5% 内）
2026-04-29 13:56:29,355 INFO:     23                     Fhourstones    0.99948102    0.94545454   +0.05402648  O1-g ≈ O3-g（差异在 ±5% 内）
2026-04-29 13:56:29,355 INFO:     24                 Fhourstones-3.1    1.00108743    1.00000000   +0.00108743  O1-g ≈ O3-g（差异在 ±5% 内）
2026-04-29 13:56:29,355 INFO:     25              FreeBench_analyzer    1.00086927    0.97503120   +0.02583808  O1-g ≈ O3-g（差异在 ±5% 内）
2026-04-29 13:56:29,355 INFO:     26               FreeBench_distray    0.99997079    0.93877554   +0.06119525  O1-g ≈ O3-g（差异在 ±5% 内）
2026-04-29 13:56:29,355 INFO:     27            FreeBench_fourinarow    0.98819667    1.28571427   -0.29751760  O1-g ≈ O3-g（差异在 ±5% 内）
2026-04-29 13:56:29,355 INFO:     28                 FreeBench_mason    1.00101173    1.08171201   -0.08070028  O1-g ≈ O3-g（差异在 ±5% 内）
2026-04-29 13:56:29,355 INFO:     29                FreeBench_neural    0.99809772    1.00268817   -0.00459045  O1-g ≈ O3-g（差异在 ±5% 内）
2026-04-29 13:56:29,355 INFO:     30            FreeBench_pcompress2    1.00099051    0.96084338   +0.04014713  O1-g ≈ O3-g（差异在 ±5% 内）
2026-04-29 13:56:29,355 INFO:     31                 FreeBench_pifft    1.00124562    0.92307693   +0.07816869  O1-g ≈ O3-g（差异在 ±5% 内）
2026-04-29 13:56:29,355 INFO:     32               MallocBench_cfrac    1.00061548    0.98113209   +0.01948339  O1-g ≈ O3-g（差异在 ±5% 内）
2026-04-29 13:56:29,355 INFO:     33            MallocBench_espresso    1.00122035    0.97391301   +0.02730733  O1-g ≈ O3-g（差异在 ±5% 内）
2026-04-29 13:56:29,356 INFO:     34                  MallocBench_gs    1.00088465    1.15406764   -0.15318298  O1-g ≈ O3-g（差异在 ±5% 内）
2026-04-29 13:56:29,356 INFO:     35                 McCat_01-qbsort    1.00136912    1.03245747   -0.03108835  O1-g ≈ O3-g（差异在 ±5% 内）
2026-04-29 13:56:29,356 INFO:     36               McCat_03-testtrie    1.00131333    0.99137932   +0.00993401  O1-g ≈ O3-g（差异在 ±5% 内）
2026-04-29 13:56:29,356 INFO:     37                 McCat_04-bisect    1.00085831    0.91586995   +0.08498836  O1-g ≈ O3-g（差异在 ±5% 内）
2026-04-29 13:56:29,356 INFO:     38                   McCat_08-main    1.00150478    1.01509428   -0.01358950  O1-g ≈ O3-g（差异在 ±5% 内）
2026-04-29 13:56:29,356 INFO:     39                    McCat_09-vor    1.00160015    0.98947370   +0.01212645  O1-g ≈ O3-g（差异在 ±5% 内）
2026-04-29 13:56:29,356 INFO:     40                 McCat_12-IOtest    1.00114858    1.00680268   -0.00565410  O1-g ≈ O3-g（差异在 ±5% 内）
2026-04-29 13:56:29,356 INFO:     41                   McCat_15-trie    1.00133371    1.00274479   -0.00141108  O1-g ≈ O3-g（差异在 ±5% 内）
2026-04-29 13:56:29,356 INFO:     42                  McCat_17-bintr    1.00406218    1.00000000   +0.00406218  O1-g ≈ O3-g（差异在 ±5% 内）
2026-04-29 13:56:29,357 INFO:     43                    McCat_18-imp    1.00081086    0.98770952   +0.01310134  O1-g ≈ O3-g（差异在 ±5% 内）
2026-04-29 13:56:29,357 INFO:     44    MiBench_automotive-basicmath    1.00111735    1.00000000   +0.00111735  O1-g ≈ O3-g（差异在 ±5% 内）
2026-04-29 13:56:29,357 INFO:     45     MiBench_automotive-bitcount    1.00072801    0.95950156   +0.04122645  O1-g ≈ O3-g（差异在 ±5% 内）
2026-04-29 13:56:29,357 INFO:     46        MiBench_automotive-susan    1.00017428    0.99555558   +0.00461870  O1-g ≈ O3-g（差异在 ±5% 内）
2026-04-29 13:56:29,357 INFO:     47           MiBench_consumer-jpeg    1.00112152    0.87112343   +0.12999809  O1-g ≈ O3-g（差异在 ±5% 内）
2026-04-29 13:56:29,357 INFO:     48           MiBench_consumer-lame    0.99856359    0.89939022   +0.09917337  O1-g ≈ O3-g（差异在 ±5% 内）
2026-04-29 13:56:29,357 INFO:     49        MiBench_consumer-typeset    1.00162816    0.99158585   +0.01004231  O1-g ≈ O3-g（差异在 ±5% 内）
2026-04-29 13:56:29,357 INFO:     50        MiBench_network-dijkstra    1.00143743    1.00082171   +0.00061572  O1-g ≈ O3-g（差异在 ±5% 内）
2026-04-29 13:56:29,357 INFO:     51        MiBench_network-patricia    1.00084639    1.00000000   +0.00084639  O1-g ≈ O3-g（差异在 ±5% 内）
2026-04-29 13:56:29,358 INFO:     52           MiBench_office-ispell    1.00168824    1.01087904   -0.00919080  O1-g ≈ O3-g（差异在 ±5% 内）
2026-04-29 13:56:29,358 INFO:     53     MiBench_office-stringsearch    0.99830991    0.95483136   +0.04347855  O1-g ≈ O3-g（差异在 ±5% 内）
2026-04-29 13:56:29,358 INFO:     54       MiBench_security-blowfish    1.00171530    0.98434114   +0.01737416  O1-g ≈ O3-g（差异在 ±5% 内）
2026-04-29 13:56:29,358 INFO:     55       MiBench_security-rijndael    1.00058615    0.93795377   +0.06263238  O1-g ≈ O3-g（差异在 ±5% 内）
2026-04-29 13:56:29,358 INFO:     56            MiBench_security-sha    0.99910629    0.74435848   +0.25474781  O1-g ≈ O3-g（差异在 ±5% 内）
2026-04-29 13:56:29,358 INFO:     57          MiBench_telecomm-CRC32    1.00111389    0.99772727   +0.00338662  O1-g ≈ O3-g（差异在 ±5% 内）
2026-04-29 13:56:29,358 INFO:     58            MiBench_telecomm-FFT    1.00109828    0.99155796   +0.00954032  O1-g ≈ O3-g（差异在 ±5% 内）
2026-04-29 13:56:29,358 INFO:     59          MiBench_telecomm-adpcm    1.00156605    1.00485432   -0.00328827  O1-g ≈ O3-g（差异在 ±5% 内）
2026-04-29 13:56:29,358 INFO:     60            MiBench_telecomm-gsm    0.99800926    0.86778843   +0.13022083  O1-g ≈ O3-g（差异在 ±5% 内）
2026-04-29 13:56:29,359 INFO:     61                   NPB-serial_is    0.99999279    1.00000000   -0.00000721  O1-g ≈ O3-g（差异在 ±5% 内）
2026-04-29 13:56:29,359 INFO:     62                        Olden_bh    0.99743378    1.21875000   -0.22131622  O1-g ≈ O3-g（差异在 ±5% 内）
2026-04-29 13:56:29,359 INFO:     63                    Olden_bisort    1.00153697    0.98888886   +0.01264811  O1-g ≈ O3-g（差异在 ±5% 内）
2026-04-29 13:56:29,359 INFO:     64                      Olden_em3d    1.00092506    1.00000000   +0.00092506  O1-g ≈ O3-g（差异在 ±5% 内）
2026-04-29 13:56:29,359 INFO:     65                    Olden_health    1.00062490    0.96174866   +0.03887624  O1-g ≈ O3-g（差异在 ±5% 内）
2026-04-29 13:56:29,359 INFO:     66                       Olden_mst    1.00096786    1.01408446   -0.01311660  O1-g ≈ O3-g（差异在 ±5% 内）
2026-04-29 13:56:29,359 INFO:     67                 Olden_perimeter    1.00105059    0.94144142   +0.05960917  O1-g ≈ O3-g（差异在 ±5% 内）
2026-04-29 13:56:29,359 INFO:     68                     Olden_power    0.99570960    0.75000000   +0.24570960  O1-g ≈ O3-g（差异在 ±5% 内）
2026-04-29 13:56:29,359 INFO:     69                   Olden_treeadd    1.00131965    0.99509805   +0.00622159  O1-g ≈ O3-g（差异在 ±5% 内）
2026-04-29 13:56:29,359 INFO:     70                       Olden_tsp    0.99893457    0.95402300   +0.04491156  O1-g ≈ O3-g（差异在 ±5% 内）
2026-04-29 13:56:29,360 INFO:     71                   Olden_voronoi    1.00124872    0.98787880   +0.01336992  O1-g ≈ O3-g（差异在 ±5% 内）
2026-04-29 13:56:29,360 INFO:     72                 Prolangs-C++_NP    1.00150192    0.99894428   +0.00255764  O1-g ≈ O3-g（差异在 ±5% 内）
2026-04-29 13:56:29,360 INFO:     73             Prolangs-C++_deriv1    1.00162435    0.99585509   +0.00576925  O1-g ≈ O3-g（差异在 ±5% 内）
2026-04-29 13:56:29,360 INFO:     74             Prolangs-C++_deriv2    1.00161517    1.01316845   -0.01155329  O1-g ≈ O3-g（差异在 ±5% 内）
2026-04-29 13:56:29,360 INFO:     75             Prolangs-C++_employ    1.00121963    1.00136423   -0.00014460  O1-g ≈ O3-g（差异在 ±5% 内）
2026-04-29 13:56:29,360 INFO:     76                Prolangs-C++_fsm    1.00162375    1.01510620   -0.01348245  O1-g ≈ O3-g（差异在 ±5% 内）
2026-04-29 13:56:29,360 INFO:     77             Prolangs-C++_garage    1.00162756    0.99168032   +0.00994724  O1-g ≈ O3-g（差异在 ±5% 内）
2026-04-29 13:56:29,360 INFO:     78               Prolangs-C++_life    1.00112927    0.97222221   +0.02890706  O1-g ≈ O3-g（差异在 ±5% 内）
2026-04-29 13:56:29,360 INFO:     79            Prolangs-C++_objects    1.00156868    1.00194526   -0.00037658  O1-g ≈ O3-g（差异在 ±5% 内）
2026-04-29 13:56:29,360 INFO:     80              Prolangs-C++_ocean    1.00145531    1.00159490   -0.00013959  O1-g ≈ O3-g（差异在 ±5% 内）
2026-04-29 13:56:29,360 INFO:     81             Prolangs-C++_office    1.00159121    1.01277828   -0.01118708  O1-g ≈ O3-g（差异在 ±5% 内）
2026-04-29 13:56:29,361 INFO:     82             Prolangs-C++_primes    0.99883384    0.45652175   +0.54231209  O1-g ≈ O3-g（差异在 ±5% 内）
2026-04-29 13:56:29,361 INFO:     83             Prolangs-C++_shapes    1.00156808    1.00199425   -0.00042617  O1-g ≈ O3-g（差异在 ±5% 内）
2026-04-29 13:56:29,361 INFO:     84              Prolangs-C++_simul    1.00055718    0.90586931   +0.09468788  O1-g ≈ O3-g（差异在 ±5% 内）
2026-04-29 13:56:29,361 INFO:     85              Prolangs-C++_trees    1.00133574    1.00201046   -0.00067472  O1-g ≈ O3-g（差异在 ±5% 内）
2026-04-29 13:56:29,361 INFO:     86         Prolangs-C_TimberWolfMC    1.00191295    0.97721088   +0.02470207  O1-g ≈ O3-g（差异在 ±5% 内）
2026-04-29 13:56:29,361 INFO:     87        Prolangs-C_archie-client    1.00165021    1.00627613   -0.00462592  O1-g ≈ O3-g（差异在 ±5% 内）
2026-04-29 13:56:29,361 INFO:     88            Prolangs-C_assembler    1.00161457    1.01347923   -0.01186466  O1-g ≈ O3-g（差异在 ±5% 内）
2026-04-29 13:56:29,361 INFO:     89                Prolangs-C_bison    1.00154150    0.99442405   +0.00711745  O1-g ≈ O3-g（差异在 ±5% 内）
2026-04-29 13:56:29,361 INFO:     90                Prolangs-C_cdecl    1.00169599    1.02129173   -0.01959574  O1-g ≈ O3-g（差异在 ±5% 内）
2026-04-29 13:56:29,361 INFO:     91             Prolangs-C_compiler    1.00177491    1.01307702   -0.01130211  O1-g ≈ O3-g（差异在 ±5% 内）
2026-04-29 13:56:29,362 INFO:     92            Prolangs-C_fixoutput    1.00166166    1.00669038   -0.00502872  O1-g ≈ O3-g（差异在 ±5% 内）
2026-04-29 13:56:29,362 INFO:     93             Prolangs-C_football    1.00176430    1.01447296   -0.01270866  O1-g ≈ O3-g（差异在 ±5% 内）
2026-04-29 13:56:29,362 INFO:     94                Prolangs-C_gnugo    1.00169027    0.95857024   +0.04312003  O1-g ≈ O3-g（差异在 ±5% 内）
2026-04-29 13:56:29,362 INFO:     95               Prolangs-C_loader    1.00188684    1.02619088   -0.02430403  O1-g ≈ O3-g（差异在 ±5% 内）
2026-04-29 13:56:29,362 INFO:     96            Prolangs-C_simulator    1.00167203    0.99519402   +0.00647801  O1-g ≈ O3-g（差异在 ±5% 内）
2026-04-29 13:56:29,362 INFO:     97                 Ptrdist_anagram    1.00100505    0.96610171   +0.03490335  O1-g ≈ O3-g（差异在 ±5% 内）
2026-04-29 13:56:29,362 INFO:     98                      Ptrdist_bc    1.00047839    1.00000000   +0.00047839  O1-g ≈ O3-g（差异在 ±5% 内）
2026-04-29 13:56:29,362 INFO:     99                      Ptrdist_ft    0.99365324    0.74000001   +0.25365323  O1-g ≈ O3-g（差异在 ±5% 内）
2026-04-29 13:56:29,362 INFO:    100                      Ptrdist_ks    1.00138390    0.94736844   +0.05401546  O1-g ≈ O3-g（差异在 ±5% 内）
2026-04-29 13:56:29,362 INFO:    101                   Ptrdist_yacr2    1.00089824    0.89743590   +0.10346234  O1-g ≈ O3-g（差异在 ±5% 内）
2026-04-29 13:56:29,363 INFO:    102                Rodinia_backprop    0.99856222    0.98571426   +0.01284796  O1-g ≈ O3-g（差异在 ±5% 内）
2026-04-29 13:56:29,363 INFO:    103                 Rodinia_hotspot    0.99907804    0.56420231   +0.43487573  O1-g ≈ O3-g（差异在 ±5% 内）
2026-04-29 13:56:29,363 INFO:    104              Rodinia_pathfinder    0.99952906    0.91208792   +0.08744115  O1-g ≈ O3-g（差异在 ±5% 内）
2026-04-29 13:56:29,363 INFO:    105                    Rodinia_srad    0.99887842    0.55434781   +0.44453061  O1-g ≈ O3-g（差异在 ±5% 内）
2026-04-29 13:56:29,363 INFO:    106                      SciMark2-C    0.99900639    1.00000000   -0.00099361  O1-g ≈ O3-g（差异在 ±5% 内）
2026-04-29 13:56:29,363 INFO:    107            TSVC_ControlFlow-dbl    0.99898010    0.85714287   +0.14183724  O1-g ≈ O3-g（差异在 ±5% 内）
2026-04-29 13:56:29,363 INFO:    108            TSVC_ControlFlow-flt    0.99906802    0.81250000   +0.18656802  O1-g ≈ O3-g（差异在 ±5% 内）
2026-04-29 13:56:29,363 INFO:    109           TSVC_ControlLoops-dbl    0.99641526    0.76923078   +0.22718447  O1-g ≈ O3-g（差异在 ±5% 内）
2026-04-29 13:56:29,363 INFO:    110           TSVC_ControlLoops-flt    0.99845695    0.50000000   +0.49845695  O1-g ≈ O3-g（差异在 ±5% 内）
2026-04-29 13:56:29,363 INFO:    111     TSVC_CrossingThresholds-dbl    0.99792355    0.73333335   +0.26459020  O1-g ≈ O3-g（差异在 ±5% 内）
2026-04-29 13:56:29,363 INFO:    112     TSVC_CrossingThresholds-flt    0.99784851    0.68181819   +0.31603032  O1-g ≈ O3-g（差异在 ±5% 内）
2026-04-29 13:56:29,364 INFO:    113          TSVC_Equivalencing-dbl    0.99538100    0.65714288   +0.33823812  O1-g ≈ O3-g（差异在 ±5% 内）
2026-04-29 13:56:29,364 INFO:    114          TSVC_Equivalencing-flt    0.99402070    0.28205130   +0.71196941  O1-g ≈ O3-g（差异在 ±5% 内）
2026-04-29 13:56:29,364 INFO:    115              TSVC_Expansion-dbl    0.99846548    0.75000000   +0.24846548  O1-g ≈ O3-g（差异在 ±5% 内）
2026-04-29 13:56:29,364 INFO:    116              TSVC_Expansion-flt    0.99884576    0.55555558   +0.44329017  O1-g ≈ O3-g（差异在 ±5% 内）
2026-04-29 13:56:29,364 INFO:    117         TSVC_GlobalDataFlow-dbl    0.99689484    0.72222221   +0.27467263  O1-g ≈ O3-g（差异在 ±5% 内）
2026-04-29 13:56:29,364 INFO:    118         TSVC_GlobalDataFlow-flt    0.99618453    0.44736841   +0.54881611  O1-g ≈ O3-g（差异在 ±5% 内）
2026-04-29 13:56:29,364 INFO:    119     TSVC_IndirectAddressing-dbl    0.99835777    1.00000000   -0.00164223  O1-g ≈ O3-g（差异在 ±5% 内）
2026-04-29 13:56:29,364 INFO:    120     TSVC_IndirectAddressing-flt    0.99856168    0.92857140   +0.06999028  O1-g ≈ O3-g（差异在 ±5% 内）
2026-04-29 13:56:29,364 INFO:    121      TSVC_InductionVariable-dbl    0.99757743    0.83333331   +0.16424412  O1-g ≈ O3-g（差异在 ±5% 内）
2026-04-29 13:56:29,365 INFO:    122      TSVC_InductionVariable-flt    0.99722093    0.75000000   +0.24722093  O1-g ≈ O3-g（差异在 ±5% 内）
2026-04-29 13:56:29,365 INFO:    123       TSVC_LinearDependence-dbl    0.99717849    0.76470590   +0.23247260  O1-g ≈ O3-g（差异在 ±5% 内）
2026-04-29 13:56:29,365 INFO:    124       TSVC_LinearDependence-flt    0.99672771    0.48148149   +0.51524621  O1-g ≈ O3-g（差异在 ±5% 内）
2026-04-29 13:56:29,365 INFO:    125          TSVC_LoopRerolling-dbl    0.99851537    0.81818181   +0.18033355  O1-g ≈ O3-g（差异在 ±5% 内）
2026-04-29 13:56:29,365 INFO:    126          TSVC_LoopRerolling-flt    0.99653816    0.81818181   +0.17835635  O1-g ≈ O3-g（差异在 ±5% 内）
2026-04-29 13:56:29,365 INFO:    127      TSVC_LoopRestructuring-dbl    0.99781090    1.00000000   -0.00218910  O1-g ≈ O3-g（差异在 ±5% 内）
2026-04-29 13:56:29,365 INFO:    128      TSVC_LoopRestructuring-flt    0.99792045    0.90909094   +0.08882952  O1-g ≈ O3-g（差异在 ±5% 内）
2026-04-29 13:56:29,365 INFO:    129          TSVC_NodeSplitting-dbl    1.00020278    0.92307693   +0.07712585  O1-g ≈ O3-g（差异在 ±5% 内）
2026-04-29 13:56:29,365 INFO:    130          TSVC_NodeSplitting-flt    0.99995738    0.87500000   +0.12495738  O1-g ≈ O3-g（差异在 ±5% 内）
2026-04-29 13:56:29,365 INFO:    131                TSVC_Packing-dbl    0.99740040    0.85714287   +0.14025754  O1-g ≈ O3-g（差异在 ±5% 内）
2026-04-29 13:56:29,366 INFO:    132                TSVC_Packing-flt    0.99756145    0.86666667   +0.13089478  O1-g ≈ O3-g（差异在 ±5% 内）
2026-04-29 13:56:29,366 INFO:    133            TSVC_Recurrences-dbl    0.99919683    1.00000000   -0.00080317  O1-g ≈ O3-g（差异在 ±5% 内）
2026-04-29 13:56:29,366 INFO:    134            TSVC_Recurrences-flt    0.99919915    1.00000000   -0.00080085  O1-g ≈ O3-g（差异在 ±5% 内）
2026-04-29 13:56:29,366 INFO:    135             TSVC_Reductions-dbl    0.99286789    1.00000000   -0.00713211  O1-g ≈ O3-g（差异在 ±5% 内）
2026-04-29 13:56:29,366 INFO:    136             TSVC_Reductions-flt    0.99137807    1.00000000   -0.00862193  O1-g ≈ O3-g（差异在 ±5% 内）
2026-04-29 13:56:29,366 INFO:    137              TSVC_Searching-dbl    0.99118423    0.66666669   +0.32451755  O1-g ≈ O3-g（差异在 ±5% 内）
2026-04-29 13:56:29,366 INFO:    138              TSVC_Searching-flt    0.99022239    0.30000001   +0.69022238  O1-g ≈ O3-g（差异在 ±5% 内）
2026-04-29 13:56:29,366 INFO:    139    TSVC_StatementReordering-dbl    0.99995619    0.92307693   +0.07687926  O1-g ≈ O3-g（差异在 ±5% 内）
2026-04-29 13:56:29,366 INFO:    140    TSVC_StatementReordering-flt    1.00006032    0.94117647   +0.05888385  O1-g ≈ O3-g（差异在 ±5% 内）
2026-04-29 13:56:29,366 INFO:    141              TSVC_Symbolics-dbl    0.99628699    0.73684210   +0.25944489  O1-g ≈ O3-g（差异在 ±5% 内）
2026-04-29 13:56:29,366 INFO:    142              TSVC_Symbolics-flt    0.99628079    0.38235295   +0.61392784  O1-g ≈ O3-g（差异在 ±5% 内）
2026-04-29 13:56:29,367 INFO:    143               Trimaran_enc-3des    1.00000691    0.95833331   +0.04167360  O1-g ≈ O3-g（差异在 ±5% 内）
2026-04-29 13:56:29,367 INFO:    144                Trimaran_enc-md5    1.00081241    1.00000000   +0.00081241  O1-g ≈ O3-g（差异在 ±5% 内）
2026-04-29 13:56:29,367 INFO:    145                Trimaran_enc-pc1    0.99424428    0.56034482   +0.43389946  O1-g ≈ O3-g（差异在 ±5% 内）
2026-04-29 13:56:29,367 INFO:    146                Trimaran_enc-rc4    0.99890101    0.89583331   +0.10306770  O1-g ≈ O3-g（差异在 ±5% 内）
2026-04-29 13:56:29,367 INFO:    147           Trimaran_netbench-crc    0.99875313    1.00000000   -0.00124687  O1-g ≈ O3-g（差异在 ±5% 内）
2026-04-29 13:56:29,367 INFO:    148           Trimaran_netbench-url    1.00006187    1.00000000   +0.00006187  O1-g ≈ O3-g（差异在 ±5% 内）
2026-04-29 13:56:29,367 INFO:    149                VersaBench_8b10b    0.99976242    1.00000000   -0.00023758  O1-g ≈ O3-g（差异在 ±5% 内）
2026-04-29 13:56:29,367 INFO:    150           VersaBench_beamformer    1.00053728    0.77049178   +0.23004550  O1-g ≈ O3-g（差异在 ±5% 内）
2026-04-29 13:56:29,367 INFO:    151                  VersaBench_bmm    1.00151694    1.00000000   +0.00151694  O1-g ≈ O3-g（差异在 ±5% 内）
2026-04-29 13:56:29,367 INFO:    152                 VersaBench_dbms    1.00168395    1.00000000   +0.00168395  O1-g ≈ O3-g（差异在 ±5% 内）
2026-04-29 13:56:29,367 INFO:    153               VersaBench_ecbdes    1.00067520    1.00000000   +0.00067520  O1-g ≈ O3-g（差异在 ±5% 内）
2026-04-29 13:56:29,368 INFO:    154                    llubenchmark    1.00160766    1.00000000   +0.00160766  O1-g ≈ O3-g（差异在 ±5% 内）
2026-04-29 13:56:29,368 INFO:    155                           mafft    1.00114918    1.00000000   +0.00114918  O1-g ≈ O3-g（差异在 ±5% 内）
2026-04-29 13:56:29,368 INFO:    156      mediabench_adpcm_rawcaudio    1.00145495    1.00152636   -0.00007141  O1-g ≈ O3-g（差异在 ±5% 内）
2026-04-29 13:56:29,368 INFO:    157      mediabench_adpcm_rawdaudio    1.00134635    1.01537275   -0.01402640  O1-g ≈ O3-g（差异在 ±5% 内）
2026-04-29 13:56:29,368 INFO:    158      mediabench_g721_g721encode    1.00071073    0.89805824   +0.10265249  O1-g ≈ O3-g（差异在 ±5% 内）
2026-04-29 13:56:29,368 INFO:    159            mediabench_gsm_toast    0.99941736    0.84902489   +0.15039247  O1-g ≈ O3-g（差异在 ±5% 内）
2026-04-29 13:56:29,368 INFO:    160         mediabench_jpeg_jpeg-6a    1.00120795    1.00703692   -0.00582898  O1-g ≈ O3-g（差异在 ±5% 内）
2026-04-29 13:56:29,368 INFO:    161       mediabench_mpeg2_mpeg2dec    0.99706006    0.97662663   +0.02043343  O1-g ≈ O3-g（差异在 ±5% 内）
2026-04-29 13:56:29,368 INFO:    162                          nbench    1.00009799    0.87096775   +0.12913024  O1-g ≈ O3-g（差异在 ±5% 内）
2026-04-29 13:56:29,368 INFO:    163                      tramp3d-v4    1.00098407    0.54452056   +0.45646352  O1-g ≈ O3-g（差异在 ±5% 内）
2026-04-29 13:56:29,369 INFO: 
  ── 验证指标 ──
2026-04-29 13:56:29,369 INFO:   MAE  = 0.107128
2026-04-29 13:56:29,369 INFO:   MSE  = 0.036125
2026-04-29 13:56:29,369 INFO:   RMSE = 0.190066
2026-04-29 13:56:29,369 INFO:   方向准确率 = 100/163 (61.3%)
2026-04-29 13:56:29,369 INFO:   预测 O1-g 更优: 94/163  (真实: 59/163)
2026-04-29 13:56:29,369 INFO:   方向准确率（排除 ±5%）= 50/73 (68.5%)
2026-04-29 13:56:29,372 INFO:   结构化结果: checkpoints/lstm/fixed_work_best/infer_samples_O1-g_vs_O3-g.csv
2026-04-29 13:56:29,372 INFO:   摘要结果: checkpoints/lstm/fixed_work_best/infer_summary_O1-g_vs_O3-g.json
2026-04-29 13:56:29,445 INFO: 已应用 exp() 变换（log-target 模式）
2026-04-29 13:56:29,446 INFO: ========================================================================
2026-04-29 13:56:29,446 INFO: 版本对: O2-bolt_vs_O2-bolt-opt  (O2-bolt vs O2-bolt-opt)  共 165 个程序
2026-04-29 13:56:29,446 INFO: 标签模式: fixed_workload
2026-04-29 13:56:29,446 INFO: 标签定义: Y = T_v2 / T_v1 (time ratio)
2026-04-29 13:56:29,446 INFO: 判定方向: Y >= 1 视为 O2-bolt 更快，Y < 1 视为 O2-bolt-opt 更快
2026-04-29 13:56:29,446 INFO: 统计口径: 方向准确率按 same-side(Y=1.0) 统计；展示结论仍使用 judge() 的 ±5%% 区间
2026-04-29 13:56:29,446 INFO: ========================================================================
2026-04-29 13:56:29,446 INFO:      #                              程序          预测 Ŷ          真实 Y            误差  判断
2026-04-29 13:56:29,446 INFO:   ------------------------------------------------------------------------------------
2026-04-29 13:56:29,447 INFO:      1                            7zip    1.00309277    1.00000000   +0.00309277  O2-bolt ≈ O2-bolt-opt（差异在 ±5% 内）
2026-04-29 13:56:29,447 INFO:      2             ASCI_Purple_SMG2000    1.00324643    1.00000000   +0.00324643  O2-bolt ≈ O2-bolt-opt（差异在 ±5% 内）
2026-04-29 13:56:29,447 INFO:      3               ASC_Sequoia_AMGmk    1.00122774    1.00000000   +0.00122774  O2-bolt ≈ O2-bolt-opt（差异在 ±5% 内）
2026-04-29 13:56:29,447 INFO:      4           ASC_Sequoia_CrystalMk    1.00214612    1.00000000   +0.00214612  O2-bolt ≈ O2-bolt-opt（差异在 ±5% 内）
2026-04-29 13:56:29,447 INFO:      5               ASC_Sequoia_IRSmk    1.00109565    1.00000000   +0.00109565  O2-bolt ≈ O2-bolt-opt（差异在 ±5% 内）
2026-04-29 13:56:29,447 INFO:      6                  BitBench_drop3    1.00033391    1.04938269   -0.04904878  O2-bolt ≈ O2-bolt-opt（差异在 ±5% 内）
2026-04-29 13:56:29,447 INFO:      7                 BitBench_five11    1.00105679    0.94999999   +0.05105680  O2-bolt ≈ O2-bolt-opt（差异在 ±5% 内）
2026-04-29 13:56:29,447 INFO:      8               BitBench_uudecode    1.00101626    0.99858755   +0.00242871  O2-bolt ≈ O2-bolt-opt（差异在 ±5% 内）
2026-04-29 13:56:29,448 INFO:      9               BitBench_uuencode    1.00152969    0.99971467   +0.00181502  O2-bolt ≈ O2-bolt-opt（差异在 ±5% 内）
2026-04-29 13:56:29,448 INFO:     10                          Bullet    1.00481951    1.00000000   +0.00481951  O2-bolt ≈ O2-bolt-opt（差异在 ±5% 内）
2026-04-29 13:56:29,448 INFO:     11         DOE-ProxyApps-C++_CLAMR    0.99442482    1.00000000   -0.00557518  O2-bolt ≈ O2-bolt-opt（差异在 ±5% 内）
2026-04-29 13:56:29,448 INFO:     12   DOE-ProxyApps-C++_HACCKernels    1.00126064    1.00000000   +0.00126064  O2-bolt ≈ O2-bolt-opt（差异在 ±5% 内）
2026-04-29 13:56:29,448 INFO:     13         DOE-ProxyApps-C++_HPCCG    1.00056541    1.00000000   +0.00056541  O2-bolt ≈ O2-bolt-opt（差异在 ±5% 内）
2026-04-29 13:56:29,448 INFO:     14       DOE-ProxyApps-C++_PENNANT    1.00110471    1.00000000   +0.00110471  O2-bolt ≈ O2-bolt-opt（差异在 ±5% 内）
2026-04-29 13:56:29,448 INFO:     15        DOE-ProxyApps-C++_miniFE    1.00246286    1.00000000   +0.00246286  O2-bolt ≈ O2-bolt-opt（差异在 ±5% 内）
2026-04-29 13:56:29,448 INFO:     16            DOE-ProxyApps-C_CoMD    1.00631499    0.95999998   +0.04631501  O2-bolt ≈ O2-bolt-opt（差异在 ±5% 内）
2026-04-29 13:56:29,449 INFO:     17      DOE-ProxyApps-C_Pathfinder    1.00960696    1.06666672   -0.05705976  O2-bolt ≈ O2-bolt-opt（差异在 ±5% 内）
2026-04-29 13:56:29,449 INFO:     18         DOE-ProxyApps-C_RSBench    1.00217199    0.98518521   +0.01698679  O2-bolt ≈ O2-bolt-opt（差异在 ±5% 内）
2026-04-29 13:56:29,449 INFO:     19       DOE-ProxyApps-C_SimpleMOC    1.00169837    1.00000000   +0.00169837  O2-bolt ≈ O2-bolt-opt（差异在 ±5% 内）
2026-04-29 13:56:29,449 INFO:     20         DOE-ProxyApps-C_XSBench    1.00391841    0.93750000   +0.06641841  O2-bolt ≈ O2-bolt-opt（差异在 ±5% 内）
2026-04-29 13:56:29,449 INFO:     21         DOE-ProxyApps-C_miniAMR    1.00518274    1.00000000   +0.00518274  O2-bolt ≈ O2-bolt-opt（差异在 ±5% 内）
2026-04-29 13:56:29,449 INFO:     22         DOE-ProxyApps-C_miniGMG    1.00987542    0.98412699   +0.02574843  O2-bolt ≈ O2-bolt-opt（差异在 ±5% 内）
2026-04-29 13:56:29,449 INFO:     23                     Fhourstones    1.00294709    0.98113209   +0.02181500  O2-bolt ≈ O2-bolt-opt（差异在 ±5% 内）
2026-04-29 13:56:29,449 INFO:     24                 Fhourstones-3.1    1.00129044    1.08571434   -0.08442390  O2-bolt ≈ O2-bolt-opt（差异在 ±5% 内）
2026-04-29 13:56:29,449 INFO:     25              FreeBench_analyzer    1.00220180    1.02056551   -0.01836371  O2-bolt ≈ O2-bolt-opt（差异在 ±5% 内）
2026-04-29 13:56:29,449 INFO:     26               FreeBench_distray    1.00049901    0.99484539   +0.00565362  O2-bolt ≈ O2-bolt-opt（差异在 ±5% 内）
2026-04-29 13:56:29,450 INFO:     27            FreeBench_fourinarow    1.00205624    1.00000000   +0.00205624  O2-bolt ≈ O2-bolt-opt（差异在 ±5% 内）
2026-04-29 13:56:29,450 INFO:     28                 FreeBench_mason    1.00074220    0.98479086   +0.01595134  O2-bolt ≈ O2-bolt-opt（差异在 ±5% 内）
2026-04-29 13:56:29,450 INFO:     29                FreeBench_neural    1.00283766    1.02173913   -0.01890147  O2-bolt ≈ O2-bolt-opt（差异在 ±5% 内）
2026-04-29 13:56:29,450 INFO:     30            FreeBench_pcompress2    1.00332749    1.03353655   -0.03020906  O2-bolt ≈ O2-bolt-opt（差异在 ±5% 内）
2026-04-29 13:56:29,450 INFO:     31                 FreeBench_pifft    1.00236452    1.00180185   +0.00056267  O2-bolt ≈ O2-bolt-opt（差异在 ±5% 内）
2026-04-29 13:56:29,450 INFO:     32               MallocBench_cfrac    1.00369799    1.00000000   +0.00369799  O2-bolt ≈ O2-bolt-opt（差异在 ±5% 内）
2026-04-29 13:56:29,450 INFO:     33            MallocBench_espresso    1.00377929    1.00000000   +0.00377929  O2-bolt ≈ O2-bolt-opt（差异在 ±5% 内）
2026-04-29 13:56:29,450 INFO:     34                  MallocBench_gs    1.00369537    0.95457625   +0.04911911  O2-bolt ≈ O2-bolt-opt（差异在 ±5% 内）
2026-04-29 13:56:29,450 INFO:     35                 McCat_01-qbsort    1.00126410    0.97443610   +0.02682799  O2-bolt ≈ O2-bolt-opt（差异在 ±5% 内）
2026-04-29 13:56:29,451 INFO:     36                 McCat_04-bisect    1.00050282    1.01359224   -0.01308942  O2-bolt ≈ O2-bolt-opt（差异在 ±5% 内）
2026-04-29 13:56:29,451 INFO:     37                   McCat_08-main    1.00324202    1.00000000   +0.00324202  O2-bolt ≈ O2-bolt-opt（差异在 ±5% 内）
2026-04-29 13:56:29,451 INFO:     38                    McCat_09-vor    1.00171947    0.99473685   +0.00698262  O2-bolt ≈ O2-bolt-opt（差异在 ±5% 内）
2026-04-29 13:56:29,451 INFO:     39                 McCat_12-IOtest    1.00154638    0.99324322   +0.00830317  O2-bolt ≈ O2-bolt-opt（差异在 ±5% 内）
2026-04-29 13:56:29,451 INFO:     40                   McCat_15-trie    1.00184071    1.01008666   -0.00824594  O2-bolt ≈ O2-bolt-opt（差异在 ±5% 内）
2026-04-29 13:56:29,451 INFO:     41                  McCat_17-bintr    1.00092316    0.94939756   +0.05152559  O2-bolt ≈ O2-bolt-opt（差异在 ±5% 内）
2026-04-29 13:56:29,451 INFO:     42                    McCat_18-imp    1.00129521    1.11548555   -0.11419034  O2-bolt ≈ O2-bolt-opt（差异在 ±5% 内）
2026-04-29 13:56:29,451 INFO:     43    MiBench_automotive-basicmath    1.00151539    1.00000000   +0.00151539  O2-bolt ≈ O2-bolt-opt（差异在 ±5% 内）
2026-04-29 13:56:29,452 INFO:     44     MiBench_automotive-bitcount    1.00230551    0.89939940   +0.10290611  O2-bolt ≈ O2-bolt-opt（差异在 ±5% 内）
2026-04-29 13:56:29,452 INFO:     45        MiBench_automotive-susan    1.00128293    0.98828697   +0.01299596  O2-bolt ≈ O2-bolt-opt（差异在 ±5% 内）
2026-04-29 13:56:29,452 INFO:     46           MiBench_consumer-jpeg    1.00151539    0.99665409   +0.00486130  O2-bolt ≈ O2-bolt-opt（差异在 ±5% 内）
2026-04-29 13:56:29,452 INFO:     47           MiBench_consumer-lame    1.00299132    0.98769230   +0.01529902  O2-bolt ≈ O2-bolt-opt（差异在 ±5% 内）
2026-04-29 13:56:29,452 INFO:     48        MiBench_consumer-typeset    1.00193691    0.99445885   +0.00747806  O2-bolt ≈ O2-bolt-opt（差异在 ±5% 内）
2026-04-29 13:56:29,452 INFO:     49        MiBench_network-dijkstra    1.00245035    0.91924530   +0.08320504  O2-bolt ≈ O2-bolt-opt（差异在 ±5% 内）
2026-04-29 13:56:29,452 INFO:     50        MiBench_network-patricia    1.00056863    0.99356222   +0.00700641  O2-bolt ≈ O2-bolt-opt（差异在 ±5% 内）
2026-04-29 13:56:29,452 INFO:     51           MiBench_office-ispell    1.00200987    1.00145996   +0.00054991  O2-bolt ≈ O2-bolt-opt（差异在 ±5% 内）
2026-04-29 13:56:29,453 INFO:     52     MiBench_office-stringsearch    1.00185907    1.00898242   -0.00712335  O2-bolt ≈ O2-bolt-opt（差异在 ±5% 内）
2026-04-29 13:56:29,453 INFO:     53       MiBench_security-blowfish    1.00195444    1.02514958   -0.02319515  O2-bolt ≈ O2-bolt-opt（差异在 ±5% 内）
2026-04-29 13:56:29,453 INFO:     54       MiBench_security-rijndael    1.00037456    1.04686427   -0.04648972  O2-bolt ≈ O2-bolt-opt（差异在 ±5% 内）
2026-04-29 13:56:29,453 INFO:     55            MiBench_security-sha    1.00143456    1.00348186   -0.00204730  O2-bolt ≈ O2-bolt-opt（差异在 ±5% 内）
2026-04-29 13:56:29,453 INFO:     56          MiBench_telecomm-CRC32    1.00056207    1.00000000   +0.00056207  O2-bolt ≈ O2-bolt-opt（差异在 ±5% 内）
2026-04-29 13:56:29,453 INFO:     57            MiBench_telecomm-FFT    1.00181293    1.00309122   -0.00127828  O2-bolt ≈ O2-bolt-opt（差异在 ±5% 内）
2026-04-29 13:56:29,453 INFO:     58          MiBench_telecomm-adpcm    1.00145602    0.99757868   +0.00387734  O2-bolt ≈ O2-bolt-opt（差异在 ±5% 内）
2026-04-29 13:56:29,453 INFO:     59            MiBench_telecomm-gsm    1.00369656    1.00755668   -0.00386012  O2-bolt ≈ O2-bolt-opt（差异在 ±5% 内）
2026-04-29 13:56:29,454 INFO:     60                   NPB-serial_is    1.00135803    1.00000000   +0.00135803  O2-bolt ≈ O2-bolt-opt（差异在 ±5% 内）
2026-04-29 13:56:29,454 INFO:     61                        Olden_bh    1.00328541    1.00000000   +0.00328541  O2-bolt ≈ O2-bolt-opt（差异在 ±5% 内）
2026-04-29 13:56:29,454 INFO:     62                    Olden_bisort    1.00153601    0.97777778   +0.02375823  O2-bolt ≈ O2-bolt-opt（差异在 ±5% 内）
2026-04-29 13:56:29,454 INFO:     63                      Olden_em3d    1.00694001    1.64285719   -0.63591719  O2-bolt ≈ O2-bolt-opt（差异在 ±5% 内）
2026-04-29 13:56:29,454 INFO:     64                    Olden_health    1.00175953    0.98913044   +0.01262909  O2-bolt ≈ O2-bolt-opt（差异在 ±5% 内）
2026-04-29 13:56:29,454 INFO:     65                       Olden_mst    1.00413799    0.99201596   +0.01212204  O2-bolt ≈ O2-bolt-opt（差异在 ±5% 内）
2026-04-29 13:56:29,454 INFO:     66                 Olden_perimeter    1.00090206    0.93449783   +0.06640422  O2-bolt ≈ O2-bolt-opt（差异在 ±5% 内）
2026-04-29 13:56:29,454 INFO:     67                     Olden_power    0.99935567    1.00000000   -0.00064433  O2-bolt ≈ O2-bolt-opt（差异在 ±5% 内）
2026-04-29 13:56:29,454 INFO:     68                   Olden_treeadd    1.00129235    0.98543692   +0.01585543  O2-bolt ≈ O2-bolt-opt（差异在 ±5% 内）
2026-04-29 13:56:29,455 INFO:     69                       Olden_tsp    1.00103521    1.00000000   +0.00103521  O2-bolt ≈ O2-bolt-opt（差异在 ±5% 内）
2026-04-29 13:56:29,455 INFO:     70                   Olden_voronoi    1.00240743    1.00000000   +0.00240743  O2-bolt ≈ O2-bolt-opt（差异在 ±5% 内）
2026-04-29 13:56:29,455 INFO:     71                           PAQ8p    1.00340927    1.00000000   +0.00340927  O2-bolt ≈ O2-bolt-opt（差异在 ±5% 内）
2026-04-29 13:56:29,455 INFO:     72                 Prolangs-C++_NP    1.00200462    1.00884759   -0.00684297  O2-bolt ≈ O2-bolt-opt（差异在 ±5% 内）
2026-04-29 13:56:29,455 INFO:     73               Prolangs-C++_city    1.00176919    0.97594166   +0.02582753  O2-bolt ≈ O2-bolt-opt（差异在 ±5% 内）
2026-04-29 13:56:29,455 INFO:     74             Prolangs-C++_deriv1    1.00196326    1.01412010   -0.01215684  O2-bolt ≈ O2-bolt-opt（差异在 ±5% 内）
2026-04-29 13:56:29,455 INFO:     75             Prolangs-C++_deriv2    1.00181472    1.01145566   -0.00964093  O2-bolt ≈ O2-bolt-opt（差异在 ±5% 内）
2026-04-29 13:56:29,455 INFO:     76             Prolangs-C++_employ    1.00132477    0.99030280   +0.01102197  O2-bolt ≈ O2-bolt-opt（差异在 ±5% 内）
2026-04-29 13:56:29,455 INFO:     77             Prolangs-C++_family    1.00184071    1.01969588   -0.01785517  O2-bolt ≈ O2-bolt-opt（差异在 ±5% 内）
2026-04-29 13:56:29,455 INFO:     78                Prolangs-C++_fsm    1.00175118    1.00914490   -0.00739372  O2-bolt ≈ O2-bolt-opt（差异在 ±5% 内）
2026-04-29 13:56:29,455 INFO:     79             Prolangs-C++_garage    1.00174189    0.99812412   +0.00361776  O2-bolt ≈ O2-bolt-opt（差异在 ±5% 内）
2026-04-29 13:56:29,456 INFO:     80               Prolangs-C++_life    1.00245893    1.00000000   +0.00245893  O2-bolt ≈ O2-bolt-opt（差异在 ±5% 内）
2026-04-29 13:56:29,456 INFO:     81            Prolangs-C++_objects    1.00169146    1.01141822   -0.00972676  O2-bolt ≈ O2-bolt-opt（差异在 ±5% 内）
2026-04-29 13:56:29,456 INFO:     82              Prolangs-C++_ocean    1.00144756    1.00000000   +0.00144756  O2-bolt ≈ O2-bolt-opt（差异在 ±5% 内）
2026-04-29 13:56:29,456 INFO:     83             Prolangs-C++_office    1.00178659    1.00595653   -0.00416994  O2-bolt ≈ O2-bolt-opt（差异在 ±5% 内）
2026-04-29 13:56:29,456 INFO:     84             Prolangs-C++_primes    1.00182998    0.95804197   +0.04378802  O2-bolt ≈ O2-bolt-opt（差异在 ±5% 内）
2026-04-29 13:56:29,456 INFO:     85             Prolangs-C++_shapes    1.00158525    1.02518713   -0.02360189  O2-bolt ≈ O2-bolt-opt（差异在 ±5% 内）
2026-04-29 13:56:29,456 INFO:     86              Prolangs-C++_simul    1.00133085    1.02522528   -0.02389443  O2-bolt ≈ O2-bolt-opt（差异在 ±5% 内）
2026-04-29 13:56:29,456 INFO:     87              Prolangs-C++_trees    1.00184989    1.01762021   -0.01577032  O2-bolt ≈ O2-bolt-opt（差异在 ±5% 内）
2026-04-29 13:56:29,456 INFO:     88              Prolangs-C++_vcirc    1.00197089    1.00158143   +0.00038946  O2-bolt ≈ O2-bolt-opt（差异在 ±5% 内）
2026-04-29 13:56:29,456 INFO:     89                Prolangs-C_agrep    1.00065446    1.03820348   -0.03754902  O2-bolt ≈ O2-bolt-opt（差异在 ±5% 内）
2026-04-29 13:56:29,457 INFO:     90             Prolangs-C_allroots    1.00226581    1.00935662   -0.00709081  O2-bolt ≈ O2-bolt-opt（差异在 ±5% 内）
2026-04-29 13:56:29,457 INFO:     91                Prolangs-C_bison    1.00125659    0.98792332   +0.01333326  O2-bolt ≈ O2-bolt-opt（差异在 ±5% 内）
2026-04-29 13:56:29,457 INFO:     92                Prolangs-C_cdecl    1.00156462    1.01220322   -0.01063859  O2-bolt ≈ O2-bolt-opt（差异在 ±5% 内）
2026-04-29 13:56:29,457 INFO:     93            Prolangs-C_fixoutput    1.00214827    0.99645865   +0.00568962  O2-bolt ≈ O2-bolt-opt（差异在 ±5% 内）
2026-04-29 13:56:29,457 INFO:     94             Prolangs-C_football    1.00213337    0.99751115   +0.00462222  O2-bolt ≈ O2-bolt-opt（差异在 ±5% 内）
2026-04-29 13:56:29,457 INFO:     95                Prolangs-C_gnugo    1.00087094    1.00982797   -0.00895703  O2-bolt ≈ O2-bolt-opt（差异在 ±5% 内）
2026-04-29 13:56:29,457 INFO:     96               Prolangs-C_loader    1.00265515    1.02377474   -0.02111959  O2-bolt ≈ O2-bolt-opt（差异在 ±5% 内）
2026-04-29 13:56:29,457 INFO:     97            Prolangs-C_simulator    1.00269806    1.01593041   -0.01323235  O2-bolt ≈ O2-bolt-opt（差异在 ±5% 内）
2026-04-29 13:56:29,458 INFO:     98           Prolangs-C_unix-smail    1.00204313    0.99699098   +0.00505215  O2-bolt ≈ O2-bolt-opt（差异在 ±5% 内）
2026-04-29 13:56:29,458 INFO:     99             Prolangs-C_unix-tbl    1.00232279    1.02245474   -0.02013195  O2-bolt ≈ O2-bolt-opt（差异在 ±5% 内）
2026-04-29 13:56:29,458 INFO:    100                 Ptrdist_anagram    1.00342965    0.98333335   +0.02009630  O2-bolt ≈ O2-bolt-opt（差异在 ±5% 内）
2026-04-29 13:56:29,458 INFO:    101                      Ptrdist_bc    1.00574672    0.90445858   +0.10128814  O2-bolt ≈ O2-bolt-opt（差异在 ±5% 内）
2026-04-29 13:56:29,458 INFO:    102                      Ptrdist_ft    1.00286293    1.00000000   +0.00286293  O2-bolt ≈ O2-bolt-opt（差异在 ±5% 内）
2026-04-29 13:56:29,458 INFO:    103                      Ptrdist_ks    1.00054705    0.98305082   +0.01749623  O2-bolt ≈ O2-bolt-opt（差异在 ±5% 内）
2026-04-29 13:56:29,458 INFO:    104                   Ptrdist_yacr2    1.00339329    1.09375000   -0.09035671  O2-bolt ≈ O2-bolt-opt（差异在 ±5% 内）
2026-04-29 13:56:29,458 INFO:    105                Rodinia_backprop    1.00343764    1.00000000   +0.00343764  O2-bolt ≈ O2-bolt-opt（差异在 ±5% 内）
2026-04-29 13:56:29,458 INFO:    106                 Rodinia_hotspot    1.00163615    0.99227798   +0.00935817  O2-bolt ≈ O2-bolt-opt（差异在 ±5% 内）
2026-04-29 13:56:29,459 INFO:    107              Rodinia_pathfinder    1.00716436    1.03448272   -0.02731836  O2-bolt ≈ O2-bolt-opt（差异在 ±5% 内）
2026-04-29 13:56:29,459 INFO:    108                    Rodinia_srad    1.00622976    1.00000000   +0.00622976  O2-bolt ≈ O2-bolt-opt（差异在 ±5% 内）
2026-04-29 13:56:29,459 INFO:    109                      SciMark2-C    1.00144279    1.00000000   +0.00144279  O2-bolt ≈ O2-bolt-opt（差异在 ±5% 内）
2026-04-29 13:56:29,459 INFO:    110            TSVC_ControlFlow-dbl    1.00145519    1.00000000   +0.00145519  O2-bolt ≈ O2-bolt-opt（差异在 ±5% 内）
2026-04-29 13:56:29,459 INFO:    111            TSVC_ControlFlow-flt    1.00109088    1.00000000   +0.00109088  O2-bolt ≈ O2-bolt-opt（差异在 ±5% 内）
2026-04-29 13:56:29,459 INFO:    112           TSVC_ControlLoops-dbl    1.00346279    1.00000000   +0.00346279  O2-bolt ≈ O2-bolt-opt（差异在 ±5% 内）
2026-04-29 13:56:29,459 INFO:    113           TSVC_ControlLoops-flt    1.00057220    1.00000000   +0.00057220  O2-bolt ≈ O2-bolt-opt（差异在 ±5% 内）
2026-04-29 13:56:29,459 INFO:    114     TSVC_CrossingThresholds-dbl    1.00201106    1.00000000   +0.00201106  O2-bolt ≈ O2-bolt-opt（差异在 ±5% 内）
2026-04-29 13:56:29,459 INFO:    115     TSVC_CrossingThresholds-flt    1.00157535    0.95652175   +0.04505360  O2-bolt ≈ O2-bolt-opt（差异在 ±5% 内）
2026-04-29 13:56:29,459 INFO:    116          TSVC_Equivalencing-dbl    1.00092351    1.00000000   +0.00092351  O2-bolt ≈ O2-bolt-opt（差异在 ±5% 内）
2026-04-29 13:56:29,460 INFO:    117          TSVC_Equivalencing-flt    1.00023603    1.00000000   +0.00023603  O2-bolt ≈ O2-bolt-opt（差异在 ±5% 内）
2026-04-29 13:56:29,460 INFO:    118              TSVC_Expansion-dbl    1.00088441    1.00000000   +0.00088441  O2-bolt ≈ O2-bolt-opt（差异在 ±5% 内）
2026-04-29 13:56:29,460 INFO:    119              TSVC_Expansion-flt    1.00073791    0.96428573   +0.03645217  O2-bolt ≈ O2-bolt-opt（差异在 ±5% 内）
2026-04-29 13:56:29,460 INFO:    120         TSVC_GlobalDataFlow-dbl    1.00251710    1.00000000   +0.00251710  O2-bolt ≈ O2-bolt-opt（差异在 ±5% 内）
2026-04-29 13:56:29,460 INFO:    121         TSVC_GlobalDataFlow-flt    0.99937010    0.97435898   +0.02501112  O2-bolt ≈ O2-bolt-opt（差异在 ±5% 内）
2026-04-29 13:56:29,460 INFO:    122     TSVC_IndirectAddressing-dbl    1.00227773    1.00000000   +0.00227773  O2-bolt ≈ O2-bolt-opt（差异在 ±5% 内）
2026-04-29 13:56:29,460 INFO:    123     TSVC_IndirectAddressing-flt    1.00149345    1.00000000   +0.00149345  O2-bolt ≈ O2-bolt-opt（差异在 ±5% 内）
2026-04-29 13:56:29,460 INFO:    124      TSVC_InductionVariable-dbl    1.00119305    1.00000000   +0.00119305  O2-bolt ≈ O2-bolt-opt（差异在 ±5% 内）
2026-04-29 13:56:29,460 INFO:    125      TSVC_InductionVariable-flt    1.00113475    1.00000000   +0.00113475  O2-bolt ≈ O2-bolt-opt（差异在 ±5% 内）
2026-04-29 13:56:29,460 INFO:    126       TSVC_LinearDependence-dbl    1.00141501    1.00000000   +0.00141501  O2-bolt ≈ O2-bolt-opt（差异在 ±5% 内）
2026-04-29 13:56:29,460 INFO:    127       TSVC_LinearDependence-flt    1.00059021    0.93333334   +0.06725687  O2-bolt ≈ O2-bolt-opt（差异在 ±5% 内）
2026-04-29 13:56:29,461 INFO:    128          TSVC_LoopRerolling-dbl    1.00170553    1.00000000   +0.00170553  O2-bolt ≈ O2-bolt-opt（差异在 ±5% 内）
2026-04-29 13:56:29,461 INFO:    129          TSVC_LoopRerolling-flt    1.00148249    1.00000000   +0.00148249  O2-bolt ≈ O2-bolt-opt（差异在 ±5% 内）
2026-04-29 13:56:29,461 INFO:    130      TSVC_LoopRestructuring-dbl    1.00081992    1.00000000   +0.00081992  O2-bolt ≈ O2-bolt-opt（差异在 ±5% 内）
2026-04-29 13:56:29,461 INFO:    131      TSVC_LoopRestructuring-flt    1.00064027    1.00000000   +0.00064027  O2-bolt ≈ O2-bolt-opt（差异在 ±5% 内）
2026-04-29 13:56:29,461 INFO:    132          TSVC_NodeSplitting-dbl    1.00078595    1.00000000   +0.00078595  O2-bolt ≈ O2-bolt-opt（差异在 ±5% 内）
2026-04-29 13:56:29,461 INFO:    133          TSVC_NodeSplitting-flt    1.00069368    0.94117647   +0.05951720  O2-bolt ≈ O2-bolt-opt（差异在 ±5% 内）
2026-04-29 13:56:29,461 INFO:    134                TSVC_Packing-dbl    1.00072217    1.00000000   +0.00072217  O2-bolt ≈ O2-bolt-opt（差异在 ±5% 内）
2026-04-29 13:56:29,461 INFO:    135                TSVC_Packing-flt    1.00117338    1.33333337   -0.33216000  O2-bolt ≈ O2-bolt-opt（差异在 ±5% 内）
2026-04-29 13:56:29,461 INFO:    136            TSVC_Recurrences-dbl    0.99987650    1.00000000   -0.00012350  O2-bolt ≈ O2-bolt-opt（差异在 ±5% 内）
2026-04-29 13:56:29,462 INFO:    137            TSVC_Recurrences-flt    0.99993610    1.00000000   -0.00006390  O2-bolt ≈ O2-bolt-opt（差异在 ±5% 内）
2026-04-29 13:56:29,462 INFO:    138             TSVC_Reductions-dbl    1.00208747    1.00000000   +0.00208747  O2-bolt ≈ O2-bolt-opt（差异在 ±5% 内）
2026-04-29 13:56:29,462 INFO:    139             TSVC_Reductions-flt    1.00129640    1.00000000   +0.00129640  O2-bolt ≈ O2-bolt-opt（差异在 ±5% 内）
2026-04-29 13:56:29,462 INFO:    140              TSVC_Searching-dbl    1.00181413    1.00000000   +0.00181413  O2-bolt ≈ O2-bolt-opt（差异在 ±5% 内）
2026-04-29 13:56:29,462 INFO:    141              TSVC_Searching-flt    1.00177848    1.00000000   +0.00177848  O2-bolt ≈ O2-bolt-opt（差异在 ±5% 内）
2026-04-29 13:56:29,462 INFO:    142    TSVC_StatementReordering-dbl    1.00116086    1.00000000   +0.00116086  O2-bolt ≈ O2-bolt-opt（差异在 ±5% 内）
2026-04-29 13:56:29,462 INFO:    143    TSVC_StatementReordering-flt    1.00105059    1.06250000   -0.06144941  O2-bolt ≈ O2-bolt-opt（差异在 ±5% 内）
2026-04-29 13:56:29,462 INFO:    144              TSVC_Symbolics-dbl    1.00191605    1.00000000   +0.00191605  O2-bolt ≈ O2-bolt-opt（差异在 ±5% 内）
2026-04-29 13:56:29,462 INFO:    145              TSVC_Symbolics-flt    1.00150168    0.94444442   +0.05705726  O2-bolt ≈ O2-bolt-opt（差异在 ±5% 内）
2026-04-29 13:56:29,462 INFO:    146               Trimaran_enc-3des    1.00225151    1.00000000   +0.00225151  O2-bolt ≈ O2-bolt-opt（差异在 ±5% 内）
2026-04-29 13:56:29,463 INFO:    147                Trimaran_enc-md5    1.00235593    1.00000000   +0.00235593  O2-bolt ≈ O2-bolt-opt（差异在 ±5% 内）
2026-04-29 13:56:29,463 INFO:    148                Trimaran_enc-pc1    1.00193131    1.00000000   +0.00193131  O2-bolt ≈ O2-bolt-opt（差异在 ±5% 内）
2026-04-29 13:56:29,463 INFO:    149                Trimaran_enc-rc4    1.00175869    0.97959185   +0.02216685  O2-bolt ≈ O2-bolt-opt（差异在 ±5% 内）
2026-04-29 13:56:29,463 INFO:    150           Trimaran_netbench-crc    1.00180793    1.00000000   +0.00180793  O2-bolt ≈ O2-bolt-opt（差异在 ±5% 内）
2026-04-29 13:56:29,463 INFO:    151           Trimaran_netbench-url    1.00204599    1.00000000   +0.00204599  O2-bolt ≈ O2-bolt-opt（差异在 ±5% 内）
2026-04-29 13:56:29,463 INFO:    152                VersaBench_8b10b    1.00394511    1.00000000   +0.00394511  O2-bolt ≈ O2-bolt-opt（差异在 ±5% 内）
2026-04-29 13:56:29,463 INFO:    153           VersaBench_beamformer    1.00200260    1.12962961   -0.12762702  O2-bolt ≈ O2-bolt-opt（差异在 ±5% 内）
2026-04-29 13:56:29,463 INFO:    154                  VersaBench_bmm    1.00168753    1.00000000   +0.00168753  O2-bolt ≈ O2-bolt-opt（差异在 ±5% 内）
2026-04-29 13:56:29,463 INFO:    155                 VersaBench_dbms    1.00241530    1.00000000   +0.00241530  O2-bolt ≈ O2-bolt-opt（差异在 ±5% 内）
2026-04-29 13:56:29,463 INFO:    156               VersaBench_ecbdes    1.00209486    1.00000000   +0.00209486  O2-bolt ≈ O2-bolt-opt（差异在 ±5% 内）
2026-04-29 13:56:29,464 INFO:    157                    llubenchmark    1.00149703    1.00000000   +0.00149703  O2-bolt ≈ O2-bolt-opt（差异在 ±5% 内）
2026-04-29 13:56:29,464 INFO:    158                           mafft    1.00160086    1.00000000   +0.00160086  O2-bolt ≈ O2-bolt-opt（差异在 ±5% 内）
2026-04-29 13:56:29,464 INFO:    159      mediabench_adpcm_rawcaudio    1.00137019    0.99703491   +0.00433528  O2-bolt ≈ O2-bolt-opt（差异在 ±5% 内）
2026-04-29 13:56:29,464 INFO:    160      mediabench_adpcm_rawdaudio    1.00151753    0.99080110   +0.01071644  O2-bolt ≈ O2-bolt-opt（差异在 ±5% 内）
2026-04-29 13:56:29,464 INFO:    161      mediabench_g721_g721encode    1.00153840    0.98275864   +0.01877975  O2-bolt ≈ O2-bolt-opt（差异在 ±5% 内）
2026-04-29 13:56:29,464 INFO:    162            mediabench_gsm_toast    1.00173593    1.03024781   -0.02851188  O2-bolt ≈ O2-bolt-opt（差异在 ±5% 内）
2026-04-29 13:56:29,464 INFO:    163       mediabench_mpeg2_mpeg2dec    1.00387037    0.95915985   +0.04471052  O2-bolt ≈ O2-bolt-opt（差异在 ±5% 内）
2026-04-29 13:56:29,464 INFO:    164                          nbench    1.00555146    1.03125000   -0.02569854  O2-bolt ≈ O2-bolt-opt（差异在 ±5% 内）
2026-04-29 13:56:29,464 INFO:    165                      tramp3d-v4    1.00178373    0.98958331   +0.01220042  O2-bolt ≈ O2-bolt-opt（差异在 ±5% 内）
2026-04-29 13:56:29,465 INFO: 
  ── 验证指标 ──
2026-04-29 13:56:29,465 INFO:   MAE  = 0.021980
2026-04-29 13:56:29,465 INFO:   MSE  = 0.003962
2026-04-29 13:56:29,465 INFO:   RMSE = 0.062942
2026-04-29 13:56:29,465 INFO:   方向准确率 = 110/165 (66.7%)
2026-04-29 13:56:29,465 INFO:   预测 O2-bolt 更优: 160/165  (真实: 113/165)
2026-04-29 13:56:29,465 INFO:   方向准确率（排除 ±5%）= 8/18 (44.4%)
2026-04-29 13:56:29,468 INFO:   结构化结果: checkpoints/lstm/fixed_work_best/infer_samples_O2-bolt_vs_O2-bolt-opt.csv
2026-04-29 13:56:29,468 INFO:   摘要结果: checkpoints/lstm/fixed_work_best/infer_summary_O2-bolt_vs_O2-bolt-opt.json
2026-04-29 13:56:29,528 INFO: 已应用 exp() 变换（log-target 模式）
2026-04-29 13:56:29,528 INFO: ========================================================================
2026-04-29 13:56:29,528 INFO: 版本对: O3-bolt_vs_O3-bolt-opt  (O3-bolt vs O3-bolt-opt)  共 161 个程序
2026-04-29 13:56:29,528 INFO: 标签模式: fixed_workload
2026-04-29 13:56:29,528 INFO: 标签定义: Y = T_v2 / T_v1 (time ratio)
2026-04-29 13:56:29,528 INFO: 判定方向: Y >= 1 视为 O3-bolt 更快，Y < 1 视为 O3-bolt-opt 更快
2026-04-29 13:56:29,528 INFO: 统计口径: 方向准确率按 same-side(Y=1.0) 统计；展示结论仍使用 judge() 的 ±5%% 区间
2026-04-29 13:56:29,528 INFO: ========================================================================
2026-04-29 13:56:29,529 INFO:      #                              程序          预测 Ŷ          真实 Y            误差  判断
2026-04-29 13:56:29,529 INFO:   ------------------------------------------------------------------------------------
2026-04-29 13:56:29,529 INFO:      1                            7zip    1.00463414    1.00000000   +0.00463414  O3-bolt ≈ O3-bolt-opt（差异在 ±5% 内）
2026-04-29 13:56:29,529 INFO:      2             ASCI_Purple_SMG2000    1.00342250    1.00000000   +0.00342250  O3-bolt ≈ O3-bolt-opt（差异在 ±5% 内）
2026-04-29 13:56:29,529 INFO:      3               ASC_Sequoia_AMGmk    1.00127375    1.00000000   +0.00127375  O3-bolt ≈ O3-bolt-opt（差异在 ±5% 内）
2026-04-29 13:56:29,529 INFO:      4           ASC_Sequoia_CrystalMk    1.00225019    1.00000000   +0.00225019  O3-bolt ≈ O3-bolt-opt（差异在 ±5% 内）
2026-04-29 13:56:29,529 INFO:      5               ASC_Sequoia_IRSmk    1.00117064    1.00000000   +0.00117064  O3-bolt ≈ O3-bolt-opt（差异在 ±5% 内）
2026-04-29 13:56:29,529 INFO:      6                  BitBench_drop3    1.00011528    0.93406594   +0.06604934  O3-bolt ≈ O3-bolt-opt（差异在 ±5% 内）
2026-04-29 13:56:29,529 INFO:      7                 BitBench_five11    1.00112844    0.94999999   +0.05112845  O3-bolt ≈ O3-bolt-opt（差异在 ±5% 内）
2026-04-29 13:56:29,530 INFO:      8               BitBench_uudecode    1.00321829    1.71857262   -0.71535432  O3-bolt ≈ O3-bolt-opt（差异在 ±5% 内）
2026-04-29 13:56:29,530 INFO:      9               BitBench_uuencode    1.00097561    1.00515461   -0.00417900  O3-bolt ≈ O3-bolt-opt（差异在 ±5% 内）
2026-04-29 13:56:29,530 INFO:     10                          Bullet    1.00410378    1.00000000   +0.00410378  O3-bolt ≈ O3-bolt-opt（差异在 ±5% 内）
2026-04-29 13:56:29,530 INFO:     11         DOE-ProxyApps-C++_CLAMR    0.99463332    1.00000000   -0.00536668  O3-bolt ≈ O3-bolt-opt（差异在 ±5% 内）
2026-04-29 13:56:29,530 INFO:     12   DOE-ProxyApps-C++_HACCKernels    1.00158942    1.00000000   +0.00158942  O3-bolt ≈ O3-bolt-opt（差异在 ±5% 内）
2026-04-29 13:56:29,531 INFO:     13         DOE-ProxyApps-C++_HPCCG    1.00055385    1.00000000   +0.00055385  O3-bolt ≈ O3-bolt-opt（差异在 ±5% 内）
2026-04-29 13:56:29,531 INFO:     14       DOE-ProxyApps-C++_PENNANT    1.00099647    1.00000000   +0.00099647  O3-bolt ≈ O3-bolt-opt（差异在 ±5% 内）
2026-04-29 13:56:29,531 INFO:     15        DOE-ProxyApps-C++_miniFE    1.00337481    1.00000000   +0.00337481  O3-bolt ≈ O3-bolt-opt（差异在 ±5% 内）
2026-04-29 13:56:29,531 INFO:     16            DOE-ProxyApps-C_CoMD    1.00645590    0.92000002   +0.08645588  O3-bolt ≈ O3-bolt-opt（差异在 ±5% 内）
2026-04-29 13:56:29,531 INFO:     17      DOE-ProxyApps-C_Pathfinder    1.00990260    1.06666672   -0.05676413  O3-bolt ≈ O3-bolt-opt（差异在 ±5% 内）
2026-04-29 13:56:29,531 INFO:     18         DOE-ProxyApps-C_RSBench    1.00347555    1.00000000   +0.00347555  O3-bolt ≈ O3-bolt-opt（差异在 ±5% 内）
2026-04-29 13:56:29,532 INFO:     19       DOE-ProxyApps-C_SimpleMOC    1.00459468    0.96969700   +0.03489769  O3-bolt ≈ O3-bolt-opt（差异在 ±5% 内）
2026-04-29 13:56:29,532 INFO:     20         DOE-ProxyApps-C_XSBench    1.00079596    0.93750000   +0.06329596  O3-bolt ≈ O3-bolt-opt（差异在 ±5% 内）
2026-04-29 13:56:29,532 INFO:     21         DOE-ProxyApps-C_miniAMR    1.00442469    1.00000000   +0.00442469  O3-bolt ≈ O3-bolt-opt（差异在 ±5% 内）
2026-04-29 13:56:29,532 INFO:     22         DOE-ProxyApps-C_miniGMG    1.01000702    1.00000000   +0.01000702  O3-bolt ≈ O3-bolt-opt（差异在 ±5% 内）
2026-04-29 13:56:29,532 INFO:     23                     Fhourstones    1.00210977    1.03703701   -0.03492725  O3-bolt ≈ O3-bolt-opt（差异在 ±5% 内）
2026-04-29 13:56:29,532 INFO:     24                 Fhourstones-3.1    1.00155628    1.08571434   -0.08415806  O3-bolt ≈ O3-bolt-opt（差异在 ±5% 内）
2026-04-29 13:56:29,532 INFO:     25              FreeBench_analyzer    1.00286591    0.99624997   +0.00661594  O3-bolt ≈ O3-bolt-opt（差异在 ±5% 内）
2026-04-29 13:56:29,533 INFO:     26               FreeBench_distray    1.00024521    1.00000000   +0.00024521  O3-bolt ≈ O3-bolt-opt（差异在 ±5% 内）
2026-04-29 13:56:29,533 INFO:     27            FreeBench_fourinarow    1.00199306    1.00000000   +0.00199306  O3-bolt ≈ O3-bolt-opt（差异在 ±5% 内）
2026-04-29 13:56:29,533 INFO:     28                 FreeBench_mason    1.00098014    0.98467433   +0.01630580  O3-bolt ≈ O3-bolt-opt（差异在 ±5% 内）
2026-04-29 13:56:29,533 INFO:     29                FreeBench_neural    1.00168455    1.01086962   -0.00918508  O3-bolt ≈ O3-bolt-opt（差异在 ±5% 内）
2026-04-29 13:56:29,533 INFO:     30            FreeBench_pcompress2    1.00440204    1.00604224   -0.00164020  O3-bolt ≈ O3-bolt-opt（差异在 ±5% 内）
2026-04-29 13:56:29,533 INFO:     31                 FreeBench_pifft    1.00178599    1.01268113   -0.01089513  O3-bolt ≈ O3-bolt-opt（差异在 ±5% 内）
2026-04-29 13:56:29,533 INFO:     32               MallocBench_cfrac    1.00350249    0.98113209   +0.02237040  O3-bolt ≈ O3-bolt-opt（差异在 ±5% 内）
2026-04-29 13:56:29,533 INFO:     33            MallocBench_espresso    1.00380564    1.01785719   -0.01405156  O3-bolt ≈ O3-bolt-opt（差异在 ±5% 内）
2026-04-29 13:56:29,533 INFO:     34                  MallocBench_gs    1.00366139    0.94297349   +0.06068790  O3-bolt ≈ O3-bolt-opt（差异在 ±5% 内）
2026-04-29 13:56:29,533 INFO:     35                 McCat_01-qbsort    1.00141072    0.97737557   +0.02403516  O3-bolt ≈ O3-bolt-opt（差异在 ±5% 内）
2026-04-29 13:56:29,534 INFO:     36                 McCat_04-bisect    1.00110114    1.10337555   -0.10227442  O3-bolt ≈ O3-bolt-opt（差异在 ±5% 内）
2026-04-29 13:56:29,534 INFO:     37                   McCat_08-main    1.00397253    1.00000000   +0.00397253  O3-bolt ≈ O3-bolt-opt（差异在 ±5% 内）
2026-04-29 13:56:29,534 INFO:     38                    McCat_09-vor    1.00249994    1.01600003   -0.01350009  O3-bolt ≈ O3-bolt-opt（差异在 ±5% 内）
2026-04-29 13:56:29,534 INFO:     39                 McCat_12-IOtest    1.00174975    0.99324322   +0.00850654  O3-bolt ≈ O3-bolt-opt（差异在 ±5% 内）
2026-04-29 13:56:29,534 INFO:     40                   McCat_15-trie    1.00203288    1.02257168   -0.02053881  O3-bolt ≈ O3-bolt-opt（差异在 ±5% 内）
2026-04-29 13:56:29,534 INFO:     41                  McCat_17-bintr    1.00146019    1.00000000   +0.00146019  O3-bolt ≈ O3-bolt-opt（差异在 ±5% 内）
2026-04-29 13:56:29,534 INFO:     42                    McCat_18-imp    1.00161147    1.09950864   -0.09789717  O3-bolt ≈ O3-bolt-opt（差异在 ±5% 内）
2026-04-29 13:56:29,534 INFO:     43    MiBench_automotive-basicmath    1.00086415    1.00000000   +0.00086415  O3-bolt ≈ O3-bolt-opt（差异在 ±5% 内）
2026-04-29 13:56:29,535 INFO:     44     MiBench_automotive-bitcount    1.00125599    0.96551722   +0.03573877  O3-bolt ≈ O3-bolt-opt（差异在 ±5% 内）
2026-04-29 13:56:29,535 INFO:     45        MiBench_automotive-susan    1.00083518    0.98684210   +0.01399308  O3-bolt ≈ O3-bolt-opt（差异在 ±5% 内）
2026-04-29 13:56:29,535 INFO:     46           MiBench_consumer-jpeg    1.00140011    0.98716003   +0.01424009  O3-bolt ≈ O3-bolt-opt（差异在 ±5% 内）
2026-04-29 13:56:29,535 INFO:     47           MiBench_consumer-lame    1.00376558    0.98795182   +0.01581377  O3-bolt ≈ O3-bolt-opt（差异在 ±5% 内）
2026-04-29 13:56:29,535 INFO:     48        MiBench_consumer-typeset    1.00163937    0.98859930   +0.01304007  O3-bolt ≈ O3-bolt-opt（差异在 ±5% 内）
2026-04-29 13:56:29,535 INFO:     49        MiBench_network-dijkstra    1.00260663    0.92191052   +0.08069611  O3-bolt ≈ O3-bolt-opt（差异在 ±5% 内）
2026-04-29 13:56:29,535 INFO:     50        MiBench_network-patricia    1.00140893    0.99571735   +0.00569159  O3-bolt ≈ O3-bolt-opt（差异在 ±5% 内）
2026-04-29 13:56:29,535 INFO:     51           MiBench_office-ispell    1.00223458    1.00658286   -0.00434828  O3-bolt ≈ O3-bolt-opt（差异在 ±5% 内）
2026-04-29 13:56:29,535 INFO:     52     MiBench_office-stringsearch    1.00171423    1.01574588   -0.01403165  O3-bolt ≈ O3-bolt-opt（差异在 ±5% 内）
2026-04-29 13:56:29,536 INFO:     53       MiBench_security-rijndael    1.00057745    1.05910993   -0.05853248  O3-bolt ≈ O3-bolt-opt（差异在 ±5% 内）
2026-04-29 13:56:29,536 INFO:     54            MiBench_security-sha    1.00121403    1.00746751   -0.00625348  O3-bolt ≈ O3-bolt-opt（差异在 ±5% 内）
2026-04-29 13:56:29,536 INFO:     55          MiBench_telecomm-CRC32    1.00075912    1.00688076   -0.00612164  O3-bolt ≈ O3-bolt-opt（差异在 ±5% 内）
2026-04-29 13:56:29,536 INFO:     56            MiBench_telecomm-FFT    1.00161815    0.99694890   +0.00466925  O3-bolt ≈ O3-bolt-opt（差异在 ±5% 内）
2026-04-29 13:56:29,536 INFO:     57          MiBench_telecomm-adpcm    1.00170910    0.99757868   +0.00413042  O3-bolt ≈ O3-bolt-opt（差异在 ±5% 内）
2026-04-29 13:56:29,536 INFO:     58            MiBench_telecomm-gsm    1.00390339    0.99284011   +0.01106328  O3-bolt ≈ O3-bolt-opt（差异在 ±5% 内）
2026-04-29 13:56:29,536 INFO:     59                   NPB-serial_is    1.00155270    1.00000000   +0.00155270  O3-bolt ≈ O3-bolt-opt（差异在 ±5% 内）
2026-04-29 13:56:29,536 INFO:     60                        Olden_bh    1.00325394    1.00000000   +0.00325394  O3-bolt ≈ O3-bolt-opt（差异在 ±5% 内）
2026-04-29 13:56:29,536 INFO:     61                    Olden_bisort    1.00123835    0.98913044   +0.01210791  O3-bolt ≈ O3-bolt-opt（差异在 ±5% 内）
2026-04-29 13:56:29,536 INFO:     62                      Olden_em3d    1.00768077    1.64285719   -0.63517642  O3-bolt ≈ O3-bolt-opt（差异在 ±5% 内）
2026-04-29 13:56:29,537 INFO:     63                    Olden_health    1.00142121    1.00000000   +0.00142121  O3-bolt ≈ O3-bolt-opt（差异在 ±5% 内）
2026-04-29 13:56:29,537 INFO:     64                       Olden_mst    1.00517261    1.00199997   +0.00317264  O3-bolt ≈ O3-bolt-opt（差异在 ±5% 内）
2026-04-29 13:56:29,537 INFO:     65                 Olden_perimeter    1.00110745    0.99115044   +0.00995702  O3-bolt ≈ O3-bolt-opt（差异在 ±5% 内）
2026-04-29 13:56:29,537 INFO:     66                     Olden_power    0.99941063    0.98701298   +0.01239765  O3-bolt ≈ O3-bolt-opt（差异在 ±5% 内）
2026-04-29 13:56:29,537 INFO:     67                   Olden_treeadd    1.00135159    1.00487804   -0.00352645  O3-bolt ≈ O3-bolt-opt（差异在 ±5% 内）
2026-04-29 13:56:29,537 INFO:     68                       Olden_tsp    1.00136065    1.01149428   -0.01013362  O3-bolt ≈ O3-bolt-opt（差异在 ±5% 内）
2026-04-29 13:56:29,537 INFO:     69                   Olden_voronoi    1.00179923    1.00606060   -0.00426137  O3-bolt ≈ O3-bolt-opt（差异在 ±5% 内）
2026-04-29 13:56:29,537 INFO:     70                           PAQ8p    1.00368798    1.00000000   +0.00368798  O3-bolt ≈ O3-bolt-opt（差异在 ±5% 内）
2026-04-29 13:56:29,537 INFO:     71                 Prolangs-C++_NP    1.00188220    1.02391160   -0.02202940  O3-bolt ≈ O3-bolt-opt（差异在 ±5% 内）
2026-04-29 13:56:29,537 INFO:     72             Prolangs-C++_deriv1    1.00176656    1.00143433   +0.00033224  O3-bolt ≈ O3-bolt-opt（差异在 ±5% 内）
2026-04-29 13:56:29,537 INFO:     73             Prolangs-C++_deriv2    1.00173116    1.00784409   -0.00611293  O3-bolt ≈ O3-bolt-opt（差异在 ±5% 内）
2026-04-29 13:56:29,538 INFO:     74             Prolangs-C++_employ    1.00131333    1.01038063   -0.00906730  O3-bolt ≈ O3-bolt-opt（差异在 ±5% 内）
2026-04-29 13:56:29,538 INFO:     75                Prolangs-C++_fsm    1.00181341    1.00829017   -0.00647676  O3-bolt ≈ O3-bolt-opt（差异在 ±5% 内）
2026-04-29 13:56:29,538 INFO:     76             Prolangs-C++_garage    1.00182676    1.00928879   -0.00746202  O3-bolt ≈ O3-bolt-opt（差异在 ±5% 内）
2026-04-29 13:56:29,538 INFO:     77               Prolangs-C++_life    1.00248754    1.02857149   -0.02608395  O3-bolt ≈ O3-bolt-opt（差异在 ±5% 内）
2026-04-29 13:56:29,538 INFO:     78            Prolangs-C++_objects    1.00184894    1.01456666   -0.01271772  O3-bolt ≈ O3-bolt-opt（差异在 ±5% 内）
2026-04-29 13:56:29,538 INFO:     79              Prolangs-C++_ocean    1.00159442    0.99203819   +0.00955623  O3-bolt ≈ O3-bolt-opt（差异在 ±5% 内）
2026-04-29 13:56:29,538 INFO:     80             Prolangs-C++_office    1.00166476    0.99761540   +0.00404936  O3-bolt ≈ O3-bolt-opt（差异在 ±5% 内）
2026-04-29 13:56:29,538 INFO:     81             Prolangs-C++_primes    1.00223553    0.95205480   +0.05018073  O3-bolt ≈ O3-bolt-opt（差异在 ±5% 内）
2026-04-29 13:56:29,538 INFO:     82             Prolangs-C++_shapes    1.00175869    1.00086033   +0.00089836  O3-bolt ≈ O3-bolt-opt（差异在 ±5% 内）
2026-04-29 13:56:29,538 INFO:     83              Prolangs-C++_simul    1.00135112    0.99266934   +0.00868177  O3-bolt ≈ O3-bolt-opt（差异在 ±5% 内）
2026-04-29 13:56:29,539 INFO:     84              Prolangs-C++_trees    1.00178874    1.02625501   -0.02446628  O3-bolt ≈ O3-bolt-opt（差异在 ±5% 内）
2026-04-29 13:56:29,539 INFO:     85         Prolangs-C_TimberWolfMC    1.00283766    1.01745570   -0.01461804  O3-bolt ≈ O3-bolt-opt（差异在 ±5% 内）
2026-04-29 13:56:29,539 INFO:     86                Prolangs-C_agrep    1.00123382    1.03104591   -0.02981210  O3-bolt ≈ O3-bolt-opt（差异在 ±5% 内）
2026-04-29 13:56:29,539 INFO:     87             Prolangs-C_allroots    1.00269914    1.01275063   -0.01005149  O3-bolt ≈ O3-bolt-opt（差异在 ±5% 内）
2026-04-29 13:56:29,539 INFO:     88        Prolangs-C_archie-client    1.00205004    1.01161587   -0.00956583  O3-bolt ≈ O3-bolt-opt（差异在 ±5% 内）
2026-04-29 13:56:29,539 INFO:     89                Prolangs-C_bison    1.00113130    0.99333072   +0.00780058  O3-bolt ≈ O3-bolt-opt（差异在 ±5% 内）
2026-04-29 13:56:29,539 INFO:     90                Prolangs-C_cdecl    1.00144362    1.01328838   -0.01184475  O3-bolt ≈ O3-bolt-opt（差异在 ±5% 内）
2026-04-29 13:56:29,540 INFO:     91             Prolangs-C_football    1.00205886    1.02120066   -0.01914179  O3-bolt ≈ O3-bolt-opt（差异在 ±5% 内）
2026-04-29 13:56:29,540 INFO:     92                Prolangs-C_gnugo    0.99884593    1.01735532   -0.01850939  O3-bolt ≈ O3-bolt-opt（差异在 ±5% 内）
2026-04-29 13:56:29,540 INFO:     93           Prolangs-C_unix-smail    1.00198352    1.00617516   -0.00419164  O3-bolt ≈ O3-bolt-opt（差异在 ±5% 内）
2026-04-29 13:56:29,540 INFO:     94             Prolangs-C_unix-tbl    1.00216091    1.01707256   -0.01491165  O3-bolt ≈ O3-bolt-opt（差异在 ±5% 内）
2026-04-29 13:56:29,540 INFO:     95                 Ptrdist_anagram    1.00477910    0.98333335   +0.02144575  O3-bolt ≈ O3-bolt-opt（差异在 ±5% 内）
2026-04-29 13:56:29,540 INFO:     96                      Ptrdist_bc    1.00636768    0.91612905   +0.09023863  O3-bolt ≈ O3-bolt-opt（差异在 ±5% 内）
2026-04-29 13:56:29,540 INFO:     97                      Ptrdist_ft    1.00274241    1.01999998   -0.01725757  O3-bolt ≈ O3-bolt-opt（差异在 ±5% 内）
2026-04-29 13:56:29,540 INFO:     98                      Ptrdist_ks    1.00027978    0.85074627   +0.14953351  O3-bolt ≈ O3-bolt-opt（差异在 ±5% 内）
2026-04-29 13:56:29,541 INFO:     99                   Ptrdist_yacr2    1.00356829    1.08333337   -0.07976508  O3-bolt ≈ O3-bolt-opt（差异在 ±5% 内）
2026-04-29 13:56:29,541 INFO:    100                Rodinia_backprop    1.00556052    1.00000000   +0.00556052  O3-bolt ≈ O3-bolt-opt（差异在 ±5% 内）
2026-04-29 13:56:29,541 INFO:    101                 Rodinia_hotspot    1.00011897    1.00389099   -0.00377202  O3-bolt ≈ O3-bolt-opt（差异在 ±5% 内）
2026-04-29 13:56:29,541 INFO:    102              Rodinia_pathfinder    1.00601780    1.00000000   +0.00601780  O3-bolt ≈ O3-bolt-opt（差异在 ±5% 内）
2026-04-29 13:56:29,541 INFO:    103                    Rodinia_srad    1.00491631    1.01098907   -0.00607276  O3-bolt ≈ O3-bolt-opt（差异在 ±5% 内）
2026-04-29 13:56:29,541 INFO:    104                      SciMark2-C    1.00169802    1.00000000   +0.00169802  O3-bolt ≈ O3-bolt-opt（差异在 ±5% 内）
2026-04-29 13:56:29,541 INFO:    105            TSVC_ControlFlow-dbl    1.00135899    1.00000000   +0.00135899  O3-bolt ≈ O3-bolt-opt（差异在 ±5% 内）
2026-04-29 13:56:29,541 INFO:    106            TSVC_ControlFlow-flt    1.00123405    1.06666672   -0.06543267  O3-bolt ≈ O3-bolt-opt（差异在 ±5% 内）
2026-04-29 13:56:29,541 INFO:    107           TSVC_ControlLoops-dbl    0.99978924    1.00000000   -0.00021076  O3-bolt ≈ O3-bolt-opt（差异在 ±5% 内）
2026-04-29 13:56:29,541 INFO:    108           TSVC_ControlLoops-flt    1.00004125    1.00000000   +0.00004125  O3-bolt ≈ O3-bolt-opt（差异在 ±5% 内）
2026-04-29 13:56:29,541 INFO:    109     TSVC_CrossingThresholds-dbl    1.00144958    1.00000000   +0.00144958  O3-bolt ≈ O3-bolt-opt（差异在 ±5% 内）
2026-04-29 13:56:29,542 INFO:    110     TSVC_CrossingThresholds-flt    1.00154841    1.00000000   +0.00154841  O3-bolt ≈ O3-bolt-opt（差异在 ±5% 内）
2026-04-29 13:56:29,542 INFO:    111          TSVC_Equivalencing-dbl    1.00047612    1.00000000   +0.00047612  O3-bolt ≈ O3-bolt-opt（差异在 ±5% 内）
2026-04-29 13:56:29,542 INFO:    112          TSVC_Equivalencing-flt    1.00046885    1.01282048   -0.01235163  O3-bolt ≈ O3-bolt-opt（差异在 ±5% 内）
2026-04-29 13:56:29,542 INFO:    113              TSVC_Expansion-dbl    1.00083709    1.00000000   +0.00083709  O3-bolt ≈ O3-bolt-opt（差异在 ±5% 内）
2026-04-29 13:56:29,542 INFO:    114              TSVC_Expansion-flt    1.00077307    1.03846157   -0.03768849  O3-bolt ≈ O3-bolt-opt（差异在 ±5% 内）
2026-04-29 13:56:29,542 INFO:    115         TSVC_GlobalDataFlow-dbl    1.00052500    1.00000000   +0.00052500  O3-bolt ≈ O3-bolt-opt（差异在 ±5% 内）
2026-04-29 13:56:29,542 INFO:    116         TSVC_GlobalDataFlow-flt    0.99986047    1.00000000   -0.00013953  O3-bolt ≈ O3-bolt-opt（差异在 ±5% 内）
2026-04-29 13:56:29,542 INFO:    117     TSVC_IndirectAddressing-dbl    1.00129330    0.92307693   +0.07821637  O3-bolt ≈ O3-bolt-opt（差异在 ±5% 内）
2026-04-29 13:56:29,542 INFO:    118     TSVC_IndirectAddressing-flt    1.00140333    0.92307693   +0.07832640  O3-bolt ≈ O3-bolt-opt（差异在 ±5% 内）
2026-04-29 13:56:29,542 INFO:    119      TSVC_InductionVariable-dbl    1.00130069    1.09090912   -0.08960843  O3-bolt ≈ O3-bolt-opt（差异在 ±5% 内）
2026-04-29 13:56:29,542 INFO:    120      TSVC_InductionVariable-flt    1.00100327    1.00000000   +0.00100327  O3-bolt ≈ O3-bolt-opt（差异在 ±5% 内）
2026-04-29 13:56:29,543 INFO:    121       TSVC_LinearDependence-dbl    1.00116980    1.00000000   +0.00116980  O3-bolt ≈ O3-bolt-opt（差异在 ±5% 内）
2026-04-29 13:56:29,543 INFO:    122       TSVC_LinearDependence-flt    1.00050080    0.93103451   +0.06946629  O3-bolt ≈ O3-bolt-opt（差异在 ±5% 内）
2026-04-29 13:56:29,543 INFO:    123          TSVC_LoopRerolling-dbl    1.00133181    1.00000000   +0.00133181  O3-bolt ≈ O3-bolt-opt（差异在 ±5% 内）
2026-04-29 13:56:29,543 INFO:    124          TSVC_LoopRerolling-flt    1.00142217    1.00000000   +0.00142217  O3-bolt ≈ O3-bolt-opt（差异在 ±5% 内）
2026-04-29 13:56:29,543 INFO:    125      TSVC_LoopRestructuring-dbl    1.00080431    1.00000000   +0.00080431  O3-bolt ≈ O3-bolt-opt（差异在 ±5% 内）
2026-04-29 13:56:29,543 INFO:    126      TSVC_LoopRestructuring-flt    1.00059640    1.00000000   +0.00059640  O3-bolt ≈ O3-bolt-opt（差异在 ±5% 内）
2026-04-29 13:56:29,543 INFO:    127          TSVC_NodeSplitting-dbl    1.00084448    0.92307693   +0.07776755  O3-bolt ≈ O3-bolt-opt（差异在 ±5% 内）
2026-04-29 13:56:29,543 INFO:    128          TSVC_NodeSplitting-flt    1.00096190    1.06666672   -0.06570482  O3-bolt ≈ O3-bolt-opt（差异在 ±5% 内）
2026-04-29 13:56:29,543 INFO:    129                TSVC_Packing-dbl    1.00147605    1.27272725   -0.27125120  O3-bolt ≈ O3-bolt-opt（差异在 ±5% 内）
2026-04-29 13:56:29,543 INFO:    130                TSVC_Packing-flt    1.00160277    1.25000000   -0.24839723  O3-bolt ≈ O3-bolt-opt（差异在 ±5% 内）
2026-04-29 13:56:29,544 INFO:    131            TSVC_Recurrences-dbl    1.00003636    1.00000000   +0.00003636  O3-bolt ≈ O3-bolt-opt（差异在 ±5% 内）
2026-04-29 13:56:29,544 INFO:    132            TSVC_Recurrences-flt    0.99963403    1.00000000   -0.00036597  O3-bolt ≈ O3-bolt-opt（差异在 ±5% 内）
2026-04-29 13:56:29,544 INFO:    133             TSVC_Reductions-dbl    1.00124454    1.00000000   +0.00124454  O3-bolt ≈ O3-bolt-opt（差异在 ±5% 内）
2026-04-29 13:56:29,544 INFO:    134             TSVC_Reductions-flt    1.00129128    1.00000000   +0.00129128  O3-bolt ≈ O3-bolt-opt（差异在 ±5% 内）
2026-04-29 13:56:29,544 INFO:    135              TSVC_Searching-dbl    1.00166965    1.00000000   +0.00166965  O3-bolt ≈ O3-bolt-opt（差异在 ±5% 内）
2026-04-29 13:56:29,544 INFO:    136              TSVC_Searching-flt    1.00142300    1.00000000   +0.00142300  O3-bolt ≈ O3-bolt-opt（差异在 ±5% 内）
2026-04-29 13:56:29,544 INFO:    137    TSVC_StatementReordering-dbl    1.00096071    1.00000000   +0.00096071  O3-bolt ≈ O3-bolt-opt（差异在 ±5% 内）
2026-04-29 13:56:29,544 INFO:    138    TSVC_StatementReordering-flt    1.00098968    1.00000000   +0.00098968  O3-bolt ≈ O3-bolt-opt（差异在 ±5% 内）
2026-04-29 13:56:29,544 INFO:    139              TSVC_Symbolics-dbl    1.00139058    0.94736844   +0.05402213  O3-bolt ≈ O3-bolt-opt（差异在 ±5% 内）
2026-04-29 13:56:29,544 INFO:    140              TSVC_Symbolics-flt    1.00120950    0.91891891   +0.08229059  O3-bolt ≈ O3-bolt-opt（差异在 ±5% 内）
2026-04-29 13:56:29,545 INFO:    141               Trimaran_enc-3des    1.00230801    1.04347825   -0.04117024  O3-bolt ≈ O3-bolt-opt（差异在 ±5% 内）
2026-04-29 13:56:29,545 INFO:    142                Trimaran_enc-md5    1.00182414    1.00000000   +0.00182414  O3-bolt ≈ O3-bolt-opt（差异在 ±5% 内）
2026-04-29 13:56:29,545 INFO:    143                Trimaran_enc-pc1    1.00215745    1.00000000   +0.00215745  O3-bolt ≈ O3-bolt-opt（差异在 ±5% 内）
2026-04-29 13:56:29,545 INFO:    144                Trimaran_enc-rc4    1.00181067    1.00000000   +0.00181067  O3-bolt ≈ O3-bolt-opt（差异在 ±5% 内）
2026-04-29 13:56:29,545 INFO:    145           Trimaran_netbench-crc    1.00165904    1.00000000   +0.00165904  O3-bolt ≈ O3-bolt-opt（差异在 ±5% 内）
2026-04-29 13:56:29,545 INFO:    146           Trimaran_netbench-url    1.00199449    1.00000000   +0.00199449  O3-bolt ≈ O3-bolt-opt（差异在 ±5% 内）
2026-04-29 13:56:29,545 INFO:    147                VersaBench_8b10b    1.00494361    0.88888890   +0.11605471  O3-bolt ≈ O3-bolt-opt（差异在 ±5% 内）
2026-04-29 13:56:29,545 INFO:    148           VersaBench_beamformer    1.00104499    1.00000000   +0.00104499  O3-bolt ≈ O3-bolt-opt（差异在 ±5% 内）
2026-04-29 13:56:29,545 INFO:    149                  VersaBench_bmm    1.00163209    1.00000000   +0.00163209  O3-bolt ≈ O3-bolt-opt（差异在 ±5% 内）
2026-04-29 13:56:29,545 INFO:    150                 VersaBench_dbms    1.00255191    1.00000000   +0.00255191  O3-bolt ≈ O3-bolt-opt（差异在 ±5% 内）
2026-04-29 13:56:29,546 INFO:    151               VersaBench_ecbdes    1.00271940    1.00000000   +0.00271940  O3-bolt ≈ O3-bolt-opt（差异在 ±5% 内）
2026-04-29 13:56:29,546 INFO:    152                    llubenchmark    1.00160813    1.00000000   +0.00160813  O3-bolt ≈ O3-bolt-opt（差异在 ±5% 内）
2026-04-29 13:56:29,546 INFO:    153                           mafft    1.00120878    1.00000000   +0.00120878  O3-bolt ≈ O3-bolt-opt（差异在 ±5% 内）
2026-04-29 13:56:29,546 INFO:    154      mediabench_adpcm_rawcaudio    1.00145400    1.00704527   -0.00559127  O3-bolt ≈ O3-bolt-opt（差异在 ±5% 内）
2026-04-29 13:56:29,546 INFO:    155      mediabench_adpcm_rawdaudio    1.00160062    1.01659405   -0.01499343  O3-bolt ≈ O3-bolt-opt（差异在 ±5% 内）
2026-04-29 13:56:29,546 INFO:    156      mediabench_g721_g721encode    1.00084531    0.99612403   +0.00472128  O3-bolt ≈ O3-bolt-opt（差异在 ±5% 内）
2026-04-29 13:56:29,546 INFO:    157            mediabench_gsm_toast    1.00193465    0.99899191   +0.00294274  O3-bolt ≈ O3-bolt-opt（差异在 ±5% 内）
2026-04-29 13:56:29,546 INFO:    158         mediabench_jpeg_jpeg-6a    1.00130665    1.01964355   -0.01833689  O3-bolt ≈ O3-bolt-opt（差异在 ±5% 内）
2026-04-29 13:56:29,546 INFO:    159       mediabench_mpeg2_mpeg2dec    1.00452387    0.95862961   +0.04589427  O3-bolt ≈ O3-bolt-opt（差异在 ±5% 内）
2026-04-29 13:56:29,546 INFO:    160                          nbench    1.00511014    0.93939394   +0.06571621  O3-bolt ≈ O3-bolt-opt（差异在 ±5% 内）
2026-04-29 13:56:29,546 INFO:    161                      tramp3d-v4    1.00056493    0.99317408   +0.00739086  O3-bolt ≈ O3-bolt-opt（差异在 ±5% 内）
2026-04-29 13:56:29,547 INFO: 
  ── 验证指标 ──
2026-04-29 13:56:29,547 INFO:   MAE  = 0.030772
2026-04-29 13:56:29,547 INFO:   MSE  = 0.007699
2026-04-29 13:56:29,547 INFO:   RMSE = 0.087746
2026-04-29 13:56:29,547 INFO:   方向准确率 = 113/161 (70.2%)
2026-04-29 13:56:29,547 INFO:   预测 O3-bolt 更优: 155/161  (真实: 117/161)
2026-04-29 13:56:29,547 INFO:   方向准确率（排除 ±5%）= 13/29 (44.8%)
2026-04-29 13:56:29,549 INFO:   结构化结果: checkpoints/lstm/fixed_work_best/infer_samples_O3-bolt_vs_O3-bolt-opt.csv
2026-04-29 13:56:29,549 INFO:   摘要结果: checkpoints/lstm/fixed_work_best/infer_summary_O3-bolt_vs_O3-bolt-opt.json
2026-04-29 13:56:29,549 INFO: 
