2026-04-29 13:57:03,366 INFO: 自动选择设备: directml
2026-04-29 13:57:03,366 INFO: 设备: privateuseone:0
2026-04-29 13:57:03,366 INFO: 设备类型: directml
2026-04-29 13:57:03,366 INFO: 日志输出目录: checkpoints/transformer/fixed_time_best
2026-04-29 13:57:03,366 INFO: 从指定配置文件加载: checkpoints/transformer/fixed_time_best/trans_best_time.json
2026-04-29 13:57:03,516 INFO: 模型加载完成: checkpoints/transformer/fixed_time_best/trans_best_time.pt  (设备: privateuseone:0)
2026-04-29 13:57:03,517 INFO: 模型类型: transformer
2026-04-29 13:57:03,517 INFO: 模型参数: {'in_features': 6, 'mlp_hidden': 32, 'dropout': 0.1, 'd_model': 32, 'nhead': 2, 'num_layers': 2, 'dim_feedforward': 64, 'max_len': 512, 'pos_encoding': 'learnable'}
2026-04-29 13:57:03,517 INFO: log-target 模式: 推理时将自动应用 exp() 变换
2026-04-29 13:57:03,517 INFO: pair-swap 训练增强: False（此为训练时数据增强，不影响推理逻辑）
2026-04-29 13:57:03,651 INFO: 已应用 exp() 变换（log-target 模式）
2026-04-29 13:57:03,652 INFO: ========================================================================
2026-04-29 13:57:03,652 INFO: 版本对: O1-g_vs_O3-g  (O1-g vs O3-g)  共 163 个程序
2026-04-29 13:57:03,652 INFO: 标签模式: fixed_time
2026-04-29 13:57:03,652 INFO: 标签定义: Y = N_v1 / N_v2 (throughput ratio in a fixed window)
2026-04-29 13:57:03,652 INFO: 判定方向: Y >= 1 视为 O1-g 更快，Y < 1 视为 O3-g 更快
2026-04-29 13:57:03,652 INFO: 统计口径: 方向准确率按 same-side(Y=1.0) 统计；展示结论仍使用 judge() 的 ±5%% 区间
2026-04-29 13:57:03,652 INFO: ========================================================================
2026-04-29 13:57:03,652 INFO:      #                              程序          预测 Ŷ          真实 Y            误差  判断
2026-04-29 13:57:03,652 INFO:   ------------------------------------------------------------------------------------
2026-04-29 13:57:03,652 INFO:      1                            7zip    0.99341774    1.00000000   -0.00658226  O1-g ≈ O3-g（差异在 ±5% 内）
2026-04-29 13:57:03,652 INFO:      2             ASCI_Purple_SMG2000    0.92190975    0.87500000   +0.04690975  O3-g 优于 O1-g（快 7.8%，加速比 1.08x）
2026-04-29 13:57:03,652 INFO:      3               ASC_Sequoia_AMGmk    0.71332812    0.66666669   +0.04666144  O3-g 优于 O1-g（快 28.7%，加速比 1.40x）
2026-04-29 13:57:03,653 INFO:      4           ASC_Sequoia_CrystalMk    0.87182820    0.92857140   -0.05674320  O3-g 优于 O1-g（快 12.8%，加速比 1.15x）
2026-04-29 13:57:03,653 INFO:      5               ASC_Sequoia_IRSmk    0.96536607    0.66666669   +0.29869938  O1-g ≈ O3-g（差异在 ±5% 内）
2026-04-29 13:57:03,653 INFO:      6                  BitBench_drop3    1.01575983    0.99411762   +0.02164221  O1-g ≈ O3-g（差异在 ±5% 内）
2026-04-29 13:57:03,653 INFO:      7                 BitBench_five11    1.00456142    1.05263162   -0.04807019  O1-g ≈ O3-g（差异在 ±5% 内）
2026-04-29 13:57:03,653 INFO:      8               BitBench_uudecode    0.77510834    0.28747046   +0.48763788  O3-g 优于 O1-g（快 22.5%，加速比 1.29x）
2026-04-29 13:57:03,653 INFO:      9               BitBench_uuencode    1.00434482    0.95510203   +0.04924279  O1-g ≈ O3-g（差异在 ±5% 内）
2026-04-29 13:57:03,653 INFO:     10                          Bullet    1.00306606    0.90909094   +0.09397513  O1-g ≈ O3-g（差异在 ±5% 内）
2026-04-29 13:57:03,653 INFO:     11         DOE-ProxyApps-C++_CLAMR    0.99327844    1.03225803   -0.03897959  O1-g ≈ O3-g（差异在 ±5% 内）
2026-04-29 13:57:03,653 INFO:     12   DOE-ProxyApps-C++_HACCKernels    0.82379782    0.95238096   -0.12858313  O3-g 优于 O1-g（快 17.6%，加速比 1.21x）
2026-04-29 13:57:03,654 INFO:     13         DOE-ProxyApps-C++_HPCCG    0.84938860    1.00000000   -0.15061140  O3-g 优于 O1-g（快 15.1%，加速比 1.18x）
2026-04-29 13:57:03,654 INFO:     14       DOE-ProxyApps-C++_PENNANT    0.99994022    0.89285713   +0.10708308  O1-g ≈ O3-g（差异在 ±5% 内）
2026-04-29 13:57:03,654 INFO:     15        DOE-ProxyApps-C++_miniFE    0.88598835    0.91666669   -0.03067833  O3-g 优于 O1-g（快 11.4%，加速比 1.13x）
2026-04-29 13:57:03,654 INFO:     16            DOE-ProxyApps-C_CoMD    0.98135304    0.95652175   +0.02483130  O1-g ≈ O3-g（差异在 ±5% 内）
2026-04-29 13:57:03,654 INFO:     17      DOE-ProxyApps-C_Pathfinder    0.99015599    1.00000000   -0.00984401  O1-g ≈ O3-g（差异在 ±5% 内）
2026-04-29 13:57:03,654 INFO:     18         DOE-ProxyApps-C_RSBench    0.98113883    0.99248123   -0.01134241  O1-g ≈ O3-g（差异在 ±5% 内）
2026-04-29 13:57:03,654 INFO:     19       DOE-ProxyApps-C_SimpleMOC    0.92157447    0.78125000   +0.14032447  O3-g 优于 O1-g（快 7.8%，加速比 1.09x）
2026-04-29 13:57:03,654 INFO:     20         DOE-ProxyApps-C_XSBench    0.99314994    0.93333334   +0.05981660  O1-g ≈ O3-g（差异在 ±5% 内）
2026-04-29 13:57:03,654 INFO:     21         DOE-ProxyApps-C_miniAMR    0.99587029    0.91379309   +0.08207721  O1-g ≈ O3-g（差异在 ±5% 内）
2026-04-29 13:57:03,654 INFO:     22         DOE-ProxyApps-C_miniGMG    0.98668408    0.90476191   +0.08192217  O1-g ≈ O3-g（差异在 ±5% 内）
2026-04-29 13:57:03,654 INFO:     23                     Fhourstones    0.96954268    0.94545454   +0.02408814  O1-g ≈ O3-g（差异在 ±5% 内）
2026-04-29 13:57:03,655 INFO:     24                 Fhourstones-3.1    1.02300847    1.00000000   +0.02300847  O1-g ≈ O3-g（差异在 ±5% 内）
2026-04-29 13:57:03,655 INFO:     25              FreeBench_analyzer    0.99849498    0.97503120   +0.02346379  O1-g ≈ O3-g（差异在 ±5% 内）
2026-04-29 13:57:03,655 INFO:     26               FreeBench_distray    0.98906070    0.93877554   +0.05028516  O1-g ≈ O3-g（差异在 ±5% 内）
2026-04-29 13:57:03,655 INFO:     27            FreeBench_fourinarow    0.76967508    1.28571427   -0.51603919  O3-g 优于 O1-g（快 23.0%，加速比 1.30x）
2026-04-29 13:57:03,655 INFO:     28                 FreeBench_mason    0.98594105    1.08171201   -0.09577096  O1-g ≈ O3-g（差异在 ±5% 内）
2026-04-29 13:57:03,655 INFO:     29                FreeBench_neural    0.96157980    1.00268817   -0.04110837  O1-g ≈ O3-g（差异在 ±5% 内）
2026-04-29 13:57:03,655 INFO:     30            FreeBench_pcompress2    0.99556959    0.96084338   +0.03472620  O1-g ≈ O3-g（差异在 ±5% 内）
2026-04-29 13:57:03,655 INFO:     31                 FreeBench_pifft    1.00101447    0.92307693   +0.07793754  O1-g ≈ O3-g（差异在 ±5% 内）
2026-04-29 13:57:03,655 INFO:     32               MallocBench_cfrac    1.00298274    0.98113209   +0.02185065  O1-g ≈ O3-g（差异在 ±5% 内）
2026-04-29 13:57:03,656 INFO:     33            MallocBench_espresso    0.98819405    0.97391301   +0.01428103  O1-g ≈ O3-g（差异在 ±5% 内）
2026-04-29 13:57:03,656 INFO:     34                  MallocBench_gs    1.00334454    1.15406764   -0.15072310  O1-g ≈ O3-g（差异在 ±5% 内）
2026-04-29 13:57:03,656 INFO:     35                 McCat_01-qbsort    1.00059021    1.03245747   -0.03186727  O1-g ≈ O3-g（差异在 ±5% 内）
2026-04-29 13:57:03,656 INFO:     36               McCat_03-testtrie    0.99460161    0.99137932   +0.00322229  O1-g ≈ O3-g（差异在 ±5% 内）
2026-04-29 13:57:03,656 INFO:     37                 McCat_04-bisect    0.98284096    0.91586995   +0.06697100  O1-g ≈ O3-g（差异在 ±5% 内）
2026-04-29 13:57:03,656 INFO:     38                   McCat_08-main    1.00623941    1.01509428   -0.00885487  O1-g ≈ O3-g（差异在 ±5% 内）
2026-04-29 13:57:03,656 INFO:     39                    McCat_09-vor    0.99353290    0.98947370   +0.00405920  O1-g ≈ O3-g（差异在 ±5% 内）
2026-04-29 13:57:03,656 INFO:     40                 McCat_12-IOtest    0.99227047    1.00680268   -0.01453221  O1-g ≈ O3-g（差异在 ±5% 内）
2026-04-29 13:57:03,656 INFO:     41                   McCat_15-trie    1.00643170    1.00274479   +0.00368690  O1-g ≈ O3-g（差异在 ±5% 内）
2026-04-29 13:57:03,656 INFO:     42                  McCat_17-bintr    0.99758983    1.00000000   -0.00241017  O1-g ≈ O3-g（差异在 ±5% 内）
2026-04-29 13:57:03,656 INFO:     43                    McCat_18-imp    1.00509334    0.98770952   +0.01738381  O1-g ≈ O3-g（差异在 ±5% 内）
2026-04-29 13:57:03,657 INFO:     44    MiBench_automotive-basicmath    1.00935578    1.00000000   +0.00935578  O1-g ≈ O3-g（差异在 ±5% 内）
2026-04-29 13:57:03,657 INFO:     45     MiBench_automotive-bitcount    0.98040217    0.95950156   +0.02090061  O1-g ≈ O3-g（差异在 ±5% 内）
2026-04-29 13:57:03,657 INFO:     46        MiBench_automotive-susan    0.99132860    0.99555558   -0.00422698  O1-g ≈ O3-g（差异在 ±5% 内）
2026-04-29 13:57:03,657 INFO:     47           MiBench_consumer-jpeg    0.99366462    0.87112343   +0.12254119  O1-g ≈ O3-g（差异在 ±5% 内）
2026-04-29 13:57:03,657 INFO:     48           MiBench_consumer-lame    0.96623200    0.89939022   +0.06684178  O1-g ≈ O3-g（差异在 ±5% 内）
2026-04-29 13:57:03,657 INFO:     49        MiBench_consumer-typeset    1.01473308    0.99158585   +0.02314723  O1-g ≈ O3-g（差异在 ±5% 内）
2026-04-29 13:57:03,657 INFO:     50        MiBench_network-dijkstra    0.99065328    1.00082171   -0.01016843  O1-g ≈ O3-g（差异在 ±5% 内）
2026-04-29 13:57:03,657 INFO:     51        MiBench_network-patricia    1.00586665    1.00000000   +0.00586665  O1-g ≈ O3-g（差异在 ±5% 内）
2026-04-29 13:57:03,657 INFO:     52           MiBench_office-ispell    1.01632679    1.01087904   +0.00544775  O1-g ≈ O3-g（差异在 ±5% 内）
2026-04-29 13:57:03,658 INFO:     53     MiBench_office-stringsearch    0.98104417    0.95483136   +0.02621281  O1-g ≈ O3-g（差异在 ±5% 内）
2026-04-29 13:57:03,658 INFO:     54       MiBench_security-blowfish    1.01620173    0.98434114   +0.03186059  O1-g ≈ O3-g（差异在 ±5% 内）
2026-04-29 13:57:03,658 INFO:     55       MiBench_security-rijndael    1.00085807    0.93795377   +0.06290430  O1-g ≈ O3-g（差异在 ±5% 内）
2026-04-29 13:57:03,658 INFO:     56            MiBench_security-sha    0.99704909    0.74435848   +0.25269061  O1-g ≈ O3-g（差异在 ±5% 内）
2026-04-29 13:57:03,658 INFO:     57          MiBench_telecomm-CRC32    0.99314290    0.99772727   -0.00458437  O1-g ≈ O3-g（差异在 ±5% 内）
2026-04-29 13:57:03,658 INFO:     58            MiBench_telecomm-FFT    0.99604154    0.99155796   +0.00448358  O1-g ≈ O3-g（差异在 ±5% 内）
2026-04-29 13:57:03,658 INFO:     59          MiBench_telecomm-adpcm    0.99601406    1.00485432   -0.00884026  O1-g ≈ O3-g（差异在 ±5% 内）
2026-04-29 13:57:03,658 INFO:     60            MiBench_telecomm-gsm    0.94384307    0.86778843   +0.07605463  O3-g 优于 O1-g（快 5.6%，加速比 1.06x）
2026-04-29 13:57:03,658 INFO:     61                   NPB-serial_is    0.96001047    1.00000000   -0.03998953  O1-g ≈ O3-g（差异在 ±5% 内）
2026-04-29 13:57:03,658 INFO:     62                        Olden_bh    0.97163022    1.21875000   -0.24711978  O1-g ≈ O3-g（差异在 ±5% 内）
2026-04-29 13:57:03,659 INFO:     63                    Olden_bisort    0.98423076    0.98888886   -0.00465810  O1-g ≈ O3-g（差异在 ±5% 内）
2026-04-29 13:57:03,659 INFO:     64                      Olden_em3d    0.98716444    1.00000000   -0.01283556  O1-g ≈ O3-g（差异在 ±5% 内）
2026-04-29 13:57:03,659 INFO:     65                    Olden_health    0.97646093    0.96174866   +0.01471227  O1-g ≈ O3-g（差异在 ±5% 内）
2026-04-29 13:57:03,659 INFO:     66                       Olden_mst    1.00251722    1.01408446   -0.01156723  O1-g ≈ O3-g（差异在 ±5% 内）
2026-04-29 13:57:03,659 INFO:     67                 Olden_perimeter    1.00020623    0.94144142   +0.05876482  O1-g ≈ O3-g（差异在 ±5% 内）
2026-04-29 13:57:03,659 INFO:     68                     Olden_power    0.91783100    0.75000000   +0.16783100  O3-g 优于 O1-g（快 8.2%，加速比 1.09x）
2026-04-29 13:57:03,659 INFO:     69                   Olden_treeadd    1.00319374    0.99509805   +0.00809568  O1-g ≈ O3-g（差异在 ±5% 内）
2026-04-29 13:57:03,659 INFO:     70                       Olden_tsp    0.99671137    0.95402300   +0.04268837  O1-g ≈ O3-g（差异在 ±5% 内）
2026-04-29 13:57:03,659 INFO:     71                   Olden_voronoi    0.99615276    0.98787880   +0.00827396  O1-g ≈ O3-g（差异在 ±5% 内）
2026-04-29 13:57:03,659 INFO:     72                 Prolangs-C++_NP    1.01175761    0.99894428   +0.01281333  O1-g ≈ O3-g（差异在 ±5% 内）
2026-04-29 13:57:03,659 INFO:     73             Prolangs-C++_deriv1    1.01295388    0.99585509   +0.01709878  O1-g ≈ O3-g（差异在 ±5% 内）
2026-04-29 13:57:03,660 INFO:     74             Prolangs-C++_deriv2    1.01286387    1.01316845   -0.00030458  O1-g ≈ O3-g（差异在 ±5% 内）
2026-04-29 13:57:03,660 INFO:     75             Prolangs-C++_employ    1.00319636    1.00136423   +0.00183213  O1-g ≈ O3-g（差异在 ±5% 内）
2026-04-29 13:57:03,660 INFO:     76                Prolangs-C++_fsm    1.01275241    1.01510620   -0.00235379  O1-g ≈ O3-g（差异在 ±5% 内）
2026-04-29 13:57:03,660 INFO:     77             Prolangs-C++_garage    1.01356077    0.99168032   +0.02188045  O1-g ≈ O3-g（差异在 ±5% 内）
2026-04-29 13:57:03,660 INFO:     78               Prolangs-C++_life    1.00046802    0.97222221   +0.02824581  O1-g ≈ O3-g（差异在 ±5% 内）
2026-04-29 13:57:03,660 INFO:     79            Prolangs-C++_objects    1.01253724    1.00194526   +0.01059198  O1-g ≈ O3-g（差异在 ±5% 内）
2026-04-29 13:57:03,660 INFO:     80              Prolangs-C++_ocean    1.00660813    1.00159490   +0.00501323  O1-g ≈ O3-g（差异在 ±5% 内）
2026-04-29 13:57:03,660 INFO:     81             Prolangs-C++_office    1.01305616    1.01277828   +0.00027788  O1-g ≈ O3-g（差异在 ±5% 内）
2026-04-29 13:57:03,660 INFO:     82             Prolangs-C++_primes    0.68160027    0.45652175   +0.22507852  O3-g 优于 O1-g（快 31.8%，加速比 1.47x）
2026-04-29 13:57:03,660 INFO:     83             Prolangs-C++_shapes    1.01227522    1.00199425   +0.01028097  O1-g ≈ O3-g（差异在 ±5% 内）
2026-04-29 13:57:03,660 INFO:     84              Prolangs-C++_simul    1.00678170    0.90586931   +0.10091239  O1-g ≈ O3-g（差异在 ±5% 内）
2026-04-29 13:57:03,661 INFO:     85              Prolangs-C++_trees    1.01019192    1.00201046   +0.00818145  O1-g ≈ O3-g（差异在 ±5% 内）
2026-04-29 13:57:03,661 INFO:     86         Prolangs-C_TimberWolfMC    1.01716483    0.97721088   +0.03995395  O1-g ≈ O3-g（差异在 ±5% 内）
2026-04-29 13:57:03,661 INFO:     87        Prolangs-C_archie-client    1.01558828    1.00627613   +0.00931215  O1-g ≈ O3-g（差异在 ±5% 内）
2026-04-29 13:57:03,661 INFO:     88            Prolangs-C_assembler    1.01586127    1.01347923   +0.00238204  O1-g ≈ O3-g（差异在 ±5% 内）
2026-04-29 13:57:03,661 INFO:     89                Prolangs-C_bison    0.99431580    0.99442405   -0.00010824  O1-g ≈ O3-g（差异在 ±5% 内）
2026-04-29 13:57:03,661 INFO:     90                Prolangs-C_cdecl    1.01427913    1.02129173   -0.00701261  O1-g ≈ O3-g（差异在 ±5% 内）
2026-04-29 13:57:03,661 INFO:     91             Prolangs-C_compiler    1.01669669    1.01307702   +0.00361967  O1-g ≈ O3-g（差异在 ±5% 内）
2026-04-29 13:57:03,661 INFO:     92            Prolangs-C_fixoutput    1.01515353    1.00669038   +0.00846314  O1-g ≈ O3-g（差异在 ±5% 内）
2026-04-29 13:57:03,661 INFO:     93             Prolangs-C_football    1.01594353    1.01447296   +0.00147057  O1-g ≈ O3-g（差异在 ±5% 内）
2026-04-29 13:57:03,662 INFO:     94                Prolangs-C_gnugo    0.98158425    0.95857024   +0.02301401  O1-g ≈ O3-g（差异在 ±5% 内）
2026-04-29 13:57:03,662 INFO:     95               Prolangs-C_loader    1.01712441    1.02619088   -0.00906646  O1-g ≈ O3-g（差异在 ±5% 内）
2026-04-29 13:57:03,662 INFO:     96            Prolangs-C_simulator    1.01572061    0.99519402   +0.02052659  O1-g ≈ O3-g（差异在 ±5% 内）
2026-04-29 13:57:03,662 INFO:     97                 Ptrdist_anagram    0.97797084    0.96610171   +0.01186913  O1-g ≈ O3-g（差异在 ±5% 内）
2026-04-29 13:57:03,662 INFO:     98                      Ptrdist_bc    1.00237632    1.00000000   +0.00237632  O1-g ≈ O3-g（差异在 ±5% 内）
2026-04-29 13:57:03,662 INFO:     99                      Ptrdist_ft    0.69552618    0.74000001   -0.04447383  O3-g 优于 O1-g（快 30.4%，加速比 1.44x）
2026-04-29 13:57:03,662 INFO:    100                      Ptrdist_ks    1.00931561    0.94736844   +0.06194717  O1-g ≈ O3-g（差异在 ±5% 内）
2026-04-29 13:57:03,662 INFO:    101                   Ptrdist_yacr2    1.00436783    0.89743590   +0.10693192  O1-g ≈ O3-g（差异在 ±5% 内）
2026-04-29 13:57:03,662 INFO:    102                Rodinia_backprop    0.92479873    0.98571426   -0.06091553  O3-g 优于 O1-g（快 7.5%，加速比 1.08x）
2026-04-29 13:57:03,662 INFO:    103                 Rodinia_hotspot    0.97694999    0.56420231   +0.41274768  O1-g ≈ O3-g（差异在 ±5% 内）
2026-04-29 13:57:03,663 INFO:    104              Rodinia_pathfinder    0.99087900    0.91208792   +0.07879108  O1-g ≈ O3-g（差异在 ±5% 内）
2026-04-29 13:57:03,663 INFO:    105                    Rodinia_srad    0.83426887    0.55434781   +0.27992105  O3-g 优于 O1-g（快 16.6%，加速比 1.20x）
2026-04-29 13:57:03,663 INFO:    106                      SciMark2-C    0.89295918    1.00000000   -0.10704082  O3-g 优于 O1-g（快 10.7%，加速比 1.12x）
2026-04-29 13:57:03,663 INFO:    107            TSVC_ControlFlow-dbl    0.90341526    0.85714287   +0.04627240  O3-g 优于 O1-g（快 9.7%，加速比 1.11x）
2026-04-29 13:57:03,663 INFO:    108            TSVC_ControlFlow-flt    0.91342556    0.81250000   +0.10092556  O3-g 优于 O1-g（快 8.7%，加速比 1.09x）
2026-04-29 13:57:03,663 INFO:    109           TSVC_ControlLoops-dbl    0.70934677    0.76923078   -0.05988401  O3-g 优于 O1-g（快 29.1%，加速比 1.41x）
2026-04-29 13:57:03,663 INFO:    110           TSVC_ControlLoops-flt    0.81425351    0.50000000   +0.31425351  O3-g 优于 O1-g（快 18.6%，加速比 1.23x）
2026-04-29 13:57:03,663 INFO:    111     TSVC_CrossingThresholds-dbl    0.81279355    0.73333335   +0.07946020  O3-g 优于 O1-g（快 18.7%，加速比 1.23x）
2026-04-29 13:57:03,663 INFO:    112     TSVC_CrossingThresholds-flt    0.82552993    0.68181819   +0.14371175  O3-g 优于 O1-g（快 17.4%，加速比 1.21x）
2026-04-29 13:57:03,664 INFO:    113          TSVC_Equivalencing-dbl    0.70035636    0.65714288   +0.04321349  O3-g 优于 O1-g（快 30.0%，加速比 1.43x）
2026-04-29 13:57:03,664 INFO:    114          TSVC_Equivalencing-flt    0.70822072    0.28205130   +0.42616943  O3-g 优于 O1-g（快 29.2%，加速比 1.41x）
2026-04-29 13:57:03,664 INFO:    115              TSVC_Expansion-dbl    0.89013863    0.75000000   +0.14013863  O3-g 优于 O1-g（快 11.0%，加速比 1.12x）
2026-04-29 13:57:03,664 INFO:    116              TSVC_Expansion-flt    0.93472707    0.55555558   +0.37917149  O3-g 优于 O1-g（快 6.5%，加速比 1.07x）
2026-04-29 13:57:03,664 INFO:    117         TSVC_GlobalDataFlow-dbl    0.74939519    0.72222221   +0.02717298  O3-g 优于 O1-g（快 25.1%，加速比 1.33x）
2026-04-29 13:57:03,664 INFO:    118         TSVC_GlobalDataFlow-flt    0.75476706    0.44736841   +0.30739865  O3-g 优于 O1-g（快 24.5%，加速比 1.32x）
2026-04-29 13:57:03,664 INFO:    119     TSVC_IndirectAddressing-dbl    0.87661576    1.00000000   -0.12338424  O3-g 优于 O1-g（快 12.3%，加速比 1.14x）
2026-04-29 13:57:03,664 INFO:    120     TSVC_IndirectAddressing-flt    0.89228028    0.92857140   -0.03629112  O3-g 优于 O1-g（快 10.8%，加速比 1.12x）
2026-04-29 13:57:03,665 INFO:    121      TSVC_InductionVariable-dbl    0.81958842    0.83333331   -0.01374489  O3-g 优于 O1-g（快 18.0%，加速比 1.22x）
2026-04-29 13:57:03,665 INFO:    122      TSVC_InductionVariable-flt    0.81388175    0.75000000   +0.06388175  O3-g 优于 O1-g（快 18.6%，加速比 1.23x）
2026-04-29 13:57:03,665 INFO:    123       TSVC_LinearDependence-dbl    0.78015584    0.76470590   +0.01544994  O3-g 优于 O1-g（快 22.0%，加速比 1.28x）
2026-04-29 13:57:03,665 INFO:    124       TSVC_LinearDependence-flt    0.78240699    0.48148149   +0.30092549  O3-g 优于 O1-g（快 21.8%，加速比 1.28x）
2026-04-29 13:57:03,665 INFO:    125          TSVC_LoopRerolling-dbl    0.89993989    0.81818181   +0.08175808  O3-g 优于 O1-g（快 10.0%，加速比 1.11x）
2026-04-29 13:57:03,665 INFO:    126          TSVC_LoopRerolling-flt    0.84256601    0.81818181   +0.02438420  O3-g 优于 O1-g（快 15.7%，加速比 1.19x）
2026-04-29 13:57:03,665 INFO:    127      TSVC_LoopRestructuring-dbl    0.77711868    1.00000000   -0.22288132  O3-g 优于 O1-g（快 22.3%，加速比 1.29x）
2026-04-29 13:57:03,665 INFO:    128      TSVC_LoopRestructuring-flt    0.79766786    0.90909094   -0.11142308  O3-g 优于 O1-g（快 20.2%，加速比 1.25x）
2026-04-29 13:57:03,666 INFO:    129          TSVC_NodeSplitting-dbl    0.95722783    0.92307693   +0.03415090  O1-g ≈ O3-g（差异在 ±5% 内）
2026-04-29 13:57:03,666 INFO:    130          TSVC_NodeSplitting-flt    0.94627869    0.87500000   +0.07127869  O3-g 优于 O1-g（快 5.4%，加速比 1.06x）
2026-04-29 13:57:03,666 INFO:    131                TSVC_Packing-dbl    0.95565730    0.85714287   +0.09851444  O1-g ≈ O3-g（差异在 ±5% 内）
2026-04-29 13:57:03,666 INFO:    132                TSVC_Packing-flt    0.95543003    0.86666667   +0.08876336  O1-g ≈ O3-g（差异在 ±5% 内）
2026-04-29 13:57:03,666 INFO:    133            TSVC_Recurrences-dbl    0.89670604    1.00000000   -0.10329396  O3-g 优于 O1-g（快 10.3%，加速比 1.12x）
2026-04-29 13:57:03,666 INFO:    134            TSVC_Recurrences-flt    0.89468277    1.00000000   -0.10531723  O3-g 优于 O1-g（快 10.5%，加速比 1.12x）
2026-04-29 13:57:03,666 INFO:    135             TSVC_Reductions-dbl    0.63299787    1.00000000   -0.36700213  O3-g 优于 O1-g（快 36.7%，加速比 1.58x）
2026-04-29 13:57:03,666 INFO:    136             TSVC_Reductions-flt    0.70955485    1.00000000   -0.29044515  O3-g 优于 O1-g（快 29.0%，加速比 1.41x）
2026-04-29 13:57:03,666 INFO:    137              TSVC_Searching-dbl    0.59959638    0.66666669   -0.06707031  O3-g 优于 O1-g（快 40.0%，加速比 1.67x）
2026-04-29 13:57:03,666 INFO:    138              TSVC_Searching-flt    0.56144106    0.30000001   +0.26144105  O3-g 优于 O1-g（快 43.9%，加速比 1.78x）
2026-04-29 13:57:03,666 INFO:    139    TSVC_StatementReordering-dbl    0.97035074    0.92307693   +0.04727381  O1-g ≈ O3-g（差异在 ±5% 内）
2026-04-29 13:57:03,667 INFO:    140    TSVC_StatementReordering-flt    0.97923887    0.94117647   +0.03806239  O1-g ≈ O3-g（差异在 ±5% 内）
2026-04-29 13:57:03,667 INFO:    141              TSVC_Symbolics-dbl    0.72004563    0.73684210   -0.01679647  O3-g 优于 O1-g（快 28.0%，加速比 1.39x）
2026-04-29 13:57:03,667 INFO:    142              TSVC_Symbolics-flt    0.78344643    0.38235295   +0.40109348  O3-g 优于 O1-g（快 21.7%，加速比 1.28x）
2026-04-29 13:57:03,667 INFO:    143               Trimaran_enc-3des    0.98926377    0.95833331   +0.03093046  O1-g ≈ O3-g（差异在 ±5% 内）
2026-04-29 13:57:03,667 INFO:    144                Trimaran_enc-md5    0.99560004    1.00000000   -0.00439996  O1-g ≈ O3-g（差异在 ±5% 内）
2026-04-29 13:57:03,667 INFO:    145                Trimaran_enc-pc1    0.87563914    0.56034482   +0.31529433  O3-g 优于 O1-g（快 12.4%，加速比 1.14x）
2026-04-29 13:57:03,667 INFO:    146                Trimaran_enc-rc4    0.93707579    0.89583331   +0.04124248  O3-g 优于 O1-g（快 6.3%，加速比 1.07x）
2026-04-29 13:57:03,667 INFO:    147           Trimaran_netbench-crc    0.89211392    1.00000000   -0.10788608  O3-g 优于 O1-g（快 10.8%，加速比 1.12x）
2026-04-29 13:57:03,667 INFO:    148           Trimaran_netbench-url    0.99029839    1.00000000   -0.00970161  O1-g ≈ O3-g（差异在 ±5% 内）
2026-04-29 13:57:03,668 INFO:    149                VersaBench_8b10b    1.00697672    1.00000000   +0.00697672  O1-g ≈ O3-g（差异在 ±5% 内）
2026-04-29 13:57:03,668 INFO:    150           VersaBench_beamformer    0.96664786    0.77049178   +0.19615608  O1-g ≈ O3-g（差异在 ±5% 内）
2026-04-29 13:57:03,668 INFO:    151                  VersaBench_bmm    1.00374901    1.00000000   +0.00374901  O1-g ≈ O3-g（差异在 ±5% 内）
2026-04-29 13:57:03,668 INFO:    152                 VersaBench_dbms    0.99629945    1.00000000   -0.00370055  O1-g ≈ O3-g（差异在 ±5% 内）
2026-04-29 13:57:03,668 INFO:    153               VersaBench_ecbdes    0.99051601    1.00000000   -0.00948399  O1-g ≈ O3-g（差异在 ±5% 内）
2026-04-29 13:57:03,668 INFO:    154                    llubenchmark    1.01660621    1.00000000   +0.01660621  O1-g ≈ O3-g（差异在 ±5% 内）
2026-04-29 13:57:03,668 INFO:    155                           mafft    1.01126456    1.00000000   +0.01126456  O1-g ≈ O3-g（差异在 ±5% 内）
2026-04-29 13:57:03,668 INFO:    156      mediabench_adpcm_rawcaudio    1.00421762    1.00152636   +0.00269127  O1-g ≈ O3-g（差异在 ±5% 内）
2026-04-29 13:57:03,669 INFO:    157      mediabench_adpcm_rawdaudio    1.00298989    1.01537275   -0.01238286  O1-g ≈ O3-g（差异在 ±5% 内）
2026-04-29 13:57:03,669 INFO:    158      mediabench_g721_g721encode    0.98242396    0.89805824   +0.08436573  O1-g ≈ O3-g（差异在 ±5% 内）
2026-04-29 13:57:03,669 INFO:    159            mediabench_gsm_toast    0.99171984    0.84902489   +0.14269495  O1-g ≈ O3-g（差异在 ±5% 内）
2026-04-29 13:57:03,669 INFO:    160         mediabench_jpeg_jpeg-6a    1.00196576    1.00703692   -0.00507116  O1-g ≈ O3-g（差异在 ±5% 内）
2026-04-29 13:57:03,669 INFO:    161       mediabench_mpeg2_mpeg2dec    0.97743750    0.97662663   +0.00081086  O1-g ≈ O3-g（差异在 ±5% 内）
2026-04-29 13:57:03,669 INFO:    162                          nbench    0.96685529    0.87096775   +0.09588754  O1-g ≈ O3-g（差异在 ±5% 内）
2026-04-29 13:57:03,669 INFO:    163                      tramp3d-v4    0.97206193    0.54452056   +0.42754138  O1-g ≈ O3-g（差异在 ±5% 内）
2026-04-29 13:57:03,669 INFO: 
  ── 验证指标 ──
2026-04-29 13:57:03,670 INFO:   MAE  = 0.079259
2026-04-29 13:57:03,670 INFO:   MSE  = 0.018057
2026-04-29 13:57:03,670 INFO:   RMSE = 0.134377
2026-04-29 13:57:03,670 INFO:   方向准确率 = 117/163 (71.8%)
2026-04-29 13:57:03,670 INFO:   预测 O1-g 更优: 53/163  (真实: 59/163)
2026-04-29 13:57:03,670 INFO:   方向准确率（排除 ±5%）= 63/73 (86.3%)
2026-04-29 13:57:03,673 INFO:   结构化结果: checkpoints/transformer/fixed_time_best/infer_samples_O1-g_vs_O3-g.csv
2026-04-29 13:57:03,673 INFO:   摘要结果: checkpoints/transformer/fixed_time_best/infer_summary_O1-g_vs_O3-g.json
2026-04-29 13:57:03,765 INFO: 已应用 exp() 变换（log-target 模式）
2026-04-29 13:57:03,765 INFO: ========================================================================
2026-04-29 13:57:03,765 INFO: 版本对: O2-bolt_vs_O2-bolt-opt  (O2-bolt vs O2-bolt-opt)  共 165 个程序
2026-04-29 13:57:03,765 INFO: 标签模式: fixed_time
2026-04-29 13:57:03,765 INFO: 标签定义: Y = N_v1 / N_v2 (throughput ratio in a fixed window)
2026-04-29 13:57:03,765 INFO: 判定方向: Y >= 1 视为 O2-bolt 更快，Y < 1 视为 O2-bolt-opt 更快
2026-04-29 13:57:03,765 INFO: 统计口径: 方向准确率按 same-side(Y=1.0) 统计；展示结论仍使用 judge() 的 ±5%% 区间
2026-04-29 13:57:03,766 INFO: ========================================================================
2026-04-29 13:57:03,766 INFO:      #                              程序          预测 Ŷ          真实 Y            误差  判断
2026-04-29 13:57:03,766 INFO:   ------------------------------------------------------------------------------------
2026-04-29 13:57:03,766 INFO:      1                            7zip    0.99887627    1.00000000   -0.00112373  O2-bolt ≈ O2-bolt-opt（差异在 ±5% 内）
2026-04-29 13:57:03,766 INFO:      2             ASCI_Purple_SMG2000    1.01338565    1.00000000   +0.01338565  O2-bolt ≈ O2-bolt-opt（差异在 ±5% 内）
2026-04-29 13:57:03,766 INFO:      3               ASC_Sequoia_AMGmk    0.99550414    1.00000000   -0.00449586  O2-bolt ≈ O2-bolt-opt（差异在 ±5% 内）
2026-04-29 13:57:03,766 INFO:      4           ASC_Sequoia_CrystalMk    1.00565803    1.00000000   +0.00565803  O2-bolt ≈ O2-bolt-opt（差异在 ±5% 内）
2026-04-29 13:57:03,766 INFO:      5               ASC_Sequoia_IRSmk    0.99710482    1.00000000   -0.00289518  O2-bolt ≈ O2-bolt-opt（差异在 ±5% 内）
2026-04-29 13:57:03,766 INFO:      6                  BitBench_drop3    0.94096798    1.04938269   -0.10841471  O2-bolt-opt 优于 O2-bolt（快 5.9%，加速比 1.06x）
2026-04-29 13:57:03,766 INFO:      7                 BitBench_five11    1.00601411    0.94999999   +0.05601412  O2-bolt ≈ O2-bolt-opt（差异在 ±5% 内）
2026-04-29 13:57:03,767 INFO:      8               BitBench_uudecode    0.98597062    0.99858755   -0.01261693  O2-bolt ≈ O2-bolt-opt（差异在 ±5% 内）
2026-04-29 13:57:03,767 INFO:      9               BitBench_uuencode    1.01027751    0.99971467   +0.01056284  O2-bolt ≈ O2-bolt-opt（差异在 ±5% 内）
2026-04-29 13:57:03,767 INFO:     10                          Bullet    0.98029846    1.00000000   -0.01970154  O2-bolt ≈ O2-bolt-opt（差异在 ±5% 内）
2026-04-29 13:57:03,767 INFO:     11         DOE-ProxyApps-C++_CLAMR    0.87711161    1.00000000   -0.12288839  O2-bolt-opt 优于 O2-bolt（快 12.3%，加速比 1.14x）
2026-04-29 13:57:03,767 INFO:     12   DOE-ProxyApps-C++_HACCKernels    0.98726481    1.00000000   -0.01273519  O2-bolt ≈ O2-bolt-opt（差异在 ±5% 内）
2026-04-29 13:57:03,767 INFO:     13         DOE-ProxyApps-C++_HPCCG    0.96726179    1.00000000   -0.03273821  O2-bolt ≈ O2-bolt-opt（差异在 ±5% 内）
2026-04-29 13:57:03,767 INFO:     14       DOE-ProxyApps-C++_PENNANT    0.99781924    1.00000000   -0.00218076  O2-bolt ≈ O2-bolt-opt（差异在 ±5% 内）
2026-04-29 13:57:03,767 INFO:     15        DOE-ProxyApps-C++_miniFE    1.00811708    1.00000000   +0.00811708  O2-bolt ≈ O2-bolt-opt（差异在 ±5% 内）
2026-04-29 13:57:03,767 INFO:     16            DOE-ProxyApps-C_CoMD    0.95023990    0.95999998   -0.00976008  O2-bolt ≈ O2-bolt-opt（差异在 ±5% 内）
2026-04-29 13:57:03,767 INFO:     17      DOE-ProxyApps-C_Pathfinder    1.03206193    1.06666672   -0.03460479  O2-bolt ≈ O2-bolt-opt（差异在 ±5% 内）
2026-04-29 13:57:03,767 INFO:     18         DOE-ProxyApps-C_RSBench    0.99741691    0.98518521   +0.01223171  O2-bolt ≈ O2-bolt-opt（差异在 ±5% 内）
2026-04-29 13:57:03,768 INFO:     19       DOE-ProxyApps-C_SimpleMOC    1.00843859    1.00000000   +0.00843859  O2-bolt ≈ O2-bolt-opt（差异在 ±5% 内）
2026-04-29 13:57:03,768 INFO:     20         DOE-ProxyApps-C_XSBench    0.97730005    0.93750000   +0.03980005  O2-bolt ≈ O2-bolt-opt（差异在 ±5% 内）
2026-04-29 13:57:03,768 INFO:     21         DOE-ProxyApps-C_miniAMR    0.98086071    1.00000000   -0.01913929  O2-bolt ≈ O2-bolt-opt（差异在 ±5% 内）
2026-04-29 13:57:03,768 INFO:     22         DOE-ProxyApps-C_miniGMG    0.92557114    0.98412699   -0.05855584  O2-bolt-opt 优于 O2-bolt（快 7.4%，加速比 1.08x）
2026-04-29 13:57:03,768 INFO:     23                     Fhourstones    1.00339794    0.98113209   +0.02226585  O2-bolt ≈ O2-bolt-opt（差异在 ±5% 内）
2026-04-29 13:57:03,768 INFO:     24                 Fhourstones-3.1    1.02191377    1.08571434   -0.06380057  O2-bolt ≈ O2-bolt-opt（差异在 ±5% 内）
2026-04-29 13:57:03,768 INFO:     25              FreeBench_analyzer    1.00012720    1.02056551   -0.02043831  O2-bolt ≈ O2-bolt-opt（差异在 ±5% 内）
2026-04-29 13:57:03,768 INFO:     26               FreeBench_distray    0.98913080    0.99484539   -0.00571460  O2-bolt ≈ O2-bolt-opt（差异在 ±5% 内）
2026-04-29 13:57:03,768 INFO:     27            FreeBench_fourinarow    1.00398350    1.00000000   +0.00398350  O2-bolt ≈ O2-bolt-opt（差异在 ±5% 内）
2026-04-29 13:57:03,769 INFO:     28                 FreeBench_mason    0.98125190    0.98479086   -0.00353897  O2-bolt ≈ O2-bolt-opt（差异在 ±5% 内）
2026-04-29 13:57:03,769 INFO:     29                FreeBench_neural    1.00393879    1.02173913   -0.01780033  O2-bolt ≈ O2-bolt-opt（差异在 ±5% 内）
2026-04-29 13:57:03,769 INFO:     30            FreeBench_pcompress2    1.00427139    1.03353655   -0.02926517  O2-bolt ≈ O2-bolt-opt（差异在 ±5% 内）
2026-04-29 13:57:03,769 INFO:     31                 FreeBench_pifft    1.00600839    1.00180185   +0.00420654  O2-bolt ≈ O2-bolt-opt（差异在 ±5% 内）
2026-04-29 13:57:03,769 INFO:     32               MallocBench_cfrac    0.99464023    1.00000000   -0.00535977  O2-bolt ≈ O2-bolt-opt（差异在 ±5% 内）
2026-04-29 13:57:03,769 INFO:     33            MallocBench_espresso    1.00481403    1.00000000   +0.00481403  O2-bolt ≈ O2-bolt-opt（差异在 ±5% 内）
2026-04-29 13:57:03,769 INFO:     34                  MallocBench_gs    0.99245977    0.95457625   +0.03788352  O2-bolt ≈ O2-bolt-opt（差异在 ±5% 内）
2026-04-29 13:57:03,769 INFO:     35                 McCat_01-qbsort    1.00077283    0.97443610   +0.02633673  O2-bolt ≈ O2-bolt-opt（差异在 ±5% 内）
2026-04-29 13:57:03,769 INFO:     36                 McCat_04-bisect    0.95768911    1.01359224   -0.05590314  O2-bolt ≈ O2-bolt-opt（差异在 ±5% 内）
2026-04-29 13:57:03,769 INFO:     37                   McCat_08-main    0.98841202    1.00000000   -0.01158798  O2-bolt ≈ O2-bolt-opt（差异在 ±5% 内）
2026-04-29 13:57:03,770 INFO:     38                    McCat_09-vor    0.99201465    0.99473685   -0.00272220  O2-bolt ≈ O2-bolt-opt（差异在 ±5% 内）
2026-04-29 13:57:03,770 INFO:     39                 McCat_12-IOtest    1.00304818    0.99324322   +0.00980496  O2-bolt ≈ O2-bolt-opt（差异在 ±5% 内）
2026-04-29 13:57:03,770 INFO:     40                   McCat_15-trie    1.00895810    1.01008666   -0.00112855  O2-bolt ≈ O2-bolt-opt（差异在 ±5% 内）
2026-04-29 13:57:03,770 INFO:     41                  McCat_17-bintr    0.99272555    0.94939756   +0.04332799  O2-bolt ≈ O2-bolt-opt（差异在 ±5% 内）
2026-04-29 13:57:03,770 INFO:     42                    McCat_18-imp    1.00666809    1.11548555   -0.10881746  O2-bolt ≈ O2-bolt-opt（差异在 ±5% 内）
2026-04-29 13:57:03,770 INFO:     43    MiBench_automotive-basicmath    1.01169217    1.00000000   +0.01169217  O2-bolt ≈ O2-bolt-opt（差异在 ±5% 内）
2026-04-29 13:57:03,770 INFO:     44     MiBench_automotive-bitcount    0.99926901    0.89939940   +0.09986961  O2-bolt ≈ O2-bolt-opt（差异在 ±5% 内）
2026-04-29 13:57:03,770 INFO:     45        MiBench_automotive-susan    0.99722195    0.98828697   +0.00893497  O2-bolt ≈ O2-bolt-opt（差异在 ±5% 内）
2026-04-29 13:57:03,770 INFO:     46           MiBench_consumer-jpeg    1.00408149    0.99665409   +0.00742739  O2-bolt ≈ O2-bolt-opt（差异在 ±5% 内）
2026-04-29 13:57:03,770 INFO:     47           MiBench_consumer-lame    0.99664080    0.98769230   +0.00894850  O2-bolt ≈ O2-bolt-opt（差异在 ±5% 内）
2026-04-29 13:57:03,770 INFO:     48        MiBench_consumer-typeset    1.01597297    0.99445885   +0.02151412  O2-bolt ≈ O2-bolt-opt（差异在 ±5% 内）
2026-04-29 13:57:03,771 INFO:     49        MiBench_network-dijkstra    0.97793615    0.91924530   +0.05869085  O2-bolt ≈ O2-bolt-opt（差异在 ±5% 内）
2026-04-29 13:57:03,771 INFO:     50        MiBench_network-patricia    0.99788010    0.99356222   +0.00431788  O2-bolt ≈ O2-bolt-opt（差异在 ±5% 内）
2026-04-29 13:57:03,771 INFO:     51           MiBench_office-ispell    1.02178109    1.00145996   +0.02032113  O2-bolt ≈ O2-bolt-opt（差异在 ±5% 内）
2026-04-29 13:57:03,771 INFO:     52     MiBench_office-stringsearch    1.01822937    1.00898242   +0.00924695  O2-bolt ≈ O2-bolt-opt（差异在 ±5% 内）
2026-04-29 13:57:03,771 INFO:     53       MiBench_security-blowfish    1.02102482    1.02514958   -0.00412476  O2-bolt ≈ O2-bolt-opt（差异在 ±5% 内）
2026-04-29 13:57:03,771 INFO:     54       MiBench_security-rijndael    1.00031459    1.04686427   -0.04654968  O2-bolt ≈ O2-bolt-opt（差异在 ±5% 内）
2026-04-29 13:57:03,771 INFO:     55            MiBench_security-sha    1.00647354    1.00348186   +0.00299168  O2-bolt ≈ O2-bolt-opt（差异在 ±5% 内）
2026-04-29 13:57:03,771 INFO:     56          MiBench_telecomm-CRC32    0.99989897    1.00000000   -0.00010103  O2-bolt ≈ O2-bolt-opt（差异在 ±5% 内）
2026-04-29 13:57:03,771 INFO:     57            MiBench_telecomm-FFT    1.00005054    1.00309122   -0.00304067  O2-bolt ≈ O2-bolt-opt（差异在 ±5% 内）
2026-04-29 13:57:03,772 INFO:     58          MiBench_telecomm-adpcm    0.99397802    0.99757868   -0.00360066  O2-bolt ≈ O2-bolt-opt（差异在 ±5% 内）
2026-04-29 13:57:03,772 INFO:     59            MiBench_telecomm-gsm    0.99307197    1.00755668   -0.01448470  O2-bolt ≈ O2-bolt-opt（差异在 ±5% 内）
2026-04-29 13:57:03,772 INFO:     60                   NPB-serial_is    0.99262661    1.00000000   -0.00737339  O2-bolt ≈ O2-bolt-opt（差异在 ±5% 内）
2026-04-29 13:57:03,772 INFO:     61                        Olden_bh    0.99088705    1.00000000   -0.00911295  O2-bolt ≈ O2-bolt-opt（差异在 ±5% 内）
2026-04-29 13:57:03,772 INFO:     62                    Olden_bisort    0.98473364    0.97777778   +0.00695586  O2-bolt ≈ O2-bolt-opt（差异在 ±5% 内）
2026-04-29 13:57:03,772 INFO:     63                      Olden_em3d    1.03097034    1.64285719   -0.61188686  O2-bolt ≈ O2-bolt-opt（差异在 ±5% 内）
2026-04-29 13:57:03,772 INFO:     64                    Olden_health    0.99383128    0.98913044   +0.00470084  O2-bolt ≈ O2-bolt-opt（差异在 ±5% 内）
2026-04-29 13:57:03,772 INFO:     65                       Olden_mst    0.96833849    0.99201596   -0.02367747  O2-bolt ≈ O2-bolt-opt（差异在 ±5% 内）
2026-04-29 13:57:03,772 INFO:     66                 Olden_perimeter    0.99739999    0.93449783   +0.06290215  O2-bolt ≈ O2-bolt-opt（差异在 ±5% 内）
2026-04-29 13:57:03,772 INFO:     67                     Olden_power    0.93624341    1.00000000   -0.06375659  O2-bolt-opt 优于 O2-bolt（快 6.4%，加速比 1.07x）
2026-04-29 13:57:03,772 INFO:     68                   Olden_treeadd    1.00540125    0.98543692   +0.01996434  O2-bolt ≈ O2-bolt-opt（差异在 ±5% 内）
2026-04-29 13:57:03,772 INFO:     69                       Olden_tsp    0.98864609    1.00000000   -0.01135391  O2-bolt ≈ O2-bolt-opt（差异在 ±5% 内）
2026-04-29 13:57:03,772 INFO:     70                   Olden_voronoi    0.98211002    1.00000000   -0.01788998  O2-bolt ≈ O2-bolt-opt（差异在 ±5% 内）
2026-04-29 13:57:03,773 INFO:     71                           PAQ8p    0.99711502    1.00000000   -0.00288498  O2-bolt ≈ O2-bolt-opt（差异在 ±5% 内）
2026-04-29 13:57:03,773 INFO:     72                 Prolangs-C++_NP    1.01640141    1.00884759   +0.00755382  O2-bolt ≈ O2-bolt-opt（差异在 ±5% 内）
2026-04-29 13:57:03,773 INFO:     73               Prolangs-C++_city    1.00705457    0.97594166   +0.03111291  O2-bolt ≈ O2-bolt-opt（差异在 ±5% 内）
2026-04-29 13:57:03,773 INFO:     74             Prolangs-C++_deriv1    1.01618493    1.01412010   +0.00206482  O2-bolt ≈ O2-bolt-opt（差异在 ±5% 内）
2026-04-29 13:57:03,773 INFO:     75             Prolangs-C++_deriv2    1.01601255    1.01145566   +0.00455689  O2-bolt ≈ O2-bolt-opt（差异在 ±5% 内）
2026-04-29 13:57:03,773 INFO:     76             Prolangs-C++_employ    1.00392973    0.99030280   +0.01362693  O2-bolt ≈ O2-bolt-opt（差异在 ±5% 内）
2026-04-29 13:57:03,773 INFO:     77             Prolangs-C++_family    1.01558542    1.01969588   -0.00411046  O2-bolt ≈ O2-bolt-opt（差异在 ±5% 内）
2026-04-29 13:57:03,773 INFO:     78                Prolangs-C++_fsm    1.01708138    1.00914490   +0.00793648  O2-bolt ≈ O2-bolt-opt（差异在 ±5% 内）
2026-04-29 13:57:03,773 INFO:     79             Prolangs-C++_garage    1.01633763    0.99812412   +0.01821351  O2-bolt ≈ O2-bolt-opt（差异在 ±5% 内）
2026-04-29 13:57:03,773 INFO:     80               Prolangs-C++_life    1.00907671    1.00000000   +0.00907671  O2-bolt ≈ O2-bolt-opt（差异在 ±5% 内）
2026-04-29 13:57:03,774 INFO:     81            Prolangs-C++_objects    1.01468313    1.01141822   +0.00326490  O2-bolt ≈ O2-bolt-opt（差异在 ±5% 内）
2026-04-29 13:57:03,774 INFO:     82              Prolangs-C++_ocean    1.00873673    1.00000000   +0.00873673  O2-bolt ≈ O2-bolt-opt（差异在 ±5% 内）
2026-04-29 13:57:03,774 INFO:     83             Prolangs-C++_office    1.01560557    1.00595653   +0.00964904  O2-bolt ≈ O2-bolt-opt（差异在 ±5% 内）
2026-04-29 13:57:03,774 INFO:     84             Prolangs-C++_primes    0.97184926    0.95804197   +0.01380730  O2-bolt ≈ O2-bolt-opt（差异在 ±5% 内）
2026-04-29 13:57:03,774 INFO:     85             Prolangs-C++_shapes    1.01434088    1.02518713   -0.01084626  O2-bolt ≈ O2-bolt-opt（差异在 ±5% 内）
2026-04-29 13:57:03,774 INFO:     86              Prolangs-C++_simul    1.00609910    1.02522528   -0.01912618  O2-bolt ≈ O2-bolt-opt（差异在 ±5% 内）
2026-04-29 13:57:03,774 INFO:     87              Prolangs-C++_trees    1.01428974    1.01762021   -0.00333047  O2-bolt ≈ O2-bolt-opt（差异在 ±5% 内）
2026-04-29 13:57:03,774 INFO:     88              Prolangs-C++_vcirc    1.01580977    1.00158143   +0.01422834  O2-bolt ≈ O2-bolt-opt（差异在 ±5% 内）
2026-04-29 13:57:03,774 INFO:     89                Prolangs-C_agrep    1.01181805    1.03820348   -0.02638543  O2-bolt ≈ O2-bolt-opt（差异在 ±5% 内）
2026-04-29 13:57:03,774 INFO:     90             Prolangs-C_allroots    1.02229106    1.00935662   +0.01293445  O2-bolt ≈ O2-bolt-opt（差异在 ±5% 内）
2026-04-29 13:57:03,775 INFO:     91                Prolangs-C_bison    1.00111222    0.98792332   +0.01318890  O2-bolt ≈ O2-bolt-opt（差异在 ±5% 内）
2026-04-29 13:57:03,775 INFO:     92                Prolangs-C_cdecl    1.01055229    1.01220322   -0.00165093  O2-bolt ≈ O2-bolt-opt（差异在 ±5% 内）
2026-04-29 13:57:03,775 INFO:     93            Prolangs-C_fixoutput    1.02133822    0.99645865   +0.02487957  O2-bolt ≈ O2-bolt-opt（差异在 ±5% 内）
2026-04-29 13:57:03,775 INFO:     94             Prolangs-C_football    1.02104402    0.99751115   +0.02353287  O2-bolt ≈ O2-bolt-opt（差异在 ±5% 内）
2026-04-29 13:57:03,775 INFO:     95                Prolangs-C_gnugo    1.00302696    1.00982797   -0.00680101  O2-bolt ≈ O2-bolt-opt（差异在 ±5% 内）
2026-04-29 13:57:03,775 INFO:     96               Prolangs-C_loader    1.02345693    1.02377474   -0.00031781  O2-bolt ≈ O2-bolt-opt（差异在 ±5% 内）
2026-04-29 13:57:03,775 INFO:     97            Prolangs-C_simulator    1.02310145    1.01593041   +0.00717103  O2-bolt ≈ O2-bolt-opt（差异在 ±5% 内）
2026-04-29 13:57:03,775 INFO:     98           Prolangs-C_unix-smail    1.02072418    0.99699098   +0.02373320  O2-bolt ≈ O2-bolt-opt（差异在 ±5% 内）
2026-04-29 13:57:03,775 INFO:     99             Prolangs-C_unix-tbl    1.02271473    1.02245474   +0.00026000  O2-bolt ≈ O2-bolt-opt（差异在 ±5% 内）
2026-04-29 13:57:03,775 INFO:    100                 Ptrdist_anagram    0.99274254    0.98333335   +0.00940919  O2-bolt ≈ O2-bolt-opt（差异在 ±5% 内）
2026-04-29 13:57:03,775 INFO:    101                      Ptrdist_bc    0.95521045    0.90445858   +0.05075186  O2-bolt ≈ O2-bolt-opt（差异在 ±5% 内）
2026-04-29 13:57:03,776 INFO:    102                      Ptrdist_ft    1.00951040    1.00000000   +0.00951040  O2-bolt ≈ O2-bolt-opt（差异在 ±5% 内）
2026-04-29 13:57:03,776 INFO:    103                      Ptrdist_ks    1.01368642    0.98305082   +0.03063560  O2-bolt ≈ O2-bolt-opt（差异在 ±5% 内）
2026-04-29 13:57:03,776 INFO:    104                   Ptrdist_yacr2    1.01906681    1.09375000   -0.07468319  O2-bolt ≈ O2-bolt-opt（差异在 ±5% 内）
2026-04-29 13:57:03,776 INFO:    105                Rodinia_backprop    1.01946568    1.00000000   +0.01946568  O2-bolt ≈ O2-bolt-opt（差异在 ±5% 内）
2026-04-29 13:57:03,776 INFO:    106                 Rodinia_hotspot    0.99753976    0.99227798   +0.00526178  O2-bolt ≈ O2-bolt-opt（差异在 ±5% 内）
2026-04-29 13:57:03,776 INFO:    107              Rodinia_pathfinder    1.01422334    1.03448272   -0.02025938  O2-bolt ≈ O2-bolt-opt（差异在 ±5% 内）
2026-04-29 13:57:03,776 INFO:    108                    Rodinia_srad    1.01601446    1.00000000   +0.01601446  O2-bolt ≈ O2-bolt-opt（差异在 ±5% 内）
2026-04-29 13:57:03,776 INFO:    109                      SciMark2-C    0.99694622    1.00000000   -0.00305378  O2-bolt ≈ O2-bolt-opt（差异在 ±5% 内）
2026-04-29 13:57:03,777 INFO:    110            TSVC_ControlFlow-dbl    1.02373755    1.00000000   +0.02373755  O2-bolt ≈ O2-bolt-opt（差异在 ±5% 内）
2026-04-29 13:57:03,777 INFO:    111            TSVC_ControlFlow-flt    1.02611780    1.00000000   +0.02611780  O2-bolt ≈ O2-bolt-opt（差异在 ±5% 内）
2026-04-29 13:57:03,777 INFO:    112           TSVC_ControlLoops-dbl    1.01560485    1.00000000   +0.01560485  O2-bolt ≈ O2-bolt-opt（差异在 ±5% 内）
2026-04-29 13:57:03,777 INFO:    113           TSVC_ControlLoops-flt    0.98800951    1.00000000   -0.01199049  O2-bolt ≈ O2-bolt-opt（差异在 ±5% 内）
2026-04-29 13:57:03,777 INFO:    114     TSVC_CrossingThresholds-dbl    1.00247085    1.00000000   +0.00247085  O2-bolt ≈ O2-bolt-opt（差异在 ±5% 内）
2026-04-29 13:57:03,777 INFO:    115     TSVC_CrossingThresholds-flt    0.99849540    0.95652175   +0.04197365  O2-bolt ≈ O2-bolt-opt（差异在 ±5% 内）
2026-04-29 13:57:03,777 INFO:    116          TSVC_Equivalencing-dbl    0.99956262    1.00000000   -0.00043738  O2-bolt ≈ O2-bolt-opt（差异在 ±5% 内）
2026-04-29 13:57:03,777 INFO:    117          TSVC_Equivalencing-flt    0.99186462    1.00000000   -0.00813538  O2-bolt ≈ O2-bolt-opt（差异在 ±5% 内）
2026-04-29 13:57:03,778 INFO:    118              TSVC_Expansion-dbl    0.99577594    1.00000000   -0.00422406  O2-bolt ≈ O2-bolt-opt（差异在 ±5% 内）
2026-04-29 13:57:03,778 INFO:    119              TSVC_Expansion-flt    0.99627662    0.96428573   +0.03199089  O2-bolt ≈ O2-bolt-opt（差异在 ±5% 内）
2026-04-29 13:57:03,778 INFO:    120         TSVC_GlobalDataFlow-dbl    1.01370966    1.00000000   +0.01370966  O2-bolt ≈ O2-bolt-opt（差异在 ±5% 内）
2026-04-29 13:57:03,778 INFO:    121         TSVC_GlobalDataFlow-flt    0.94390899    0.97435898   -0.03044999  O2-bolt-opt 优于 O2-bolt（快 5.6%，加速比 1.06x）
2026-04-29 13:57:03,778 INFO:    122     TSVC_IndirectAddressing-dbl    1.00456393    1.00000000   +0.00456393  O2-bolt ≈ O2-bolt-opt（差异在 ±5% 内）
2026-04-29 13:57:03,778 INFO:    123     TSVC_IndirectAddressing-flt    0.99748862    1.00000000   -0.00251138  O2-bolt ≈ O2-bolt-opt（差异在 ±5% 内）
2026-04-29 13:57:03,778 INFO:    124      TSVC_InductionVariable-dbl    0.99800569    1.00000000   -0.00199431  O2-bolt ≈ O2-bolt-opt（差异在 ±5% 内）
2026-04-29 13:57:03,778 INFO:    125      TSVC_InductionVariable-flt    0.99749207    1.00000000   -0.00250793  O2-bolt ≈ O2-bolt-opt（差异在 ±5% 内）
2026-04-29 13:57:03,778 INFO:    126       TSVC_LinearDependence-dbl    0.99905497    1.00000000   -0.00094503  O2-bolt ≈ O2-bolt-opt（差异在 ±5% 内）
2026-04-29 13:57:03,778 INFO:    127       TSVC_LinearDependence-flt    0.99406046    0.93333334   +0.06072712  O2-bolt ≈ O2-bolt-opt（差异在 ±5% 内）
2026-04-29 13:57:03,779 INFO:    128          TSVC_LoopRerolling-dbl    1.00261772    1.00000000   +0.00261772  O2-bolt ≈ O2-bolt-opt（差异在 ±5% 内）
2026-04-29 13:57:03,779 INFO:    129          TSVC_LoopRerolling-flt    0.99565732    1.00000000   -0.00434268  O2-bolt ≈ O2-bolt-opt（差异在 ±5% 内）
2026-04-29 13:57:03,779 INFO:    130      TSVC_LoopRestructuring-dbl    1.00033081    1.00000000   +0.00033081  O2-bolt ≈ O2-bolt-opt（差异在 ±5% 内）
2026-04-29 13:57:03,779 INFO:    131      TSVC_LoopRestructuring-flt    0.99239886    1.00000000   -0.00760114  O2-bolt ≈ O2-bolt-opt（差异在 ±5% 内）
2026-04-29 13:57:03,779 INFO:    132          TSVC_NodeSplitting-dbl    0.99731684    1.00000000   -0.00268316  O2-bolt ≈ O2-bolt-opt（差异在 ±5% 内）
2026-04-29 13:57:03,779 INFO:    133          TSVC_NodeSplitting-flt    0.99683028    0.94117647   +0.05565381  O2-bolt ≈ O2-bolt-opt（差异在 ±5% 内）
2026-04-29 13:57:03,779 INFO:    134                TSVC_Packing-dbl    1.03908265    1.00000000   +0.03908265  O2-bolt ≈ O2-bolt-opt（差异在 ±5% 内）
2026-04-29 13:57:03,779 INFO:    135                TSVC_Packing-flt    1.03734505    1.33333337   -0.29598832  O2-bolt ≈ O2-bolt-opt（差异在 ±5% 内）
2026-04-29 13:57:03,779 INFO:    136            TSVC_Recurrences-dbl    0.97381073    1.00000000   -0.02618927  O2-bolt ≈ O2-bolt-opt（差异在 ±5% 内）
2026-04-29 13:57:03,779 INFO:    137            TSVC_Recurrences-flt    0.97295469    1.00000000   -0.02704531  O2-bolt ≈ O2-bolt-opt（差异在 ±5% 内）
2026-04-29 13:57:03,779 INFO:    138             TSVC_Reductions-dbl    1.00382185    1.00000000   +0.00382185  O2-bolt ≈ O2-bolt-opt（差异在 ±5% 内）
2026-04-29 13:57:03,780 INFO:    139             TSVC_Reductions-flt    1.00724018    1.00000000   +0.00724018  O2-bolt ≈ O2-bolt-opt（差异在 ±5% 内）
2026-04-29 13:57:03,780 INFO:    140              TSVC_Searching-dbl    1.00510001    1.00000000   +0.00510001  O2-bolt ≈ O2-bolt-opt（差异在 ±5% 内）
2026-04-29 13:57:03,780 INFO:    141              TSVC_Searching-flt    1.00032806    1.00000000   +0.00032806  O2-bolt ≈ O2-bolt-opt（差异在 ±5% 内）
2026-04-29 13:57:03,780 INFO:    142    TSVC_StatementReordering-dbl    0.99901694    1.00000000   -0.00098306  O2-bolt ≈ O2-bolt-opt（差异在 ±5% 内）
2026-04-29 13:57:03,780 INFO:    143    TSVC_StatementReordering-flt    0.99734592    1.06250000   -0.06515408  O2-bolt ≈ O2-bolt-opt（差异在 ±5% 内）
2026-04-29 13:57:03,780 INFO:    144              TSVC_Symbolics-dbl    1.00465190    1.00000000   +0.00465190  O2-bolt ≈ O2-bolt-opt（差异在 ±5% 内）
2026-04-29 13:57:03,780 INFO:    145              TSVC_Symbolics-flt    1.00719190    0.94444442   +0.06274748  O2-bolt ≈ O2-bolt-opt（差异在 ±5% 内）
2026-04-29 13:57:03,780 INFO:    146               Trimaran_enc-3des    1.00124574    1.00000000   +0.00124574  O2-bolt ≈ O2-bolt-opt（差异在 ±5% 内）
2026-04-29 13:57:03,780 INFO:    147                Trimaran_enc-md5    1.00475061    1.00000000   +0.00475061  O2-bolt ≈ O2-bolt-opt（差异在 ±5% 内）
2026-04-29 13:57:03,780 INFO:    148                Trimaran_enc-pc1    1.00383115    1.00000000   +0.00383115  O2-bolt ≈ O2-bolt-opt（差异在 ±5% 内）
2026-04-29 13:57:03,780 INFO:    149                Trimaran_enc-rc4    1.00090003    0.97959185   +0.02130818  O2-bolt ≈ O2-bolt-opt（差异在 ±5% 内）
2026-04-29 13:57:03,781 INFO:    150           Trimaran_netbench-crc    0.99715149    1.00000000   -0.00284851  O2-bolt ≈ O2-bolt-opt（差异在 ±5% 内）
2026-04-29 13:57:03,781 INFO:    151           Trimaran_netbench-url    1.01912487    1.00000000   +0.01912487  O2-bolt ≈ O2-bolt-opt（差异在 ±5% 内）
2026-04-29 13:57:03,781 INFO:    152                VersaBench_8b10b    1.02372706    1.00000000   +0.02372706  O2-bolt ≈ O2-bolt-opt（差异在 ±5% 内）
2026-04-29 13:57:03,781 INFO:    153           VersaBench_beamformer    1.00839078    1.12962961   -0.12123883  O2-bolt ≈ O2-bolt-opt（差异在 ±5% 内）
2026-04-29 13:57:03,781 INFO:    154                  VersaBench_bmm    1.00665081    1.00000000   +0.00665081  O2-bolt ≈ O2-bolt-opt（差异在 ±5% 内）
2026-04-29 13:57:03,781 INFO:    155                 VersaBench_dbms    1.00228977    1.00000000   +0.00228977  O2-bolt ≈ O2-bolt-opt（差异在 ±5% 内）
2026-04-29 13:57:03,781 INFO:    156               VersaBench_ecbdes    1.00693202    1.00000000   +0.00693202  O2-bolt ≈ O2-bolt-opt（差异在 ±5% 内）
2026-04-29 13:57:03,781 INFO:    157                    llubenchmark    1.02396929    1.00000000   +0.02396929  O2-bolt ≈ O2-bolt-opt（差异在 ±5% 内）
2026-04-29 13:57:03,781 INFO:    158                           mafft    1.01987028    1.00000000   +0.01987028  O2-bolt ≈ O2-bolt-opt（差异在 ±5% 内）
2026-04-29 13:57:03,781 INFO:    159      mediabench_adpcm_rawcaudio    1.00213861    0.99703491   +0.00510371  O2-bolt ≈ O2-bolt-opt（差异在 ±5% 内）
2026-04-29 13:57:03,782 INFO:    160      mediabench_adpcm_rawdaudio    0.99875838    0.99080110   +0.00795728  O2-bolt ≈ O2-bolt-opt（差异在 ±5% 内）
2026-04-29 13:57:03,782 INFO:    161      mediabench_g721_g721encode    0.97806108    0.98275864   -0.00469756  O2-bolt ≈ O2-bolt-opt（差异在 ±5% 内）
2026-04-29 13:57:03,782 INFO:    162            mediabench_gsm_toast    1.00655591    1.03024781   -0.02369189  O2-bolt ≈ O2-bolt-opt（差异在 ±5% 内）
2026-04-29 13:57:03,782 INFO:    163       mediabench_mpeg2_mpeg2dec    0.96957016    0.95915985   +0.01041031  O2-bolt ≈ O2-bolt-opt（差异在 ±5% 内）
2026-04-29 13:57:03,782 INFO:    164                          nbench    0.99225807    1.03125000   -0.03899193  O2-bolt ≈ O2-bolt-opt（差异在 ±5% 内）
2026-04-29 13:57:03,782 INFO:    165                      tramp3d-v4    1.00509834    0.98958331   +0.01551503  O2-bolt ≈ O2-bolt-opt（差异在 ±5% 内）
2026-04-29 13:57:03,782 INFO: 
  ── 验证指标 ──
2026-04-29 13:57:03,782 INFO:   MAE  = 0.024630
2026-04-29 13:57:03,782 INFO:   MSE  = 0.003715
2026-04-29 13:57:03,782 INFO:   RMSE = 0.060951
2026-04-29 13:57:03,782 INFO:   方向准确率 = 106/165 (64.2%)
2026-04-29 13:57:03,783 INFO:   预测 O2-bolt 更优: 94/165  (真实: 113/165)
2026-04-29 13:57:03,783 INFO:   方向准确率（排除 ±5%）= 15/18 (83.3%)
2026-04-29 13:57:03,785 INFO:   结构化结果: checkpoints/transformer/fixed_time_best/infer_samples_O2-bolt_vs_O2-bolt-opt.csv
2026-04-29 13:57:03,785 INFO:   摘要结果: checkpoints/transformer/fixed_time_best/infer_summary_O2-bolt_vs_O2-bolt-opt.json
2026-04-29 13:57:03,876 INFO: 已应用 exp() 变换（log-target 模式）
2026-04-29 13:57:03,876 INFO: ========================================================================
2026-04-29 13:57:03,876 INFO: 版本对: O3-bolt_vs_O3-bolt-opt  (O3-bolt vs O3-bolt-opt)  共 161 个程序
2026-04-29 13:57:03,876 INFO: 标签模式: fixed_time
2026-04-29 13:57:03,876 INFO: 标签定义: Y = N_v1 / N_v2 (throughput ratio in a fixed window)
2026-04-29 13:57:03,877 INFO: 判定方向: Y >= 1 视为 O3-bolt 更快，Y < 1 视为 O3-bolt-opt 更快
2026-04-29 13:57:03,877 INFO: 统计口径: 方向准确率按 same-side(Y=1.0) 统计；展示结论仍使用 judge() 的 ±5%% 区间
2026-04-29 13:57:03,877 INFO: ========================================================================
2026-04-29 13:57:03,877 INFO:      #                              程序          预测 Ŷ          真实 Y            误差  判断
2026-04-29 13:57:03,877 INFO:   ------------------------------------------------------------------------------------
2026-04-29 13:57:03,877 INFO:      1                            7zip    1.01100349    1.00000000   +0.01100349  O3-bolt ≈ O3-bolt-opt（差异在 ±5% 内）
2026-04-29 13:57:03,877 INFO:      2             ASCI_Purple_SMG2000    1.01567745    1.00000000   +0.01567745  O3-bolt ≈ O3-bolt-opt（差异在 ±5% 内）
2026-04-29 13:57:03,877 INFO:      3               ASC_Sequoia_AMGmk    0.99741203    1.00000000   -0.00258797  O3-bolt ≈ O3-bolt-opt（差异在 ±5% 内）
2026-04-29 13:57:03,877 INFO:      4           ASC_Sequoia_CrystalMk    1.00621343    1.00000000   +0.00621343  O3-bolt ≈ O3-bolt-opt（差异在 ±5% 内）
2026-04-29 13:57:03,877 INFO:      5               ASC_Sequoia_IRSmk    0.99812818    1.00000000   -0.00187182  O3-bolt ≈ O3-bolt-opt（差异在 ±5% 内）
2026-04-29 13:57:03,878 INFO:      6                  BitBench_drop3    0.96320623    0.93406594   +0.02914029  O3-bolt ≈ O3-bolt-opt（差异在 ±5% 内）
2026-04-29 13:57:03,878 INFO:      7                 BitBench_five11    1.00590158    0.94999999   +0.05590159  O3-bolt ≈ O3-bolt-opt（差异在 ±5% 内）
2026-04-29 13:57:03,878 INFO:      8               BitBench_uudecode    1.02116680    1.71857262   -0.69740582  O3-bolt ≈ O3-bolt-opt（差异在 ±5% 内）
2026-04-29 13:57:03,878 INFO:      9               BitBench_uuencode    1.00451159    1.00515461   -0.00064301  O3-bolt ≈ O3-bolt-opt（差异在 ±5% 内）
2026-04-29 13:57:03,878 INFO:     10                          Bullet    0.98640358    1.00000000   -0.01359642  O3-bolt ≈ O3-bolt-opt（差异在 ±5% 内）
2026-04-29 13:57:03,878 INFO:     11         DOE-ProxyApps-C++_CLAMR    0.88431758    1.00000000   -0.11568242  O3-bolt-opt 优于 O3-bolt（快 11.6%，加速比 1.13x）
2026-04-29 13:57:03,878 INFO:     12   DOE-ProxyApps-C++_HACCKernels    0.99474919    1.00000000   -0.00525081  O3-bolt ≈ O3-bolt-opt（差异在 ±5% 内）
2026-04-29 13:57:03,878 INFO:     13         DOE-ProxyApps-C++_HPCCG    0.96364135    1.00000000   -0.03635865  O3-bolt ≈ O3-bolt-opt（差异在 ±5% 内）
2026-04-29 13:57:03,879 INFO:     14       DOE-ProxyApps-C++_PENNANT    0.98777503    1.00000000   -0.01222497  O3-bolt ≈ O3-bolt-opt（差异在 ±5% 内）
2026-04-29 13:57:03,879 INFO:     15        DOE-ProxyApps-C++_miniFE    1.01747060    1.00000000   +0.01747060  O3-bolt ≈ O3-bolt-opt（差异在 ±5% 内）
2026-04-29 13:57:03,879 INFO:     16            DOE-ProxyApps-C_CoMD    0.95077974    0.92000002   +0.03077972  O3-bolt ≈ O3-bolt-opt（差异在 ±5% 内）
2026-04-29 13:57:03,879 INFO:     17      DOE-ProxyApps-C_Pathfinder    1.03164828    1.06666672   -0.03501844  O3-bolt ≈ O3-bolt-opt（差异在 ±5% 内）
2026-04-29 13:57:03,879 INFO:     18         DOE-ProxyApps-C_RSBench    0.98089182    1.00000000   -0.01910818  O3-bolt ≈ O3-bolt-opt（差异在 ±5% 内）
2026-04-29 13:57:03,879 INFO:     19       DOE-ProxyApps-C_SimpleMOC    0.96977419    0.96969700   +0.00007719  O3-bolt ≈ O3-bolt-opt（差异在 ±5% 内）
2026-04-29 13:57:03,879 INFO:     20         DOE-ProxyApps-C_XSBench    0.92565143    0.93750000   -0.01184857  O3-bolt-opt 优于 O3-bolt（快 7.4%，加速比 1.08x）
2026-04-29 13:57:03,879 INFO:     21         DOE-ProxyApps-C_miniAMR    0.97936159    1.00000000   -0.02063841  O3-bolt ≈ O3-bolt-opt（差异在 ±5% 内）
2026-04-29 13:57:03,879 INFO:     22         DOE-ProxyApps-C_miniGMG    0.91944873    1.00000000   -0.08055127  O3-bolt-opt 优于 O3-bolt（快 8.1%，加速比 1.09x）
2026-04-29 13:57:03,879 INFO:     23                     Fhourstones    0.99521619    1.03703701   -0.04182082  O3-bolt ≈ O3-bolt-opt（差异在 ±5% 内）
2026-04-29 13:57:03,879 INFO:     24                 Fhourstones-3.1    1.02194214    1.08571434   -0.06377220  O3-bolt ≈ O3-bolt-opt（差异在 ±5% 内）
2026-04-29 13:57:03,879 INFO:     25              FreeBench_analyzer    1.00389838    0.99624997   +0.00764841  O3-bolt ≈ O3-bolt-opt（差异在 ±5% 内）
2026-04-29 13:57:03,880 INFO:     26               FreeBench_distray    0.98340666    1.00000000   -0.01659334  O3-bolt ≈ O3-bolt-opt（差异在 ±5% 内）
2026-04-29 13:57:03,880 INFO:     27            FreeBench_fourinarow    1.00389886    1.00000000   +0.00389886  O3-bolt ≈ O3-bolt-opt（差异在 ±5% 内）
2026-04-29 13:57:03,880 INFO:     28                 FreeBench_mason    0.98684973    0.98467433   +0.00217539  O3-bolt ≈ O3-bolt-opt（差异在 ±5% 内）
2026-04-29 13:57:03,880 INFO:     29                FreeBench_neural    0.99931347    1.01086962   -0.01155615  O3-bolt ≈ O3-bolt-opt（差异在 ±5% 内）
2026-04-29 13:57:03,880 INFO:     30            FreeBench_pcompress2    1.00719893    1.00604224   +0.00115669  O3-bolt ≈ O3-bolt-opt（差异在 ±5% 内）
2026-04-29 13:57:03,880 INFO:     31                 FreeBench_pifft    1.00375378    1.01268113   -0.00892735  O3-bolt ≈ O3-bolt-opt（差异在 ±5% 内）
2026-04-29 13:57:03,880 INFO:     32               MallocBench_cfrac    0.99551052    0.98113209   +0.01437843  O3-bolt ≈ O3-bolt-opt（差异在 ±5% 内）
2026-04-29 13:57:03,880 INFO:     33            MallocBench_espresso    1.00337505    1.01785719   -0.01448214  O3-bolt ≈ O3-bolt-opt（差异在 ±5% 内）
2026-04-29 13:57:03,880 INFO:     34                  MallocBench_gs    0.99354970    0.94297349   +0.05057621  O3-bolt ≈ O3-bolt-opt（差异在 ±5% 内）
2026-04-29 13:57:03,880 INFO:     35                 McCat_01-qbsort    1.00229061    0.97737557   +0.02491504  O3-bolt ≈ O3-bolt-opt（差异在 ±5% 内）
2026-04-29 13:57:03,881 INFO:     36                 McCat_04-bisect    0.98896593    1.10337555   -0.11440963  O3-bolt ≈ O3-bolt-opt（差异在 ±5% 内）
2026-04-29 13:57:03,881 INFO:     37                   McCat_08-main    0.97765201    1.00000000   -0.02234799  O3-bolt ≈ O3-bolt-opt（差异在 ±5% 内）
2026-04-29 13:57:03,881 INFO:     38                    McCat_09-vor    0.99611855    1.01600003   -0.01988149  O3-bolt ≈ O3-bolt-opt（差异在 ±5% 内）
2026-04-29 13:57:03,881 INFO:     39                 McCat_12-IOtest    1.00834668    0.99324322   +0.01510346  O3-bolt ≈ O3-bolt-opt（差异在 ±5% 内）
2026-04-29 13:57:03,881 INFO:     40                   McCat_15-trie    1.01030433    1.02257168   -0.01226735  O3-bolt ≈ O3-bolt-opt（差异在 ±5% 内）
2026-04-29 13:57:03,881 INFO:     41                  McCat_17-bintr    0.99393362    1.00000000   -0.00606638  O3-bolt ≈ O3-bolt-opt（差异在 ±5% 内）
2026-04-29 13:57:03,881 INFO:     42                    McCat_18-imp    1.00775790    1.09950864   -0.09175074  O3-bolt ≈ O3-bolt-opt（差异在 ±5% 内）
2026-04-29 13:57:03,881 INFO:     43    MiBench_automotive-basicmath    1.01241386    1.00000000   +0.01241386  O3-bolt ≈ O3-bolt-opt（差异在 ±5% 内）
2026-04-29 13:57:03,881 INFO:     44     MiBench_automotive-bitcount    0.98740524    0.96551722   +0.02188802  O3-bolt ≈ O3-bolt-opt（差异在 ±5% 内）
2026-04-29 13:57:03,881 INFO:     45        MiBench_automotive-susan    0.99059492    0.98684210   +0.00375283  O3-bolt ≈ O3-bolt-opt（差异在 ±5% 内）
2026-04-29 13:57:03,882 INFO:     46           MiBench_consumer-jpeg    1.00340998    0.98716003   +0.01624995  O3-bolt ≈ O3-bolt-opt（差异在 ±5% 内）
2026-04-29 13:57:03,882 INFO:     47           MiBench_consumer-lame    0.98554373    0.98795182   -0.00240809  O3-bolt ≈ O3-bolt-opt（差异在 ±5% 内）
2026-04-29 13:57:03,882 INFO:     48        MiBench_consumer-typeset    1.01399374    0.98859930   +0.02539444  O3-bolt ≈ O3-bolt-opt（差异在 ±5% 内）
2026-04-29 13:57:03,882 INFO:     49        MiBench_network-dijkstra    0.97949582    0.92191052   +0.05758530  O3-bolt ≈ O3-bolt-opt（差异在 ±5% 内）
2026-04-29 13:57:03,882 INFO:     50        MiBench_network-patricia    0.99968356    0.99571735   +0.00396621  O3-bolt ≈ O3-bolt-opt（差异在 ±5% 内）
2026-04-29 13:57:03,882 INFO:     51           MiBench_office-ispell    1.02400804    1.00658286   +0.01742518  O3-bolt ≈ O3-bolt-opt（差异在 ±5% 内）
2026-04-29 13:57:03,882 INFO:     52     MiBench_office-stringsearch    1.01822793    1.01574588   +0.00248206  O3-bolt ≈ O3-bolt-opt（差异在 ±5% 内）
2026-04-29 13:57:03,882 INFO:     53       MiBench_security-rijndael    0.99901497    1.05910993   -0.06009495  O3-bolt ≈ O3-bolt-opt（差异在 ±5% 内）
2026-04-29 13:57:03,882 INFO:     54            MiBench_security-sha    1.00356913    1.00746751   -0.00389838  O3-bolt ≈ O3-bolt-opt（差异在 ±5% 内）
2026-04-29 13:57:03,883 INFO:     55          MiBench_telecomm-CRC32    1.00445092    1.00688076   -0.00242984  O3-bolt ≈ O3-bolt-opt（差异在 ±5% 内）
2026-04-29 13:57:03,883 INFO:     56            MiBench_telecomm-FFT    0.99936420    0.99694890   +0.00241530  O3-bolt ≈ O3-bolt-opt（差异在 ±5% 内）
2026-04-29 13:57:03,883 INFO:     57          MiBench_telecomm-adpcm    0.99700594    0.99757868   -0.00057274  O3-bolt ≈ O3-bolt-opt（差异在 ±5% 内）
2026-04-29 13:57:03,883 INFO:     58            MiBench_telecomm-gsm    0.98732948    0.99284011   -0.00551063  O3-bolt ≈ O3-bolt-opt（差异在 ±5% 内）
2026-04-29 13:57:03,883 INFO:     59                   NPB-serial_is    0.99922323    1.00000000   -0.00077677  O3-bolt ≈ O3-bolt-opt（差异在 ±5% 内）
2026-04-29 13:57:03,883 INFO:     60                        Olden_bh    0.99030101    1.00000000   -0.00969899  O3-bolt ≈ O3-bolt-opt（差异在 ±5% 内）
2026-04-29 13:57:03,883 INFO:     61                    Olden_bisort    0.98205549    0.98913044   -0.00707495  O3-bolt ≈ O3-bolt-opt（差异在 ±5% 内）
2026-04-29 13:57:03,883 INFO:     62                      Olden_em3d    1.02982473    1.64285719   -0.61303246  O3-bolt ≈ O3-bolt-opt（差异在 ±5% 内）
2026-04-29 13:57:03,884 INFO:     63                    Olden_health    0.99106258    1.00000000   -0.00893742  O3-bolt ≈ O3-bolt-opt（差异在 ±5% 内）
2026-04-29 13:57:03,884 INFO:     64                       Olden_mst    0.97240579    1.00199997   -0.02959418  O3-bolt ≈ O3-bolt-opt（差异在 ±5% 内）
2026-04-29 13:57:03,884 INFO:     65                 Olden_perimeter    0.99582714    0.99115044   +0.00467670  O3-bolt ≈ O3-bolt-opt（差异在 ±5% 内）
2026-04-29 13:57:03,884 INFO:     66                     Olden_power    0.94512200    0.98701298   -0.04189098  O3-bolt-opt 优于 O3-bolt（快 5.5%，加速比 1.06x）
2026-04-29 13:57:03,884 INFO:     67                   Olden_treeadd    1.00515199    1.00487804   +0.00027394  O3-bolt ≈ O3-bolt-opt（差异在 ±5% 内）
2026-04-29 13:57:03,884 INFO:     68                       Olden_tsp    0.99637800    1.01149428   -0.01511627  O3-bolt ≈ O3-bolt-opt（差异在 ±5% 内）
2026-04-29 13:57:03,884 INFO:     69                   Olden_voronoi    0.98195869    1.00606060   -0.02410191  O3-bolt ≈ O3-bolt-opt（差异在 ±5% 内）
2026-04-29 13:57:03,884 INFO:     70                           PAQ8p    0.99262530    1.00000000   -0.00737470  O3-bolt ≈ O3-bolt-opt（差异在 ±5% 内）
2026-04-29 13:57:03,884 INFO:     71                 Prolangs-C++_NP    1.01807225    1.02391160   -0.00583935  O3-bolt ≈ O3-bolt-opt（差异在 ±5% 内）
2026-04-29 13:57:03,885 INFO:     72             Prolangs-C++_deriv1    1.01783490    1.00143433   +0.01640058  O3-bolt ≈ O3-bolt-opt（差异在 ±5% 内）
2026-04-29 13:57:03,885 INFO:     73             Prolangs-C++_deriv2    1.01797402    1.00784409   +0.01012993  O3-bolt ≈ O3-bolt-opt（差异在 ±5% 内）
2026-04-29 13:57:03,885 INFO:     74             Prolangs-C++_employ    1.00382626    1.01038063   -0.00655437  O3-bolt ≈ O3-bolt-opt（差异在 ±5% 内）
2026-04-29 13:57:03,885 INFO:     75                Prolangs-C++_fsm    1.01876688    1.00829017   +0.01047671  O3-bolt ≈ O3-bolt-opt（差异在 ±5% 内）
2026-04-29 13:57:03,885 INFO:     76             Prolangs-C++_garage    1.01831603    1.00928879   +0.00902724  O3-bolt ≈ O3-bolt-opt（差异在 ±5% 内）
2026-04-29 13:57:03,885 INFO:     77               Prolangs-C++_life    1.00934505    1.02857149   -0.01922643  O3-bolt ≈ O3-bolt-opt（差异在 ±5% 内）
2026-04-29 13:57:03,885 INFO:     78            Prolangs-C++_objects    1.01840591    1.01456666   +0.00383925  O3-bolt ≈ O3-bolt-opt（差异在 ±5% 内）
2026-04-29 13:57:03,885 INFO:     79              Prolangs-C++_ocean    1.00872123    0.99203819   +0.01668304  O3-bolt ≈ O3-bolt-opt（差异在 ±5% 内）
2026-04-29 13:57:03,885 INFO:     80             Prolangs-C++_office    1.01700783    0.99761540   +0.01939243  O3-bolt ≈ O3-bolt-opt（差异在 ±5% 内）
2026-04-29 13:57:03,885 INFO:     81             Prolangs-C++_primes    0.97060466    0.95205480   +0.01854986  O3-bolt ≈ O3-bolt-opt（差异在 ±5% 内）
2026-04-29 13:57:03,885 INFO:     82             Prolangs-C++_shapes    1.01704431    1.00086033   +0.01618397  O3-bolt ≈ O3-bolt-opt（差异在 ±5% 内）
2026-04-29 13:57:03,886 INFO:     83              Prolangs-C++_simul    1.00728571    0.99266934   +0.01461637  O3-bolt ≈ O3-bolt-opt（差异在 ±5% 内）
2026-04-29 13:57:03,886 INFO:     84              Prolangs-C++_trees    1.01735115    1.02625501   -0.00890386  O3-bolt ≈ O3-bolt-opt（差异在 ±5% 内）
2026-04-29 13:57:03,886 INFO:     85         Prolangs-C_TimberWolfMC    1.02298462    1.01745570   +0.00552893  O3-bolt ≈ O3-bolt-opt（差异在 ±5% 内）
2026-04-29 13:57:03,886 INFO:     86                Prolangs-C_agrep    1.02103662    1.03104591   -0.01000929  O3-bolt ≈ O3-bolt-opt（差异在 ±5% 内）
2026-04-29 13:57:03,886 INFO:     87             Prolangs-C_allroots    1.02318978    1.01275063   +0.01043916  O3-bolt ≈ O3-bolt-opt（差异在 ±5% 内）
2026-04-29 13:57:03,886 INFO:     88        Prolangs-C_archie-client    1.02096307    1.01161587   +0.00934720  O3-bolt ≈ O3-bolt-opt（差异在 ±5% 内）
2026-04-29 13:57:03,886 INFO:     89                Prolangs-C_bison    1.00169253    0.99333072   +0.00836182  O3-bolt ≈ O3-bolt-opt（差异在 ±5% 内）
2026-04-29 13:57:03,886 INFO:     90                Prolangs-C_cdecl    1.01105523    1.01328838   -0.00223315  O3-bolt ≈ O3-bolt-opt（差异在 ±5% 内）
2026-04-29 13:57:03,886 INFO:     91             Prolangs-C_football    1.02119100    1.02120066   -0.00000966  O3-bolt ≈ O3-bolt-opt（差异在 ±5% 内）
2026-04-29 13:57:03,886 INFO:     92                Prolangs-C_gnugo    0.96913385    1.01735532   -0.04822147  O3-bolt ≈ O3-bolt-opt（差异在 ±5% 内）
2026-04-29 13:57:03,886 INFO:     93           Prolangs-C_unix-smail    1.02112031    1.00617516   +0.01494515  O3-bolt ≈ O3-bolt-opt（差异在 ±5% 内）
2026-04-29 13:57:03,887 INFO:     94             Prolangs-C_unix-tbl    1.02171659    1.01707256   +0.00464404  O3-bolt ≈ O3-bolt-opt（差异在 ±5% 内）
2026-04-29 13:57:03,887 INFO:     95                 Ptrdist_anagram    0.97712660    0.98333335   -0.00620675  O3-bolt ≈ O3-bolt-opt（差异在 ±5% 内）
2026-04-29 13:57:03,887 INFO:     96                      Ptrdist_bc    0.96366078    0.91612905   +0.04753172  O3-bolt ≈ O3-bolt-opt（差异在 ±5% 内）
2026-04-29 13:57:03,887 INFO:     97                      Ptrdist_ft    1.01233995    1.01999998   -0.00766003  O3-bolt ≈ O3-bolt-opt（差异在 ±5% 内）
2026-04-29 13:57:03,887 INFO:     98                      Ptrdist_ks    1.01409221    0.85074627   +0.16334593  O3-bolt ≈ O3-bolt-opt（差异在 ±5% 内）
2026-04-29 13:57:03,887 INFO:     99                   Ptrdist_yacr2    1.02302516    1.08333337   -0.06030822  O3-bolt ≈ O3-bolt-opt（差异在 ±5% 内）
2026-04-29 13:57:03,887 INFO:    100                Rodinia_backprop    1.02132022    1.00000000   +0.02132022  O3-bolt ≈ O3-bolt-opt（差异在 ±5% 内）
2026-04-29 13:57:03,887 INFO:    101                 Rodinia_hotspot    0.95871073    1.00389099   -0.04518026  O3-bolt ≈ O3-bolt-opt（差异在 ±5% 内）
2026-04-29 13:57:03,887 INFO:    102              Rodinia_pathfinder    1.00188279    1.00000000   +0.00188279  O3-bolt ≈ O3-bolt-opt（差异在 ±5% 内）
2026-04-29 13:57:03,887 INFO:    103                    Rodinia_srad    1.01038826    1.01098907   -0.00060081  O3-bolt ≈ O3-bolt-opt（差异在 ±5% 内）
2026-04-29 13:57:03,887 INFO:    104                      SciMark2-C    0.99825090    1.00000000   -0.00174910  O3-bolt ≈ O3-bolt-opt（差异在 ±5% 内）
2026-04-29 13:57:03,888 INFO:    105            TSVC_ControlFlow-dbl    1.02314961    1.00000000   +0.02314961  O3-bolt ≈ O3-bolt-opt（差异在 ±5% 内）
2026-04-29 13:57:03,888 INFO:    106            TSVC_ControlFlow-flt    1.02735806    1.06666672   -0.03930867  O3-bolt ≈ O3-bolt-opt（差异在 ±5% 内）
2026-04-29 13:57:03,888 INFO:    107           TSVC_ControlLoops-dbl    0.97865409    1.00000000   -0.02134591  O3-bolt ≈ O3-bolt-opt（差异在 ±5% 内）
2026-04-29 13:57:03,888 INFO:    108           TSVC_ControlLoops-flt    0.97537321    1.00000000   -0.02462679  O3-bolt ≈ O3-bolt-opt（差异在 ±5% 内）
2026-04-29 13:57:03,888 INFO:    109     TSVC_CrossingThresholds-dbl    0.99708676    1.00000000   -0.00291324  O3-bolt ≈ O3-bolt-opt（差异在 ±5% 内）
2026-04-29 13:57:03,888 INFO:    110     TSVC_CrossingThresholds-flt    0.99818522    1.00000000   -0.00181478  O3-bolt ≈ O3-bolt-opt（差异在 ±5% 内）
2026-04-29 13:57:03,888 INFO:    111          TSVC_Equivalencing-dbl    0.99367166    1.00000000   -0.00632834  O3-bolt ≈ O3-bolt-opt（差异在 ±5% 内）
2026-04-29 13:57:03,888 INFO:    112          TSVC_Equivalencing-flt    0.99353403    1.01282048   -0.01928645  O3-bolt ≈ O3-bolt-opt（差异在 ±5% 内）
2026-04-29 13:57:03,888 INFO:    113              TSVC_Expansion-dbl    0.99393195    1.00000000   -0.00606805  O3-bolt ≈ O3-bolt-opt（差异在 ±5% 内）
2026-04-29 13:57:03,889 INFO:    114              TSVC_Expansion-flt    0.99542832    1.03846157   -0.04303324  O3-bolt ≈ O3-bolt-opt（差异在 ±5% 内）
2026-04-29 13:57:03,889 INFO:    115         TSVC_GlobalDataFlow-dbl    0.99155152    1.00000000   -0.00844848  O3-bolt ≈ O3-bolt-opt（差异在 ±5% 内）
2026-04-29 13:57:03,889 INFO:    116         TSVC_GlobalDataFlow-flt    0.97124571    1.00000000   -0.02875429  O3-bolt ≈ O3-bolt-opt（差异在 ±5% 内）
2026-04-29 13:57:03,889 INFO:    117     TSVC_IndirectAddressing-dbl    0.99579036    0.92307693   +0.07271343  O3-bolt ≈ O3-bolt-opt（差异在 ±5% 内）
2026-04-29 13:57:03,889 INFO:    118     TSVC_IndirectAddressing-flt    0.99758416    0.92307693   +0.07450724  O3-bolt ≈ O3-bolt-opt（差异在 ±5% 内）
2026-04-29 13:57:03,889 INFO:    119      TSVC_InductionVariable-dbl    0.99892956    1.09090912   -0.09197956  O3-bolt ≈ O3-bolt-opt（差异在 ±5% 内）
2026-04-29 13:57:03,889 INFO:    120      TSVC_InductionVariable-flt    0.99769306    1.00000000   -0.00230694  O3-bolt ≈ O3-bolt-opt（差异在 ±5% 内）
2026-04-29 13:57:03,889 INFO:    121       TSVC_LinearDependence-dbl    0.99559432    1.00000000   -0.00440568  O3-bolt ≈ O3-bolt-opt（差异在 ±5% 内）
2026-04-29 13:57:03,889 INFO:    122       TSVC_LinearDependence-flt    0.99232346    0.93103451   +0.06128895  O3-bolt ≈ O3-bolt-opt（差异在 ±5% 内）
2026-04-29 13:57:03,889 INFO:    123          TSVC_LoopRerolling-dbl    0.99737644    1.00000000   -0.00262356  O3-bolt ≈ O3-bolt-opt（差异在 ±5% 内）
2026-04-29 13:57:03,889 INFO:    124          TSVC_LoopRerolling-flt    0.99513900    1.00000000   -0.00486100  O3-bolt ≈ O3-bolt-opt（差异在 ±5% 内）
2026-04-29 13:57:03,890 INFO:    125      TSVC_LoopRestructuring-dbl    1.00104964    1.00000000   +0.00104964  O3-bolt ≈ O3-bolt-opt（差异在 ±5% 内）
2026-04-29 13:57:03,890 INFO:    126      TSVC_LoopRestructuring-flt    0.99117035    1.00000000   -0.00882965  O3-bolt ≈ O3-bolt-opt（差异在 ±5% 内）
2026-04-29 13:57:03,890 INFO:    127          TSVC_NodeSplitting-dbl    0.99759072    0.92307693   +0.07451379  O3-bolt ≈ O3-bolt-opt（差异在 ±5% 内）
2026-04-29 13:57:03,890 INFO:    128          TSVC_NodeSplitting-flt    0.99785942    1.06666672   -0.06880730  O3-bolt ≈ O3-bolt-opt（差异在 ±5% 内）
2026-04-29 13:57:03,890 INFO:    129                TSVC_Packing-dbl    1.03385603    1.27272725   -0.23887122  O3-bolt ≈ O3-bolt-opt（差异在 ±5% 内）
2026-04-29 13:57:03,890 INFO:    130                TSVC_Packing-flt    1.03457117    1.25000000   -0.21542883  O3-bolt ≈ O3-bolt-opt（差异在 ±5% 内）
2026-04-29 13:57:03,890 INFO:    131            TSVC_Recurrences-dbl    0.97619832    1.00000000   -0.02380168  O3-bolt ≈ O3-bolt-opt（差异在 ±5% 内）
2026-04-29 13:57:03,890 INFO:    132            TSVC_Recurrences-flt    0.94361228    1.00000000   -0.05638772  O3-bolt-opt 优于 O3-bolt（快 5.6%，加速比 1.06x）
2026-04-29 13:57:03,890 INFO:    133             TSVC_Reductions-dbl    0.99849087    1.00000000   -0.00150913  O3-bolt ≈ O3-bolt-opt（差异在 ±5% 内）
2026-04-29 13:57:03,891 INFO:    134             TSVC_Reductions-flt    1.00003111    1.00000000   +0.00003111  O3-bolt ≈ O3-bolt-opt（差异在 ±5% 内）
2026-04-29 13:57:03,891 INFO:    135              TSVC_Searching-dbl    1.00006044    1.00000000   +0.00006044  O3-bolt ≈ O3-bolt-opt（差异在 ±5% 内）
2026-04-29 13:57:03,891 INFO:    136              TSVC_Searching-flt    0.99312007    1.00000000   -0.00687993  O3-bolt ≈ O3-bolt-opt（差异在 ±5% 内）
2026-04-29 13:57:03,891 INFO:    137    TSVC_StatementReordering-dbl    0.99660444    1.00000000   -0.00339556  O3-bolt ≈ O3-bolt-opt（差异在 ±5% 内）
2026-04-29 13:57:03,891 INFO:    138    TSVC_StatementReordering-flt    0.99730754    1.00000000   -0.00269246  O3-bolt ≈ O3-bolt-opt（差异在 ±5% 内）
2026-04-29 13:57:03,891 INFO:    139              TSVC_Symbolics-dbl    0.99824727    0.94736844   +0.05087882  O3-bolt ≈ O3-bolt-opt（差异在 ±5% 内）
2026-04-29 13:57:03,891 INFO:    140              TSVC_Symbolics-flt    1.00466859    0.91891891   +0.08574969  O3-bolt ≈ O3-bolt-opt（差异在 ±5% 内）
2026-04-29 13:57:03,891 INFO:    141               Trimaran_enc-3des    1.00036526    1.04347825   -0.04311299  O3-bolt ≈ O3-bolt-opt（差异在 ±5% 内）
2026-04-29 13:57:03,892 INFO:    142                Trimaran_enc-md5    1.00678647    1.00000000   +0.00678647  O3-bolt ≈ O3-bolt-opt（差异在 ±5% 内）
2026-04-29 13:57:03,892 INFO:    143                Trimaran_enc-pc1    1.00744355    1.00000000   +0.00744355  O3-bolt ≈ O3-bolt-opt（差异在 ±5% 内）
2026-04-29 13:57:03,892 INFO:    144                Trimaran_enc-rc4    1.00044823    1.00000000   +0.00044823  O3-bolt ≈ O3-bolt-opt（差异在 ±5% 内）
2026-04-29 13:57:03,892 INFO:    145           Trimaran_netbench-crc    0.99511188    1.00000000   -0.00488812  O3-bolt ≈ O3-bolt-opt（差异在 ±5% 内）
2026-04-29 13:57:03,892 INFO:    146           Trimaran_netbench-url    1.01948190    1.00000000   +0.01948190  O3-bolt ≈ O3-bolt-opt（差异在 ±5% 内）
2026-04-29 13:57:03,892 INFO:    147                VersaBench_8b10b    1.02624953    0.88888890   +0.13736063  O3-bolt ≈ O3-bolt-opt（差异在 ±5% 内）
2026-04-29 13:57:03,892 INFO:    148           VersaBench_beamformer    1.00146568    1.00000000   +0.00146568  O3-bolt ≈ O3-bolt-opt（差异在 ±5% 内）
2026-04-29 13:57:03,892 INFO:    149                  VersaBench_bmm    1.00738084    1.00000000   +0.00738084  O3-bolt ≈ O3-bolt-opt（差异在 ±5% 内）
2026-04-29 13:57:03,892 INFO:    150                 VersaBench_dbms    1.00228655    1.00000000   +0.00228655  O3-bolt ≈ O3-bolt-opt（差异在 ±5% 内）
2026-04-29 13:57:03,892 INFO:    151               VersaBench_ecbdes    1.00249994    1.00000000   +0.00249994  O3-bolt ≈ O3-bolt-opt（差异在 ±5% 内）
2026-04-29 13:57:03,892 INFO:    152                    llubenchmark    1.02442539    1.00000000   +0.02442539  O3-bolt ≈ O3-bolt-opt（差异在 ±5% 内）
2026-04-29 13:57:03,893 INFO:    153                           mafft    1.01974177    1.00000000   +0.01974177  O3-bolt ≈ O3-bolt-opt（差异在 ±5% 内）
2026-04-29 13:57:03,893 INFO:    154      mediabench_adpcm_rawcaudio    1.00244164    1.00704527   -0.00460362  O3-bolt ≈ O3-bolt-opt（差异在 ±5% 内）
2026-04-29 13:57:03,893 INFO:    155      mediabench_adpcm_rawdaudio    0.99917740    1.01659405   -0.01741666  O3-bolt ≈ O3-bolt-opt（差异在 ±5% 内）
2026-04-29 13:57:03,893 INFO:    156      mediabench_g721_g721encode    0.98394036    0.99612403   -0.01218367  O3-bolt ≈ O3-bolt-opt（差异在 ±5% 内）
2026-04-29 13:57:03,893 INFO:    157            mediabench_gsm_toast    1.00702190    0.99899191   +0.00803000  O3-bolt ≈ O3-bolt-opt（差异在 ±5% 内）
2026-04-29 13:57:03,893 INFO:    158         mediabench_jpeg_jpeg-6a    1.00348651    1.01964355   -0.01615703  O3-bolt ≈ O3-bolt-opt（差异在 ±5% 内）
2026-04-29 13:57:03,893 INFO:    159       mediabench_mpeg2_mpeg2dec    0.96327364    0.95862961   +0.00464404  O3-bolt ≈ O3-bolt-opt（差异在 ±5% 内）
2026-04-29 13:57:03,893 INFO:    160                          nbench    0.99963558    0.93939394   +0.06024164  O3-bolt ≈ O3-bolt-opt（差异在 ±5% 内）
2026-04-29 13:57:03,893 INFO:    161                      tramp3d-v4    0.99798030    0.99317408   +0.00480622  O3-bolt ≈ O3-bolt-opt（差异在 ±5% 内）
2026-04-29 13:57:03,894 INFO: 
  ── 验证指标 ──
2026-04-29 13:57:03,894 INFO:   MAE  = 0.032256
2026-04-29 13:57:03,894 INFO:   MSE  = 0.007214
2026-04-29 13:57:03,894 INFO:   RMSE = 0.084937
2026-04-29 13:57:03,894 INFO:   方向准确率 = 94/161 (58.4%)
2026-04-29 13:57:03,894 INFO:   预测 O3-bolt 更优: 78/161  (真实: 117/161)
2026-04-29 13:57:03,894 INFO:   方向准确率（排除 ±5%）= 21/29 (72.4%)
2026-04-29 13:57:03,896 INFO:   结构化结果: checkpoints/transformer/fixed_time_best/infer_samples_O3-bolt_vs_O3-bolt-opt.csv
2026-04-29 13:57:03,897 INFO:   摘要结果: checkpoints/transformer/fixed_time_best/infer_summary_O3-bolt_vs_O3-bolt-opt.json
2026-04-29 13:57:03,897 INFO: 
