2026-04-29 13:56:19,325 INFO: 自动选择设备: directml
2026-04-29 13:56:19,325 INFO: 设备: privateuseone:0
2026-04-29 13:56:19,325 INFO: 设备类型: directml
2026-04-29 13:56:19,325 INFO: 日志输出目录: checkpoints/cnn/fixed_time_best
2026-04-29 13:56:19,326 INFO: 从指定配置文件加载: checkpoints/cnn/fixed_time_best/cnn_best_time.json
2026-04-29 13:56:19,901 INFO: 模型加载完成: checkpoints/cnn/fixed_time_best/cnn_best_time.pt  (设备: privateuseone:0)
2026-04-29 13:56:19,901 INFO: 模型类型: cnn
2026-04-29 13:56:19,902 INFO: 模型参数: {'in_features': 6, 'mlp_hidden': 256, 'dropout': 0.25, 'cnn_hidden': 128, 'cnn_out': 256}
2026-04-29 13:56:19,902 INFO: log-target 模式: 推理时将自动应用 exp() 变换
2026-04-29 13:56:19,902 INFO: pair-swap 训练增强: True（此为训练时数据增强，不影响推理逻辑）
2026-04-29 13:56:20,011 INFO: 已应用 exp() 变换（log-target 模式）
2026-04-29 13:56:20,013 INFO: ========================================================================
2026-04-29 13:56:20,013 INFO: 版本对: O1-g_vs_O3-g  (O1-g vs O3-g)  共 163 个程序
2026-04-29 13:56:20,013 INFO: 标签模式: fixed_time
2026-04-29 13:56:20,013 INFO: 标签定义: Y = N_v1 / N_v2 (throughput ratio in a fixed window)
2026-04-29 13:56:20,013 INFO: 判定方向: Y >= 1 视为 O1-g 更快，Y < 1 视为 O3-g 更快
2026-04-29 13:56:20,013 INFO: 统计口径: 方向准确率按 same-side(Y=1.0) 统计；展示结论仍使用 judge() 的 ±5%% 区间
2026-04-29 13:56:20,013 INFO: ========================================================================
2026-04-29 13:56:20,013 INFO:      #                              程序          预测 Ŷ          真实 Y            误差  判断
2026-04-29 13:56:20,014 INFO:   ------------------------------------------------------------------------------------
2026-04-29 13:56:20,014 INFO:      1                            7zip    1.00000906    1.00000000   +0.00000906  O1-g ≈ O3-g（差异在 ±5% 内）
2026-04-29 13:56:20,014 INFO:      2             ASCI_Purple_SMG2000    0.99964392    0.87500000   +0.12464392  O1-g ≈ O3-g（差异在 ±5% 内）
2026-04-29 13:56:20,014 INFO:      3               ASC_Sequoia_AMGmk    0.72567767    0.66666669   +0.05901098  O3-g 优于 O1-g（快 27.4%，加速比 1.38x）
2026-04-29 13:56:20,014 INFO:      4           ASC_Sequoia_CrystalMk    0.96652168    0.92857140   +0.03795028  O1-g ≈ O3-g（差异在 ±5% 内）
2026-04-29 13:56:20,015 INFO:      5               ASC_Sequoia_IRSmk    1.00033617    0.66666669   +0.33366948  O1-g ≈ O3-g（差异在 ±5% 内）
2026-04-29 13:56:20,015 INFO:      6                  BitBench_drop3    0.99998039    0.99411762   +0.00586277  O1-g ≈ O3-g（差异在 ±5% 内）
2026-04-29 13:56:20,015 INFO:      7                 BitBench_five11    0.99969196    1.05263162   -0.05293965  O1-g ≈ O3-g（差异在 ±5% 内）
2026-04-29 13:56:20,015 INFO:      8               BitBench_uudecode    0.99764431    0.28747046   +0.71017385  O1-g ≈ O3-g（差异在 ±5% 内）
2026-04-29 13:56:20,015 INFO:      9               BitBench_uuencode    0.99997139    0.95510203   +0.04486936  O1-g ≈ O3-g（差异在 ±5% 内）
2026-04-29 13:56:20,015 INFO:     10                          Bullet    1.00016296    0.90909094   +0.09107202  O1-g ≈ O3-g（差异在 ±5% 内）
2026-04-29 13:56:20,015 INFO:     11         DOE-ProxyApps-C++_CLAMR    0.99997073    1.03225803   -0.03228730  O1-g ≈ O3-g（差异在 ±5% 内）
2026-04-29 13:56:20,015 INFO:     12   DOE-ProxyApps-C++_HACCKernels    0.99920821    0.95238096   +0.04682726  O1-g ≈ O3-g（差异在 ±5% 内）
2026-04-29 13:56:20,015 INFO:     13         DOE-ProxyApps-C++_HPCCG    0.91475314    1.00000000   -0.08524686  O3-g 优于 O1-g（快 8.5%，加速比 1.09x）
2026-04-29 13:56:20,015 INFO:     14       DOE-ProxyApps-C++_PENNANT    0.99997687    0.89285713   +0.10711974  O1-g ≈ O3-g（差异在 ±5% 内）
2026-04-29 13:56:20,016 INFO:     15        DOE-ProxyApps-C++_miniFE    0.87756312    0.91666669   -0.03910357  O3-g 优于 O1-g（快 12.2%，加速比 1.14x）
2026-04-29 13:56:20,016 INFO:     16            DOE-ProxyApps-C_CoMD    0.99979126    0.95652175   +0.04326952  O1-g ≈ O3-g（差异在 ±5% 内）
2026-04-29 13:56:20,016 INFO:     17      DOE-ProxyApps-C_Pathfinder    1.00005519    1.00000000   +0.00005519  O1-g ≈ O3-g（差异在 ±5% 内）
2026-04-29 13:56:20,016 INFO:     18         DOE-ProxyApps-C_RSBench    0.99997598    0.99248123   +0.00749475  O1-g ≈ O3-g（差异在 ±5% 内）
2026-04-29 13:56:20,016 INFO:     19       DOE-ProxyApps-C_SimpleMOC    0.99995410    0.78125000   +0.21870410  O1-g ≈ O3-g（差异在 ±5% 内）
2026-04-29 13:56:20,016 INFO:     20         DOE-ProxyApps-C_XSBench    0.99976307    0.93333334   +0.06642973  O1-g ≈ O3-g（差异在 ±5% 内）
2026-04-29 13:56:20,016 INFO:     21         DOE-ProxyApps-C_miniAMR    1.00005245    0.91379309   +0.08625937  O1-g ≈ O3-g（差异在 ±5% 内）
2026-04-29 13:56:20,016 INFO:     22         DOE-ProxyApps-C_miniGMG    1.00004780    0.90476191   +0.09528589  O1-g ≈ O3-g（差异在 ±5% 内）
2026-04-29 13:56:20,016 INFO:     23                     Fhourstones    0.99982613    0.94545454   +0.05437160  O1-g ≈ O3-g（差异在 ±5% 内）
2026-04-29 13:56:20,016 INFO:     24                 Fhourstones-3.1    0.99996310    1.00000000   -0.00003690  O1-g ≈ O3-g（差异在 ±5% 内）
2026-04-29 13:56:20,016 INFO:     25              FreeBench_analyzer    0.99953467    0.97503120   +0.02450347  O1-g ≈ O3-g（差异在 ±5% 内）
2026-04-29 13:56:20,017 INFO:     26               FreeBench_distray    0.99997824    0.93877554   +0.06120270  O1-g ≈ O3-g（差异在 ±5% 内）
2026-04-29 13:56:20,017 INFO:     27            FreeBench_fourinarow    0.99600106    1.28571427   -0.28971320  O1-g ≈ O3-g（差异在 ±5% 内）
2026-04-29 13:56:20,017 INFO:     28                 FreeBench_mason    0.99997866    1.08171201   -0.08173335  O1-g ≈ O3-g（差异在 ±5% 内）
2026-04-29 13:56:20,017 INFO:     29                FreeBench_neural    0.99993426    1.00268817   -0.00275391  O1-g ≈ O3-g（差异在 ±5% 内）
2026-04-29 13:56:20,017 INFO:     30            FreeBench_pcompress2    0.99999523    0.96084338   +0.03915185  O1-g ≈ O3-g（差异在 ±5% 内）
2026-04-29 13:56:20,017 INFO:     31                 FreeBench_pifft    1.00043046    0.92307693   +0.07735354  O1-g ≈ O3-g（差异在 ±5% 内）
2026-04-29 13:56:20,017 INFO:     32               MallocBench_cfrac    0.99999416    0.98113209   +0.01886207  O1-g ≈ O3-g（差异在 ±5% 内）
2026-04-29 13:56:20,017 INFO:     33            MallocBench_espresso    1.00031602    0.97391301   +0.02640301  O1-g ≈ O3-g（差异在 ±5% 内）
2026-04-29 13:56:20,017 INFO:     34                  MallocBench_gs    0.99999821    1.15406764   -0.15406942  O1-g ≈ O3-g（差异在 ±5% 内）
2026-04-29 13:56:20,017 INFO:     35                 McCat_01-qbsort    0.99982393    1.03245747   -0.03263354  O1-g ≈ O3-g（差异在 ±5% 内）
2026-04-29 13:56:20,017 INFO:     36               McCat_03-testtrie    0.99969369    0.99137932   +0.00831437  O1-g ≈ O3-g（差异在 ±5% 内）
2026-04-29 13:56:20,017 INFO:     37                 McCat_04-bisect    0.99992293    0.91586995   +0.08405298  O1-g ≈ O3-g（差异在 ±5% 内）
2026-04-29 13:56:20,018 INFO:     38                   McCat_08-main    0.99999344    1.01509428   -0.01510084  O1-g ≈ O3-g（差异在 ±5% 内）
2026-04-29 13:56:20,018 INFO:     39                    McCat_09-vor    0.99995649    0.98947370   +0.01048279  O1-g ≈ O3-g（差异在 ±5% 内）
2026-04-29 13:56:20,018 INFO:     40                 McCat_12-IOtest    0.99989808    1.00680268   -0.00690460  O1-g ≈ O3-g（差异在 ±5% 内）
2026-04-29 13:56:20,018 INFO:     41                   McCat_15-trie    1.00005734    1.00274479   -0.00268745  O1-g ≈ O3-g（差异在 ±5% 内）
2026-04-29 13:56:20,018 INFO:     42                  McCat_17-bintr    1.00182486    1.00000000   +0.00182486  O1-g ≈ O3-g（差异在 ±5% 内）
2026-04-29 13:56:20,018 INFO:     43                    McCat_18-imp    0.99995041    0.98770952   +0.01224089  O1-g ≈ O3-g（差异在 ±5% 内）
2026-04-29 13:56:20,018 INFO:     44    MiBench_automotive-basicmath    0.99983537    1.00000000   -0.00016463  O1-g ≈ O3-g（差异在 ±5% 内）
2026-04-29 13:56:20,018 INFO:     45     MiBench_automotive-bitcount    0.99997002    0.95950156   +0.04046845  O1-g ≈ O3-g（差异在 ±5% 内）
2026-04-29 13:56:20,018 INFO:     46        MiBench_automotive-susan    0.99997622    0.99555558   +0.00442064  O1-g ≈ O3-g（差异在 ±5% 内）
2026-04-29 13:56:20,018 INFO:     47           MiBench_consumer-jpeg    0.99998236    0.87112343   +0.12885892  O1-g ≈ O3-g（差异在 ±5% 内）
2026-04-29 13:56:20,018 INFO:     48           MiBench_consumer-lame    0.99989927    0.89939022   +0.10050905  O1-g ≈ O3-g（差异在 ±5% 内）
2026-04-29 13:56:20,018 INFO:     49        MiBench_consumer-typeset    1.00007319    0.99158585   +0.00848734  O1-g ≈ O3-g（差异在 ±5% 内）
2026-04-29 13:56:20,019 INFO:     50        MiBench_network-dijkstra    0.99971652    1.00082171   -0.00110519  O1-g ≈ O3-g（差异在 ±5% 内）
2026-04-29 13:56:20,019 INFO:     51        MiBench_network-patricia    1.00007403    1.00000000   +0.00007403  O1-g ≈ O3-g（差异在 ±5% 内）
2026-04-29 13:56:20,019 INFO:     52           MiBench_office-ispell    0.99997795    1.01087904   -0.01090109  O1-g ≈ O3-g（差异在 ±5% 内）
2026-04-29 13:56:20,019 INFO:     53     MiBench_office-stringsearch    0.99989522    0.95483136   +0.04506385  O1-g ≈ O3-g（差异在 ±5% 内）
2026-04-29 13:56:20,019 INFO:     54       MiBench_security-blowfish    0.99995488    0.98434114   +0.01561373  O1-g ≈ O3-g（差异在 ±5% 内）
2026-04-29 13:56:20,019 INFO:     55       MiBench_security-rijndael    1.00004745    0.93795377   +0.06209368  O1-g ≈ O3-g（差异在 ±5% 内）
2026-04-29 13:56:20,019 INFO:     56            MiBench_security-sha    0.99992281    0.74435848   +0.25556433  O1-g ≈ O3-g（差异在 ±5% 内）
2026-04-29 13:56:20,019 INFO:     57          MiBench_telecomm-CRC32    0.99973089    0.99772727   +0.00200361  O1-g ≈ O3-g（差异在 ±5% 内）
2026-04-29 13:56:20,019 INFO:     58            MiBench_telecomm-FFT    0.99999583    0.99155796   +0.00843787  O1-g ≈ O3-g（差异在 ±5% 内）
2026-04-29 13:56:20,019 INFO:     59          MiBench_telecomm-adpcm    0.99991876    1.00485432   -0.00493556  O1-g ≈ O3-g（差异在 ±5% 内）
2026-04-29 13:56:20,019 INFO:     60            MiBench_telecomm-gsm    0.99975586    0.86778843   +0.13196743  O1-g ≈ O3-g（差异在 ±5% 内）
2026-04-29 13:56:20,020 INFO:     61                   NPB-serial_is    0.98589319    1.00000000   -0.01410681  O1-g ≈ O3-g（差异在 ±5% 内）
2026-04-29 13:56:20,020 INFO:     62                        Olden_bh    0.99979687    1.21875000   -0.21895313  O1-g ≈ O3-g（差异在 ±5% 内）
2026-04-29 13:56:20,020 INFO:     63                    Olden_bisort    0.99998075    0.98888886   +0.01109189  O1-g ≈ O3-g（差异在 ±5% 内）
2026-04-29 13:56:20,020 INFO:     64                      Olden_em3d    0.98829710    1.00000000   -0.01170290  O1-g ≈ O3-g（差异在 ±5% 内）
2026-04-29 13:56:20,020 INFO:     65                    Olden_health    0.99997485    0.96174866   +0.03822619  O1-g ≈ O3-g（差异在 ±5% 内）
2026-04-29 13:56:20,020 INFO:     66                       Olden_mst    0.99997991    1.01408446   -0.01410455  O1-g ≈ O3-g（差异在 ±5% 内）
2026-04-29 13:56:20,020 INFO:     67                 Olden_perimeter    0.99996996    0.94144142   +0.05852854  O1-g ≈ O3-g（差异在 ±5% 内）
2026-04-29 13:56:20,020 INFO:     68                     Olden_power    0.99997473    0.75000000   +0.24997473  O1-g ≈ O3-g（差异在 ±5% 内）
2026-04-29 13:56:20,020 INFO:     69                   Olden_treeadd    0.99992704    0.99509805   +0.00482899  O1-g ≈ O3-g（差异在 ±5% 内）
2026-04-29 13:56:20,020 INFO:     70                       Olden_tsp    1.00002337    0.95402300   +0.04600036  O1-g ≈ O3-g（差异在 ±5% 内）
2026-04-29 13:56:20,020 INFO:     71                   Olden_voronoi    0.99999613    0.98787880   +0.01211733  O1-g ≈ O3-g（差异在 ±5% 内）
2026-04-29 13:56:20,021 INFO:     72                 Prolangs-C++_NP    1.00001764    0.99894428   +0.00107336  O1-g ≈ O3-g（差异在 ±5% 内）
2026-04-29 13:56:20,021 INFO:     73             Prolangs-C++_deriv1    1.00001442    0.99585509   +0.00415933  O1-g ≈ O3-g（差异在 ±5% 内）
2026-04-29 13:56:20,021 INFO:     74             Prolangs-C++_deriv2    1.00002050    1.01316845   -0.01314795  O1-g ≈ O3-g（差异在 ±5% 内）
2026-04-29 13:56:20,021 INFO:     75             Prolangs-C++_employ    0.99991971    1.00136423   -0.00144452  O1-g ≈ O3-g（差异在 ±5% 内）
2026-04-29 13:56:20,021 INFO:     76                Prolangs-C++_fsm    1.00002193    1.01510620   -0.01508427  O1-g ≈ O3-g（差异在 ±5% 内）
2026-04-29 13:56:20,021 INFO:     77             Prolangs-C++_garage    1.00002265    0.99168032   +0.00834233  O1-g ≈ O3-g（差异在 ±5% 内）
2026-04-29 13:56:20,021 INFO:     78               Prolangs-C++_life    0.99988687    0.97222221   +0.02766466  O1-g ≈ O3-g（差异在 ±5% 内）
2026-04-29 13:56:20,021 INFO:     79            Prolangs-C++_objects    1.00002635    1.00194526   -0.00191891  O1-g ≈ O3-g（差异在 ±5% 内）
2026-04-29 13:56:20,021 INFO:     80              Prolangs-C++_ocean    0.99978405    1.00159490   -0.00181085  O1-g ≈ O3-g（差异在 ±5% 内）
2026-04-29 13:56:20,021 INFO:     81             Prolangs-C++_office    1.00002038    1.01277828   -0.01275790  O1-g ≈ O3-g（差异在 ±5% 内）
2026-04-29 13:56:20,022 INFO:     82             Prolangs-C++_primes    0.56660265    0.45652175   +0.11008090  O3-g 优于 O1-g（快 43.3%，加速比 1.76x）
2026-04-29 13:56:20,022 INFO:     83             Prolangs-C++_shapes    1.00004101    1.00199425   -0.00195324  O1-g ≈ O3-g（差异在 ±5% 内）
2026-04-29 13:56:20,022 INFO:     84              Prolangs-C++_simul    0.99997377    0.90586931   +0.09410447  O1-g ≈ O3-g（差异在 ±5% 内）
2026-04-29 13:56:20,022 INFO:     85              Prolangs-C++_trees    1.00003290    1.00201046   -0.00197756  O1-g ≈ O3-g（差异在 ±5% 内）
2026-04-29 13:56:20,022 INFO:     86         Prolangs-C_TimberWolfMC    1.00018728    0.97721088   +0.02297640  O1-g ≈ O3-g（差异在 ±5% 内）
2026-04-29 13:56:20,022 INFO:     87        Prolangs-C_archie-client    1.00019205    1.00627613   -0.00608408  O1-g ≈ O3-g（差异在 ±5% 内）
2026-04-29 13:56:20,022 INFO:     88            Prolangs-C_assembler    1.00018764    1.01347923   -0.01329160  O1-g ≈ O3-g（差异在 ±5% 内）
2026-04-29 13:56:20,022 INFO:     89                Prolangs-C_bison    1.00009370    0.99442405   +0.00566965  O1-g ≈ O3-g（差异在 ±5% 内）
2026-04-29 13:56:20,022 INFO:     90                Prolangs-C_cdecl    0.99996525    1.02129173   -0.02132648  O1-g ≈ O3-g（差异在 ±5% 内）
2026-04-29 13:56:20,023 INFO:     91             Prolangs-C_compiler    1.00021017    1.01307702   -0.01286685  O1-g ≈ O3-g（差异在 ±5% 内）
2026-04-29 13:56:20,023 INFO:     92            Prolangs-C_fixoutput    1.00020695    1.00669038   -0.00648344  O1-g ≈ O3-g（差异在 ±5% 内）
2026-04-29 13:56:20,023 INFO:     93             Prolangs-C_football    1.00018477    1.01447296   -0.01428819  O1-g ≈ O3-g（差异在 ±5% 内）
2026-04-29 13:56:20,023 INFO:     94                Prolangs-C_gnugo    0.99976301    0.95857024   +0.04119277  O1-g ≈ O3-g（差异在 ±5% 内）
2026-04-29 13:56:20,023 INFO:     95               Prolangs-C_loader    1.00019407    1.02619088   -0.02599680  O1-g ≈ O3-g（差异在 ±5% 内）
2026-04-29 13:56:20,023 INFO:     96            Prolangs-C_simulator    1.00017846    0.99519402   +0.00498444  O1-g ≈ O3-g（差异在 ±5% 内）
2026-04-29 13:56:20,023 INFO:     97                 Ptrdist_anagram    0.99997628    0.96610171   +0.03387457  O1-g ≈ O3-g（差异在 ±5% 内）
2026-04-29 13:56:20,023 INFO:     98                      Ptrdist_bc    0.99963033    1.00000000   -0.00036967  O1-g ≈ O3-g（差异在 ±5% 内）
2026-04-29 13:56:20,023 INFO:     99                      Ptrdist_ft    0.63651067    0.74000001   -0.10348934  O3-g 优于 O1-g（快 36.3%，加速比 1.57x）
2026-04-29 13:56:20,023 INFO:    100                      Ptrdist_ks    0.99874073    0.94736844   +0.05137229  O1-g ≈ O3-g（差异在 ±5% 内）
2026-04-29 13:56:20,024 INFO:    101                   Ptrdist_yacr2    0.99916625    0.89743590   +0.10173035  O1-g ≈ O3-g（差异在 ±5% 内）
2026-04-29 13:56:20,024 INFO:    102                Rodinia_backprop    0.99994308    0.98571426   +0.01422882  O1-g ≈ O3-g（差异在 ±5% 内）
2026-04-29 13:56:20,024 INFO:    103                 Rodinia_hotspot    1.00002468    0.56420231   +0.43582237  O1-g ≈ O3-g（差异在 ±5% 内）
2026-04-29 13:56:20,024 INFO:    104              Rodinia_pathfinder    0.99999326    0.91208792   +0.08790535  O1-g ≈ O3-g（差异在 ±5% 内）
2026-04-29 13:56:20,024 INFO:    105                    Rodinia_srad    0.99335462    0.55434781   +0.43900681  O1-g ≈ O3-g（差异在 ±5% 内）
2026-04-29 13:56:20,024 INFO:    106                      SciMark2-C    0.97680372    1.00000000   -0.02319628  O1-g ≈ O3-g（差异在 ±5% 内）
2026-04-29 13:56:20,024 INFO:    107            TSVC_ControlFlow-dbl    0.96084011    0.85714287   +0.10369724  O1-g ≈ O3-g（差异在 ±5% 内）
2026-04-29 13:56:20,024 INFO:    108            TSVC_ControlFlow-flt    0.96741009    0.81250000   +0.15491009  O1-g ≈ O3-g（差异在 ±5% 内）
2026-04-29 13:56:20,024 INFO:    109           TSVC_ControlLoops-dbl    0.66678542    0.76923078   -0.10244536  O3-g 优于 O1-g（快 33.3%，加速比 1.50x）
2026-04-29 13:56:20,024 INFO:    110           TSVC_ControlLoops-flt    0.67985082    0.50000000   +0.17985082  O3-g 优于 O1-g（快 32.0%，加速比 1.47x）
2026-04-29 13:56:20,024 INFO:    111     TSVC_CrossingThresholds-dbl    0.73607719    0.73333335   +0.00274384  O3-g 优于 O1-g（快 26.4%，加速比 1.36x）
2026-04-29 13:56:20,024 INFO:    112     TSVC_CrossingThresholds-flt    0.74657679    0.68181819   +0.06475860  O3-g 优于 O1-g（快 25.3%，加速比 1.34x）
2026-04-29 13:56:20,025 INFO:    113          TSVC_Equivalencing-dbl    0.66895473    0.65714288   +0.01181185  O3-g 优于 O1-g（快 33.1%，加速比 1.49x）
2026-04-29 13:56:20,025 INFO:    114          TSVC_Equivalencing-flt    0.67242652    0.28205130   +0.39037523  O3-g 优于 O1-g（快 32.8%，加速比 1.49x）
2026-04-29 13:56:20,025 INFO:    115              TSVC_Expansion-dbl    0.93381339    0.75000000   +0.18381339  O3-g 优于 O1-g（快 6.6%，加速比 1.07x）
2026-04-29 13:56:20,025 INFO:    116              TSVC_Expansion-flt    0.92707002    0.55555558   +0.37151444  O3-g 优于 O1-g（快 7.3%，加速比 1.08x）
2026-04-29 13:56:20,025 INFO:    117         TSVC_GlobalDataFlow-dbl    0.75577271    0.72222221   +0.03355050  O3-g 优于 O1-g（快 24.4%，加速比 1.32x）
2026-04-29 13:56:20,025 INFO:    118         TSVC_GlobalDataFlow-flt    0.73744661    0.44736841   +0.29007819  O3-g 优于 O1-g（快 26.3%，加速比 1.36x）
2026-04-29 13:56:20,025 INFO:    119     TSVC_IndirectAddressing-dbl    0.91939455    1.00000000   -0.08060545  O3-g 优于 O1-g（快 8.1%，加速比 1.09x）
2026-04-29 13:56:20,025 INFO:    120     TSVC_IndirectAddressing-flt    0.92336029    0.92857140   -0.00521111  O3-g 优于 O1-g（快 7.7%，加速比 1.08x）
2026-04-29 13:56:20,025 INFO:    121      TSVC_InductionVariable-dbl    0.85495257    0.83333331   +0.02161926  O3-g 优于 O1-g（快 14.5%，加速比 1.17x）
2026-04-29 13:56:20,025 INFO:    122      TSVC_InductionVariable-flt    0.85472083    0.75000000   +0.10472083  O3-g 优于 O1-g（快 14.5%，加速比 1.17x）
2026-04-29 13:56:20,025 INFO:    123       TSVC_LinearDependence-dbl    0.75409997    0.76470590   -0.01060593  O3-g 优于 O1-g（快 24.6%，加速比 1.33x）
2026-04-29 13:56:20,025 INFO:    124       TSVC_LinearDependence-flt    0.75243831    0.48148149   +0.27095681  O3-g 优于 O1-g（快 24.8%，加速比 1.33x）
2026-04-29 13:56:20,026 INFO:    125          TSVC_LoopRerolling-dbl    0.91384274    0.81818181   +0.09566092  O3-g 优于 O1-g（快 8.6%，加速比 1.09x）
2026-04-29 13:56:20,026 INFO:    126          TSVC_LoopRerolling-flt    0.87434715    0.81818181   +0.05616534  O3-g 优于 O1-g（快 12.6%，加速比 1.14x）
2026-04-29 13:56:20,026 INFO:    127      TSVC_LoopRestructuring-dbl    0.79433846    1.00000000   -0.20566154  O3-g 优于 O1-g（快 20.6%，加速比 1.26x）
2026-04-29 13:56:20,026 INFO:    128      TSVC_LoopRestructuring-flt    0.81708306    0.90909094   -0.09200788  O3-g 优于 O1-g（快 18.3%，加速比 1.22x）
2026-04-29 13:56:20,026 INFO:    129          TSVC_NodeSplitting-dbl    0.98183364    0.92307693   +0.05875671  O1-g ≈ O3-g（差异在 ±5% 内）
2026-04-29 13:56:20,026 INFO:    130          TSVC_NodeSplitting-flt    0.98748463    0.87500000   +0.11248463  O1-g ≈ O3-g（差异在 ±5% 内）
2026-04-29 13:56:20,026 INFO:    131                TSVC_Packing-dbl    0.93047267    0.85714287   +0.07332981  O3-g 优于 O1-g（快 7.0%，加速比 1.07x）
2026-04-29 13:56:20,026 INFO:    132                TSVC_Packing-flt    0.92203546    0.86666667   +0.05536878  O3-g 优于 O1-g（快 7.8%，加速比 1.08x）
2026-04-29 13:56:20,026 INFO:    133            TSVC_Recurrences-dbl    0.94433028    1.00000000   -0.05566972  O3-g 优于 O1-g（快 5.6%，加速比 1.06x）
2026-04-29 13:56:20,026 INFO:    134            TSVC_Recurrences-flt    0.94371092    1.00000000   -0.05628908  O3-g 优于 O1-g（快 5.6%，加速比 1.06x）
2026-04-29 13:56:20,027 INFO:    135             TSVC_Reductions-dbl    0.48312628    1.00000000   -0.51687372  O3-g 优于 O1-g（快 51.7%，加速比 2.07x）
2026-04-29 13:56:20,027 INFO:    136             TSVC_Reductions-flt    0.50496036    1.00000000   -0.49503964  O3-g 优于 O1-g（快 49.5%，加速比 1.98x）
2026-04-29 13:56:20,027 INFO:    137              TSVC_Searching-dbl    0.58806795    0.66666669   -0.07859874  O3-g 优于 O1-g（快 41.2%，加速比 1.70x）
2026-04-29 13:56:20,027 INFO:    138              TSVC_Searching-flt    0.48332050    0.30000001   +0.18332049  O3-g 优于 O1-g（快 51.7%，加速比 2.07x）
2026-04-29 13:56:20,027 INFO:    139    TSVC_StatementReordering-dbl    0.96761781    0.92307693   +0.04454088  O1-g ≈ O3-g（差异在 ±5% 内）
2026-04-29 13:56:20,027 INFO:    140    TSVC_StatementReordering-flt    0.98500901    0.94117647   +0.04383254  O1-g ≈ O3-g（差异在 ±5% 内）
2026-04-29 13:56:20,027 INFO:    141              TSVC_Symbolics-dbl    0.67019325    0.73684210   -0.06664884  O3-g 优于 O1-g（快 33.0%，加速比 1.49x）
2026-04-29 13:56:20,027 INFO:    142              TSVC_Symbolics-flt    0.73087555    0.38235295   +0.34852260  O3-g 优于 O1-g（快 26.9%，加速比 1.37x）
2026-04-29 13:56:20,027 INFO:    143               Trimaran_enc-3des    0.99995679    0.95833331   +0.04162347  O1-g ≈ O3-g（差异在 ±5% 内）
2026-04-29 13:56:20,027 INFO:    144                Trimaran_enc-md5    1.00029397    1.00000000   +0.00029397  O1-g ≈ O3-g（差异在 ±5% 内）
2026-04-29 13:56:20,027 INFO:    145                Trimaran_enc-pc1    0.99989319    0.56034482   +0.43954837  O1-g ≈ O3-g（差异在 ±5% 内）
2026-04-29 13:56:20,027 INFO:    146                Trimaran_enc-rc4    0.99736130    0.89583331   +0.10152799  O1-g ≈ O3-g（差异在 ±5% 内）
2026-04-29 13:56:20,028 INFO:    147           Trimaran_netbench-crc    0.97660571    1.00000000   -0.02339429  O1-g ≈ O3-g（差异在 ±5% 内）
2026-04-29 13:56:20,028 INFO:    148           Trimaran_netbench-url    0.99751663    1.00000000   -0.00248337  O1-g ≈ O3-g（差异在 ±5% 内）
2026-04-29 13:56:20,028 INFO:    149                VersaBench_8b10b    1.00004721    1.00000000   +0.00004721  O1-g ≈ O3-g（差异在 ±5% 内）
2026-04-29 13:56:20,028 INFO:    150           VersaBench_beamformer    0.99998784    0.77049178   +0.22949606  O1-g ≈ O3-g（差异在 ±5% 内）
2026-04-29 13:56:20,028 INFO:    151                  VersaBench_bmm    1.00000358    1.00000000   +0.00000358  O1-g ≈ O3-g（差异在 ±5% 内）
2026-04-29 13:56:20,028 INFO:    152                 VersaBench_dbms    1.00021315    1.00000000   +0.00021315  O1-g ≈ O3-g（差异在 ±5% 内）
2026-04-29 13:56:20,028 INFO:    153               VersaBench_ecbdes    1.00032604    1.00000000   +0.00032604  O1-g ≈ O3-g（差异在 ±5% 内）
2026-04-29 13:56:20,028 INFO:    154                    llubenchmark    0.99973667    1.00000000   -0.00026333  O1-g ≈ O3-g（差异在 ±5% 内）
2026-04-29 13:56:20,028 INFO:    155                           mafft    0.99998218    1.00000000   -0.00001782  O1-g ≈ O3-g（差异在 ±5% 内）
2026-04-29 13:56:20,028 INFO:    156      mediabench_adpcm_rawcaudio    0.99997520    1.00152636   -0.00155115  O1-g ≈ O3-g（差异在 ±5% 内）
2026-04-29 13:56:20,028 INFO:    157      mediabench_adpcm_rawdaudio    0.99997038    1.01537275   -0.01540238  O1-g ≈ O3-g（差异在 ±5% 内）
2026-04-29 13:56:20,028 INFO:    158      mediabench_g721_g721encode    1.00000429    0.89805824   +0.10194606  O1-g ≈ O3-g（差异在 ±5% 内）
2026-04-29 13:56:20,029 INFO:    159            mediabench_gsm_toast    0.99992073    0.84902489   +0.15089583  O1-g ≈ O3-g（差异在 ±5% 内）
2026-04-29 13:56:20,029 INFO:    160         mediabench_jpeg_jpeg-6a    0.99997437    1.00703692   -0.00706255  O1-g ≈ O3-g（差异在 ±5% 内）
2026-04-29 13:56:20,029 INFO:    161       mediabench_mpeg2_mpeg2dec    0.99988872    0.97662663   +0.02326208  O1-g ≈ O3-g（差异在 ±5% 内）
2026-04-29 13:56:20,029 INFO:    162                          nbench    0.99994791    0.87096775   +0.12898016  O1-g ≈ O3-g（差异在 ±5% 内）
2026-04-29 13:56:20,029 INFO:    163                      tramp3d-v4    0.99995244    0.54452056   +0.45543188  O1-g ≈ O3-g（差异在 ±5% 内）
2026-04-29 13:56:20,029 INFO: 
  ── 验证指标 ──
2026-04-29 13:56:20,029 INFO:   MAE  = 0.081598
2026-04-29 13:56:20,029 INFO:   MSE  = 0.021078
2026-04-29 13:56:20,029 INFO:   RMSE = 0.145184
2026-04-29 13:56:20,029 INFO:   方向准确率 = 109/163 (66.9%)
2026-04-29 13:56:20,030 INFO:   预测 O1-g 更优: 39/163  (真实: 59/163)
2026-04-29 13:56:20,030 INFO:   方向准确率（排除 ±5%）= 60/73 (82.2%)
2026-04-29 13:56:20,033 INFO:   结构化结果: checkpoints/cnn/fixed_time_best/infer_samples_O1-g_vs_O3-g.csv
2026-04-29 13:56:20,033 INFO:   摘要结果: checkpoints/cnn/fixed_time_best/infer_summary_O1-g_vs_O3-g.json
2026-04-29 13:56:20,056 INFO: 已应用 exp() 变换（log-target 模式）
2026-04-29 13:56:20,056 INFO: ========================================================================
2026-04-29 13:56:20,056 INFO: 版本对: O2-bolt_vs_O2-bolt-opt  (O2-bolt vs O2-bolt-opt)  共 165 个程序
2026-04-29 13:56:20,057 INFO: 标签模式: fixed_time
2026-04-29 13:56:20,057 INFO: 标签定义: Y = N_v1 / N_v2 (throughput ratio in a fixed window)
2026-04-29 13:56:20,057 INFO: 判定方向: Y >= 1 视为 O2-bolt 更快，Y < 1 视为 O2-bolt-opt 更快
2026-04-29 13:56:20,057 INFO: 统计口径: 方向准确率按 same-side(Y=1.0) 统计；展示结论仍使用 judge() 的 ±5%% 区间
2026-04-29 13:56:20,057 INFO: ========================================================================
2026-04-29 13:56:20,057 INFO:      #                              程序          预测 Ŷ          真实 Y            误差  判断
2026-04-29 13:56:20,057 INFO:   ------------------------------------------------------------------------------------
2026-04-29 13:56:20,057 INFO:      1                            7zip    1.00013435    1.00000000   +0.00013435  O2-bolt ≈ O2-bolt-opt（差异在 ±5% 内）
2026-04-29 13:56:20,057 INFO:      2             ASCI_Purple_SMG2000    1.00025308    1.00000000   +0.00025308  O2-bolt ≈ O2-bolt-opt（差异在 ±5% 内）
2026-04-29 13:56:20,057 INFO:      3               ASC_Sequoia_AMGmk    1.00005627    1.00000000   +0.00005627  O2-bolt ≈ O2-bolt-opt（差异在 ±5% 内）
2026-04-29 13:56:20,057 INFO:      4           ASC_Sequoia_CrystalMk    1.00114167    1.00000000   +0.00114167  O2-bolt ≈ O2-bolt-opt（差异在 ±5% 内）
2026-04-29 13:56:20,057 INFO:      5               ASC_Sequoia_IRSmk    1.00033975    1.00000000   +0.00033975  O2-bolt ≈ O2-bolt-opt（差异在 ±5% 内）
2026-04-29 13:56:20,057 INFO:      6                  BitBench_drop3    0.99829638    1.04938269   -0.05108631  O2-bolt ≈ O2-bolt-opt（差异在 ±5% 内）
2026-04-29 13:56:20,058 INFO:      7                 BitBench_five11    0.99969488    0.94999999   +0.04969490  O2-bolt ≈ O2-bolt-opt（差异在 ±5% 内）
2026-04-29 13:56:20,058 INFO:      8               BitBench_uudecode    0.99991769    0.99858755   +0.00133014  O2-bolt ≈ O2-bolt-opt（差异在 ±5% 内）
2026-04-29 13:56:20,058 INFO:      9               BitBench_uuencode    0.99998754    0.99971467   +0.00027287  O2-bolt ≈ O2-bolt-opt（差异在 ±5% 内）
2026-04-29 13:56:20,058 INFO:     10                          Bullet    1.00128782    1.00000000   +0.00128782  O2-bolt ≈ O2-bolt-opt（差异在 ±5% 内）
2026-04-29 13:56:20,058 INFO:     11         DOE-ProxyApps-C++_CLAMR    0.99982691    1.00000000   -0.00017309  O2-bolt ≈ O2-bolt-opt（差异在 ±5% 内）
2026-04-29 13:56:20,058 INFO:     12   DOE-ProxyApps-C++_HACCKernels    0.99988711    1.00000000   -0.00011289  O2-bolt ≈ O2-bolt-opt（差异在 ±5% 内）
2026-04-29 13:56:20,058 INFO:     13         DOE-ProxyApps-C++_HPCCG    0.99991953    1.00000000   -0.00008047  O2-bolt ≈ O2-bolt-opt（差异在 ±5% 内）
2026-04-29 13:56:20,058 INFO:     14       DOE-ProxyApps-C++_PENNANT    1.00000370    1.00000000   +0.00000370  O2-bolt ≈ O2-bolt-opt（差异在 ±5% 内）
2026-04-29 13:56:20,058 INFO:     15        DOE-ProxyApps-C++_miniFE    1.00030458    1.00000000   +0.00030458  O2-bolt ≈ O2-bolt-opt（差异在 ±5% 内）
2026-04-29 13:56:20,058 INFO:     16            DOE-ProxyApps-C_CoMD    1.00136411    0.95999998   +0.04136413  O2-bolt ≈ O2-bolt-opt（差异在 ±5% 内）
2026-04-29 13:56:20,058 INFO:     17      DOE-ProxyApps-C_Pathfinder    1.01935005    1.06666672   -0.04731667  O2-bolt ≈ O2-bolt-opt（差异在 ±5% 内）
2026-04-29 13:56:20,059 INFO:     18         DOE-ProxyApps-C_RSBench    0.99996430    0.98518521   +0.01477909  O2-bolt ≈ O2-bolt-opt（差异在 ±5% 内）
2026-04-29 13:56:20,059 INFO:     19       DOE-ProxyApps-C_SimpleMOC    0.99998468    1.00000000   -0.00001532  O2-bolt ≈ O2-bolt-opt（差异在 ±5% 内）
2026-04-29 13:56:20,059 INFO:     20         DOE-ProxyApps-C_XSBench    0.99977428    0.93750000   +0.06227428  O2-bolt ≈ O2-bolt-opt（差异在 ±5% 内）
2026-04-29 13:56:20,059 INFO:     21         DOE-ProxyApps-C_miniAMR    0.99999404    1.00000000   -0.00000596  O2-bolt ≈ O2-bolt-opt（差异在 ±5% 内）
2026-04-29 13:56:20,059 INFO:     22         DOE-ProxyApps-C_miniGMG    1.00591445    0.98412699   +0.02178746  O2-bolt ≈ O2-bolt-opt（差异在 ±5% 内）
2026-04-29 13:56:20,059 INFO:     23                     Fhourstones    0.99997979    0.98113209   +0.01884770  O2-bolt ≈ O2-bolt-opt（差异在 ±5% 内）
2026-04-29 13:56:20,059 INFO:     24                 Fhourstones-3.1    0.99997830    1.08571434   -0.08573604  O2-bolt ≈ O2-bolt-opt（差异在 ±5% 内）
2026-04-29 13:56:20,059 INFO:     25              FreeBench_analyzer    0.99983382    1.02056551   -0.02073169  O2-bolt ≈ O2-bolt-opt（差异在 ±5% 内）
2026-04-29 13:56:20,059 INFO:     26               FreeBench_distray    0.99999118    0.99484539   +0.00514579  O2-bolt ≈ O2-bolt-opt（差异在 ±5% 内）
2026-04-29 13:56:20,059 INFO:     27            FreeBench_fourinarow    1.00030339    1.00000000   +0.00030339  O2-bolt ≈ O2-bolt-opt（差异在 ±5% 内）
2026-04-29 13:56:20,059 INFO:     28                 FreeBench_mason    0.99997973    0.98479086   +0.01518887  O2-bolt ≈ O2-bolt-opt（差异在 ±5% 内）
2026-04-29 13:56:20,060 INFO:     29                FreeBench_neural    0.99997610    1.02173913   -0.02176303  O2-bolt ≈ O2-bolt-opt（差异在 ±5% 内）
2026-04-29 13:56:20,060 INFO:     30            FreeBench_pcompress2    1.00010741    1.03353655   -0.03342915  O2-bolt ≈ O2-bolt-opt（差异在 ±5% 内）
2026-04-29 13:56:20,060 INFO:     31                 FreeBench_pifft    1.00036156    1.00180185   -0.00144029  O2-bolt ≈ O2-bolt-opt（差异在 ±5% 内）
2026-04-29 13:56:20,060 INFO:     32               MallocBench_cfrac    0.99992955    1.00000000   -0.00007045  O2-bolt ≈ O2-bolt-opt（差异在 ±5% 内）
2026-04-29 13:56:20,060 INFO:     33            MallocBench_espresso    1.00113797    1.00000000   +0.00113797  O2-bolt ≈ O2-bolt-opt（差异在 ±5% 内）
2026-04-29 13:56:20,060 INFO:     34                  MallocBench_gs    0.99988872    0.95457625   +0.04531246  O2-bolt ≈ O2-bolt-opt（差异在 ±5% 内）
2026-04-29 13:56:20,060 INFO:     35                 McCat_01-qbsort    0.99980700    0.97443610   +0.02537090  O2-bolt ≈ O2-bolt-opt（差异在 ±5% 内）
2026-04-29 13:56:20,060 INFO:     36                 McCat_04-bisect    0.99798697    1.01359224   -0.01560527  O2-bolt ≈ O2-bolt-opt（差异在 ±5% 内）
2026-04-29 13:56:20,060 INFO:     37                   McCat_08-main    0.99999464    1.00000000   -0.00000536  O2-bolt ≈ O2-bolt-opt（差异在 ±5% 内）
2026-04-29 13:56:20,060 INFO:     38                    McCat_09-vor    0.99995756    0.99473685   +0.00522071  O2-bolt ≈ O2-bolt-opt（差异在 ±5% 内）
2026-04-29 13:56:20,061 INFO:     39                 McCat_12-IOtest    0.99986887    0.99324322   +0.00662565  O2-bolt ≈ O2-bolt-opt（差异在 ±5% 内）
2026-04-29 13:56:20,061 INFO:     40                   McCat_15-trie    1.00004935    1.01008666   -0.01003730  O2-bolt ≈ O2-bolt-opt（差异在 ±5% 内）
2026-04-29 13:56:20,061 INFO:     41                  McCat_17-bintr    1.00028884    0.94939756   +0.05089128  O2-bolt ≈ O2-bolt-opt（差异在 ±5% 内）
2026-04-29 13:56:20,061 INFO:     42                    McCat_18-imp    0.99995798    1.11548555   -0.11552757  O2-bolt ≈ O2-bolt-opt（差异在 ±5% 内）
2026-04-29 13:56:20,061 INFO:     43    MiBench_automotive-basicmath    0.99998200    1.00000000   -0.00001800  O2-bolt ≈ O2-bolt-opt（差异在 ±5% 内）
2026-04-29 13:56:20,061 INFO:     44     MiBench_automotive-bitcount    0.99998093    0.89939940   +0.10058153  O2-bolt ≈ O2-bolt-opt（差异在 ±5% 内）
2026-04-29 13:56:20,061 INFO:     45        MiBench_automotive-susan    0.99997634    0.98828697   +0.01168936  O2-bolt ≈ O2-bolt-opt（差异在 ±5% 内）
2026-04-29 13:56:20,061 INFO:     46           MiBench_consumer-jpeg    0.99998575    0.99665409   +0.00333166  O2-bolt ≈ O2-bolt-opt（差异在 ±5% 内）
2026-04-29 13:56:20,061 INFO:     47           MiBench_consumer-lame    1.00023651    0.98769230   +0.01254421  O2-bolt ≈ O2-bolt-opt（差异在 ±5% 内）
2026-04-29 13:56:20,061 INFO:     48        MiBench_consumer-typeset    1.00007987    0.99445885   +0.00562102  O2-bolt ≈ O2-bolt-opt（差异在 ±5% 内）
2026-04-29 13:56:20,062 INFO:     49        MiBench_network-dijkstra    0.99956214    0.91924530   +0.08031684  O2-bolt ≈ O2-bolt-opt（差异在 ±5% 内）
2026-04-29 13:56:20,062 INFO:     50        MiBench_network-patricia    0.99987704    0.99356222   +0.00631481  O2-bolt ≈ O2-bolt-opt（差异在 ±5% 内）
2026-04-29 13:56:20,062 INFO:     51           MiBench_office-ispell    0.99997544    1.00145996   -0.00148451  O2-bolt ≈ O2-bolt-opt（差异在 ±5% 内）
2026-04-29 13:56:20,062 INFO:     52     MiBench_office-stringsearch    1.00001276    1.00898242   -0.00896966  O2-bolt ≈ O2-bolt-opt（差异在 ±5% 内）
2026-04-29 13:56:20,062 INFO:     53       MiBench_security-blowfish    0.99995708    1.02514958   -0.02519250  O2-bolt ≈ O2-bolt-opt（差异在 ±5% 内）
2026-04-29 13:56:20,062 INFO:     54       MiBench_security-rijndael    1.00005722    1.04686427   -0.04680705  O2-bolt ≈ O2-bolt-opt（差异在 ±5% 内）
2026-04-29 13:56:20,062 INFO:     55            MiBench_security-sha    1.00020897    1.00348186   -0.00327289  O2-bolt ≈ O2-bolt-opt（差异在 ±5% 内）
2026-04-29 13:56:20,062 INFO:     56          MiBench_telecomm-CRC32    1.00021231    1.00000000   +0.00021231  O2-bolt ≈ O2-bolt-opt（差异在 ±5% 内）
2026-04-29 13:56:20,063 INFO:     57            MiBench_telecomm-FFT    0.99996585    1.00309122   -0.00312537  O2-bolt ≈ O2-bolt-opt（差异在 ±5% 内）
2026-04-29 13:56:20,063 INFO:     58          MiBench_telecomm-adpcm    0.99995548    0.99757868   +0.00237679  O2-bolt ≈ O2-bolt-opt（差异在 ±5% 内）
2026-04-29 13:56:20,063 INFO:     59            MiBench_telecomm-gsm    1.00113630    1.00755668   -0.00642037  O2-bolt ≈ O2-bolt-opt（差异在 ±5% 内）
2026-04-29 13:56:20,063 INFO:     60                   NPB-serial_is    1.00004232    1.00000000   +0.00004232  O2-bolt ≈ O2-bolt-opt（差异在 ±5% 内）
2026-04-29 13:56:20,063 INFO:     61                        Olden_bh    1.00043786    1.00000000   +0.00043786  O2-bolt ≈ O2-bolt-opt（差异在 ±5% 内）
2026-04-29 13:56:20,063 INFO:     62                    Olden_bisort    0.99997485    0.97777778   +0.02219707  O2-bolt ≈ O2-bolt-opt（差异在 ±5% 内）
2026-04-29 13:56:20,063 INFO:     63                      Olden_em3d    1.47291517    1.64285719   -0.16994202  O2-bolt 优于 O2-bolt-opt（快 32.1%，加速比 1.47x）
2026-04-29 13:56:20,063 INFO:     64                    Olden_health    0.99998367    0.98913044   +0.01085323  O2-bolt ≈ O2-bolt-opt（差异在 ±5% 内）
2026-04-29 13:56:20,063 INFO:     65                       Olden_mst    1.00000715    0.99201596   +0.00799119  O2-bolt ≈ O2-bolt-opt（差异在 ±5% 内）
2026-04-29 13:56:20,063 INFO:     66                 Olden_perimeter    0.99997216    0.93449783   +0.06547433  O2-bolt ≈ O2-bolt-opt（差异在 ±5% 内）
2026-04-29 13:56:20,064 INFO:     67                     Olden_power    0.99986291    1.00000000   -0.00013709  O2-bolt ≈ O2-bolt-opt（差异在 ±5% 内）
2026-04-29 13:56:20,064 INFO:     68                   Olden_treeadd    0.99992043    0.98543692   +0.01448351  O2-bolt ≈ O2-bolt-opt（差异在 ±5% 内）
2026-04-29 13:56:20,064 INFO:     69                       Olden_tsp    0.99994963    1.00000000   -0.00005037  O2-bolt ≈ O2-bolt-opt（差异在 ±5% 内）
2026-04-29 13:56:20,064 INFO:     70                   Olden_voronoi    1.00016618    1.00000000   +0.00016618  O2-bolt ≈ O2-bolt-opt（差异在 ±5% 内）
2026-04-29 13:56:20,064 INFO:     71                           PAQ8p    1.00127089    1.00000000   +0.00127089  O2-bolt ≈ O2-bolt-opt（差异在 ±5% 内）
2026-04-29 13:56:20,064 INFO:     72                 Prolangs-C++_NP    1.00002503    1.00884759   -0.00882256  O2-bolt ≈ O2-bolt-opt（差异在 ±5% 内）
2026-04-29 13:56:20,064 INFO:     73               Prolangs-C++_city    0.99976677    0.97594166   +0.02382511  O2-bolt ≈ O2-bolt-opt（差异在 ±5% 内）
2026-04-29 13:56:20,064 INFO:     74             Prolangs-C++_deriv1    1.00002313    1.01412010   -0.01409698  O2-bolt ≈ O2-bolt-opt（差异在 ±5% 内）
2026-04-29 13:56:20,065 INFO:     75             Prolangs-C++_deriv2    1.00002635    1.01145566   -0.01142931  O2-bolt ≈ O2-bolt-opt（差异在 ±5% 内）
2026-04-29 13:56:20,065 INFO:     76             Prolangs-C++_employ    0.99991137    0.99030280   +0.00960857  O2-bolt ≈ O2-bolt-opt（差异在 ±5% 内）
2026-04-29 13:56:20,065 INFO:     77             Prolangs-C++_family    1.00003099    1.01969588   -0.01966488  O2-bolt ≈ O2-bolt-opt（差异在 ±5% 内）
2026-04-29 13:56:20,065 INFO:     78                Prolangs-C++_fsm    1.00002694    1.00914490   -0.00911796  O2-bolt ≈ O2-bolt-opt（差异在 ±5% 内）
2026-04-29 13:56:20,065 INFO:     79             Prolangs-C++_garage    1.00002587    0.99812412   +0.00190175  O2-bolt ≈ O2-bolt-opt（差异在 ±5% 内）
2026-04-29 13:56:20,065 INFO:     80               Prolangs-C++_life    0.99989688    1.00000000   -0.00010312  O2-bolt ≈ O2-bolt-opt（差异在 ±5% 内）
2026-04-29 13:56:20,065 INFO:     81            Prolangs-C++_objects    1.00003707    1.01141822   -0.01138115  O2-bolt ≈ O2-bolt-opt（差异在 ±5% 内）
2026-04-29 13:56:20,065 INFO:     82              Prolangs-C++_ocean    0.99975389    1.00000000   -0.00024611  O2-bolt ≈ O2-bolt-opt（差异在 ±5% 内）
2026-04-29 13:56:20,065 INFO:     83             Prolangs-C++_office    1.00003147    1.00595653   -0.00592506  O2-bolt ≈ O2-bolt-opt（差异在 ±5% 内）
2026-04-29 13:56:20,065 INFO:     84             Prolangs-C++_primes    0.99996918    0.95804197   +0.04192722  O2-bolt ≈ O2-bolt-opt（差异在 ±5% 内）
2026-04-29 13:56:20,066 INFO:     85             Prolangs-C++_shapes    1.00005627    1.02518713   -0.02513087  O2-bolt ≈ O2-bolt-opt（差异在 ±5% 内）
2026-04-29 13:56:20,066 INFO:     86              Prolangs-C++_simul    0.99996817    1.02522528   -0.02525711  O2-bolt ≈ O2-bolt-opt（差异在 ±5% 内）
2026-04-29 13:56:20,066 INFO:     87              Prolangs-C++_trees    1.00003660    1.01762021   -0.01758361  O2-bolt ≈ O2-bolt-opt（差异在 ±5% 内）
2026-04-29 13:56:20,066 INFO:     88              Prolangs-C++_vcirc    1.00003326    1.00158143   -0.00154817  O2-bolt ≈ O2-bolt-opt（差异在 ±5% 内）
2026-04-29 13:56:20,066 INFO:     89                Prolangs-C_agrep    0.99997479    1.03820348   -0.03822869  O2-bolt ≈ O2-bolt-opt（差异在 ±5% 内）
2026-04-29 13:56:20,066 INFO:     90             Prolangs-C_allroots    1.00018096    1.00935662   -0.00917566  O2-bolt ≈ O2-bolt-opt（差异在 ±5% 内）
2026-04-29 13:56:20,066 INFO:     91                Prolangs-C_bison    1.00014448    0.98792332   +0.01222116  O2-bolt ≈ O2-bolt-opt（差异在 ±5% 内）
2026-04-29 13:56:20,066 INFO:     92                Prolangs-C_cdecl    0.99999374    1.01220322   -0.01220948  O2-bolt ≈ O2-bolt-opt（差异在 ±5% 内）
2026-04-29 13:56:20,066 INFO:     93            Prolangs-C_fixoutput    1.00019181    0.99645865   +0.00373316  O2-bolt ≈ O2-bolt-opt（差异在 ±5% 内）
2026-04-29 13:56:20,066 INFO:     94             Prolangs-C_football    1.00018072    0.99751115   +0.00266957  O2-bolt ≈ O2-bolt-opt（差异在 ±5% 内）
2026-04-29 13:56:20,066 INFO:     95                Prolangs-C_gnugo    0.99969912    1.00982797   -0.01012886  O2-bolt ≈ O2-bolt-opt（差异在 ±5% 内）
2026-04-29 13:56:20,067 INFO:     96               Prolangs-C_loader    1.00018013    1.02377474   -0.02359462  O2-bolt ≈ O2-bolt-opt（差异在 ±5% 内）
2026-04-29 13:56:20,067 INFO:     97            Prolangs-C_simulator    1.00017333    1.01593041   -0.01575708  O2-bolt ≈ O2-bolt-opt（差异在 ±5% 内）
2026-04-29 13:56:20,067 INFO:     98           Prolangs-C_unix-smail    1.00010800    0.99699098   +0.00311702  O2-bolt ≈ O2-bolt-opt（差异在 ±5% 内）
2026-04-29 13:56:20,067 INFO:     99             Prolangs-C_unix-tbl    1.00019324    1.02245474   -0.02226150  O2-bolt ≈ O2-bolt-opt（差异在 ±5% 内）
2026-04-29 13:56:20,067 INFO:    100                 Ptrdist_anagram    0.99998081    0.98333335   +0.01664746  O2-bolt ≈ O2-bolt-opt（差异在 ±5% 内）
2026-04-29 13:56:20,067 INFO:    101                      Ptrdist_bc    0.99975497    0.90445858   +0.09529638  O2-bolt ≈ O2-bolt-opt（差异在 ±5% 内）
2026-04-29 13:56:20,067 INFO:    102                      Ptrdist_ft    1.00231814    1.00000000   +0.00231814  O2-bolt ≈ O2-bolt-opt（差异在 ±5% 内）
2026-04-29 13:56:20,067 INFO:    103                      Ptrdist_ks    0.99918735    0.98305082   +0.01613653  O2-bolt ≈ O2-bolt-opt（差异在 ±5% 内）
2026-04-29 13:56:20,067 INFO:    104                   Ptrdist_yacr2    1.15748405    1.09375000   +0.06373405  O2-bolt 优于 O2-bolt-opt（快 13.6%，加速比 1.16x）
2026-04-29 13:56:20,067 INFO:    105                Rodinia_backprop    1.00012040    1.00000000   +0.00012040  O2-bolt ≈ O2-bolt-opt（差异在 ±5% 内）
2026-04-29 13:56:20,067 INFO:    106                 Rodinia_hotspot    0.99993682    0.99227798   +0.00765884  O2-bolt ≈ O2-bolt-opt（差异在 ±5% 内）
2026-04-29 13:56:20,067 INFO:    107              Rodinia_pathfinder    1.00095403    1.03448272   -0.03352869  O2-bolt ≈ O2-bolt-opt（差异在 ±5% 内）
2026-04-29 13:56:20,068 INFO:    108                    Rodinia_srad    1.00919104    1.00000000   +0.00919104  O2-bolt ≈ O2-bolt-opt（差异在 ±5% 内）
2026-04-29 13:56:20,068 INFO:    109                      SciMark2-C    0.99991250    1.00000000   -0.00008750  O2-bolt ≈ O2-bolt-opt（差异在 ±5% 内）
2026-04-29 13:56:20,068 INFO:    110            TSVC_ControlFlow-dbl    0.99997991    1.00000000   -0.00002009  O2-bolt ≈ O2-bolt-opt（差异在 ±5% 内）
2026-04-29 13:56:20,068 INFO:    111            TSVC_ControlFlow-flt    0.99979877    1.00000000   -0.00020123  O2-bolt ≈ O2-bolt-opt（差异在 ±5% 内）
2026-04-29 13:56:20,068 INFO:    112           TSVC_ControlLoops-dbl    0.99981248    1.00000000   -0.00018752  O2-bolt ≈ O2-bolt-opt（差异在 ±5% 内）
2026-04-29 13:56:20,068 INFO:    113           TSVC_ControlLoops-flt    0.99954122    1.00000000   -0.00045878  O2-bolt ≈ O2-bolt-opt（差异在 ±5% 内）
2026-04-29 13:56:20,068 INFO:    114     TSVC_CrossingThresholds-dbl    1.00529468    1.00000000   +0.00529468  O2-bolt ≈ O2-bolt-opt（差异在 ±5% 内）
2026-04-29 13:56:20,068 INFO:    115     TSVC_CrossingThresholds-flt    0.99995589    0.95652175   +0.04343414  O2-bolt ≈ O2-bolt-opt（差异在 ±5% 内）
2026-04-29 13:56:20,068 INFO:    116          TSVC_Equivalencing-dbl    1.00078273    1.00000000   +0.00078273  O2-bolt ≈ O2-bolt-opt（差异在 ±5% 内）
2026-04-29 13:56:20,068 INFO:    117          TSVC_Equivalencing-flt    0.99994445    1.00000000   -0.00005555  O2-bolt ≈ O2-bolt-opt（差异在 ±5% 内）
2026-04-29 13:56:20,068 INFO:    118              TSVC_Expansion-dbl    0.99967027    1.00000000   -0.00032973  O2-bolt ≈ O2-bolt-opt（差异在 ±5% 内）
2026-04-29 13:56:20,069 INFO:    119              TSVC_Expansion-flt    0.99997622    0.96428573   +0.03569049  O2-bolt ≈ O2-bolt-opt（差异在 ±5% 内）
2026-04-29 13:56:20,069 INFO:    120         TSVC_GlobalDataFlow-dbl    1.00052106    1.00000000   +0.00052106  O2-bolt ≈ O2-bolt-opt（差异在 ±5% 内）
2026-04-29 13:56:20,069 INFO:    121         TSVC_GlobalDataFlow-flt    0.99963135    0.97435898   +0.02527237  O2-bolt ≈ O2-bolt-opt（差异在 ±5% 内）
2026-04-29 13:56:20,069 INFO:    122     TSVC_IndirectAddressing-dbl    1.00027001    1.00000000   +0.00027001  O2-bolt ≈ O2-bolt-opt（差异在 ±5% 内）
2026-04-29 13:56:20,069 INFO:    123     TSVC_IndirectAddressing-flt    0.99995524    1.00000000   -0.00004476  O2-bolt ≈ O2-bolt-opt（差异在 ±5% 内）
2026-04-29 13:56:20,069 INFO:    124      TSVC_InductionVariable-dbl    1.00001514    1.00000000   +0.00001514  O2-bolt ≈ O2-bolt-opt（差异在 ±5% 内）
2026-04-29 13:56:20,069 INFO:    125      TSVC_InductionVariable-flt    1.00001884    1.00000000   +0.00001884  O2-bolt ≈ O2-bolt-opt（差异在 ±5% 内）
2026-04-29 13:56:20,069 INFO:    126       TSVC_LinearDependence-dbl    1.00040340    1.00000000   +0.00040340  O2-bolt ≈ O2-bolt-opt（差异在 ±5% 内）
2026-04-29 13:56:20,069 INFO:    127       TSVC_LinearDependence-flt    0.99991715    0.93333334   +0.06658381  O2-bolt ≈ O2-bolt-opt（差异在 ±5% 内）
2026-04-29 13:56:20,069 INFO:    128          TSVC_LoopRerolling-dbl    0.99995905    1.00000000   -0.00004095  O2-bolt ≈ O2-bolt-opt（差异在 ±5% 内）
2026-04-29 13:56:20,069 INFO:    129          TSVC_LoopRerolling-flt    0.99997175    1.00000000   -0.00002825  O2-bolt ≈ O2-bolt-opt（差异在 ±5% 内）
2026-04-29 13:56:20,070 INFO:    130      TSVC_LoopRestructuring-dbl    0.99995482    1.00000000   -0.00004518  O2-bolt ≈ O2-bolt-opt（差异在 ±5% 内）
2026-04-29 13:56:20,070 INFO:    131      TSVC_LoopRestructuring-flt    0.99989945    1.00000000   -0.00010055  O2-bolt ≈ O2-bolt-opt（差异在 ±5% 内）
2026-04-29 13:56:20,070 INFO:    132          TSVC_NodeSplitting-dbl    1.00054884    1.00000000   +0.00054884  O2-bolt ≈ O2-bolt-opt（差异在 ±5% 内）
2026-04-29 13:56:20,070 INFO:    133          TSVC_NodeSplitting-flt    1.00059986    0.94117647   +0.05942339  O2-bolt ≈ O2-bolt-opt（差异在 ±5% 内）
2026-04-29 13:56:20,070 INFO:    134                TSVC_Packing-dbl    0.99933773    1.00000000   -0.00066227  O2-bolt ≈ O2-bolt-opt（差异在 ±5% 内）
2026-04-29 13:56:20,070 INFO:    135                TSVC_Packing-flt    0.99930865    1.33333337   -0.33402473  O2-bolt ≈ O2-bolt-opt（差异在 ±5% 内）
2026-04-29 13:56:20,070 INFO:    136            TSVC_Recurrences-dbl    0.97653061    1.00000000   -0.02346939  O2-bolt ≈ O2-bolt-opt（差异在 ±5% 内）
2026-04-29 13:56:20,070 INFO:    137            TSVC_Recurrences-flt    0.99294221    1.00000000   -0.00705779  O2-bolt ≈ O2-bolt-opt（差异在 ±5% 内）
2026-04-29 13:56:20,070 INFO:    138             TSVC_Reductions-dbl    1.00042892    1.00000000   +0.00042892  O2-bolt ≈ O2-bolt-opt（差异在 ±5% 内）
2026-04-29 13:56:20,070 INFO:    139             TSVC_Reductions-flt    0.99995035    1.00000000   -0.00004965  O2-bolt ≈ O2-bolt-opt（差异在 ±5% 内）
2026-04-29 13:56:20,070 INFO:    140              TSVC_Searching-dbl    1.00080264    1.00000000   +0.00080264  O2-bolt ≈ O2-bolt-opt（差异在 ±5% 内）
2026-04-29 13:56:20,070 INFO:    141              TSVC_Searching-flt    1.00777268    1.00000000   +0.00777268  O2-bolt ≈ O2-bolt-opt（差异在 ±5% 内）
2026-04-29 13:56:20,071 INFO:    142    TSVC_StatementReordering-dbl    1.00020611    1.00000000   +0.00020611  O2-bolt ≈ O2-bolt-opt（差异在 ±5% 内）
2026-04-29 13:56:20,071 INFO:    143    TSVC_StatementReordering-flt    1.00008249    1.06250000   -0.06241751  O2-bolt ≈ O2-bolt-opt（差异在 ±5% 内）
2026-04-29 13:56:20,071 INFO:    144              TSVC_Symbolics-dbl    1.00021362    1.00000000   +0.00021362  O2-bolt ≈ O2-bolt-opt（差异在 ±5% 内）
2026-04-29 13:56:20,071 INFO:    145              TSVC_Symbolics-flt    1.00002837    0.94444442   +0.05558395  O2-bolt ≈ O2-bolt-opt（差异在 ±5% 内）
2026-04-29 13:56:20,071 INFO:    146               Trimaran_enc-3des    1.00047541    1.00000000   +0.00047541  O2-bolt ≈ O2-bolt-opt（差异在 ±5% 内）
2026-04-29 13:56:20,071 INFO:    147                Trimaran_enc-md5    1.00084555    1.00000000   +0.00084555  O2-bolt ≈ O2-bolt-opt（差异在 ±5% 内）
2026-04-29 13:56:20,071 INFO:    148                Trimaran_enc-pc1    1.00049520    1.00000000   +0.00049520  O2-bolt ≈ O2-bolt-opt（差异在 ±5% 内）
2026-04-29 13:56:20,071 INFO:    149                Trimaran_enc-rc4    0.99999291    0.97959185   +0.02040106  O2-bolt ≈ O2-bolt-opt（差异在 ±5% 内）
2026-04-29 13:56:20,071 INFO:    150           Trimaran_netbench-crc    1.00022757    1.00000000   +0.00022757  O2-bolt ≈ O2-bolt-opt（差异在 ±5% 内）
2026-04-29 13:56:20,071 INFO:    151           Trimaran_netbench-url    0.99936050    1.00000000   -0.00063950  O2-bolt ≈ O2-bolt-opt（差异在 ±5% 内）
2026-04-29 13:56:20,071 INFO:    152                VersaBench_8b10b    1.00019610    1.00000000   +0.00019610  O2-bolt ≈ O2-bolt-opt（差异在 ±5% 内）
2026-04-29 13:56:20,072 INFO:    153           VersaBench_beamformer    0.99996692    1.12962961   -0.12966269  O2-bolt ≈ O2-bolt-opt（差异在 ±5% 内）
2026-04-29 13:56:20,072 INFO:    154                  VersaBench_bmm    0.99997067    1.00000000   -0.00002933  O2-bolt ≈ O2-bolt-opt（差异在 ±5% 内）
2026-04-29 13:56:20,072 INFO:    155                 VersaBench_dbms    1.00028038    1.00000000   +0.00028038  O2-bolt ≈ O2-bolt-opt（差异在 ±5% 内）
2026-04-29 13:56:20,072 INFO:    156               VersaBench_ecbdes    1.00059199    1.00000000   +0.00059199  O2-bolt ≈ O2-bolt-opt（差异在 ±5% 内）
2026-04-29 13:56:20,072 INFO:    157                    llubenchmark    1.00000620    1.00000000   +0.00000620  O2-bolt ≈ O2-bolt-opt（差异在 ±5% 内）
2026-04-29 13:56:20,072 INFO:    158                           mafft    0.99996912    1.00000000   -0.00003088  O2-bolt ≈ O2-bolt-opt（差异在 ±5% 内）
2026-04-29 13:56:20,072 INFO:    159      mediabench_adpcm_rawcaudio    0.99997002    0.99703491   +0.00293511  O2-bolt ≈ O2-bolt-opt（差异在 ±5% 内）
2026-04-29 13:56:20,072 INFO:    160      mediabench_adpcm_rawdaudio    0.99997032    0.99080110   +0.00916922  O2-bolt ≈ O2-bolt-opt（差异在 ±5% 内）
2026-04-29 13:56:20,072 INFO:    161      mediabench_g721_g721encode    0.99846709    0.98275864   +0.01570845  O2-bolt ≈ O2-bolt-opt（差异在 ±5% 内）
2026-04-29 13:56:20,073 INFO:    162            mediabench_gsm_toast    1.00044012    1.03024781   -0.02980769  O2-bolt ≈ O2-bolt-opt（差异在 ±5% 内）
2026-04-29 13:56:20,073 INFO:    163       mediabench_mpeg2_mpeg2dec    1.00003397    0.95915985   +0.04087412  O2-bolt ≈ O2-bolt-opt（差异在 ±5% 内）
2026-04-29 13:56:20,073 INFO:    164                          nbench    1.01810002    1.03125000   -0.01314998  O2-bolt ≈ O2-bolt-opt（差异在 ±5% 内）
2026-04-29 13:56:20,073 INFO:    165                      tramp3d-v4    0.99998778    0.98958331   +0.01040447  O2-bolt ≈ O2-bolt-opt（差异在 ±5% 内）
2026-04-29 13:56:20,073 INFO: 
  ── 验证指标 ──
2026-04-29 13:56:20,073 INFO:   MAE  = 0.018287
2026-04-29 13:56:20,073 INFO:   MSE  = 0.001644
2026-04-29 13:56:20,073 INFO:   RMSE = 0.040550
2026-04-29 13:56:20,074 INFO:   方向准确率 = 105/165 (63.6%)
2026-04-29 13:56:20,074 INFO:   预测 O2-bolt 更优: 81/165  (真实: 113/165)
2026-04-29 13:56:20,074 INFO:   方向准确率（排除 ±5%）= 11/18 (61.1%)
2026-04-29 13:56:20,076 INFO:   结构化结果: checkpoints/cnn/fixed_time_best/infer_samples_O2-bolt_vs_O2-bolt-opt.csv
2026-04-29 13:56:20,077 INFO:   摘要结果: checkpoints/cnn/fixed_time_best/infer_summary_O2-bolt_vs_O2-bolt-opt.json
2026-04-29 13:56:20,130 INFO: 已应用 exp() 变换（log-target 模式）
2026-04-29 13:56:20,131 INFO: ========================================================================
2026-04-29 13:56:20,131 INFO: 版本对: O3-bolt_vs_O3-bolt-opt  (O3-bolt vs O3-bolt-opt)  共 161 个程序
2026-04-29 13:56:20,131 INFO: 标签模式: fixed_time
2026-04-29 13:56:20,131 INFO: 标签定义: Y = N_v1 / N_v2 (throughput ratio in a fixed window)
2026-04-29 13:56:20,131 INFO: 判定方向: Y >= 1 视为 O3-bolt 更快，Y < 1 视为 O3-bolt-opt 更快
2026-04-29 13:56:20,131 INFO: 统计口径: 方向准确率按 same-side(Y=1.0) 统计；展示结论仍使用 judge() 的 ±5%% 区间
2026-04-29 13:56:20,131 INFO: ========================================================================
2026-04-29 13:56:20,131 INFO:      #                              程序          预测 Ŷ          真实 Y            误差  判断
2026-04-29 13:56:20,131 INFO:   ------------------------------------------------------------------------------------
2026-04-29 13:56:20,131 INFO:      1                            7zip    1.00019062    1.00000000   +0.00019062  O3-bolt ≈ O3-bolt-opt（差异在 ±5% 内）
2026-04-29 13:56:20,131 INFO:      2             ASCI_Purple_SMG2000    1.00013232    1.00000000   +0.00013232  O3-bolt ≈ O3-bolt-opt（差异在 ±5% 内）
2026-04-29 13:56:20,131 INFO:      3               ASC_Sequoia_AMGmk    1.00034857    1.00000000   +0.00034857  O3-bolt ≈ O3-bolt-opt（差异在 ±5% 内）
2026-04-29 13:56:20,131 INFO:      4           ASC_Sequoia_CrystalMk    1.00003278    1.00000000   +0.00003278  O3-bolt ≈ O3-bolt-opt（差异在 ±5% 内）
2026-04-29 13:56:20,131 INFO:      5               ASC_Sequoia_IRSmk    1.00032306    1.00000000   +0.00032306  O3-bolt ≈ O3-bolt-opt（差异在 ±5% 内）
2026-04-29 13:56:20,132 INFO:      6                  BitBench_drop3    0.99097967    0.93406594   +0.05691373  O3-bolt ≈ O3-bolt-opt（差异在 ±5% 内）
2026-04-29 13:56:20,132 INFO:      7                 BitBench_five11    0.99968123    0.94999999   +0.04968125  O3-bolt ≈ O3-bolt-opt（差异在 ±5% 内）
2026-04-29 13:56:20,132 INFO:      8               BitBench_uudecode    0.99972200    1.71857262   -0.71885061  O3-bolt ≈ O3-bolt-opt（差异在 ±5% 内）
2026-04-29 13:56:20,132 INFO:      9               BitBench_uuencode    0.99999607    1.00515461   -0.00515854  O3-bolt ≈ O3-bolt-opt（差异在 ±5% 内）
2026-04-29 13:56:20,132 INFO:     10                          Bullet    1.00078273    1.00000000   +0.00078273  O3-bolt ≈ O3-bolt-opt（差异在 ±5% 内）
2026-04-29 13:56:20,132 INFO:     11         DOE-ProxyApps-C++_CLAMR    0.99983102    1.00000000   -0.00016898  O3-bolt ≈ O3-bolt-opt（差异在 ±5% 内）
2026-04-29 13:56:20,132 INFO:     12   DOE-ProxyApps-C++_HACCKernels    0.99991560    1.00000000   -0.00008440  O3-bolt ≈ O3-bolt-opt（差异在 ±5% 内）
2026-04-29 13:56:20,132 INFO:     13         DOE-ProxyApps-C++_HPCCG    0.99996346    1.00000000   -0.00003654  O3-bolt ≈ O3-bolt-opt（差异在 ±5% 内）
2026-04-29 13:56:20,132 INFO:     14       DOE-ProxyApps-C++_PENNANT    0.99996293    1.00000000   -0.00003707  O3-bolt ≈ O3-bolt-opt（差异在 ±5% 内）
2026-04-29 13:56:20,132 INFO:     15        DOE-ProxyApps-C++_miniFE    1.00128257    1.00000000   +0.00128257  O3-bolt ≈ O3-bolt-opt（差异在 ±5% 内）
2026-04-29 13:56:20,132 INFO:     16            DOE-ProxyApps-C_CoMD    1.00142920    0.92000002   +0.08142918  O3-bolt ≈ O3-bolt-opt（差异在 ±5% 内）
2026-04-29 13:56:20,132 INFO:     17      DOE-ProxyApps-C_Pathfinder    1.02220774    1.06666672   -0.04445899  O3-bolt ≈ O3-bolt-opt（差异在 ±5% 内）
2026-04-29 13:56:20,133 INFO:     18         DOE-ProxyApps-C_RSBench    0.99997783    1.00000000   -0.00002217  O3-bolt ≈ O3-bolt-opt（差异在 ±5% 内）
2026-04-29 13:56:20,133 INFO:     19       DOE-ProxyApps-C_SimpleMOC    0.99999440    0.96969700   +0.03029740  O3-bolt ≈ O3-bolt-opt（差异在 ±5% 内）
2026-04-29 13:56:20,133 INFO:     20         DOE-ProxyApps-C_XSBench    0.88044548    0.93750000   -0.05705452  O3-bolt-opt 优于 O3-bolt（快 12.0%，加速比 1.14x）
2026-04-29 13:56:20,133 INFO:     21         DOE-ProxyApps-C_miniAMR    1.00002956    1.00000000   +0.00002956  O3-bolt ≈ O3-bolt-opt（差异在 ±5% 内）
2026-04-29 13:56:20,133 INFO:     22         DOE-ProxyApps-C_miniGMG    1.00306439    1.00000000   +0.00306439  O3-bolt ≈ O3-bolt-opt（差异在 ±5% 内）
2026-04-29 13:56:20,133 INFO:     23                     Fhourstones    0.99998409    1.03703701   -0.03705293  O3-bolt ≈ O3-bolt-opt（差异在 ±5% 内）
2026-04-29 13:56:20,133 INFO:     24                 Fhourstones-3.1    0.99998415    1.08571434   -0.08573020  O3-bolt ≈ O3-bolt-opt（差异在 ±5% 内）
2026-04-29 13:56:20,133 INFO:     25              FreeBench_analyzer    1.00011575    0.99624997   +0.00386578  O3-bolt ≈ O3-bolt-opt（差异在 ±5% 内）
2026-04-29 13:56:20,133 INFO:     26               FreeBench_distray    0.99999124    1.00000000   -0.00000876  O3-bolt ≈ O3-bolt-opt（差异在 ±5% 内）
2026-04-29 13:56:20,134 INFO:     27            FreeBench_fourinarow    1.00040817    1.00000000   +0.00040817  O3-bolt ≈ O3-bolt-opt（差异在 ±5% 内）
2026-04-29 13:56:20,134 INFO:     28                 FreeBench_mason    0.99997920    0.98467433   +0.01530486  O3-bolt ≈ O3-bolt-opt（差异在 ±5% 内）
2026-04-29 13:56:20,134 INFO:     29                FreeBench_neural    0.99996340    1.01086962   -0.01090622  O3-bolt ≈ O3-bolt-opt（差异在 ±5% 内）
2026-04-29 13:56:20,134 INFO:     30            FreeBench_pcompress2    1.00039995    1.00604224   -0.00564229  O3-bolt ≈ O3-bolt-opt（差异在 ±5% 内）
2026-04-29 13:56:20,134 INFO:     31                 FreeBench_pifft    1.00025868    1.01268113   -0.01242244  O3-bolt ≈ O3-bolt-opt（差异在 ±5% 内）
2026-04-29 13:56:20,134 INFO:     32               MallocBench_cfrac    0.99983943    0.98113209   +0.01870733  O3-bolt ≈ O3-bolt-opt（差异在 ±5% 内）
2026-04-29 13:56:20,134 INFO:     33            MallocBench_espresso    1.00089931    1.01785719   -0.01695788  O3-bolt ≈ O3-bolt-opt（差异在 ±5% 内）
2026-04-29 13:56:20,134 INFO:     34                  MallocBench_gs    0.99992138    0.94297349   +0.05694789  O3-bolt ≈ O3-bolt-opt（差异在 ±5% 内）
2026-04-29 13:56:20,134 INFO:     35                 McCat_01-qbsort    0.99982196    0.97737557   +0.02244639  O3-bolt ≈ O3-bolt-opt（差异在 ±5% 内）
2026-04-29 13:56:20,134 INFO:     36                 McCat_04-bisect    1.00004697    1.10337555   -0.10332859  O3-bolt ≈ O3-bolt-opt（差异在 ±5% 内）
2026-04-29 13:56:20,135 INFO:     37                   McCat_08-main    1.00000072    1.00000000   +0.00000072  O3-bolt ≈ O3-bolt-opt（差异在 ±5% 内）
2026-04-29 13:56:20,135 INFO:     38                    McCat_09-vor    0.99995947    1.01600003   -0.01604056  O3-bolt ≈ O3-bolt-opt（差异在 ±5% 内）
2026-04-29 13:56:20,135 INFO:     39                 McCat_12-IOtest    0.99990183    0.99324322   +0.00665861  O3-bolt ≈ O3-bolt-opt（差异在 ±5% 内）
2026-04-29 13:56:20,135 INFO:     40                   McCat_15-trie    1.00009072    1.02257168   -0.02248096  O3-bolt ≈ O3-bolt-opt（差异在 ±5% 内）
2026-04-29 13:56:20,135 INFO:     41                  McCat_17-bintr    1.00030971    1.00000000   +0.00030971  O3-bolt ≈ O3-bolt-opt（差异在 ±5% 内）
2026-04-29 13:56:20,135 INFO:     42                    McCat_18-imp    0.99989116    1.09950864   -0.09961748  O3-bolt ≈ O3-bolt-opt（差异在 ±5% 内）
2026-04-29 13:56:20,135 INFO:     43    MiBench_automotive-basicmath    0.99977773    1.00000000   -0.00022227  O3-bolt ≈ O3-bolt-opt（差异在 ±5% 内）
2026-04-29 13:56:20,135 INFO:     44     MiBench_automotive-bitcount    0.99995172    0.96551722   +0.03443450  O3-bolt ≈ O3-bolt-opt（差异在 ±5% 内）
2026-04-29 13:56:20,135 INFO:     45        MiBench_automotive-susan    0.99997568    0.98684210   +0.01313359  O3-bolt ≈ O3-bolt-opt（差异在 ±5% 内）
2026-04-29 13:56:20,135 INFO:     46           MiBench_consumer-jpeg    0.99998140    0.98716003   +0.01282138  O3-bolt ≈ O3-bolt-opt（差异在 ±5% 内）
2026-04-29 13:56:20,135 INFO:     47           MiBench_consumer-lame    1.00059640    0.98795182   +0.01264459  O3-bolt ≈ O3-bolt-opt（差异在 ±5% 内）
2026-04-29 13:56:20,136 INFO:     48        MiBench_consumer-typeset    1.00015664    0.98859930   +0.01155734  O3-bolt ≈ O3-bolt-opt（差异在 ±5% 内）
2026-04-29 13:56:20,136 INFO:     49        MiBench_network-dijkstra    0.99961162    0.92191052   +0.07770109  O3-bolt ≈ O3-bolt-opt（差异在 ±5% 内）
2026-04-29 13:56:20,136 INFO:     50        MiBench_network-patricia    1.00000536    0.99571735   +0.00428802  O3-bolt ≈ O3-bolt-opt（差异在 ±5% 内）
2026-04-29 13:56:20,136 INFO:     51           MiBench_office-ispell    1.00002551    1.00658286   -0.00655735  O3-bolt ≈ O3-bolt-opt（差异在 ±5% 内）
2026-04-29 13:56:20,136 INFO:     52     MiBench_office-stringsearch    1.00008249    1.01574588   -0.01566339  O3-bolt ≈ O3-bolt-opt（差异在 ±5% 内）
2026-04-29 13:56:20,136 INFO:     53       MiBench_security-rijndael    1.00003719    1.05910993   -0.05907273  O3-bolt ≈ O3-bolt-opt（差异在 ±5% 内）
2026-04-29 13:56:20,136 INFO:     54            MiBench_security-sha    1.00032508    1.00746751   -0.00714242  O3-bolt ≈ O3-bolt-opt（差异在 ±5% 内）
2026-04-29 13:56:20,136 INFO:     55          MiBench_telecomm-CRC32    1.00035322    1.00688076   -0.00652754  O3-bolt ≈ O3-bolt-opt（差异在 ±5% 内）
2026-04-29 13:56:20,136 INFO:     56            MiBench_telecomm-FFT    0.99997801    0.99694890   +0.00302911  O3-bolt ≈ O3-bolt-opt（差异在 ±5% 内）
2026-04-29 13:56:20,136 INFO:     57          MiBench_telecomm-adpcm    0.99996537    0.99757868   +0.00238669  O3-bolt ≈ O3-bolt-opt（差异在 ±5% 内）
2026-04-29 13:56:20,136 INFO:     58            MiBench_telecomm-gsm    1.00153637    0.99284011   +0.00869626  O3-bolt ≈ O3-bolt-opt（差异在 ±5% 内）
2026-04-29 13:56:20,137 INFO:     59                   NPB-serial_is    1.00012720    1.00000000   +0.00012720  O3-bolt ≈ O3-bolt-opt（差异在 ±5% 内）
2026-04-29 13:56:20,137 INFO:     60                        Olden_bh    1.00033700    1.00000000   +0.00033700  O3-bolt ≈ O3-bolt-opt（差异在 ±5% 内）
2026-04-29 13:56:20,137 INFO:     61                    Olden_bisort    0.99997377    0.98913044   +0.01084334  O3-bolt ≈ O3-bolt-opt（差异在 ±5% 内）
2026-04-29 13:56:20,137 INFO:     62                      Olden_em3d    1.58171105    1.64285719   -0.06114614  O3-bolt 优于 O3-bolt-opt（快 36.8%，加速比 1.58x）
2026-04-29 13:56:20,137 INFO:     63                    Olden_health    0.99997944    1.00000000   -0.00002056  O3-bolt ≈ O3-bolt-opt（差异在 ±5% 内）
2026-04-29 13:56:20,137 INFO:     64                       Olden_mst    1.00001466    1.00199997   -0.00198531  O3-bolt ≈ O3-bolt-opt（差异在 ±5% 内）
2026-04-29 13:56:20,137 INFO:     65                 Olden_perimeter    0.99994886    0.99115044   +0.00879842  O3-bolt ≈ O3-bolt-opt（差异在 ±5% 内）
2026-04-29 13:56:20,137 INFO:     66                     Olden_power    0.99996710    0.98701298   +0.01295412  O3-bolt ≈ O3-bolt-opt（差异在 ±5% 内）
2026-04-29 13:56:20,137 INFO:     67                   Olden_treeadd    0.99991995    1.00487804   -0.00495809  O3-bolt ≈ O3-bolt-opt（差异在 ±5% 内）
2026-04-29 13:56:20,138 INFO:     68                       Olden_tsp    0.99998385    1.01149428   -0.01151043  O3-bolt ≈ O3-bolt-opt（差异在 ±5% 内）
2026-04-29 13:56:20,138 INFO:     69                   Olden_voronoi    1.00005174    1.00606060   -0.00600886  O3-bolt ≈ O3-bolt-opt（差异在 ±5% 内）
2026-04-29 13:56:20,138 INFO:     70                           PAQ8p    1.00130236    1.00000000   +0.00130236  O3-bolt ≈ O3-bolt-opt（差异在 ±5% 内）
2026-04-29 13:56:20,138 INFO:     71                 Prolangs-C++_NP    1.00000107    1.02391160   -0.02391052  O3-bolt ≈ O3-bolt-opt（差异在 ±5% 内）
2026-04-29 13:56:20,138 INFO:     72             Prolangs-C++_deriv1    0.99999350    1.00143433   -0.00144082  O3-bolt ≈ O3-bolt-opt（差异在 ±5% 内）
2026-04-29 13:56:20,138 INFO:     73             Prolangs-C++_deriv2    1.00000477    1.00784409   -0.00783932  O3-bolt ≈ O3-bolt-opt（差异在 ±5% 内）
2026-04-29 13:56:20,138 INFO:     74             Prolangs-C++_employ    0.99993169    1.01038063   -0.01044893  O3-bolt ≈ O3-bolt-opt（差异在 ±5% 内）
2026-04-29 13:56:20,139 INFO:     75                Prolangs-C++_fsm    1.00000203    1.00829017   -0.00828815  O3-bolt ≈ O3-bolt-opt（差异在 ±5% 内）
2026-04-29 13:56:20,139 INFO:     76             Prolangs-C++_garage    1.00000882    1.00928879   -0.00927997  O3-bolt ≈ O3-bolt-opt（差异在 ±5% 内）
2026-04-29 13:56:20,139 INFO:     77               Prolangs-C++_life    0.99988949    1.02857149   -0.02868199  O3-bolt ≈ O3-bolt-opt（差异在 ±5% 内）
2026-04-29 13:56:20,139 INFO:     78            Prolangs-C++_objects    1.00000334    1.01456666   -0.01456332  O3-bolt ≈ O3-bolt-opt（差异在 ±5% 内）
2026-04-29 13:56:20,139 INFO:     79              Prolangs-C++_ocean    0.99975240    0.99203819   +0.00771421  O3-bolt ≈ O3-bolt-opt（差异在 ±5% 内）
2026-04-29 13:56:20,139 INFO:     80             Prolangs-C++_office    1.00000036    0.99761540   +0.00238496  O3-bolt ≈ O3-bolt-opt（差异在 ±5% 内）
2026-04-29 13:56:20,140 INFO:     81             Prolangs-C++_primes    1.00326502    0.95205480   +0.05121022  O3-bolt ≈ O3-bolt-opt（差异在 ±5% 内）
2026-04-29 13:56:20,140 INFO:     82             Prolangs-C++_shapes    1.00001204    1.00086033   -0.00084829  O3-bolt ≈ O3-bolt-opt（差异在 ±5% 内）
2026-04-29 13:56:20,140 INFO:     83              Prolangs-C++_simul    0.99997032    0.99266934   +0.00730097  O3-bolt ≈ O3-bolt-opt（差异在 ±5% 内）
2026-04-29 13:56:20,140 INFO:     84              Prolangs-C++_trees    1.00000346    1.02625501   -0.02625155  O3-bolt ≈ O3-bolt-opt（差异在 ±5% 内）
2026-04-29 13:56:20,140 INFO:     85         Prolangs-C_TimberWolfMC    1.00025320    1.01745570   -0.01720250  O3-bolt ≈ O3-bolt-opt（差异在 ±5% 内）
2026-04-29 13:56:20,140 INFO:     86                Prolangs-C_agrep    0.99997211    1.03104591   -0.03107381  O3-bolt ≈ O3-bolt-opt（差异在 ±5% 内）
2026-04-29 13:56:20,141 INFO:     87             Prolangs-C_allroots    1.00024772    1.01275063   -0.01250291  O3-bolt ≈ O3-bolt-opt（差异在 ±5% 内）
2026-04-29 13:56:20,141 INFO:     88        Prolangs-C_archie-client    1.00024736    1.01161587   -0.01136851  O3-bolt ≈ O3-bolt-opt（差异在 ±5% 内）
2026-04-29 13:56:20,141 INFO:     89                Prolangs-C_bison    1.00002527    0.99333072   +0.00669456  O3-bolt ≈ O3-bolt-opt（差异在 ±5% 内）
2026-04-29 13:56:20,141 INFO:     90                Prolangs-C_cdecl    1.00003290    1.01328838   -0.01325548  O3-bolt ≈ O3-bolt-opt（差异在 ±5% 内）
2026-04-29 13:56:20,141 INFO:     91             Prolangs-C_football    1.00024438    1.02120066   -0.02095628  O3-bolt ≈ O3-bolt-opt（差异在 ±5% 内）
2026-04-29 13:56:20,141 INFO:     92                Prolangs-C_gnugo    1.00757539    1.01735532   -0.00977993  O3-bolt ≈ O3-bolt-opt（差异在 ±5% 内）
2026-04-29 13:56:20,141 INFO:     93           Prolangs-C_unix-smail    1.00015867    1.00617516   -0.00601649  O3-bolt ≈ O3-bolt-opt（差异在 ±5% 内）
2026-04-29 13:56:20,141 INFO:     94             Prolangs-C_unix-tbl    1.00026846    1.01707256   -0.01680410  O3-bolt ≈ O3-bolt-opt（差异在 ±5% 内）
2026-04-29 13:56:20,142 INFO:     95                 Ptrdist_anagram    0.99999011    0.98333335   +0.01665676  O3-bolt ≈ O3-bolt-opt（差异在 ±5% 内）
2026-04-29 13:56:20,142 INFO:     96                      Ptrdist_bc    0.99982983    0.91612905   +0.08370078  O3-bolt ≈ O3-bolt-opt（差异在 ±5% 内）
2026-04-29 13:56:20,142 INFO:     97                      Ptrdist_ft    1.02347100    1.01999998   +0.00347102  O3-bolt ≈ O3-bolt-opt（差异在 ±5% 内）
2026-04-29 13:56:20,142 INFO:     98                      Ptrdist_ks    0.99941432    0.85074627   +0.14866805  O3-bolt ≈ O3-bolt-opt（差异在 ±5% 内）
2026-04-29 13:56:20,142 INFO:     99                   Ptrdist_yacr2    1.17305756    1.08333337   +0.08972418  O3-bolt 优于 O3-bolt-opt（快 14.8%，加速比 1.17x）
2026-04-29 13:56:20,142 INFO:    100                Rodinia_backprop    1.00045240    1.00000000   +0.00045240  O3-bolt ≈ O3-bolt-opt（差异在 ±5% 内）
2026-04-29 13:56:20,142 INFO:    101                 Rodinia_hotspot    0.99991876    1.00389099   -0.00397223  O3-bolt ≈ O3-bolt-opt（差异在 ±5% 内）
2026-04-29 13:56:20,143 INFO:    102              Rodinia_pathfinder    1.00008619    1.00000000   +0.00008619  O3-bolt ≈ O3-bolt-opt（差异在 ±5% 内）
2026-04-29 13:56:20,143 INFO:    103                    Rodinia_srad    1.00100732    1.01098907   -0.00998175  O3-bolt ≈ O3-bolt-opt（差异在 ±5% 内）
2026-04-29 13:56:20,143 INFO:    104                      SciMark2-C    0.99990988    1.00000000   -0.00009012  O3-bolt ≈ O3-bolt-opt（差异在 ±5% 内）
2026-04-29 13:56:20,143 INFO:    105            TSVC_ControlFlow-dbl    0.99992520    1.00000000   -0.00007480  O3-bolt ≈ O3-bolt-opt（差异在 ±5% 内）
2026-04-29 13:56:20,143 INFO:    106            TSVC_ControlFlow-flt    0.99995792    1.06666672   -0.06670880  O3-bolt ≈ O3-bolt-opt（差异在 ±5% 内）
2026-04-29 13:56:20,143 INFO:    107           TSVC_ControlLoops-dbl    1.00030100    1.00000000   +0.00030100  O3-bolt ≈ O3-bolt-opt（差异在 ±5% 内）
2026-04-29 13:56:20,143 INFO:    108           TSVC_ControlLoops-flt    1.00002241    1.00000000   +0.00002241  O3-bolt ≈ O3-bolt-opt（差异在 ±5% 内）
2026-04-29 13:56:20,143 INFO:    109     TSVC_CrossingThresholds-dbl    0.99996066    1.00000000   -0.00003934  O3-bolt ≈ O3-bolt-opt（差异在 ±5% 内）
2026-04-29 13:56:20,144 INFO:    110     TSVC_CrossingThresholds-flt    0.99996072    1.00000000   -0.00003928  O3-bolt ≈ O3-bolt-opt（差异在 ±5% 内）
2026-04-29 13:56:20,144 INFO:    111          TSVC_Equivalencing-dbl    1.00015616    1.00000000   +0.00015616  O3-bolt ≈ O3-bolt-opt（差异在 ±5% 内）
2026-04-29 13:56:20,144 INFO:    112          TSVC_Equivalencing-flt    1.00000954    1.01282048   -0.01281095  O3-bolt ≈ O3-bolt-opt（差异在 ±5% 内）
2026-04-29 13:56:20,144 INFO:    113              TSVC_Expansion-dbl    0.99994051    1.00000000   -0.00005949  O3-bolt ≈ O3-bolt-opt（差异在 ±5% 内）
2026-04-29 13:56:20,144 INFO:    114              TSVC_Expansion-flt    0.99998152    1.03846157   -0.03848004  O3-bolt ≈ O3-bolt-opt（差异在 ±5% 内）
2026-04-29 13:56:20,144 INFO:    115         TSVC_GlobalDataFlow-dbl    1.00015318    1.00000000   +0.00015318  O3-bolt ≈ O3-bolt-opt（差异在 ±5% 内）
2026-04-29 13:56:20,144 INFO:    116         TSVC_GlobalDataFlow-flt    1.00002110    1.00000000   +0.00002110  O3-bolt ≈ O3-bolt-opt（差异在 ±5% 内）
2026-04-29 13:56:20,144 INFO:    117     TSVC_IndirectAddressing-dbl    0.99995703    0.92307693   +0.07688010  O3-bolt ≈ O3-bolt-opt（差异在 ±5% 内）
2026-04-29 13:56:20,145 INFO:    118     TSVC_IndirectAddressing-flt    0.99996173    0.92307693   +0.07688481  O3-bolt ≈ O3-bolt-opt（差异在 ±5% 内）
2026-04-29 13:56:20,145 INFO:    119      TSVC_InductionVariable-dbl    1.00005519    1.09090912   -0.09085393  O3-bolt ≈ O3-bolt-opt（差异在 ±5% 内）
2026-04-29 13:56:20,145 INFO:    120      TSVC_InductionVariable-flt    0.99929851    1.00000000   -0.00070149  O3-bolt ≈ O3-bolt-opt（差异在 ±5% 内）
2026-04-29 13:56:20,145 INFO:    121       TSVC_LinearDependence-dbl    0.99999124    1.00000000   -0.00000876  O3-bolt ≈ O3-bolt-opt（差异在 ±5% 内）
2026-04-29 13:56:20,145 INFO:    122       TSVC_LinearDependence-flt    0.99996203    0.93103451   +0.06892753  O3-bolt ≈ O3-bolt-opt（差异在 ±5% 内）
2026-04-29 13:56:20,145 INFO:    123          TSVC_LoopRerolling-dbl    0.99993116    1.00000000   -0.00006884  O3-bolt ≈ O3-bolt-opt（差异在 ±5% 内）
2026-04-29 13:56:20,145 INFO:    124          TSVC_LoopRerolling-flt    0.99995953    1.00000000   -0.00004047  O3-bolt ≈ O3-bolt-opt（差异在 ±5% 内）
2026-04-29 13:56:20,145 INFO:    125      TSVC_LoopRestructuring-dbl    0.99994087    1.00000000   -0.00005913  O3-bolt ≈ O3-bolt-opt（差异在 ±5% 内）
2026-04-29 13:56:20,146 INFO:    126      TSVC_LoopRestructuring-flt    0.99944890    1.00000000   -0.00055110  O3-bolt ≈ O3-bolt-opt（差异在 ±5% 内）
2026-04-29 13:56:20,146 INFO:    127          TSVC_NodeSplitting-dbl    1.00765347    0.92307693   +0.08457655  O3-bolt ≈ O3-bolt-opt（差异在 ±5% 内）
2026-04-29 13:56:20,146 INFO:    128          TSVC_NodeSplitting-flt    1.00076044    1.06666672   -0.06590629  O3-bolt ≈ O3-bolt-opt（差异在 ±5% 内）
2026-04-29 13:56:20,146 INFO:    129                TSVC_Packing-dbl    0.99956369    1.27272725   -0.27316356  O3-bolt ≈ O3-bolt-opt（差异在 ±5% 内）
2026-04-29 13:56:20,146 INFO:    130                TSVC_Packing-flt    0.99961209    1.25000000   -0.25038791  O3-bolt ≈ O3-bolt-opt（差异在 ±5% 内）
2026-04-29 13:56:20,146 INFO:    131            TSVC_Recurrences-dbl    0.99620461    1.00000000   -0.00379539  O3-bolt ≈ O3-bolt-opt（差异在 ±5% 内）
2026-04-29 13:56:20,146 INFO:    132            TSVC_Recurrences-flt    0.94617379    1.00000000   -0.05382621  O3-bolt-opt 优于 O3-bolt（快 5.4%，加速比 1.06x）
2026-04-29 13:56:20,146 INFO:    133             TSVC_Reductions-dbl    0.99998420    1.00000000   -0.00001580  O3-bolt ≈ O3-bolt-opt（差异在 ±5% 内）
2026-04-29 13:56:20,147 INFO:    134             TSVC_Reductions-flt    1.00007391    1.00000000   +0.00007391  O3-bolt ≈ O3-bolt-opt（差异在 ±5% 内）
2026-04-29 13:56:20,147 INFO:    135              TSVC_Searching-dbl    1.00027359    1.00000000   +0.00027359  O3-bolt ≈ O3-bolt-opt（差异在 ±5% 内）
2026-04-29 13:56:20,147 INFO:    136              TSVC_Searching-flt    1.00002432    1.00000000   +0.00002432  O3-bolt ≈ O3-bolt-opt（差异在 ±5% 内）
2026-04-29 13:56:20,147 INFO:    137    TSVC_StatementReordering-dbl    1.00005186    1.00000000   +0.00005186  O3-bolt ≈ O3-bolt-opt（差异在 ±5% 内）
2026-04-29 13:56:20,147 INFO:    138    TSVC_StatementReordering-flt    1.00007057    1.00000000   +0.00007057  O3-bolt ≈ O3-bolt-opt（差异在 ±5% 内）
2026-04-29 13:56:20,147 INFO:    139              TSVC_Symbolics-dbl    1.00001359    0.94736844   +0.05264515  O3-bolt ≈ O3-bolt-opt（差异在 ±5% 内）
2026-04-29 13:56:20,147 INFO:    140              TSVC_Symbolics-flt    1.00003040    0.91891891   +0.08111149  O3-bolt ≈ O3-bolt-opt（差异在 ±5% 内）
2026-04-29 13:56:20,148 INFO:    141               Trimaran_enc-3des    1.00042176    1.04347825   -0.04305649  O3-bolt ≈ O3-bolt-opt（差异在 ±5% 内）
2026-04-29 13:56:20,148 INFO:    142                Trimaran_enc-md5    1.00054049    1.00000000   +0.00054049  O3-bolt ≈ O3-bolt-opt（差异在 ±5% 内）
2026-04-29 13:56:20,148 INFO:    143                Trimaran_enc-pc1    1.00097036    1.00000000   +0.00097036  O3-bolt ≈ O3-bolt-opt（差异在 ±5% 内）
2026-04-29 13:56:20,148 INFO:    144                Trimaran_enc-rc4    1.00010467    1.00000000   +0.00010467  O3-bolt ≈ O3-bolt-opt（差异在 ±5% 内）
2026-04-29 13:56:20,148 INFO:    145           Trimaran_netbench-crc    1.00011063    1.00000000   +0.00011063  O3-bolt ≈ O3-bolt-opt（差异在 ±5% 内）
2026-04-29 13:56:20,148 INFO:    146           Trimaran_netbench-url    0.99937230    1.00000000   -0.00062770  O3-bolt ≈ O3-bolt-opt（差异在 ±5% 内）
2026-04-29 13:56:20,148 INFO:    147                VersaBench_8b10b    1.00026941    0.88888890   +0.11138052  O3-bolt ≈ O3-bolt-opt（差异在 ±5% 内）
2026-04-29 13:56:20,148 INFO:    148           VersaBench_beamformer    0.99999017    1.00000000   -0.00000983  O3-bolt ≈ O3-bolt-opt（差异在 ±5% 内）
2026-04-29 13:56:20,149 INFO:    149                  VersaBench_bmm    0.99996787    1.00000000   -0.00003213  O3-bolt ≈ O3-bolt-opt（差异在 ±5% 内）
2026-04-29 13:56:20,149 INFO:    150                 VersaBench_dbms    1.00034845    1.00000000   +0.00034845  O3-bolt ≈ O3-bolt-opt（差异在 ±5% 内）
2026-04-29 13:56:20,149 INFO:    151               VersaBench_ecbdes    1.00067675    1.00000000   +0.00067675  O3-bolt ≈ O3-bolt-opt（差异在 ±5% 内）
2026-04-29 13:56:20,149 INFO:    152                    llubenchmark    0.99979287    1.00000000   -0.00020713  O3-bolt ≈ O3-bolt-opt（差异在 ±5% 内）
2026-04-29 13:56:20,149 INFO:    153                           mafft    0.99996686    1.00000000   -0.00003314  O3-bolt ≈ O3-bolt-opt（差异在 ±5% 内）
2026-04-29 13:56:20,149 INFO:    154      mediabench_adpcm_rawcaudio    0.99996954    1.00704527   -0.00707573  O3-bolt ≈ O3-bolt-opt（差异在 ±5% 内）
2026-04-29 13:56:20,149 INFO:    155      mediabench_adpcm_rawdaudio    0.99996966    1.01659405   -0.01662439  O3-bolt ≈ O3-bolt-opt（差异在 ±5% 内）
2026-04-29 13:56:20,150 INFO:    156      mediabench_g721_g721encode    0.99951649    0.99612403   +0.00339246  O3-bolt ≈ O3-bolt-opt（差异在 ±5% 内）
2026-04-29 13:56:20,150 INFO:    157            mediabench_gsm_toast    1.00048244    0.99899191   +0.00149053  O3-bolt ≈ O3-bolt-opt（差异在 ±5% 内）
2026-04-29 13:56:20,150 INFO:    158         mediabench_jpeg_jpeg-6a    0.99997479    1.01964355   -0.01966876  O3-bolt ≈ O3-bolt-opt（差异在 ±5% 内）
2026-04-29 13:56:20,150 INFO:    159       mediabench_mpeg2_mpeg2dec    1.00033855    0.95862961   +0.04170895  O3-bolt ≈ O3-bolt-opt（差异在 ±5% 内）
2026-04-29 13:56:20,150 INFO:    160                          nbench    1.01187122    0.93939394   +0.07247728  O3-bolt ≈ O3-bolt-opt（差异在 ±5% 内）
2026-04-29 13:56:20,150 INFO:    161                      tramp3d-v4    0.99997771    0.99317408   +0.00680363  O3-bolt ≈ O3-bolt-opt（差异在 ±5% 内）
2026-04-29 13:56:20,150 INFO: 
  ── 验证指标 ──
2026-04-29 13:56:20,151 INFO:   MAE  = 0.026775
2026-04-29 13:56:20,151 INFO:   MSE  = 0.005255
2026-04-29 13:56:20,151 INFO:   RMSE = 0.072491
2026-04-29 13:56:20,151 INFO:   方向准确率 = 97/161 (60.2%)
2026-04-29 13:56:20,151 INFO:   预测 O3-bolt 更优: 85/161  (真实: 117/161)
2026-04-29 13:56:20,151 INFO:   方向准确率（排除 ±5%）= 17/29 (58.6%)
2026-04-29 13:56:20,155 INFO:   结构化结果: checkpoints/cnn/fixed_time_best/infer_samples_O3-bolt_vs_O3-bolt-opt.csv
2026-04-29 13:56:20,155 INFO:   摘要结果: checkpoints/cnn/fixed_time_best/infer_summary_O3-bolt_vs_O3-bolt-opt.json
2026-04-29 13:56:20,155 INFO: 
