2026-04-29 13:57:08,538 INFO: 自动选择设备: directml
2026-04-29 13:57:08,538 INFO: 设备: privateuseone:0
2026-04-29 13:57:08,539 INFO: 设备类型: directml
2026-04-29 13:57:08,539 INFO: 日志输出目录: checkpoints/transformer/inst_best
2026-04-29 13:57:08,539 INFO: 从指定配置文件加载: checkpoints/transformer/inst_best/trans_best_inst.json
2026-04-29 13:57:08,693 INFO: 模型加载完成: checkpoints/transformer/inst_best/trans_best_inst.pt  (设备: privateuseone:0)
2026-04-29 13:57:08,694 INFO: 模型类型: transformer
2026-04-29 13:57:08,694 INFO: 模型参数: {'in_features': 6, 'mlp_hidden': 64, 'dropout': 0.1, 'd_model': 64, 'nhead': 2, 'num_layers': 2, 'dim_feedforward': 256, 'max_len': 512, 'pos_encoding': 'learnable'}
2026-04-29 13:57:08,694 INFO: log-target 模式: 推理时将自动应用 exp() 变换
2026-04-29 13:57:08,694 INFO: pair-swap 训练增强: True（此为训练时数据增强，不影响推理逻辑）
2026-04-29 13:57:08,850 INFO: 已应用 exp() 变换（log-target 模式）
2026-04-29 13:57:08,852 INFO: ========================================================================
2026-04-29 13:57:08,852 INFO: 版本对: O1-g_vs_O3-g  (O1-g vs O3-g)  共 174 个程序
2026-04-29 13:57:08,852 INFO: 标签模式: inst_retired_ratio
2026-04-29 13:57:08,852 INFO: 标签定义: Y = Σinst_v1 / Σinst_v2 (retired instruction ratio)
2026-04-29 13:57:08,852 INFO: 判定方向: Y >= 1 视为 O1-g 更快，Y < 1 视为 O3-g 更快
2026-04-29 13:57:08,852 INFO: 统计口径: 方向准确率按 same-side(Y=1.0) 统计；展示结论仍使用 judge() 的 ±5%% 区间
2026-04-29 13:57:08,852 INFO: ========================================================================
2026-04-29 13:57:08,852 INFO:      #                              程序          预测 Ŷ          真实 Y            误差  判断
2026-04-29 13:57:08,852 INFO:   ------------------------------------------------------------------------------------
2026-04-29 13:57:08,852 INFO:      1                            7zip    1.01262331    1.05214691   -0.03952360  O1-g ≈ O3-g（差异在 ±5% 内）
2026-04-29 13:57:08,853 INFO:      2             ASCI_Purple_SMG2000    1.06725860    1.51914060   -0.45188200  O1-g 优于 O3-g（快 6.3%，加速比 1.07x）
2026-04-29 13:57:08,853 INFO:      3               ASC_Sequoia_AMGmk    0.85274845    0.84737968   +0.00536877  O3-g 优于 O1-g（快 14.7%，加速比 1.17x）
2026-04-29 13:57:08,853 INFO:      4           ASC_Sequoia_CrystalMk    1.03433943    1.01239920   +0.02194023  O1-g ≈ O3-g（差异在 ±5% 内）
2026-04-29 13:57:08,853 INFO:      5               ASC_Sequoia_IRSmk    0.99755806    0.95196372   +0.04559433  O1-g ≈ O3-g（差异在 ±5% 内）
2026-04-29 13:57:08,853 INFO:      6                  BitBench_drop3    0.99977762    0.99763298   +0.00214463  O1-g ≈ O3-g（差异在 ±5% 内）
2026-04-29 13:57:08,853 INFO:      7                 BitBench_five11    0.99930155    1.01229441   -0.01299286  O1-g ≈ O3-g（差异在 ±5% 内）
2026-04-29 13:57:08,853 INFO:      8               BitBench_uudecode    0.95544708    1.02966845   -0.07422137  O1-g ≈ O3-g（差异在 ±5% 内）
2026-04-29 13:57:08,853 INFO:      9               BitBench_uuencode    1.02953064    1.05835128   -0.02882063  O1-g ≈ O3-g（差异在 ±5% 内）
2026-04-29 13:57:08,853 INFO:     10                          Bullet    1.00155163    0.98187548   +0.01967615  O1-g ≈ O3-g（差异在 ±5% 内）
2026-04-29 13:57:08,853 INFO:     11         DOE-ProxyApps-C++_CLAMR    1.00093341    0.98705596   +0.01387745  O1-g ≈ O3-g（差异在 ±5% 内）
2026-04-29 13:57:08,854 INFO:     12   DOE-ProxyApps-C++_HACCKernels    1.32788789    1.13959455   +0.18829334  O1-g 优于 O3-g（快 24.7%，加速比 1.33x）
2026-04-29 13:57:08,854 INFO:     13         DOE-ProxyApps-C++_HPCCG    1.41218674    1.27994394   +0.13224280  O1-g 优于 O3-g（快 29.2%，加速比 1.41x）
2026-04-29 13:57:08,854 INFO:     14       DOE-ProxyApps-C++_PENNANT    1.00239921    1.00958002   -0.00718081  O1-g ≈ O3-g（差异在 ±5% 内）
2026-04-29 13:57:08,854 INFO:     15        DOE-ProxyApps-C++_miniFE    1.20091736    1.20870245   -0.00778508  O1-g 优于 O3-g（快 16.7%，加速比 1.20x）
2026-04-29 13:57:08,854 INFO:     16            DOE-ProxyApps-C_CoMD    1.25111723    1.23889935   +0.01221788  O1-g 优于 O3-g（快 20.1%，加速比 1.25x）
2026-04-29 13:57:08,854 INFO:     17      DOE-ProxyApps-C_Pathfinder    1.00103462    0.97986549   +0.02116913  O1-g ≈ O3-g（差异在 ±5% 内）
2026-04-29 13:57:08,854 INFO:     18         DOE-ProxyApps-C_RSBench    1.01482224    1.00982273   +0.00499952  O1-g ≈ O3-g（差异在 ±5% 内）
2026-04-29 13:57:08,854 INFO:     19       DOE-ProxyApps-C_SimpleMOC    0.99859297    0.92758280   +0.07101017  O1-g ≈ O3-g（差异在 ±5% 内）
2026-04-29 13:57:08,854 INFO:     20         DOE-ProxyApps-C_XSBench    0.99996769    0.99297804   +0.00698966  O1-g ≈ O3-g（差异在 ±5% 内）
2026-04-29 13:57:08,854 INFO:     21         DOE-ProxyApps-C_miniAMR    0.99978721    1.00334132   -0.00355411  O1-g ≈ O3-g（差异在 ±5% 内）
2026-04-29 13:57:08,854 INFO:     22         DOE-ProxyApps-C_miniGMG    0.99831927    1.09932089   -0.10100162  O1-g ≈ O3-g（差异在 ±5% 内）
2026-04-29 13:57:08,855 INFO:     23                     Fhourstones    0.99411720    0.98708868   +0.00702852  O1-g ≈ O3-g（差异在 ±5% 内）
2026-04-29 13:57:08,855 INFO:     24                 Fhourstones-3.1    1.00104439    1.00331378   -0.00226939  O1-g ≈ O3-g（差异在 ±5% 内）
2026-04-29 13:57:08,855 INFO:     25              FreeBench_analyzer    0.99901706    0.95052683   +0.04849023  O1-g ≈ O3-g（差异在 ±5% 内）
2026-04-29 13:57:08,855 INFO:     26               FreeBench_distray    1.00526249    1.04589963   -0.04063714  O1-g ≈ O3-g（差异在 ±5% 内）
2026-04-29 13:57:08,855 INFO:     27            FreeBench_fourinarow    1.18591070    2.22647858   -1.04056787  O1-g 优于 O3-g（快 15.7%，加速比 1.19x）
2026-04-29 13:57:08,855 INFO:     28                 FreeBench_mason    1.00139511    1.02385378   -0.02245867  O1-g ≈ O3-g（差异在 ±5% 内）
2026-04-29 13:57:08,855 INFO:     29                FreeBench_neural    1.39593577    1.33065224   +0.06528354  O1-g 优于 O3-g（快 28.4%，加速比 1.40x）
2026-04-29 13:57:08,855 INFO:     30            FreeBench_pcompress2    1.00072432    0.96300054   +0.03772378  O1-g ≈ O3-g（差异在 ±5% 内）
2026-04-29 13:57:08,855 INFO:     31                 FreeBench_pifft    1.00061989    1.12198377   -0.12136388  O1-g ≈ O3-g（差异在 ±5% 内）
2026-04-29 13:57:08,856 INFO:     32               MallocBench_cfrac    0.99910617    1.00670195   -0.00759578  O1-g ≈ O3-g（差异在 ±5% 内）
2026-04-29 13:57:08,856 INFO:     33            MallocBench_espresso    1.00020754    0.96524370   +0.03496385  O1-g ≈ O3-g（差异在 ±5% 内）
2026-04-29 13:57:08,856 INFO:     34                  MallocBench_gs    0.99900031    0.96539551   +0.03360480  O1-g ≈ O3-g（差异在 ±5% 内）
2026-04-29 13:57:08,856 INFO:     35                 McCat_01-qbsort    0.99922186    1.03647053   -0.03724867  O1-g ≈ O3-g（差异在 ±5% 内）
2026-04-29 13:57:08,856 INFO:     36               McCat_03-testtrie    0.99924052    0.99037755   +0.00886297  O1-g ≈ O3-g（差异在 ±5% 内）
2026-04-29 13:57:08,856 INFO:     37                 McCat_04-bisect    0.99967253    0.91615516   +0.08351737  O1-g ≈ O3-g（差异在 ±5% 内）
2026-04-29 13:57:08,856 INFO:     38                    McCat_05-eks    1.00075984    0.98651868   +0.01424116  O1-g ≈ O3-g（差异在 ±5% 内）
2026-04-29 13:57:08,856 INFO:     39                   McCat_08-main    1.00010848    1.10683334   -0.10672486  O1-g ≈ O3-g（差异在 ±5% 内）
2026-04-29 13:57:08,856 INFO:     40                    McCat_09-vor    1.00081301    1.02850676   -0.02769375  O1-g ≈ O3-g（差异在 ±5% 内）
2026-04-29 13:57:08,856 INFO:     41                 McCat_12-IOtest    0.99901295    1.01122808   -0.01221514  O1-g ≈ O3-g（差异在 ±5% 内）
2026-04-29 13:57:08,857 INFO:     42                   McCat_15-trie    1.00122130    1.03785956   -0.03663826  O1-g ≈ O3-g（差异在 ±5% 内）
2026-04-29 13:57:08,857 INFO:     43                  McCat_17-bintr    1.00031567    1.19810581   -0.19779015  O1-g ≈ O3-g（差异在 ±5% 内）
2026-04-29 13:57:08,857 INFO:     44                    McCat_18-imp    0.99915403    1.00422978   -0.00507575  O1-g ≈ O3-g（差异在 ±5% 内）
2026-04-29 13:57:08,857 INFO:     45    MiBench_automotive-basicmath    0.99963641    1.00098825   -0.00135183  O1-g ≈ O3-g（差异在 ±5% 内）
2026-04-29 13:57:08,857 INFO:     46     MiBench_automotive-bitcount    0.99924088    0.96513814   +0.03410274  O1-g ≈ O3-g（差异在 ±5% 内）
2026-04-29 13:57:08,857 INFO:     47        MiBench_automotive-susan    1.01213157    1.04468167   -0.03255010  O1-g ≈ O3-g（差异在 ±5% 内）
2026-04-29 13:57:08,857 INFO:     48           MiBench_consumer-jpeg    1.00494826    1.07011580   -0.06516755  O1-g ≈ O3-g（差异在 ±5% 内）
2026-04-29 13:57:08,857 INFO:     49           MiBench_consumer-lame    1.05617809    1.09484780   -0.03866971  O1-g 优于 O3-g（快 5.3%，加速比 1.06x）
2026-04-29 13:57:08,857 INFO:     50        MiBench_consumer-typeset    0.99979234    0.99273539   +0.00705695  O1-g ≈ O3-g（差异在 ±5% 内）
2026-04-29 13:57:08,857 INFO:     51        MiBench_network-dijkstra    0.99962813    0.99944168   +0.00018644  O1-g ≈ O3-g（差异在 ±5% 内）
2026-04-29 13:57:08,857 INFO:     52        MiBench_network-patricia    0.99966592    0.98605341   +0.01361251  O1-g ≈ O3-g（差异在 ±5% 内）
2026-04-29 13:57:08,858 INFO:     53           MiBench_office-ispell    0.99999118    1.00195062   -0.00195944  O1-g ≈ O3-g（差异在 ±5% 内）
2026-04-29 13:57:08,858 INFO:     54     MiBench_office-stringsearch    1.00544608    1.11747324   -0.11202717  O1-g ≈ O3-g（差异在 ±5% 内）
2026-04-29 13:57:08,858 INFO:     55       MiBench_security-blowfish    1.00021875    0.98299021   +0.01722854  O1-g ≈ O3-g（差异在 ±5% 内）
2026-04-29 13:57:08,858 INFO:     56       MiBench_security-rijndael    1.00134599    1.02165723   -0.02031124  O1-g ≈ O3-g（差异在 ±5% 内）
2026-04-29 13:57:08,858 INFO:     57            MiBench_security-sha    1.02954948    1.25654697   -0.22699749  O1-g ≈ O3-g（差异在 ±5% 内）
2026-04-29 13:57:08,858 INFO:     58          MiBench_telecomm-CRC32    0.99908376    0.99769044   +0.00139332  O1-g ≈ O3-g（差异在 ±5% 内）
2026-04-29 13:57:08,858 INFO:     59            MiBench_telecomm-FFT    1.00018263    1.00493848   -0.00475585  O1-g ≈ O3-g（差异在 ±5% 内）
2026-04-29 13:57:08,858 INFO:     60          MiBench_telecomm-adpcm    0.99942088    1.00401998   -0.00459909  O1-g ≈ O3-g（差异在 ±5% 内）
2026-04-29 13:57:08,858 INFO:     61            MiBench_telecomm-gsm    1.00582564    1.02951670   -0.02369106  O1-g ≈ O3-g（差异在 ±5% 内）
2026-04-29 13:57:08,858 INFO:     62                   NPB-serial_is    1.04987168    1.22246301   -0.17259133  O1-g ≈ O3-g（差异在 ±5% 内）
2026-04-29 13:57:08,858 INFO:     63                        Olden_bh    1.36337495    1.77179885   -0.40842390  O1-g 优于 O3-g（快 26.7%，加速比 1.36x）
2026-04-29 13:57:08,859 INFO:     64                    Olden_bisort    1.05532777    1.06078053   -0.00545275  O1-g 优于 O3-g（快 5.2%，加速比 1.06x）
2026-04-29 13:57:08,859 INFO:     65                      Olden_em3d    0.99913532    0.99986130   -0.00072598  O1-g ≈ O3-g（差异在 ±5% 内）
2026-04-29 13:57:08,859 INFO:     66                    Olden_health    0.99936724    1.04082322   -0.04145598  O1-g ≈ O3-g（差异在 ±5% 内）
2026-04-29 13:57:08,859 INFO:     67                       Olden_mst    0.99866569    0.97771299   +0.02095270  O1-g ≈ O3-g（差异在 ±5% 内）
2026-04-29 13:57:08,859 INFO:     68                 Olden_perimeter    0.99879432    0.96491396   +0.03388035  O1-g ≈ O3-g（差异在 ±5% 内）
2026-04-29 13:57:08,859 INFO:     69                     Olden_power    1.33246458    1.62748301   -0.29501843  O1-g 优于 O3-g（快 25.0%，加速比 1.33x）
2026-04-29 13:57:08,859 INFO:     70                   Olden_treeadd    0.99884123    0.99467939   +0.00416183  O1-g ≈ O3-g（差异在 ±5% 内）
2026-04-29 13:57:08,859 INFO:     71                       Olden_tsp    1.22458351    1.09866929   +0.12591422  O1-g 优于 O3-g（快 18.3%，加速比 1.22x）
2026-04-29 13:57:08,859 INFO:     72                   Olden_voronoi    1.00025046    0.98685688   +0.01339358  O1-g ≈ O3-g（差异在 ±5% 内）
2026-04-29 13:57:08,859 INFO:     73                           PAQ8p    1.64562809    1.40663445   +0.23899364  O1-g 优于 O3-g（快 39.2%，加速比 1.65x）
2026-04-29 13:57:08,859 INFO:     74                 Prolangs-C++_NP    0.99937016    0.98800284   +0.01136732  O1-g ≈ O3-g（差异在 ±5% 内）
2026-04-29 13:57:08,860 INFO:     75               Prolangs-C++_city    0.99923021    0.99258202   +0.00664818  O1-g ≈ O3-g（差异在 ±5% 内）
2026-04-29 13:57:08,860 INFO:     76             Prolangs-C++_deriv1    0.99935520    0.98991650   +0.00943869  O1-g ≈ O3-g（差异在 ±5% 内）
2026-04-29 13:57:08,860 INFO:     77             Prolangs-C++_deriv2    0.99927109    1.01208258   -0.01281148  O1-g ≈ O3-g（差异在 ±5% 内）
2026-04-29 13:57:08,860 INFO:     78             Prolangs-C++_employ    0.99916172    1.00013697   -0.00097525  O1-g ≈ O3-g（差异在 ±5% 内）
2026-04-29 13:57:08,860 INFO:     79             Prolangs-C++_family    0.99929774    1.00363624   -0.00433850  O1-g ≈ O3-g（差异在 ±5% 内）
2026-04-29 13:57:08,860 INFO:     80                Prolangs-C++_fsm    0.99926674    1.01623404   -0.01696730  O1-g ≈ O3-g（差异在 ±5% 内）
2026-04-29 13:57:08,860 INFO:     81             Prolangs-C++_garage    0.99932575    0.98105830   +0.01826745  O1-g ≈ O3-g（差异在 ±5% 内）
2026-04-29 13:57:08,860 INFO:     82               Prolangs-C++_life    0.99972522    1.06317055   -0.06344533  O1-g ≈ O3-g（差异在 ±5% 内）
2026-04-29 13:57:08,861 INFO:     83            Prolangs-C++_objects    0.99929577    1.00501144   -0.00571567  O1-g ≈ O3-g（差异在 ±5% 内）
2026-04-29 13:57:08,861 INFO:     84              Prolangs-C++_ocean    0.99889058    1.00059795   -0.00170738  O1-g ≈ O3-g（差异在 ±5% 内）
2026-04-29 13:57:08,861 INFO:     85             Prolangs-C++_office    0.99930674    1.00568211   -0.00637537  O1-g ≈ O3-g（差异在 ±5% 内）
2026-04-29 13:57:08,861 INFO:     86             Prolangs-C++_primes    0.76979661    0.48612747   +0.28366914  O3-g 优于 O1-g（快 23.0%，加速比 1.30x）
2026-04-29 13:57:08,861 INFO:     87             Prolangs-C++_shapes    0.99921018    1.00664079   -0.00743061  O1-g ≈ O3-g（差异在 ±5% 内）
2026-04-29 13:57:08,861 INFO:     88              Prolangs-C++_simul    0.99973887    0.95430279   +0.04543608  O1-g ≈ O3-g（差异在 ±5% 内）
2026-04-29 13:57:08,861 INFO:     89              Prolangs-C++_trees    0.99926043    0.98814744   +0.01111299  O1-g ≈ O3-g（差异在 ±5% 内）
2026-04-29 13:57:08,861 INFO:     90              Prolangs-C++_vcirc    0.99932182    0.99003530   +0.00928652  O1-g ≈ O3-g（差异在 ±5% 内）
2026-04-29 13:57:08,861 INFO:     91         Prolangs-C_TimberWolfMC    1.00008929    0.98097908   +0.01911020  O1-g ≈ O3-g（差异在 ±5% 内）
2026-04-29 13:57:08,862 INFO:     92                Prolangs-C_agrep    0.99947709    1.02208614   -0.02260906  O1-g ≈ O3-g（差异在 ±5% 内）
2026-04-29 13:57:08,862 INFO:     93             Prolangs-C_allroots    0.99969590    0.98878694   +0.01090896  O1-g ≈ O3-g（差异在 ±5% 内）
2026-04-29 13:57:08,862 INFO:     94        Prolangs-C_archie-client    0.99984986    1.00117230   -0.00132245  O1-g ≈ O3-g（差异在 ±5% 内）
2026-04-29 13:57:08,862 INFO:     95            Prolangs-C_assembler    0.99968678    0.98933381   +0.01035297  O1-g ≈ O3-g（差异在 ±5% 内）
2026-04-29 13:57:08,862 INFO:     96                Prolangs-C_bison    0.99923635    1.01602924   -0.01679289  O1-g ≈ O3-g（差异在 ±5% 内）
2026-04-29 13:57:08,862 INFO:     97                Prolangs-C_cdecl    0.99965316    1.01050997   -0.01085681  O1-g ≈ O3-g（差异在 ±5% 内）
2026-04-29 13:57:08,862 INFO:     98             Prolangs-C_compiler    0.99974853    0.99449879   +0.00524974  O1-g ≈ O3-g（差异在 ±5% 内）
2026-04-29 13:57:08,862 INFO:     99            Prolangs-C_fixoutput    1.00026405    1.00782871   -0.00756466  O1-g ≈ O3-g（差异在 ±5% 内）
2026-04-29 13:57:08,862 INFO:    100             Prolangs-C_football    1.00035369    1.01312721   -0.01277351  O1-g ≈ O3-g（差异在 ±5% 内）
2026-04-29 13:57:08,863 INFO:    101                Prolangs-C_gnugo    1.00159729    1.06310117   -0.06150389  O1-g ≈ O3-g（差异在 ±5% 内）
2026-04-29 13:57:08,863 INFO:    102               Prolangs-C_loader    0.99989069    1.01331997   -0.01342928  O1-g ≈ O3-g（差异在 ±5% 内）
2026-04-29 13:57:08,863 INFO:    103             Prolangs-C_plot2fig    0.99990326    1.00841832   -0.00851506  O1-g ≈ O3-g（差异在 ±5% 内）
2026-04-29 13:57:08,863 INFO:    104            Prolangs-C_simulator    0.99988389    0.98909372   +0.01079017  O1-g ≈ O3-g（差异在 ±5% 内）
2026-04-29 13:57:08,863 INFO:    105           Prolangs-C_unix-smail    0.99979204    1.00438523   -0.00459319  O1-g ≈ O3-g（差异在 ±5% 内）
2026-04-29 13:57:08,863 INFO:    106             Prolangs-C_unix-tbl    1.00012314    1.01323879   -0.01311564  O1-g ≈ O3-g（差异在 ±5% 内）
2026-04-29 13:57:08,863 INFO:    107                 Ptrdist_anagram    1.00004256    0.95366198   +0.04638058  O1-g ≈ O3-g（差异在 ±5% 内）
2026-04-29 13:57:08,863 INFO:    108                      Ptrdist_bc    0.99971062    0.99959159   +0.00011903  O1-g ≈ O3-g（差异在 ±5% 内）
2026-04-29 13:57:08,863 INFO:    109                      Ptrdist_ft    0.97114104    1.01296639   -0.04182535  O1-g ≈ O3-g（差异在 ±5% 内）
2026-04-29 13:57:08,863 INFO:    110                      Ptrdist_ks    0.99981660    0.96455014   +0.03526646  O1-g ≈ O3-g（差异在 ±5% 内）
2026-04-29 13:57:08,864 INFO:    111                   Ptrdist_yacr2    0.99931622    0.89105582   +0.10826039  O1-g ≈ O3-g（差异在 ±5% 内）
2026-04-29 13:57:08,864 INFO:    112                Rodinia_backprop    1.00577915    1.07215905   -0.06637990  O1-g ≈ O3-g（差异在 ±5% 内）
2026-04-29 13:57:08,864 INFO:    113                 Rodinia_hotspot    1.01392102    1.09053552   -0.07661450  O1-g ≈ O3-g（差异在 ±5% 内）
2026-04-29 13:57:08,864 INFO:    114              Rodinia_pathfinder    1.18123543    1.02710640   +0.15412903  O1-g 优于 O3-g（快 15.3%，加速比 1.18x）
2026-04-29 13:57:08,864 INFO:    115                    Rodinia_srad    1.17499840    1.17933989   -0.00434148  O1-g 优于 O3-g（快 14.9%，加速比 1.17x）
2026-04-29 13:57:08,864 INFO:    116                      SciMark2-C    1.04500544    1.11672235   -0.07171690  O1-g ≈ O3-g（差异在 ±5% 内）
2026-04-29 13:57:08,864 INFO:    117            TSVC_ControlFlow-dbl    0.96742183    0.99046850   -0.02304667  O1-g ≈ O3-g（差异在 ±5% 内）
2026-04-29 13:57:08,864 INFO:    118            TSVC_ControlFlow-flt    0.96507680    0.91927743   +0.04579937  O1-g ≈ O3-g（差异在 ±5% 内）
2026-04-29 13:57:08,864 INFO:    119           TSVC_ControlLoops-dbl    1.37138748    1.71405315   -0.34266567  O1-g 优于 O3-g（快 27.1%，加速比 1.37x）
2026-04-29 13:57:08,864 INFO:    120           TSVC_ControlLoops-flt    1.28369558    1.62484658   -0.34115100  O1-g 优于 O3-g（快 22.1%，加速比 1.28x）
2026-04-29 13:57:08,864 INFO:    121     TSVC_CrossingThresholds-dbl    1.24884856    1.38178182   -0.13293326  O1-g 优于 O3-g（快 19.9%，加速比 1.25x）
2026-04-29 13:57:08,865 INFO:    122     TSVC_CrossingThresholds-flt    1.26022375    1.65369225   -0.39346850  O1-g 优于 O3-g（快 20.6%，加速比 1.26x）
2026-04-29 13:57:08,865 INFO:    123          TSVC_Equivalencing-dbl    1.62096643    2.00345516   -0.38248873  O1-g 优于 O3-g（快 38.3%，加速比 1.62x）
2026-04-29 13:57:08,865 INFO:    124          TSVC_Equivalencing-flt    1.61439705    1.70989823   -0.09550118  O1-g 优于 O3-g（快 38.1%，加速比 1.61x）
2026-04-29 13:57:08,865 INFO:    125              TSVC_Expansion-dbl    1.09645975    1.51436615   -0.41790640  O1-g 优于 O3-g（快 8.8%，加速比 1.10x）
2026-04-29 13:57:08,865 INFO:    126              TSVC_Expansion-flt    1.05486739    1.49383807   -0.43897069  O1-g 优于 O3-g（快 5.2%，加速比 1.05x）
2026-04-29 13:57:08,865 INFO:    127         TSVC_GlobalDataFlow-dbl    1.50445533    1.49913609   +0.00531924  O1-g 优于 O3-g（快 33.5%，加速比 1.50x）
2026-04-29 13:57:08,865 INFO:    128         TSVC_GlobalDataFlow-flt    1.44110107    1.69196165   -0.25086057  O1-g 优于 O3-g（快 30.6%，加速比 1.44x）
2026-04-29 13:57:08,865 INFO:    129     TSVC_IndirectAddressing-dbl    1.14897990    1.26709020   -0.11811030  O1-g 优于 O3-g（快 13.0%，加速比 1.15x）
2026-04-29 13:57:08,865 INFO:    130     TSVC_IndirectAddressing-flt    1.15003157    1.21542096   -0.06538939  O1-g 优于 O3-g（快 13.0%，加速比 1.15x）
2026-04-29 13:57:08,866 INFO:    131      TSVC_InductionVariable-dbl    1.36410427    1.26401389   +0.10009038  O1-g 优于 O3-g（快 26.7%，加速比 1.36x）
2026-04-29 13:57:08,866 INFO:    132      TSVC_InductionVariable-flt    1.37079835    1.27615166   +0.09464669  O1-g 优于 O3-g（快 27.0%，加速比 1.37x）
2026-04-29 13:57:08,866 INFO:    133       TSVC_LinearDependence-dbl    1.28654647    1.44502699   -0.15848053  O1-g 优于 O3-g（快 22.3%，加速比 1.29x）
2026-04-29 13:57:08,866 INFO:    134       TSVC_LinearDependence-flt    1.29983008    1.30733514   -0.00750506  O1-g 优于 O3-g（快 23.1%，加速比 1.30x）
2026-04-29 13:57:08,866 INFO:    135          TSVC_LoopRerolling-dbl    1.10462523    1.16878235   -0.06415713  O1-g 优于 O3-g（快 9.5%，加速比 1.10x）
2026-04-29 13:57:08,866 INFO:    136          TSVC_LoopRerolling-flt    1.14379501    1.16744995   -0.02365494  O1-g 优于 O3-g（快 12.6%，加速比 1.14x）
2026-04-29 13:57:08,866 INFO:    137      TSVC_LoopRestructuring-dbl    1.40692723    1.37091148   +0.03601575  O1-g 优于 O3-g（快 28.9%，加速比 1.41x）
2026-04-29 13:57:08,866 INFO:    138      TSVC_LoopRestructuring-flt    1.40856779    1.39173472   +0.01683307  O1-g 优于 O3-g（快 29.0%，加速比 1.41x）
2026-04-29 13:57:08,866 INFO:    139          TSVC_NodeSplitting-dbl    1.00169098    1.07326806   -0.07157707  O1-g ≈ O3-g（差异在 ±5% 内）
2026-04-29 13:57:08,866 INFO:    140          TSVC_NodeSplitting-flt    1.00198519    1.11647558   -0.11449039  O1-g ≈ O3-g（差异在 ±5% 内）
2026-04-29 13:57:08,866 INFO:    141                TSVC_Packing-dbl    0.99713546    1.04240382   -0.04526836  O1-g ≈ O3-g（差异在 ±5% 内）
2026-04-29 13:57:08,867 INFO:    142                TSVC_Packing-flt    0.99724877    1.04674053   -0.04949176  O1-g ≈ O3-g（差异在 ±5% 内）
2026-04-29 13:57:08,867 INFO:    143            TSVC_Recurrences-dbl    1.01973820    1.06764257   -0.04790437  O1-g ≈ O3-g（差异在 ±5% 内）
2026-04-29 13:57:08,867 INFO:    144            TSVC_Recurrences-flt    1.01923168    1.06592286   -0.04669118  O1-g ≈ O3-g（差异在 ±5% 内）
2026-04-29 13:57:08,867 INFO:    145             TSVC_Reductions-dbl    1.33782256    1.67038345   -0.33256090  O1-g 优于 O3-g（快 25.3%，加速比 1.34x）
2026-04-29 13:57:08,867 INFO:    146             TSVC_Reductions-flt    1.21893227    1.68663168   -0.46769941  O1-g 优于 O3-g（快 18.0%，加速比 1.22x）
2026-04-29 13:57:08,867 INFO:    147              TSVC_Searching-dbl    0.92051387    0.79990190   +0.12061197  O3-g 优于 O1-g（快 7.9%，加速比 1.09x）
2026-04-29 13:57:08,867 INFO:    148              TSVC_Searching-flt    0.89217472    0.76631284   +0.12586188  O3-g 优于 O1-g（快 10.8%，加速比 1.12x）
2026-04-29 13:57:08,867 INFO:    149    TSVC_StatementReordering-dbl    1.02927816    0.99871159   +0.03056657  O1-g ≈ O3-g（差异在 ±5% 内）
2026-04-29 13:57:08,867 INFO:    150    TSVC_StatementReordering-flt    1.02330089    1.00862420   +0.01467669  O1-g ≈ O3-g（差异在 ±5% 内）
2026-04-29 13:57:08,867 INFO:    151              TSVC_Symbolics-dbl    1.48789990    1.61541533   -0.12751544  O1-g 优于 O3-g（快 32.8%，加速比 1.49x）
2026-04-29 13:57:08,867 INFO:    152              TSVC_Symbolics-flt    1.34467685    1.23055673   +0.11412013  O1-g 优于 O3-g（快 25.6%，加速比 1.34x）
2026-04-29 13:57:08,868 INFO:    153               Trimaran_enc-3des    1.00013351    1.00129914   -0.00116563  O1-g ≈ O3-g（差异在 ±5% 内）
2026-04-29 13:57:08,868 INFO:    154                Trimaran_enc-md5    0.99977875    1.00132620   -0.00154746  O1-g ≈ O3-g（差异在 ±5% 内）
2026-04-29 13:57:08,868 INFO:    155                Trimaran_enc-pc1    1.08098698    1.15480661   -0.07381964  O1-g 优于 O3-g（快 7.5%，加速比 1.08x）
2026-04-29 13:57:08,868 INFO:    156                Trimaran_enc-rc4    1.07746398    1.09661901   -0.01915503  O1-g 优于 O3-g（快 7.2%，加速比 1.08x）
2026-04-29 13:57:08,868 INFO:    157           Trimaran_netbench-crc    1.10831475    1.17783833   -0.06952357  O1-g 优于 O3-g（快 9.8%，加速比 1.11x）
2026-04-29 13:57:08,868 INFO:    158           Trimaran_netbench-url    0.97917306    0.91711408   +0.06205899  O1-g ≈ O3-g（差异在 ±5% 内）
2026-04-29 13:57:08,868 INFO:    159                VersaBench_8b10b    1.04881299    1.11346579   -0.06465280  O1-g ≈ O3-g（差异在 ±5% 内）
2026-04-29 13:57:08,868 INFO:    160           VersaBench_beamformer    0.99864388    0.97226250   +0.02638137  O1-g ≈ O3-g（差异在 ±5% 内）
2026-04-29 13:57:08,868 INFO:    161                  VersaBench_bmm    0.99978679    0.99259430   +0.00719249  O1-g ≈ O3-g（差异在 ±5% 内）
2026-04-29 13:57:08,868 INFO:    162                 VersaBench_dbms    1.00009120    1.00903523   -0.00894403  O1-g ≈ O3-g（差异在 ±5% 内）
2026-04-29 13:57:08,868 INFO:    163               VersaBench_ecbdes    1.00023282    1.01502907   -0.01479626  O1-g ≈ O3-g（差异在 ±5% 内）
2026-04-29 13:57:08,869 INFO:    164                    llubenchmark    1.00041091    1.00484812   -0.00443721  O1-g ≈ O3-g（差异在 ±5% 内）
2026-04-29 13:57:08,869 INFO:    165                           mafft    1.05567455    1.11314344   -0.05746889  O1-g 优于 O3-g（快 5.3%，加速比 1.06x）
2026-04-29 13:57:08,869 INFO:    166      mediabench_adpcm_rawcaudio    1.00015211    1.02923095   -0.02907884  O1-g ≈ O3-g（差异在 ±5% 内）
2026-04-29 13:57:08,869 INFO:    167      mediabench_adpcm_rawdaudio    0.99979091    1.00451350   -0.00472260  O1-g ≈ O3-g（差异在 ±5% 内）
2026-04-29 13:57:08,869 INFO:    168      mediabench_g721_g721encode    1.00759518    1.20170522   -0.19411004  O1-g ≈ O3-g（差异在 ±5% 内）
2026-04-29 13:57:08,869 INFO:    169            mediabench_gsm_toast    1.00412440    1.02816927   -0.02404487  O1-g ≈ O3-g（差异在 ±5% 内）
2026-04-29 13:57:08,869 INFO:    170         mediabench_jpeg_jpeg-6a    1.00403309    0.99372202   +0.01031107  O1-g ≈ O3-g（差异在 ±5% 内）
2026-04-29 13:57:08,869 INFO:    171       mediabench_mpeg2_mpeg2dec    1.27947545    2.17545843   -0.89598298  O1-g 优于 O3-g（快 21.8%，加速比 1.28x）
2026-04-29 13:57:08,869 INFO:    172                          nbench    1.08302426    1.21341527   -0.13039100  O1-g 优于 O3-g（快 7.7%，加速比 1.08x）
2026-04-29 13:57:08,869 INFO:    173                             sim    1.00047874    0.98539340   +0.01508534  O1-g ≈ O3-g（差异在 ±5% 内）
2026-04-29 13:57:08,869 INFO:    174                      tramp3d-v4    0.99762851    1.05297732   -0.05534881  O1-g ≈ O3-g（差异在 ±5% 内）
2026-04-29 13:57:08,870 INFO: 
  ── 验证指标 ──
2026-04-29 13:57:08,870 INFO:   MAE  = 0.078246
2026-04-29 13:57:08,870 INFO:   MSE  = 0.025321
2026-04-29 13:57:08,870 INFO:   RMSE = 0.159126
2026-04-29 13:57:08,870 INFO:   方向准确率 = 127/174 (73.0%)
2026-04-29 13:57:08,870 INFO:   预测 O1-g 更优: 99/174  (真实: 120/174)
2026-04-29 13:57:08,871 INFO:   方向准确率（排除 ±5%）= 72/75 (96.0%)
2026-04-29 13:57:08,873 INFO:   结构化结果: checkpoints/transformer/inst_best/infer_samples_O1-g_vs_O3-g.csv
2026-04-29 13:57:08,873 INFO:   摘要结果: checkpoints/transformer/inst_best/infer_summary_O1-g_vs_O3-g.json
2026-04-29 13:57:08,969 INFO: 已应用 exp() 变换（log-target 模式）
2026-04-29 13:57:08,969 INFO: ========================================================================
2026-04-29 13:57:08,969 INFO: 版本对: O2-bolt_vs_O2-bolt-opt  (O2-bolt vs O2-bolt-opt)  共 174 个程序
2026-04-29 13:57:08,969 INFO: 标签模式: inst_retired_ratio
2026-04-29 13:57:08,970 INFO: 标签定义: Y = Σinst_v1 / Σinst_v2 (retired instruction ratio)
2026-04-29 13:57:08,970 INFO: 判定方向: Y >= 1 视为 O2-bolt 更快，Y < 1 视为 O2-bolt-opt 更快
2026-04-29 13:57:08,970 INFO: 统计口径: 方向准确率按 same-side(Y=1.0) 统计；展示结论仍使用 judge() 的 ±5%% 区间
2026-04-29 13:57:08,970 INFO: ========================================================================
2026-04-29 13:57:08,970 INFO:      #                              程序          预测 Ŷ          真实 Y            误差  判断
2026-04-29 13:57:08,970 INFO:   ------------------------------------------------------------------------------------
2026-04-29 13:57:08,970 INFO:      1                            7zip    1.00387704    0.99190646   +0.01197058  O2-bolt ≈ O2-bolt-opt（差异在 ±5% 内）
2026-04-29 13:57:08,970 INFO:      2             ASCI_Purple_SMG2000    1.00121093    0.99499196   +0.00621897  O2-bolt ≈ O2-bolt-opt（差异在 ±5% 内）
2026-04-29 13:57:08,970 INFO:      3               ASC_Sequoia_AMGmk    1.00181723    1.01762629   -0.01580906  O2-bolt ≈ O2-bolt-opt（差异在 ±5% 内）
2026-04-29 13:57:08,970 INFO:      4           ASC_Sequoia_CrystalMk    1.00311208    1.00154722   +0.00156486  O2-bolt ≈ O2-bolt-opt（差异在 ±5% 内）
2026-04-29 13:57:08,970 INFO:      5               ASC_Sequoia_IRSmk    1.00062644    0.99642879   +0.00419766  O2-bolt ≈ O2-bolt-opt（差异在 ±5% 内）
2026-04-29 13:57:08,970 INFO:      6                  BitBench_drop3    1.00017965    1.04710507   -0.04692543  O2-bolt ≈ O2-bolt-opt（差异在 ±5% 内）
2026-04-29 13:57:08,970 INFO:      7                 BitBench_five11    0.99916452    0.98819727   +0.01096725  O2-bolt ≈ O2-bolt-opt（差异在 ±5% 内）
2026-04-29 13:57:08,971 INFO:      8               BitBench_uudecode    1.00066555    1.00271845   -0.00205290  O2-bolt ≈ O2-bolt-opt（差异在 ±5% 内）
2026-04-29 13:57:08,971 INFO:      9               BitBench_uuencode    1.00101078    1.00675178   -0.00574100  O2-bolt ≈ O2-bolt-opt（差异在 ±5% 内）
2026-04-29 13:57:08,971 INFO:     10                          Bullet    0.99832326    1.00948513   -0.01116186  O2-bolt ≈ O2-bolt-opt（差异在 ±5% 内）
2026-04-29 13:57:08,971 INFO:     11         DOE-ProxyApps-C++_CLAMR    1.02360260    1.00605237   +0.01755023  O2-bolt ≈ O2-bolt-opt（差异在 ±5% 内）
2026-04-29 13:57:08,971 INFO:     12   DOE-ProxyApps-C++_HACCKernels    1.00081992    0.99787724   +0.00294268  O2-bolt ≈ O2-bolt-opt（差异在 ±5% 内）
2026-04-29 13:57:08,971 INFO:     13         DOE-ProxyApps-C++_HPCCG    1.00041282    1.00221992   -0.00180709  O2-bolt ≈ O2-bolt-opt（差异在 ±5% 内）
2026-04-29 13:57:08,971 INFO:     14       DOE-ProxyApps-C++_PENNANT    1.00120091    1.00467432   -0.00347340  O2-bolt ≈ O2-bolt-opt（差异在 ±5% 内）
2026-04-29 13:57:08,971 INFO:     15        DOE-ProxyApps-C++_miniFE    1.00049019    0.99282509   +0.00766510  O2-bolt ≈ O2-bolt-opt（差异在 ±5% 内）
2026-04-29 13:57:08,971 INFO:     16            DOE-ProxyApps-C_CoMD    0.99515170    0.97062367   +0.02452803  O2-bolt ≈ O2-bolt-opt（差异在 ±5% 内）
2026-04-29 13:57:08,971 INFO:     17      DOE-ProxyApps-C_Pathfinder    1.03060436    1.04506969   -0.01446533  O2-bolt ≈ O2-bolt-opt（差异在 ±5% 内）
2026-04-29 13:57:08,972 INFO:     18         DOE-ProxyApps-C_RSBench    0.99547988    1.00188196   -0.00640208  O2-bolt ≈ O2-bolt-opt（差异在 ±5% 内）
2026-04-29 13:57:08,972 INFO:     19       DOE-ProxyApps-C_SimpleMOC    1.00183451    1.02424765   -0.02241313  O2-bolt ≈ O2-bolt-opt（差异在 ±5% 内）
2026-04-29 13:57:08,972 INFO:     20         DOE-ProxyApps-C_XSBench    1.00014615    0.98589885   +0.01424730  O2-bolt ≈ O2-bolt-opt（差异在 ±5% 内）
2026-04-29 13:57:08,972 INFO:     21         DOE-ProxyApps-C_miniAMR    0.99758410    1.00723326   -0.00964916  O2-bolt ≈ O2-bolt-opt（差异在 ±5% 内）
2026-04-29 13:57:08,972 INFO:     22         DOE-ProxyApps-C_miniGMG    0.96968400    0.99291104   -0.02322704  O2-bolt ≈ O2-bolt-opt（差异在 ±5% 内）
2026-04-29 13:57:08,972 INFO:     23                     Fhourstones    1.00561392    0.99807417   +0.00753975  O2-bolt ≈ O2-bolt-opt（差异在 ±5% 内）
2026-04-29 13:57:08,972 INFO:     24                 Fhourstones-3.1    1.03836489    1.08088267   -0.04251778  O2-bolt ≈ O2-bolt-opt（差异在 ±5% 内）
2026-04-29 13:57:08,972 INFO:     25              FreeBench_analyzer    0.99957812    1.02111661   -0.02153850  O2-bolt ≈ O2-bolt-opt（差异在 ±5% 内）
2026-04-29 13:57:08,972 INFO:     26               FreeBench_distray    1.00198531    1.00339484   -0.00140953  O2-bolt ≈ O2-bolt-opt（差异在 ±5% 内）
2026-04-29 13:57:08,973 INFO:     27            FreeBench_fourinarow    0.99939173    1.00898135   -0.00958961  O2-bolt ≈ O2-bolt-opt（差异在 ±5% 内）
2026-04-29 13:57:08,973 INFO:     28                 FreeBench_mason    1.00008583    0.98459494   +0.01549089  O2-bolt ≈ O2-bolt-opt（差异在 ±5% 内）
2026-04-29 13:57:08,973 INFO:     29                FreeBench_neural    0.96796829    1.00250769   -0.03453940  O2-bolt ≈ O2-bolt-opt（差异在 ±5% 内）
2026-04-29 13:57:08,973 INFO:     30            FreeBench_pcompress2    1.00412786    1.05552721   -0.05139935  O2-bolt ≈ O2-bolt-opt（差异在 ±5% 内）
2026-04-29 13:57:08,973 INFO:     31                 FreeBench_pifft    0.99994636    1.00208592   -0.00213957  O2-bolt ≈ O2-bolt-opt（差异在 ±5% 内）
2026-04-29 13:57:08,973 INFO:     32               MallocBench_cfrac    0.99932551    1.01551688   -0.01619136  O2-bolt ≈ O2-bolt-opt（差异在 ±5% 内）
2026-04-29 13:57:08,973 INFO:     33            MallocBench_espresso    1.00290036    1.02561450   -0.02271414  O2-bolt ≈ O2-bolt-opt（差异在 ±5% 内）
2026-04-29 13:57:08,973 INFO:     34                  MallocBench_gs    0.99977660    0.98479539   +0.01498121  O2-bolt ≈ O2-bolt-opt（差异在 ±5% 内）
2026-04-29 13:57:08,973 INFO:     35                 McCat_01-qbsort    0.99964058    0.97684669   +0.02279389  O2-bolt ≈ O2-bolt-opt（差异在 ±5% 内）
2026-04-29 13:57:08,974 INFO:     36               McCat_03-testtrie    0.99825329    0.94643414   +0.05181915  O2-bolt ≈ O2-bolt-opt（差异在 ±5% 内）
2026-04-29 13:57:08,974 INFO:     37                 McCat_04-bisect    0.99972469    1.01462364   -0.01489896  O2-bolt ≈ O2-bolt-opt（差异在 ±5% 内）
2026-04-29 13:57:08,974 INFO:     38                    McCat_05-eks    1.00209391    1.01603544   -0.01394153  O2-bolt ≈ O2-bolt-opt（差异在 ±5% 内）
2026-04-29 13:57:08,974 INFO:     39                   McCat_08-main    0.99985176    0.99935353   +0.00049824  O2-bolt ≈ O2-bolt-opt（差异在 ±5% 内）
2026-04-29 13:57:08,974 INFO:     40                    McCat_09-vor    1.00018132    0.99774402   +0.00243729  O2-bolt ≈ O2-bolt-opt（差异在 ±5% 内）
2026-04-29 13:57:08,974 INFO:     41                 McCat_12-IOtest    0.99907327    0.99122238   +0.00785089  O2-bolt ≈ O2-bolt-opt（差异在 ±5% 内）
2026-04-29 13:57:08,974 INFO:     42                   McCat_15-trie    1.00004697    0.98767984   +0.01236713  O2-bolt ≈ O2-bolt-opt（差异在 ±5% 内）
2026-04-29 13:57:08,974 INFO:     43                  McCat_17-bintr    0.99999309    0.97631204   +0.02368104  O2-bolt ≈ O2-bolt-opt（差异在 ±5% 内）
2026-04-29 13:57:08,974 INFO:     44                    McCat_18-imp    0.99920923    1.10998380   -0.11077458  O2-bolt ≈ O2-bolt-opt（差异在 ±5% 内）
2026-04-29 13:57:08,974 INFO:     45    MiBench_automotive-basicmath    0.99984217    1.00245774   -0.00261557  O2-bolt ≈ O2-bolt-opt（差异在 ±5% 内）
2026-04-29 13:57:08,974 INFO:     46     MiBench_automotive-bitcount    0.99926949    0.90276325   +0.09650624  O2-bolt ≈ O2-bolt-opt（差异在 ±5% 内）
2026-04-29 13:57:08,975 INFO:     47        MiBench_automotive-susan    1.00163519    0.99683386   +0.00480133  O2-bolt ≈ O2-bolt-opt（差异在 ±5% 内）
2026-04-29 13:57:08,975 INFO:     48           MiBench_consumer-jpeg    1.00154841    1.00021982   +0.00132859  O2-bolt ≈ O2-bolt-opt（差异在 ±5% 内）
2026-04-29 13:57:08,975 INFO:     49           MiBench_consumer-lame    1.00172961    0.99483883   +0.00689077  O2-bolt ≈ O2-bolt-opt（差异在 ±5% 内）
2026-04-29 13:57:08,975 INFO:     50        MiBench_consumer-typeset    0.99965268    0.97581011   +0.02384257  O2-bolt ≈ O2-bolt-opt（差异在 ±5% 内）
2026-04-29 13:57:08,975 INFO:     51        MiBench_network-dijkstra    0.99989909    0.88403666   +0.11586243  O2-bolt ≈ O2-bolt-opt（差异在 ±5% 内）
2026-04-29 13:57:08,975 INFO:     52        MiBench_network-patricia    0.99894679    0.99423981   +0.00470698  O2-bolt ≈ O2-bolt-opt（差异在 ±5% 内）
2026-04-29 13:57:08,975 INFO:     53           MiBench_office-ispell    0.99977666    0.99025184   +0.00952482  O2-bolt ≈ O2-bolt-opt（差异在 ±5% 内）
2026-04-29 13:57:08,975 INFO:     54     MiBench_office-stringsearch    0.99885166    0.99113613   +0.00771552  O2-bolt ≈ O2-bolt-opt（差异在 ±5% 内）
2026-04-29 13:57:08,975 INFO:     55       MiBench_security-blowfish    0.99974853    1.00254738   -0.00279886  O2-bolt ≈ O2-bolt-opt（差异在 ±5% 内）
2026-04-29 13:57:08,975 INFO:     56       MiBench_security-rijndael    1.00132692    1.04544866   -0.04412174  O2-bolt ≈ O2-bolt-opt（差异在 ±5% 内）
2026-04-29 13:57:08,976 INFO:     57            MiBench_security-sha    1.00055802    1.00519347   -0.00463545  O2-bolt ≈ O2-bolt-opt（差异在 ±5% 内）
2026-04-29 13:57:08,976 INFO:     58          MiBench_telecomm-CRC32    0.99852812    1.05202186   -0.05349374  O2-bolt ≈ O2-bolt-opt（差异在 ±5% 内）
2026-04-29 13:57:08,976 INFO:     59            MiBench_telecomm-FFT    1.00077128    1.00388658   -0.00311530  O2-bolt ≈ O2-bolt-opt（差异在 ±5% 内）
2026-04-29 13:57:08,976 INFO:     60          MiBench_telecomm-adpcm    0.99970704    0.99869037   +0.00101668  O2-bolt ≈ O2-bolt-opt（差异在 ±5% 内）
2026-04-29 13:57:08,976 INFO:     61            MiBench_telecomm-gsm    1.00040627    1.01039660   -0.00999033  O2-bolt ≈ O2-bolt-opt（差异在 ±5% 内）
2026-04-29 13:57:08,976 INFO:     62                   NPB-serial_is    1.00028098    0.99037051   +0.00991046  O2-bolt ≈ O2-bolt-opt（差异在 ±5% 内）
2026-04-29 13:57:08,976 INFO:     63                        Olden_bh    1.00106442    1.00291443   -0.00185001  O2-bolt ≈ O2-bolt-opt（差异在 ±5% 内）
2026-04-29 13:57:08,976 INFO:     64                    Olden_bisort    0.99147749    0.98128825   +0.01018924  O2-bolt ≈ O2-bolt-opt（差异在 ±5% 内）
2026-04-29 13:57:08,976 INFO:     65                      Olden_em3d    1.00017166    1.39461422   -0.39444256  O2-bolt ≈ O2-bolt-opt（差异在 ±5% 内）
2026-04-29 13:57:08,976 INFO:     66                    Olden_health    1.00031638    1.00839543   -0.00807905  O2-bolt ≈ O2-bolt-opt（差异在 ±5% 内）
2026-04-29 13:57:08,977 INFO:     67                       Olden_mst    0.98621994    1.00913882   -0.02291888  O2-bolt ≈ O2-bolt-opt（差异在 ±5% 内）
2026-04-29 13:57:08,977 INFO:     68                 Olden_perimeter    0.99819303    0.95056021   +0.04763281  O2-bolt ≈ O2-bolt-opt（差异在 ±5% 内）
2026-04-29 13:57:08,977 INFO:     69                     Olden_power    1.00080132    0.99998045   +0.00082088  O2-bolt ≈ O2-bolt-opt（差异在 ±5% 内）
2026-04-29 13:57:08,977 INFO:     70                   Olden_treeadd    0.99867344    0.98974520   +0.00892824  O2-bolt ≈ O2-bolt-opt（差异在 ±5% 内）
2026-04-29 13:57:08,977 INFO:     71                       Olden_tsp    1.00122821    1.00329030   -0.00206208  O2-bolt ≈ O2-bolt-opt（差异在 ±5% 内）
2026-04-29 13:57:08,977 INFO:     72                   Olden_voronoi    1.00117385    0.99776626   +0.00340760  O2-bolt ≈ O2-bolt-opt（差异在 ±5% 内）
2026-04-29 13:57:08,977 INFO:     73                           PAQ8p    1.00032604    1.00459862   -0.00427258  O2-bolt ≈ O2-bolt-opt（差异在 ±5% 内）
2026-04-29 13:57:08,977 INFO:     74                 Prolangs-C++_NP    0.99920511    1.00328708   -0.00408196  O2-bolt ≈ O2-bolt-opt（差异在 ±5% 内）
2026-04-29 13:57:08,977 INFO:     75               Prolangs-C++_city    0.99950004    0.98593503   +0.01356500  O2-bolt ≈ O2-bolt-opt（差异在 ±5% 内）
2026-04-29 13:57:08,977 INFO:     76             Prolangs-C++_deriv1    0.99925321    1.00345039   -0.00419718  O2-bolt ≈ O2-bolt-opt（差异在 ±5% 内）
2026-04-29 13:57:08,978 INFO:     77             Prolangs-C++_deriv2    0.99917287    1.00318360   -0.00401074  O2-bolt ≈ O2-bolt-opt（差异在 ±5% 内）
2026-04-29 13:57:08,978 INFO:     78             Prolangs-C++_employ    0.99910539    0.99439657   +0.00470883  O2-bolt ≈ O2-bolt-opt（差异在 ±5% 内）
2026-04-29 13:57:08,978 INFO:     79             Prolangs-C++_family    0.99917990    1.00583816   -0.00665826  O2-bolt ≈ O2-bolt-opt（差异在 ±5% 内）
2026-04-29 13:57:08,978 INFO:     80                Prolangs-C++_fsm    0.99915510    0.98981202   +0.00934309  O2-bolt ≈ O2-bolt-opt（差异在 ±5% 内）
2026-04-29 13:57:08,978 INFO:     81             Prolangs-C++_garage    0.99919039    0.98199821   +0.01719218  O2-bolt ≈ O2-bolt-opt（差异在 ±5% 内）
2026-04-29 13:57:08,978 INFO:     82               Prolangs-C++_life    1.00009918    1.01864362   -0.01854444  O2-bolt ≈ O2-bolt-opt（差异在 ±5% 内）
2026-04-29 13:57:08,978 INFO:     83            Prolangs-C++_objects    0.99915206    0.98750311   +0.01164895  O2-bolt ≈ O2-bolt-opt（差异在 ±5% 内）
2026-04-29 13:57:08,978 INFO:     84              Prolangs-C++_ocean    0.99882185    1.00416625   -0.00534439  O2-bolt ≈ O2-bolt-opt（差异在 ±5% 内）
2026-04-29 13:57:08,978 INFO:     85             Prolangs-C++_office    0.99917102    0.99278432   +0.00638670  O2-bolt ≈ O2-bolt-opt（差异在 ±5% 内）
2026-04-29 13:57:08,978 INFO:     86             Prolangs-C++_primes    1.00252318    1.01111674   -0.00859356  O2-bolt ≈ O2-bolt-opt（差异在 ±5% 内）
2026-04-29 13:57:08,979 INFO:     87             Prolangs-C++_shapes    0.99909002    1.00703347   -0.00794345  O2-bolt ≈ O2-bolt-opt（差异在 ±5% 内）
2026-04-29 13:57:08,979 INFO:     88              Prolangs-C++_simul    0.99998283    1.02582586   -0.02584302  O2-bolt ≈ O2-bolt-opt（差异在 ±5% 内）
2026-04-29 13:57:08,979 INFO:     89              Prolangs-C++_trees    0.99921376    1.00736880   -0.00815505  O2-bolt ≈ O2-bolt-opt（差异在 ±5% 内）
2026-04-29 13:57:08,979 INFO:     90              Prolangs-C++_vcirc    0.99927032    0.98898882   +0.01028150  O2-bolt ≈ O2-bolt-opt（差异在 ±5% 内）
2026-04-29 13:57:08,979 INFO:     91         Prolangs-C_TimberWolfMC    0.99966317    1.00363100   -0.00396782  O2-bolt ≈ O2-bolt-opt（差异在 ±5% 内）
2026-04-29 13:57:08,979 INFO:     92                Prolangs-C_agrep    0.99935114    1.04153943   -0.04218829  O2-bolt ≈ O2-bolt-opt（差异在 ±5% 内）
2026-04-29 13:57:08,979 INFO:     93             Prolangs-C_allroots    0.99958664    1.00817728   -0.00859064  O2-bolt ≈ O2-bolt-opt（差异在 ±5% 内）
2026-04-29 13:57:08,979 INFO:     94        Prolangs-C_archie-client    0.99964869    0.98080885   +0.01883984  O2-bolt ≈ O2-bolt-opt（差异在 ±5% 内）
2026-04-29 13:57:08,979 INFO:     95            Prolangs-C_assembler    0.99991274    1.02570844   -0.02579570  O2-bolt ≈ O2-bolt-opt（差异在 ±5% 内）
2026-04-29 13:57:08,979 INFO:     96                Prolangs-C_bison    0.99919760    1.00086927   -0.00167167  O2-bolt ≈ O2-bolt-opt（差异在 ±5% 内）
2026-04-29 13:57:08,980 INFO:     97                Prolangs-C_cdecl    0.99970514    0.99894136   +0.00076377  O2-bolt ≈ O2-bolt-opt（差异在 ±5% 内）
2026-04-29 13:57:08,980 INFO:     98             Prolangs-C_compiler    0.99969405    0.98951912   +0.01017493  O2-bolt ≈ O2-bolt-opt（差异在 ±5% 内）
2026-04-29 13:57:08,980 INFO:     99            Prolangs-C_fixoutput    0.99966943    0.99020785   +0.00946158  O2-bolt ≈ O2-bolt-opt（差异在 ±5% 内）
2026-04-29 13:57:08,980 INFO:    100             Prolangs-C_football    0.99961716    0.97804320   +0.02157396  O2-bolt ≈ O2-bolt-opt（差异在 ±5% 内）
2026-04-29 13:57:08,980 INFO:    101                Prolangs-C_gnugo    0.99973118    1.02155674   -0.02182555  O2-bolt ≈ O2-bolt-opt（差异在 ±5% 内）
2026-04-29 13:57:08,980 INFO:    102               Prolangs-C_loader    0.99989688    1.01517832   -0.01528144  O2-bolt ≈ O2-bolt-opt（差异在 ±5% 内）
2026-04-29 13:57:08,980 INFO:    103             Prolangs-C_plot2fig    0.99988371    1.03825295   -0.03836924  O2-bolt ≈ O2-bolt-opt（差异在 ±5% 内）
2026-04-29 13:57:08,980 INFO:    104            Prolangs-C_simulator    0.99998856    1.02132380   -0.02133524  O2-bolt ≈ O2-bolt-opt（差异在 ±5% 内）
2026-04-29 13:57:08,980 INFO:    105           Prolangs-C_unix-smail    0.99954331    0.98909330   +0.01045001  O2-bolt ≈ O2-bolt-opt（差异在 ±5% 内）
2026-04-29 13:57:08,980 INFO:    106             Prolangs-C_unix-tbl    0.99962521    0.98751724   +0.01210797  O2-bolt ≈ O2-bolt-opt（差异在 ±5% 内）
2026-04-29 13:57:08,980 INFO:    107                 Ptrdist_anagram    1.00247121    0.99212426   +0.01034695  O2-bolt ≈ O2-bolt-opt（差异在 ±5% 内）
2026-04-29 13:57:08,981 INFO:    108                      Ptrdist_bc    0.93565702    0.91725212   +0.01840490  O2-bolt-opt 优于 O2-bolt（快 6.4%，加速比 1.07x）
2026-04-29 13:57:08,981 INFO:    109                      Ptrdist_ft    1.00048459    0.98800486   +0.01247972  O2-bolt ≈ O2-bolt-opt（差异在 ±5% 内）
2026-04-29 13:57:08,981 INFO:    110                      Ptrdist_ks    0.99995589    1.01833463   -0.01837873  O2-bolt ≈ O2-bolt-opt（差异在 ±5% 内）
2026-04-29 13:57:08,981 INFO:    111                   Ptrdist_yacr2    0.99997956    1.09103012   -0.09105057  O2-bolt ≈ O2-bolt-opt（差异在 ±5% 内）
2026-04-29 13:57:08,981 INFO:    112                Rodinia_backprop    0.99925303    1.00222254   -0.00296950  O2-bolt ≈ O2-bolt-opt（差异在 ±5% 内）
2026-04-29 13:57:08,981 INFO:    113                 Rodinia_hotspot    0.99952751    0.99391270   +0.00561482  O2-bolt ≈ O2-bolt-opt（差异在 ±5% 内）
2026-04-29 13:57:08,981 INFO:    114              Rodinia_pathfinder    1.00263369    1.03372097   -0.03108728  O2-bolt ≈ O2-bolt-opt（差异在 ±5% 内）
2026-04-29 13:57:08,981 INFO:    115                    Rodinia_srad    1.00506282    1.00772810   -0.00266528  O2-bolt ≈ O2-bolt-opt（差异在 ±5% 内）
2026-04-29 13:57:08,981 INFO:    116                      SciMark2-C    1.00084782    0.99707294   +0.00377488  O2-bolt ≈ O2-bolt-opt（差异在 ±5% 内）
2026-04-29 13:57:08,981 INFO:    117            TSVC_ControlFlow-dbl    1.00044262    1.01295221   -0.01250958  O2-bolt ≈ O2-bolt-opt（差异在 ±5% 内）
2026-04-29 13:57:08,981 INFO:    118            TSVC_ControlFlow-flt    1.00013661    1.02443826   -0.02430165  O2-bolt ≈ O2-bolt-opt（差异在 ±5% 内）
2026-04-29 13:57:08,982 INFO:    119           TSVC_ControlLoops-dbl    1.00049984    0.99185991   +0.00863993  O2-bolt ≈ O2-bolt-opt（差异在 ±5% 内）
2026-04-29 13:57:08,982 INFO:    120           TSVC_ControlLoops-flt    1.00011122    0.99650049   +0.00361073  O2-bolt ≈ O2-bolt-opt（差异在 ±5% 内）
2026-04-29 13:57:08,982 INFO:    121     TSVC_CrossingThresholds-dbl    0.99900746    1.00930941   -0.01030195  O2-bolt ≈ O2-bolt-opt（差异在 ±5% 内）
2026-04-29 13:57:08,982 INFO:    122     TSVC_CrossingThresholds-flt    0.99903303    0.99235862   +0.00667441  O2-bolt ≈ O2-bolt-opt（差异在 ±5% 内）
2026-04-29 13:57:08,982 INFO:    123          TSVC_Equivalencing-dbl    1.03668642    1.03525054   +0.00143588  O2-bolt ≈ O2-bolt-opt（差异在 ±5% 内）
2026-04-29 13:57:08,982 INFO:    124          TSVC_Equivalencing-flt    1.04196846    1.03489125   +0.00707722  O2-bolt ≈ O2-bolt-opt（差异在 ±5% 内）
2026-04-29 13:57:08,982 INFO:    125              TSVC_Expansion-dbl    1.01491797    1.02877700   -0.01385903  O2-bolt ≈ O2-bolt-opt（差异在 ±5% 内）
2026-04-29 13:57:08,982 INFO:    126              TSVC_Expansion-flt    1.03613269    1.00891173   +0.02722096  O2-bolt ≈ O2-bolt-opt（差异在 ±5% 内）
2026-04-29 13:57:08,982 INFO:    127         TSVC_GlobalDataFlow-dbl    1.02426136    1.01026607   +0.01399529  O2-bolt ≈ O2-bolt-opt（差异在 ±5% 内）
2026-04-29 13:57:08,983 INFO:    128         TSVC_GlobalDataFlow-flt    1.05366373    1.00367320   +0.04999053  O2-bolt 优于 O2-bolt-opt（快 5.1%，加速比 1.05x）
2026-04-29 13:57:08,983 INFO:    129     TSVC_IndirectAddressing-dbl    0.99963474    0.99403685   +0.00559789  O2-bolt ≈ O2-bolt-opt（差异在 ±5% 内）
2026-04-29 13:57:08,983 INFO:    130     TSVC_IndirectAddressing-flt    0.99940729    1.00193632   -0.00252903  O2-bolt ≈ O2-bolt-opt（差异在 ±5% 内）
2026-04-29 13:57:08,983 INFO:    131      TSVC_InductionVariable-dbl    1.00368464    0.95490927   +0.04877537  O2-bolt ≈ O2-bolt-opt（差异在 ±5% 内）
2026-04-29 13:57:08,983 INFO:    132      TSVC_InductionVariable-flt    1.00200939    0.99645537   +0.00555402  O2-bolt ≈ O2-bolt-opt（差异在 ±5% 内）
2026-04-29 13:57:08,983 INFO:    133       TSVC_LinearDependence-dbl    1.00167787    1.01332951   -0.01165164  O2-bolt ≈ O2-bolt-opt（差异在 ±5% 内）
2026-04-29 13:57:08,983 INFO:    134       TSVC_LinearDependence-flt    1.00843024    0.95713621   +0.05129403  O2-bolt ≈ O2-bolt-opt（差异在 ±5% 内）
2026-04-29 13:57:08,983 INFO:    135          TSVC_LoopRerolling-dbl    0.99926382    0.99874389   +0.00051993  O2-bolt ≈ O2-bolt-opt（差异在 ±5% 内）
2026-04-29 13:57:08,983 INFO:    136          TSVC_LoopRerolling-flt    0.99971575    1.00267529   -0.00295955  O2-bolt ≈ O2-bolt-opt（差异在 ±5% 内）
2026-04-29 13:57:08,983 INFO:    137      TSVC_LoopRestructuring-dbl    1.08808255    1.04329872   +0.04478383  O2-bolt 优于 O2-bolt-opt（快 8.1%，加速比 1.09x）
2026-04-29 13:57:08,984 INFO:    138      TSVC_LoopRestructuring-flt    1.07004821    1.04162657   +0.02842164  O2-bolt 优于 O2-bolt-opt（快 6.5%，加速比 1.07x）
2026-04-29 13:57:08,984 INFO:    139          TSVC_NodeSplitting-dbl    1.01744509    1.01968777   -0.00224268  O2-bolt ≈ O2-bolt-opt（差异在 ±5% 内）
2026-04-29 13:57:08,984 INFO:    140          TSVC_NodeSplitting-flt    1.01715672    0.97685176   +0.04030496  O2-bolt ≈ O2-bolt-opt（差异在 ±5% 内）
2026-04-29 13:57:08,984 INFO:    141                TSVC_Packing-dbl    0.99888325    0.96582186   +0.03306139  O2-bolt ≈ O2-bolt-opt（差异在 ±5% 内）
2026-04-29 13:57:08,984 INFO:    142                TSVC_Packing-flt    0.99913400    1.29632914   -0.29719514  O2-bolt ≈ O2-bolt-opt（差异在 ±5% 内）
2026-04-29 13:57:08,984 INFO:    143            TSVC_Recurrences-dbl    1.26745725    1.05606377   +0.21139348  O2-bolt 优于 O2-bolt-opt（快 21.1%，加速比 1.27x）
2026-04-29 13:57:08,984 INFO:    144            TSVC_Recurrences-flt    1.27169371    1.05975950   +0.21193421  O2-bolt 优于 O2-bolt-opt（快 21.4%，加速比 1.27x）
2026-04-29 13:57:08,984 INFO:    145             TSVC_Reductions-dbl    1.00241137    1.00855696   -0.00614560  O2-bolt ≈ O2-bolt-opt（差异在 ±5% 内）
2026-04-29 13:57:08,984 INFO:    146             TSVC_Reductions-flt    1.00080824    1.02131081   -0.02050257  O2-bolt ≈ O2-bolt-opt（差异在 ±5% 内）
2026-04-29 13:57:08,984 INFO:    147              TSVC_Searching-dbl    1.00084972    0.99144375   +0.00940597  O2-bolt ≈ O2-bolt-opt（差异在 ±5% 内）
2026-04-29 13:57:08,984 INFO:    148              TSVC_Searching-flt    1.00072908    0.99501938   +0.00570971  O2-bolt ≈ O2-bolt-opt（差异在 ±5% 内）
2026-04-29 13:57:08,985 INFO:    149    TSVC_StatementReordering-dbl    1.00565577    1.01621354   -0.01055777  O2-bolt ≈ O2-bolt-opt（差异在 ±5% 内）
2026-04-29 13:57:08,985 INFO:    150    TSVC_StatementReordering-flt    1.00556600    1.05346978   -0.04790378  O2-bolt ≈ O2-bolt-opt（差异在 ±5% 内）
2026-04-29 13:57:08,985 INFO:    151              TSVC_Symbolics-dbl    1.00080824    0.95801646   +0.04279178  O2-bolt ≈ O2-bolt-opt（差异在 ±5% 内）
2026-04-29 13:57:08,985 INFO:    152              TSVC_Symbolics-flt    1.00108862    0.94078332   +0.06030530  O2-bolt ≈ O2-bolt-opt（差异在 ±5% 内）
2026-04-29 13:57:08,985 INFO:    153               Trimaran_enc-3des    0.99889296    1.00174665   -0.00285369  O2-bolt ≈ O2-bolt-opt（差异在 ±5% 内）
2026-04-29 13:57:08,985 INFO:    154                Trimaran_enc-md5    0.99853808    0.99947608   -0.00093800  O2-bolt ≈ O2-bolt-opt（差异在 ±5% 内）
2026-04-29 13:57:08,985 INFO:    155                Trimaran_enc-pc1    0.99971151    0.99862123   +0.00109029  O2-bolt ≈ O2-bolt-opt（差异在 ±5% 内）
2026-04-29 13:57:08,985 INFO:    156                Trimaran_enc-rc4    0.99836838    0.99345094   +0.00491744  O2-bolt ≈ O2-bolt-opt（差异在 ±5% 内）
2026-04-29 13:57:08,986 INFO:    157           Trimaran_netbench-crc    0.99954909    0.99080622   +0.00874287  O2-bolt ≈ O2-bolt-opt（差异在 ±5% 内）
2026-04-29 13:57:08,986 INFO:    158           Trimaran_netbench-url    0.99981987    0.99761277   +0.00220710  O2-bolt ≈ O2-bolt-opt（差异在 ±5% 内）
2026-04-29 13:57:08,986 INFO:    159                VersaBench_8b10b    1.00308466    0.99545288   +0.00763178  O2-bolt ≈ O2-bolt-opt（差异在 ±5% 内）
2026-04-29 13:57:08,986 INFO:    160           VersaBench_beamformer    1.00095177    1.13175118   -0.13079941  O2-bolt ≈ O2-bolt-opt（差异在 ±5% 内）
2026-04-29 13:57:08,986 INFO:    161                  VersaBench_bmm    0.99892938    1.01369286   -0.01476347  O2-bolt ≈ O2-bolt-opt（差异在 ±5% 内）
2026-04-29 13:57:08,986 INFO:    162                 VersaBench_dbms    1.00102806    1.00997090   -0.00894284  O2-bolt ≈ O2-bolt-opt（差异在 ±5% 内）
2026-04-29 13:57:08,986 INFO:    163               VersaBench_ecbdes    1.00000429    1.00696623   -0.00696194  O2-bolt ≈ O2-bolt-opt（差异在 ±5% 内）
2026-04-29 13:57:08,986 INFO:    164                    llubenchmark    1.00106049    0.98124939   +0.01981109  O2-bolt ≈ O2-bolt-opt（差异在 ±5% 内）
2026-04-29 13:57:08,986 INFO:    165                           mafft    0.99099517    0.92274141   +0.06825376  O2-bolt ≈ O2-bolt-opt（差异在 ±5% 内）
2026-04-29 13:57:08,987 INFO:    166      mediabench_adpcm_rawcaudio    1.00004864    0.99222046   +0.00782818  O2-bolt ≈ O2-bolt-opt（差异在 ±5% 内）
2026-04-29 13:57:08,987 INFO:    167      mediabench_adpcm_rawdaudio    1.00259626    0.99568635   +0.00690991  O2-bolt ≈ O2-bolt-opt（差异在 ±5% 内）
2026-04-29 13:57:08,987 INFO:    168      mediabench_g721_g721encode    1.00950575    0.99530083   +0.01420492  O2-bolt ≈ O2-bolt-opt（差异在 ±5% 内）
2026-04-29 13:57:08,987 INFO:    169            mediabench_gsm_toast    1.00025523    1.02883673   -0.02858150  O2-bolt ≈ O2-bolt-opt（差异在 ±5% 内）
2026-04-29 13:57:08,987 INFO:    170         mediabench_jpeg_jpeg-6a    1.00031042    0.98786324   +0.01244718  O2-bolt ≈ O2-bolt-opt（差异在 ±5% 内）
2026-04-29 13:57:08,987 INFO:    171       mediabench_mpeg2_mpeg2dec    0.98555279    0.97445261   +0.01110017  O2-bolt ≈ O2-bolt-opt（差异在 ±5% 内）
2026-04-29 13:57:08,987 INFO:    172                          nbench    1.00053239    1.03428447   -0.03375208  O2-bolt ≈ O2-bolt-opt（差异在 ±5% 内）
2026-04-29 13:57:08,987 INFO:    173                             sim    0.99933368    0.96357864   +0.03575504  O2-bolt ≈ O2-bolt-opt（差异在 ±5% 内）
2026-04-29 13:57:08,988 INFO:    174                      tramp3d-v4    0.99641824    0.99214816   +0.00427008  O2-bolt ≈ O2-bolt-opt（差异在 ±5% 内）
2026-04-29 13:57:08,988 INFO: 
  ── 验证指标 ──
2026-04-29 13:57:08,988 INFO:   MAE  = 0.023639
2026-04-29 13:57:08,988 INFO:   MSE  = 0.002668
2026-04-29 13:57:08,988 INFO:   RMSE = 0.051651
2026-04-29 13:57:08,988 INFO:   方向准确率 = 100/174 (57.5%)
2026-04-29 13:57:08,988 INFO:   预测 O2-bolt 更优: 86/174  (真实: 92/174)
2026-04-29 13:57:08,988 INFO:   方向准确率（排除 ±5%）= 12/17 (70.6%)
2026-04-29 13:57:08,991 INFO:   结构化结果: checkpoints/transformer/inst_best/infer_samples_O2-bolt_vs_O2-bolt-opt.csv
2026-04-29 13:57:08,991 INFO:   摘要结果: checkpoints/transformer/inst_best/infer_summary_O2-bolt_vs_O2-bolt-opt.json
2026-04-29 13:57:09,216 INFO: 已应用 exp() 变换（log-target 模式）
2026-04-29 13:57:09,216 INFO: ========================================================================
2026-04-29 13:57:09,216 INFO: 版本对: O3-bolt_vs_O3-bolt-opt  (O3-bolt vs O3-bolt-opt)  共 174 个程序
2026-04-29 13:57:09,216 INFO: 标签模式: inst_retired_ratio
2026-04-29 13:57:09,216 INFO: 标签定义: Y = Σinst_v1 / Σinst_v2 (retired instruction ratio)
2026-04-29 13:57:09,217 INFO: 判定方向: Y >= 1 视为 O3-bolt 更快，Y < 1 视为 O3-bolt-opt 更快
2026-04-29 13:57:09,217 INFO: 统计口径: 方向准确率按 same-side(Y=1.0) 统计；展示结论仍使用 judge() 的 ±5%% 区间
2026-04-29 13:57:09,217 INFO: ========================================================================
2026-04-29 13:57:09,217 INFO:      #                              程序          预测 Ŷ          真实 Y            误差  判断
2026-04-29 13:57:09,217 INFO:   ------------------------------------------------------------------------------------
2026-04-29 13:57:09,217 INFO:      1                            7zip    1.00962627    1.01578355   -0.00615728  O3-bolt ≈ O3-bolt-opt（差异在 ±5% 内）
2026-04-29 13:57:09,217 INFO:      2             ASCI_Purple_SMG2000    1.00180483    1.01146007   -0.00965524  O3-bolt ≈ O3-bolt-opt（差异在 ±5% 内）
2026-04-29 13:57:09,217 INFO:      3               ASC_Sequoia_AMGmk    1.00102639    1.00634980   -0.00532341  O3-bolt ≈ O3-bolt-opt（差异在 ±5% 内）
2026-04-29 13:57:09,217 INFO:      4           ASC_Sequoia_CrystalMk    1.00336909    0.99978775   +0.00358135  O3-bolt ≈ O3-bolt-opt（差异在 ±5% 内）
2026-04-29 13:57:09,218 INFO:      5               ASC_Sequoia_IRSmk    1.00054455    1.00539255   -0.00484800  O3-bolt ≈ O3-bolt-opt（差异在 ±5% 内）
2026-04-29 13:57:09,218 INFO:      6                  BitBench_drop3    1.00022125    0.92709821   +0.07312304  O3-bolt ≈ O3-bolt-opt（差异在 ±5% 内）
2026-04-29 13:57:09,218 INFO:      7                 BitBench_five11    0.99919194    0.98016906   +0.01902288  O3-bolt ≈ O3-bolt-opt（差异在 ±5% 内）
2026-04-29 13:57:09,218 INFO:      8               BitBench_uudecode    0.99959058    1.71619010   -0.71659952  O3-bolt ≈ O3-bolt-opt（差异在 ±5% 内）
2026-04-29 13:57:09,218 INFO:      9               BitBench_uuencode    1.00113440    1.01267838   -0.01154399  O3-bolt ≈ O3-bolt-opt（差异在 ±5% 内）
2026-04-29 13:57:09,218 INFO:     10                          Bullet    0.99862027    1.00599194   -0.00737166  O3-bolt ≈ O3-bolt-opt（差异在 ±5% 内）
2026-04-29 13:57:09,219 INFO:     11         DOE-ProxyApps-C++_CLAMR    1.02526236    1.01356697   +0.01169538  O3-bolt ≈ O3-bolt-opt（差异在 ±5% 内）
2026-04-29 13:57:09,219 INFO:     12   DOE-ProxyApps-C++_HACCKernels    1.00064433    1.00790739   -0.00726306  O3-bolt ≈ O3-bolt-opt（差异在 ±5% 内）
2026-04-29 13:57:09,219 INFO:     13         DOE-ProxyApps-C++_HPCCG    1.00041878    1.01080227   -0.01038349  O3-bolt ≈ O3-bolt-opt（差异在 ±5% 内）
2026-04-29 13:57:09,219 INFO:     14       DOE-ProxyApps-C++_PENNANT    1.00144720    1.01100075   -0.00955355  O3-bolt ≈ O3-bolt-opt（差异在 ±5% 内）
2026-04-29 13:57:09,219 INFO:     15        DOE-ProxyApps-C++_miniFE    0.99937654    1.02538431   -0.02600777  O3-bolt ≈ O3-bolt-opt（差异在 ±5% 内）
2026-04-29 13:57:09,219 INFO:     16            DOE-ProxyApps-C_CoMD    0.99706388    0.93704116   +0.06002271  O3-bolt ≈ O3-bolt-opt（差异在 ±5% 内）
2026-04-29 13:57:09,219 INFO:     17      DOE-ProxyApps-C_Pathfinder    1.03114140    1.04369795   -0.01255655  O3-bolt ≈ O3-bolt-opt（差异在 ±5% 内）
2026-04-29 13:57:09,219 INFO:     18         DOE-ProxyApps-C_RSBench    0.93937230    1.01033378   -0.07096148  O3-bolt-opt 优于 O3-bolt（快 6.1%，加速比 1.06x）
2026-04-29 13:57:09,219 INFO:     19       DOE-ProxyApps-C_SimpleMOC    1.00031507    1.01593506   -0.01561999  O3-bolt ≈ O3-bolt-opt（差异在 ±5% 内）
2026-04-29 13:57:09,220 INFO:     20         DOE-ProxyApps-C_XSBench    0.93659586    0.98454797   -0.04795212  O3-bolt-opt 优于 O3-bolt（快 6.3%，加速比 1.07x）
2026-04-29 13:57:09,220 INFO:     21         DOE-ProxyApps-C_miniAMR    0.99165976    1.00541043   -0.01375067  O3-bolt ≈ O3-bolt-opt（差异在 ±5% 内）
2026-04-29 13:57:09,220 INFO:     22         DOE-ProxyApps-C_miniGMG    0.96746254    1.00271499   -0.03525245  O3-bolt ≈ O3-bolt-opt（差异在 ±5% 内）
2026-04-29 13:57:09,220 INFO:     23                     Fhourstones    1.00304496    1.02165437   -0.01860940  O3-bolt ≈ O3-bolt-opt（差异在 ±5% 内）
2026-04-29 13:57:09,220 INFO:     24                 Fhourstones-3.1    1.04153895    1.08524120   -0.04370224  O3-bolt ≈ O3-bolt-opt（差异在 ±5% 内）
2026-04-29 13:57:09,220 INFO:     25              FreeBench_analyzer    0.99976361    0.99516904   +0.00459456  O3-bolt ≈ O3-bolt-opt（差异在 ±5% 内）
2026-04-29 13:57:09,220 INFO:     26               FreeBench_distray    1.00110507    1.00478363   -0.00367856  O3-bolt ≈ O3-bolt-opt（差异在 ±5% 内）
2026-04-29 13:57:09,221 INFO:     27            FreeBench_fourinarow    0.99935681    1.00707912   -0.00772232  O3-bolt ≈ O3-bolt-opt（差异在 ±5% 内）
2026-04-29 13:57:09,221 INFO:     28                 FreeBench_mason    1.00057745    0.98173440   +0.01884305  O3-bolt ≈ O3-bolt-opt（差异在 ±5% 内）
2026-04-29 13:57:09,221 INFO:     29                FreeBench_neural    0.99996459    1.01482201   -0.01485741  O3-bolt ≈ O3-bolt-opt（差异在 ±5% 内）
2026-04-29 13:57:09,221 INFO:     30            FreeBench_pcompress2    1.00449979    1.02793360   -0.02343380  O3-bolt ≈ O3-bolt-opt（差异在 ±5% 内）
2026-04-29 13:57:09,221 INFO:     31                 FreeBench_pifft    1.00036383    1.01334882   -0.01298499  O3-bolt ≈ O3-bolt-opt（差异在 ±5% 内）
2026-04-29 13:57:09,221 INFO:     32               MallocBench_cfrac    0.99919552    1.00837708   -0.00918156  O3-bolt ≈ O3-bolt-opt（差异在 ±5% 内）
2026-04-29 13:57:09,221 INFO:     33            MallocBench_espresso    1.00259173    1.03733695   -0.03474522  O3-bolt ≈ O3-bolt-opt（差异在 ±5% 内）
2026-04-29 13:57:09,222 INFO:     34                  MallocBench_gs    0.99974942    0.97171474   +0.02803469  O3-bolt ≈ O3-bolt-opt（差异在 ±5% 内）
2026-04-29 13:57:09,222 INFO:     35                 McCat_01-qbsort    0.99973089    0.98156148   +0.01816940  O3-bolt ≈ O3-bolt-opt（差异在 ±5% 内）
2026-04-29 13:57:09,222 INFO:     36               McCat_03-testtrie    0.99825430    0.95510554   +0.04314876  O3-bolt ≈ O3-bolt-opt（差异在 ±5% 内）
2026-04-29 13:57:09,222 INFO:     37                 McCat_04-bisect    0.99946880    1.10215461   -0.10268581  O3-bolt ≈ O3-bolt-opt（差异在 ±5% 内）
2026-04-29 13:57:09,222 INFO:     38                    McCat_05-eks    0.99996078    1.00565314   -0.00569236  O3-bolt ≈ O3-bolt-opt（差异在 ±5% 内）
2026-04-29 13:57:09,222 INFO:     39                   McCat_08-main    1.00003970    0.99874270   +0.00129700  O3-bolt ≈ O3-bolt-opt（差异在 ±5% 内）
2026-04-29 13:57:09,223 INFO:     40                    McCat_09-vor    1.00089061    1.01240158   -0.01151097  O3-bolt ≈ O3-bolt-opt（差异在 ±5% 内）
2026-04-29 13:57:09,223 INFO:     41                 McCat_12-IOtest    0.99912107    0.99384511   +0.00527596  O3-bolt ≈ O3-bolt-opt（差异在 ±5% 内）
2026-04-29 13:57:09,223 INFO:     42                   McCat_15-trie    1.00023758    1.00621033   -0.00597274  O3-bolt ≈ O3-bolt-opt（差异在 ±5% 内）
2026-04-29 13:57:09,223 INFO:     43                  McCat_17-bintr    1.00011659    1.02601528   -0.02589869  O3-bolt ≈ O3-bolt-opt（差异在 ±5% 内）
2026-04-29 13:57:09,223 INFO:     44                    McCat_18-imp    0.99948245    1.10870421   -0.10922176  O3-bolt ≈ O3-bolt-opt（差异在 ±5% 内）
2026-04-29 13:57:09,223 INFO:     45    MiBench_automotive-basicmath    0.99956542    1.00038624   -0.00082082  O3-bolt ≈ O3-bolt-opt（差异在 ±5% 内）
2026-04-29 13:57:09,223 INFO:     46     MiBench_automotive-bitcount    0.99974716    0.96945256   +0.03029460  O3-bolt ≈ O3-bolt-opt（差异在 ±5% 内）
2026-04-29 13:57:09,224 INFO:     47        MiBench_automotive-susan    1.00155365    0.99529481   +0.00625885  O3-bolt ≈ O3-bolt-opt（差异在 ±5% 内）
2026-04-29 13:57:09,224 INFO:     48           MiBench_consumer-jpeg    1.00141871    0.99141425   +0.01000446  O3-bolt ≈ O3-bolt-opt（差异在 ±5% 内）
2026-04-29 13:57:09,224 INFO:     49           MiBench_consumer-lame    1.00117445    0.99480385   +0.00637060  O3-bolt ≈ O3-bolt-opt（差异在 ±5% 内）
2026-04-29 13:57:09,224 INFO:     50        MiBench_consumer-typeset    0.99974233    0.97824597   +0.02149636  O3-bolt ≈ O3-bolt-opt（差异在 ±5% 内）
2026-04-29 13:57:09,224 INFO:     51        MiBench_network-dijkstra    0.99987817    0.88587141   +0.11400676  O3-bolt ≈ O3-bolt-opt（差异在 ±5% 内）
2026-04-29 13:57:09,224 INFO:     52        MiBench_network-patricia    0.99967343    0.99544346   +0.00422996  O3-bolt ≈ O3-bolt-opt（差异在 ±5% 内）
2026-04-29 13:57:09,224 INFO:     53           MiBench_office-ispell    0.99975061    0.99367309   +0.00607753  O3-bolt ≈ O3-bolt-opt（差异在 ±5% 内）
2026-04-29 13:57:09,225 INFO:     54     MiBench_office-stringsearch    0.99887937    1.00778401   -0.00890464  O3-bolt ≈ O3-bolt-opt（差异在 ±5% 内）
2026-04-29 13:57:09,225 INFO:     55       MiBench_security-blowfish    0.99989086    1.03637934   -0.03648847  O3-bolt ≈ O3-bolt-opt（差异在 ±5% 内）
2026-04-29 13:57:09,225 INFO:     56       MiBench_security-rijndael    1.00105059    1.05644810   -0.05539751  O3-bolt ≈ O3-bolt-opt（差异在 ±5% 内）
2026-04-29 13:57:09,225 INFO:     57            MiBench_security-sha    1.00044525    1.00753462   -0.00708938  O3-bolt ≈ O3-bolt-opt（差异在 ±5% 内）
2026-04-29 13:57:09,225 INFO:     58          MiBench_telecomm-CRC32    0.99861664    1.05712545   -0.05850881  O3-bolt ≈ O3-bolt-opt（差异在 ±5% 内）
2026-04-29 13:57:09,225 INFO:     59            MiBench_telecomm-FFT    1.00060797    1.00125551   -0.00064754  O3-bolt ≈ O3-bolt-opt（差异在 ±5% 内）
2026-04-29 13:57:09,225 INFO:     60          MiBench_telecomm-adpcm    0.99981600    0.99768746   +0.00212854  O3-bolt ≈ O3-bolt-opt（差异在 ±5% 内）
2026-04-29 13:57:09,226 INFO:     61            MiBench_telecomm-gsm    1.00018370    0.99434364   +0.00584006  O3-bolt ≈ O3-bolt-opt（差异在 ±5% 内）
2026-04-29 13:57:09,226 INFO:     62                   NPB-serial_is    0.99990052    0.99758065   +0.00231987  O3-bolt ≈ O3-bolt-opt（差异在 ±5% 内）
2026-04-29 13:57:09,226 INFO:     63                        Olden_bh    1.00113380    1.00719869   -0.00606489  O3-bolt ≈ O3-bolt-opt（差异在 ±5% 内）
2026-04-29 13:57:09,226 INFO:     64                    Olden_bisort    1.00411236    1.00634491   -0.00223255  O3-bolt ≈ O3-bolt-opt（差异在 ±5% 内）
2026-04-29 13:57:09,226 INFO:     65                      Olden_em3d    1.00029373    1.39166772   -0.39137399  O3-bolt ≈ O3-bolt-opt（差异在 ±5% 内）
2026-04-29 13:57:09,226 INFO:     66                    Olden_health    1.00013256    1.01210880   -0.01197624  O3-bolt ≈ O3-bolt-opt（差异在 ±5% 内）
2026-04-29 13:57:09,226 INFO:     67                       Olden_mst    0.99546224    1.01557493   -0.02011269  O3-bolt ≈ O3-bolt-opt（差异在 ±5% 内）
2026-04-29 13:57:09,226 INFO:     68                 Olden_perimeter    0.99866772    0.99643099   +0.00223672  O3-bolt ≈ O3-bolt-opt（差异在 ±5% 内）
2026-04-29 13:57:09,227 INFO:     69                     Olden_power    1.00057280    1.00054836   +0.00002444  O3-bolt ≈ O3-bolt-opt（差异在 ±5% 内）
2026-04-29 13:57:09,227 INFO:     70                   Olden_treeadd    0.99866146    1.00693905   -0.00827760  O3-bolt ≈ O3-bolt-opt（差异在 ±5% 内）
2026-04-29 13:57:09,227 INFO:     71                       Olden_tsp    1.00148046    1.00845313   -0.00697267  O3-bolt ≈ O3-bolt-opt（差异在 ±5% 内）
2026-04-29 13:57:09,227 INFO:     72                   Olden_voronoi    1.00092745    1.00633812   -0.00541067  O3-bolt ≈ O3-bolt-opt（差异在 ±5% 内）
2026-04-29 13:57:09,227 INFO:     73                           PAQ8p    1.00125003    1.01735151   -0.01610148  O3-bolt ≈ O3-bolt-opt（差异在 ±5% 内）
2026-04-29 13:57:09,227 INFO:     74                 Prolangs-C++_NP    0.99930447    1.01477528   -0.01547080  O3-bolt ≈ O3-bolt-opt（差异在 ±5% 内）
2026-04-29 13:57:09,227 INFO:     75               Prolangs-C++_city    0.99922937    1.04837799   -0.04914862  O3-bolt ≈ O3-bolt-opt（差异在 ±5% 内）
2026-04-29 13:57:09,227 INFO:     76             Prolangs-C++_deriv1    0.99925131    0.98951948   +0.00973183  O3-bolt ≈ O3-bolt-opt（差异在 ±5% 内）
2026-04-29 13:57:09,228 INFO:     77             Prolangs-C++_deriv2    0.99924904    0.99298400   +0.00626504  O3-bolt ≈ O3-bolt-opt（差异在 ±5% 内）
2026-04-29 13:57:09,228 INFO:     78             Prolangs-C++_employ    0.99928838    1.01141703   -0.01212865  O3-bolt ≈ O3-bolt-opt（差异在 ±5% 内）
2026-04-29 13:57:09,228 INFO:     79             Prolangs-C++_family    0.99927044    0.99944913   -0.00017869  O3-bolt ≈ O3-bolt-opt（差异在 ±5% 内）
2026-04-29 13:57:09,228 INFO:     80                Prolangs-C++_fsm    0.99920726    1.00200772   -0.00280046  O3-bolt ≈ O3-bolt-opt（差异在 ±5% 内）
2026-04-29 13:57:09,228 INFO:     81             Prolangs-C++_garage    0.99927753    0.99535859   +0.00391895  O3-bolt ≈ O3-bolt-opt（差异在 ±5% 内）
2026-04-29 13:57:09,228 INFO:     82               Prolangs-C++_life    1.00008404    1.02461314   -0.02452910  O3-bolt ≈ O3-bolt-opt（差异在 ±5% 内）
2026-04-29 13:57:09,228 INFO:     83            Prolangs-C++_objects    0.99929273    1.00070775   -0.00141501  O3-bolt ≈ O3-bolt-opt（差异在 ±5% 内）
2026-04-29 13:57:09,229 INFO:     84              Prolangs-C++_ocean    0.99885714    0.99652171   +0.00233543  O3-bolt ≈ O3-bolt-opt（差异在 ±5% 内）
2026-04-29 13:57:09,229 INFO:     85             Prolangs-C++_office    0.99921751    0.98996598   +0.00925153  O3-bolt ≈ O3-bolt-opt（差异在 ±5% 内）
2026-04-29 13:57:09,229 INFO:     86             Prolangs-C++_primes    1.00132871    1.00369465   -0.00236595  O3-bolt ≈ O3-bolt-opt（差异在 ±5% 内）
2026-04-29 13:57:09,229 INFO:     87             Prolangs-C++_shapes    0.99924499    0.99385619   +0.00538880  O3-bolt ≈ O3-bolt-opt（差异在 ±5% 内）
2026-04-29 13:57:09,229 INFO:     88              Prolangs-C++_simul    0.99980271    0.99068391   +0.00911880  O3-bolt ≈ O3-bolt-opt（差异在 ±5% 内）
2026-04-29 13:57:09,229 INFO:     89              Prolangs-C++_trees    0.99925625    1.02200830   -0.02275205  O3-bolt ≈ O3-bolt-opt（差异在 ±5% 内）
2026-04-29 13:57:09,229 INFO:     90              Prolangs-C++_vcirc    0.99930745    1.00359893   -0.00429147  O3-bolt ≈ O3-bolt-opt（差异在 ±5% 内）
2026-04-29 13:57:09,230 INFO:     91         Prolangs-C_TimberWolfMC    1.00031352    1.04274309   -0.04242957  O3-bolt ≈ O3-bolt-opt（差异在 ±5% 内）
2026-04-29 13:57:09,230 INFO:     92                Prolangs-C_agrep    1.00003266    1.04121566   -0.04118299  O3-bolt ≈ O3-bolt-opt（差异在 ±5% 内）
2026-04-29 13:57:09,230 INFO:     93             Prolangs-C_allroots    1.00016522    1.03824496   -0.03807974  O3-bolt ≈ O3-bolt-opt（差异在 ±5% 内）
2026-04-29 13:57:09,230 INFO:     94        Prolangs-C_archie-client    0.99972320    0.99152249   +0.00820071  O3-bolt ≈ O3-bolt-opt（差异在 ±5% 内）
2026-04-29 13:57:09,230 INFO:     95            Prolangs-C_assembler    1.00040400    1.04223180   -0.04182780  O3-bolt ≈ O3-bolt-opt（差异在 ±5% 内）
2026-04-29 13:57:09,230 INFO:     96                Prolangs-C_bison    0.99920744    0.99823880   +0.00096864  O3-bolt ≈ O3-bolt-opt（差异在 ±5% 内）
2026-04-29 13:57:09,230 INFO:     97                Prolangs-C_cdecl    0.99970287    0.99449199   +0.00521088  O3-bolt ≈ O3-bolt-opt（差异在 ±5% 内）
2026-04-29 13:57:09,231 INFO:     98             Prolangs-C_compiler    0.99985904    1.00085521   -0.00099617  O3-bolt ≈ O3-bolt-opt（差异在 ±5% 内）
2026-04-29 13:57:09,231 INFO:     99            Prolangs-C_fixoutput    0.99968272    0.98937786   +0.01030487  O3-bolt ≈ O3-bolt-opt（差异在 ±5% 内）
2026-04-29 13:57:09,231 INFO:    100             Prolangs-C_football    0.99983788    1.01308882   -0.01325095  O3-bolt ≈ O3-bolt-opt（差异在 ±5% 内）
2026-04-29 13:57:09,231 INFO:    101                Prolangs-C_gnugo    0.99786103    1.02897823   -0.03111720  O3-bolt ≈ O3-bolt-opt（差异在 ±5% 内）
2026-04-29 13:57:09,231 INFO:    102               Prolangs-C_loader    0.99973488    1.00336170   -0.00362682  O3-bolt ≈ O3-bolt-opt（差异在 ±5% 内）
2026-04-29 13:57:09,231 INFO:    103             Prolangs-C_plot2fig    0.99992198    1.01614428   -0.01622230  O3-bolt ≈ O3-bolt-opt（差异在 ±5% 内）
2026-04-29 13:57:09,232 INFO:    104            Prolangs-C_simulator    0.99992603    1.03908980   -0.03916377  O3-bolt ≈ O3-bolt-opt（差异在 ±5% 内）
2026-04-29 13:57:09,232 INFO:    105           Prolangs-C_unix-smail    0.99961859    0.99530661   +0.00431198  O3-bolt ≈ O3-bolt-opt（差异在 ±5% 内）
2026-04-29 13:57:09,232 INFO:    106             Prolangs-C_unix-tbl    0.99987394    1.01295793   -0.01308399  O3-bolt ≈ O3-bolt-opt（差异在 ±5% 内）
2026-04-29 13:57:09,232 INFO:    107                 Ptrdist_anagram    1.00377202    1.00220931   +0.00156271  O3-bolt ≈ O3-bolt-opt（差异在 ±5% 内）
2026-04-29 13:57:09,232 INFO:    108                      Ptrdist_bc    0.94506967    0.93240905   +0.01266062  O3-bolt-opt 优于 O3-bolt（快 5.5%，加速比 1.06x）
2026-04-29 13:57:09,232 INFO:    109                      Ptrdist_ft    1.00012457    1.01286995   -0.01274538  O3-bolt ≈ O3-bolt-opt（差异在 ±5% 内）
2026-04-29 13:57:09,233 INFO:    110                      Ptrdist_ks    1.00005257    0.88861984   +0.11143273  O3-bolt ≈ O3-bolt-opt（差异在 ±5% 内）
2026-04-29 13:57:09,233 INFO:    111                   Ptrdist_yacr2    1.00036442    1.08272433   -0.08235991  O3-bolt ≈ O3-bolt-opt（差异在 ±5% 内）
2026-04-29 13:57:09,233 INFO:    112                Rodinia_backprop    0.99836963    1.00219524   -0.00382560  O3-bolt ≈ O3-bolt-opt（差异在 ±5% 内）
2026-04-29 13:57:09,233 INFO:    113                 Rodinia_hotspot    1.00066626    1.00095415   -0.00028789  O3-bolt ≈ O3-bolt-opt（差异在 ±5% 内）
2026-04-29 13:57:09,233 INFO:    114              Rodinia_pathfinder    1.00252044    0.99289376   +0.00962669  O3-bolt ≈ O3-bolt-opt（差异在 ±5% 内）
2026-04-29 13:57:09,233 INFO:    115                    Rodinia_srad    1.02956843    1.02228773   +0.00728071  O3-bolt ≈ O3-bolt-opt（差异在 ±5% 内）
2026-04-29 13:57:09,233 INFO:    116                      SciMark2-C    0.99901301    1.01620269   -0.01718968  O3-bolt ≈ O3-bolt-opt（差异在 ±5% 内）
2026-04-29 13:57:09,234 INFO:    117            TSVC_ControlFlow-dbl    1.00019085    1.03565192   -0.03546107  O3-bolt ≈ O3-bolt-opt（差异在 ±5% 内）
2026-04-29 13:57:09,234 INFO:    118            TSVC_ControlFlow-flt    0.99973977    1.04929185   -0.04955208  O3-bolt ≈ O3-bolt-opt（差异在 ±5% 内）
2026-04-29 13:57:09,234 INFO:    119           TSVC_ControlLoops-dbl    0.99881488    0.99948257   -0.00066769  O3-bolt ≈ O3-bolt-opt（差异在 ±5% 内）
2026-04-29 13:57:09,234 INFO:    120           TSVC_ControlLoops-flt    0.99952739    1.00608766   -0.00656027  O3-bolt ≈ O3-bolt-opt（差异在 ±5% 内）
2026-04-29 13:57:09,234 INFO:    121     TSVC_CrossingThresholds-dbl    0.99978864    0.99849886   +0.00128978  O3-bolt ≈ O3-bolt-opt（差异在 ±5% 内）
2026-04-29 13:57:09,234 INFO:    122     TSVC_CrossingThresholds-flt    0.99961638    1.03935432   -0.03973794  O3-bolt ≈ O3-bolt-opt（差异在 ±5% 内）
2026-04-29 13:57:09,235 INFO:    123          TSVC_Equivalencing-dbl    1.04642820    1.03804207   +0.00838614  O3-bolt ≈ O3-bolt-opt（差异在 ±5% 内）
2026-04-29 13:57:09,235 INFO:    124          TSVC_Equivalencing-flt    1.04063797    1.03284538   +0.00779259  O3-bolt ≈ O3-bolt-opt（差异在 ±5% 内）
2026-04-29 13:57:09,235 INFO:    125              TSVC_Expansion-dbl    1.01651168    1.01790655   -0.00139487  O3-bolt ≈ O3-bolt-opt（差异在 ±5% 内）
2026-04-29 13:57:09,235 INFO:    126              TSVC_Expansion-flt    1.03307581    1.06088364   -0.02780783  O3-bolt ≈ O3-bolt-opt（差异在 ±5% 内）
2026-04-29 13:57:09,235 INFO:    127         TSVC_GlobalDataFlow-dbl    1.01791275    1.02321601   -0.00530326  O3-bolt ≈ O3-bolt-opt（差异在 ±5% 内）
2026-04-29 13:57:09,236 INFO:    128         TSVC_GlobalDataFlow-flt    1.05305254    1.01367843   +0.03937411  O3-bolt 优于 O3-bolt-opt（快 5.0%，加速比 1.05x）
2026-04-29 13:57:09,236 INFO:    129     TSVC_IndirectAddressing-dbl    0.99969602    0.99225050   +0.00744551  O3-bolt ≈ O3-bolt-opt（差异在 ±5% 内）
2026-04-29 13:57:09,236 INFO:    130     TSVC_IndirectAddressing-flt    0.99975038    0.97296017   +0.02679020  O3-bolt ≈ O3-bolt-opt（差异在 ±5% 内）
2026-04-29 13:57:09,236 INFO:    131      TSVC_InductionVariable-dbl    1.00267601    1.05321896   -0.05054295  O3-bolt ≈ O3-bolt-opt（差异在 ±5% 内）
2026-04-29 13:57:09,236 INFO:    132      TSVC_InductionVariable-flt    1.00237119    1.00122225   +0.00114894  O3-bolt ≈ O3-bolt-opt（差异在 ±5% 内）
2026-04-29 13:57:09,236 INFO:    133       TSVC_LinearDependence-dbl    1.00285757    1.01511943   -0.01226187  O3-bolt ≈ O3-bolt-opt（差异在 ±5% 内）
2026-04-29 13:57:09,237 INFO:    134       TSVC_LinearDependence-flt    1.00864100    0.95952314   +0.04911786  O3-bolt ≈ O3-bolt-opt（差异在 ±5% 内）
2026-04-29 13:57:09,237 INFO:    135          TSVC_LoopRerolling-dbl    0.99944532    1.00312531   -0.00367999  O3-bolt ≈ O3-bolt-opt（差异在 ±5% 内）
2026-04-29 13:57:09,237 INFO:    136          TSVC_LoopRerolling-flt    0.99973768    0.99850774   +0.00122994  O3-bolt ≈ O3-bolt-opt（差异在 ±5% 内）
2026-04-29 13:57:09,237 INFO:    137      TSVC_LoopRestructuring-dbl    1.10435343    1.02997386   +0.07437956  O3-bolt 优于 O3-bolt-opt（快 9.4%，加速比 1.10x）
2026-04-29 13:57:09,237 INFO:    138      TSVC_LoopRestructuring-flt    1.07635558    1.03045797   +0.04589760  O3-bolt 优于 O3-bolt-opt（快 7.1%，加速比 1.08x）
2026-04-29 13:57:09,237 INFO:    139          TSVC_NodeSplitting-dbl    1.01581788    1.01778722   -0.00196934  O3-bolt ≈ O3-bolt-opt（差异在 ±5% 内）
2026-04-29 13:57:09,238 INFO:    140          TSVC_NodeSplitting-flt    1.01118338    1.09958148   -0.08839810  O3-bolt ≈ O3-bolt-opt（差异在 ±5% 内）
2026-04-29 13:57:09,238 INFO:    141                TSVC_Packing-dbl    0.99949056    1.17247140   -0.17298084  O3-bolt ≈ O3-bolt-opt（差异在 ±5% 内）
2026-04-29 13:57:09,238 INFO:    142                TSVC_Packing-flt    0.99956900    1.22751749   -0.22794849  O3-bolt ≈ O3-bolt-opt（差异在 ±5% 内）
2026-04-29 13:57:09,238 INFO:    143            TSVC_Recurrences-dbl    1.26121414    1.06051290   +0.20070124  O3-bolt 优于 O3-bolt-opt（快 20.7%，加速比 1.26x）
2026-04-29 13:57:09,238 INFO:    144            TSVC_Recurrences-flt    1.27078450    1.05906332   +0.21172118  O3-bolt 优于 O3-bolt-opt（快 21.3%，加速比 1.27x）
2026-04-29 13:57:09,238 INFO:    145             TSVC_Reductions-dbl    1.00485206    1.00581753   -0.00096548  O3-bolt ≈ O3-bolt-opt（差异在 ±5% 内）
2026-04-29 13:57:09,239 INFO:    146             TSVC_Reductions-flt    1.00197423    1.00946319   -0.00748897  O3-bolt ≈ O3-bolt-opt（差异在 ±5% 内）
2026-04-29 13:57:09,239 INFO:    147              TSVC_Searching-dbl    1.00052094    0.99068916   +0.00983179  O3-bolt ≈ O3-bolt-opt（差异在 ±5% 内）
2026-04-29 13:57:09,239 INFO:    148              TSVC_Searching-flt    1.00075531    0.99654156   +0.00421375  O3-bolt ≈ O3-bolt-opt（差异在 ±5% 内）
2026-04-29 13:57:09,239 INFO:    149    TSVC_StatementReordering-dbl    1.00560999    1.01957202   -0.01396203  O3-bolt ≈ O3-bolt-opt（差异在 ±5% 内）
2026-04-29 13:57:09,239 INFO:    150    TSVC_StatementReordering-flt    1.00668275    1.02887583   -0.02219307  O3-bolt ≈ O3-bolt-opt（差异在 ±5% 内）
2026-04-29 13:57:09,239 INFO:    151              TSVC_Symbolics-dbl    1.00114071    0.95133102   +0.04980969  O3-bolt ≈ O3-bolt-opt（差异在 ±5% 内）
2026-04-29 13:57:09,239 INFO:    152              TSVC_Symbolics-flt    1.00065291    0.89796203   +0.10269088  O3-bolt ≈ O3-bolt-opt（差异在 ±5% 内）
2026-04-29 13:57:09,240 INFO:    153               Trimaran_enc-3des    0.99893683    1.00349534   -0.00455850  O3-bolt ≈ O3-bolt-opt（差异在 ±5% 内）
2026-04-29 13:57:09,240 INFO:    154                Trimaran_enc-md5    0.99950796    1.00622022   -0.00671226  O3-bolt ≈ O3-bolt-opt（差异在 ±5% 内）
2026-04-29 13:57:09,240 INFO:    155                Trimaran_enc-pc1    0.99914700    1.00240302   -0.00325602  O3-bolt ≈ O3-bolt-opt（差异在 ±5% 内）
2026-04-29 13:57:09,240 INFO:    156                Trimaran_enc-rc4    0.99841636    0.99556661   +0.00284976  O3-bolt ≈ O3-bolt-opt（差异在 ±5% 内）
2026-04-29 13:57:09,240 INFO:    157           Trimaran_netbench-crc    0.99992871    1.00019097   -0.00026226  O3-bolt ≈ O3-bolt-opt（差异在 ±5% 内）
2026-04-29 13:57:09,240 INFO:    158           Trimaran_netbench-url    0.99995559    1.00052023   -0.00056463  O3-bolt ≈ O3-bolt-opt（差异在 ±5% 内）
2026-04-29 13:57:09,241 INFO:    159                VersaBench_8b10b    0.98571175    0.88725698   +0.09845477  O3-bolt ≈ O3-bolt-opt（差异在 ±5% 内）
2026-04-29 13:57:09,241 INFO:    160           VersaBench_beamformer    1.00119984    1.00112140   +0.00007844  O3-bolt ≈ O3-bolt-opt（差异在 ±5% 内）
2026-04-29 13:57:09,241 INFO:    161                  VersaBench_bmm    0.99915284    0.99431783   +0.00483501  O3-bolt ≈ O3-bolt-opt（差异在 ±5% 内）
2026-04-29 13:57:09,241 INFO:    162                 VersaBench_dbms    1.00121713    1.02810395   -0.02688682  O3-bolt ≈ O3-bolt-opt（差异在 ±5% 内）
2026-04-29 13:57:09,241 INFO:    163               VersaBench_ecbdes    0.99943811    1.01350093   -0.01406282  O3-bolt ≈ O3-bolt-opt（差异在 ±5% 内）
2026-04-29 13:57:09,242 INFO:    164                    llubenchmark    1.00285053    1.00407982   -0.00122929  O3-bolt ≈ O3-bolt-opt（差异在 ±5% 内）
2026-04-29 13:57:09,242 INFO:    165                           mafft    1.00686133    1.01419985   -0.00733852  O3-bolt ≈ O3-bolt-opt（差异在 ±5% 内）
2026-04-29 13:57:09,242 INFO:    166      mediabench_adpcm_rawcaudio    1.00043714    0.99648595   +0.00395119  O3-bolt ≈ O3-bolt-opt（差异在 ±5% 内）
2026-04-29 13:57:09,242 INFO:    167      mediabench_adpcm_rawdaudio    1.00307977    1.01338756   -0.01030779  O3-bolt ≈ O3-bolt-opt（差异在 ±5% 内）
2026-04-29 13:57:09,242 INFO:    168      mediabench_g721_g721encode    1.00330067    1.00831401   -0.00501335  O3-bolt ≈ O3-bolt-opt（差异在 ±5% 内）
2026-04-29 13:57:09,242 INFO:    169            mediabench_gsm_toast    1.00000167    0.99834013   +0.00166154  O3-bolt ≈ O3-bolt-opt（差异在 ±5% 内）
2026-04-29 13:57:09,243 INFO:    170         mediabench_jpeg_jpeg-6a    1.00124395    1.01562071   -0.01437676  O3-bolt ≈ O3-bolt-opt（差异在 ±5% 内）
2026-04-29 13:57:09,243 INFO:    171       mediabench_mpeg2_mpeg2dec    0.98734516    0.96874619   +0.01859897  O3-bolt ≈ O3-bolt-opt（差异在 ±5% 内）
2026-04-29 13:57:09,243 INFO:    172                          nbench    0.99334246    0.96670610   +0.02663636  O3-bolt ≈ O3-bolt-opt（差异在 ±5% 内）
2026-04-29 13:57:09,243 INFO:    173                             sim    0.99981010    1.02870250   -0.02889240  O3-bolt ≈ O3-bolt-opt（差异在 ±5% 内）
2026-04-29 13:57:09,243 INFO:    174                      tramp3d-v4    0.99808568    1.00187922   -0.00379354  O3-bolt ≈ O3-bolt-opt（差异在 ±5% 内）
2026-04-29 13:57:09,243 INFO: 
  ── 验证指标 ──
2026-04-29 13:57:09,244 INFO:   MAE  = 0.030001
2026-04-29 13:57:09,244 INFO:   MSE  = 0.005741
2026-04-29 13:57:09,244 INFO:   RMSE = 0.075770
2026-04-29 13:57:09,244 INFO:   方向准确率 = 109/174 (62.6%)
2026-04-29 13:57:09,244 INFO:   预测 O3-bolt 更优: 86/174  (真实: 117/174)
2026-04-29 13:57:09,244 INFO:   方向准确率（排除 ±5%）= 13/22 (59.1%)
2026-04-29 13:57:09,249 INFO:   结构化结果: checkpoints/transformer/inst_best/infer_samples_O3-bolt_vs_O3-bolt-opt.csv
2026-04-29 13:57:09,249 INFO:   摘要结果: checkpoints/transformer/inst_best/infer_summary_O3-bolt_vs_O3-bolt-opt.json
2026-04-29 13:57:09,249 INFO: 
