2026-04-29 13:56:27,007 INFO: 自动选择设备: directml
2026-04-29 13:56:27,008 INFO: 设备: privateuseone:0
2026-04-29 13:56:27,008 INFO: 设备类型: directml
2026-04-29 13:56:27,008 INFO: 日志输出目录: checkpoints/lstm/fixed_time_best
2026-04-29 13:56:27,013 INFO: 从指定配置文件加载: checkpoints/lstm/fixed_time_best/lstm_best_time.json
2026-04-29 13:56:27,013 INFO: [LSTM] DirectML 不支持 nn.LSTM，已自动回退到 CPU
2026-04-29 13:56:27,026 INFO: 模型加载完成: checkpoints/lstm/fixed_time_best/lstm_best_time.pt  (设备: cpu)
2026-04-29 13:56:27,026 INFO: 模型类型: lstm
2026-04-29 13:56:27,026 INFO: 模型参数: {'in_features': 6, 'mlp_hidden': 32, 'dropout': 0.2, 'lstm_hidden': 32, 'lstm_out': 64, 'num_layers': 2, 'bidirectional': True}
2026-04-29 13:56:27,027 INFO: log-target 模式: 推理时将自动应用 exp() 变换
2026-04-29 13:56:27,027 INFO: pair-swap 训练增强: True（此为训练时数据增强，不影响推理逻辑）
2026-04-29 13:56:27,144 INFO: 已应用 exp() 变换（log-target 模式）
2026-04-29 13:56:27,145 INFO: ========================================================================
2026-04-29 13:56:27,145 INFO: 版本对: O1-g_vs_O3-g  (O1-g vs O3-g)  共 163 个程序
2026-04-29 13:56:27,145 INFO: 标签模式: fixed_time
2026-04-29 13:56:27,145 INFO: 标签定义: Y = N_v1 / N_v2 (throughput ratio in a fixed window)
2026-04-29 13:56:27,145 INFO: 判定方向: Y >= 1 视为 O1-g 更快，Y < 1 视为 O3-g 更快
2026-04-29 13:56:27,145 INFO: 统计口径: 方向准确率按 same-side(Y=1.0) 统计；展示结论仍使用 judge() 的 ±5%% 区间
2026-04-29 13:56:27,145 INFO: ========================================================================
2026-04-29 13:56:27,145 INFO:      #                              程序          预测 Ŷ          真实 Y            误差  判断
2026-04-29 13:56:27,145 INFO:   ------------------------------------------------------------------------------------
2026-04-29 13:56:27,145 INFO:      1                            7zip    0.99985558    1.00000000   -0.00014442  O1-g ≈ O3-g（差异在 ±5% 内）
2026-04-29 13:56:27,146 INFO:      2             ASCI_Purple_SMG2000    0.99805576    0.87500000   +0.12305576  O1-g ≈ O3-g（差异在 ±5% 内）
2026-04-29 13:56:27,146 INFO:      3               ASC_Sequoia_AMGmk    0.99669731    0.66666669   +0.33003062  O1-g ≈ O3-g（差异在 ±5% 内）
2026-04-29 13:56:27,146 INFO:      4           ASC_Sequoia_CrystalMk    0.99809074    0.92857140   +0.06951934  O1-g ≈ O3-g（差异在 ±5% 内）
2026-04-29 13:56:27,146 INFO:      5               ASC_Sequoia_IRSmk    1.00002658    0.66666669   +0.33335990  O1-g ≈ O3-g（差异在 ±5% 内）
2026-04-29 13:56:27,146 INFO:      6                  BitBench_drop3    1.00038731    0.99411762   +0.00626969  O1-g ≈ O3-g（差异在 ±5% 内）
2026-04-29 13:56:27,146 INFO:      7                 BitBench_five11    1.00017011    1.05263162   -0.05246150  O1-g ≈ O3-g（差异在 ±5% 内）
2026-04-29 13:56:27,146 INFO:      8               BitBench_uudecode    1.00293195    0.28747046   +0.71546149  O1-g ≈ O3-g（差异在 ±5% 内）
2026-04-29 13:56:27,146 INFO:      9               BitBench_uuencode    0.99926984    0.95510203   +0.04416782  O1-g ≈ O3-g（差异在 ±5% 内）
2026-04-29 13:56:27,146 INFO:     10                          Bullet    1.00027025    0.90909094   +0.09117931  O1-g ≈ O3-g（差异在 ±5% 内）
2026-04-29 13:56:27,147 INFO:     11         DOE-ProxyApps-C++_CLAMR    1.00025821    1.03225803   -0.03199983  O1-g ≈ O3-g（差异在 ±5% 内）
2026-04-29 13:56:27,147 INFO:     12   DOE-ProxyApps-C++_HACCKernels    0.99630564    0.95238096   +0.04392469  O1-g ≈ O3-g（差异在 ±5% 内）
2026-04-29 13:56:27,147 INFO:     13         DOE-ProxyApps-C++_HPCCG    0.99739498    1.00000000   -0.00260502  O1-g ≈ O3-g（差异在 ±5% 内）
2026-04-29 13:56:27,147 INFO:     14       DOE-ProxyApps-C++_PENNANT    1.00031471    0.89285713   +0.10745758  O1-g ≈ O3-g（差异在 ±5% 内）
2026-04-29 13:56:27,147 INFO:     15        DOE-ProxyApps-C++_miniFE    0.99806511    0.91666669   +0.08139843  O1-g ≈ O3-g（差异在 ±5% 内）
2026-04-29 13:56:27,147 INFO:     16            DOE-ProxyApps-C_CoMD    0.99834943    0.95652175   +0.04182768  O1-g ≈ O3-g（差异在 ±5% 内）
2026-04-29 13:56:27,147 INFO:     17      DOE-ProxyApps-C_Pathfinder    1.00019765    1.00000000   +0.00019765  O1-g ≈ O3-g（差异在 ±5% 内）
2026-04-29 13:56:27,147 INFO:     18         DOE-ProxyApps-C_RSBench    0.99879485    0.99248123   +0.00631362  O1-g ≈ O3-g（差异在 ±5% 内）
2026-04-29 13:56:27,147 INFO:     19       DOE-ProxyApps-C_SimpleMOC    0.99817568    0.78125000   +0.21692568  O1-g ≈ O3-g（差异在 ±5% 内）
2026-04-29 13:56:27,147 INFO:     20         DOE-ProxyApps-C_XSBench    0.99928707    0.93333334   +0.06595373  O1-g ≈ O3-g（差异在 ±5% 内）
2026-04-29 13:56:27,148 INFO:     21         DOE-ProxyApps-C_miniAMR    0.99931014    0.91379309   +0.08551705  O1-g ≈ O3-g（差异在 ±5% 内）
2026-04-29 13:56:27,148 INFO:     22         DOE-ProxyApps-C_miniGMG    0.99932027    0.90476191   +0.09455836  O1-g ≈ O3-g（差异在 ±5% 内）
2026-04-29 13:56:27,148 INFO:     23                     Fhourstones    0.99881375    0.94545454   +0.05335921  O1-g ≈ O3-g（差异在 ±5% 内）
2026-04-29 13:56:27,148 INFO:     24                 Fhourstones-3.1    1.00001502    1.00000000   +0.00001502  O1-g ≈ O3-g（差异在 ±5% 内）
2026-04-29 13:56:27,148 INFO:     25              FreeBench_analyzer    0.99978924    0.97503120   +0.02475804  O1-g ≈ O3-g（差异在 ±5% 内）
2026-04-29 13:56:27,148 INFO:     26               FreeBench_distray    0.99932569    0.93877554   +0.06055015  O1-g ≈ O3-g（差异在 ±5% 内）
2026-04-29 13:56:27,148 INFO:     27            FreeBench_fourinarow    0.99013186    1.28571427   -0.29558241  O1-g ≈ O3-g（差异在 ±5% 内）
2026-04-29 13:56:27,148 INFO:     28                 FreeBench_mason    1.00000381    1.08171201   -0.08170819  O1-g ≈ O3-g（差异在 ±5% 内）
2026-04-29 13:56:27,148 INFO:     29                FreeBench_neural    0.99778539    1.00268817   -0.00490278  O1-g ≈ O3-g（差异在 ±5% 内）
2026-04-29 13:56:27,149 INFO:     30            FreeBench_pcompress2    1.00003362    0.96084338   +0.03919023  O1-g ≈ O3-g（差异在 ±5% 内）
2026-04-29 13:56:27,149 INFO:     31                 FreeBench_pifft    1.00035286    0.92307693   +0.07727593  O1-g ≈ O3-g（差异在 ±5% 内）
2026-04-29 13:56:27,149 INFO:     32               MallocBench_cfrac    0.99967849    0.98113209   +0.01854640  O1-g ≈ O3-g（差异在 ±5% 内）
2026-04-29 13:56:27,149 INFO:     33            MallocBench_espresso    1.00009537    0.97391301   +0.02618235  O1-g ≈ O3-g（差异在 ±5% 内）
2026-04-29 13:56:27,149 INFO:     34                  MallocBench_gs    0.99978256    1.15406764   -0.15428507  O1-g ≈ O3-g（差异在 ±5% 内）
2026-04-29 13:56:27,149 INFO:     35                 McCat_01-qbsort    1.00018847    1.03245747   -0.03226900  O1-g ≈ O3-g（差异在 ±5% 内）
2026-04-29 13:56:27,149 INFO:     36               McCat_03-testtrie    1.00012815    0.99137932   +0.00874883  O1-g ≈ O3-g（差异在 ±5% 内）
2026-04-29 13:56:27,149 INFO:     37                 McCat_04-bisect    0.99985206    0.91586995   +0.08398211  O1-g ≈ O3-g（差异在 ±5% 内）
2026-04-29 13:56:27,149 INFO:     38                   McCat_08-main    1.00045514    1.01509428   -0.01463914  O1-g ≈ O3-g（差异在 ±5% 内）
2026-04-29 13:56:27,149 INFO:     39                    McCat_09-vor    1.00046778    0.98947370   +0.01099408  O1-g ≈ O3-g（差异在 ±5% 内）
2026-04-29 13:56:27,150 INFO:     40                 McCat_12-IOtest    1.00006735    1.00680268   -0.00673532  O1-g ≈ O3-g（差异在 ±5% 内）
2026-04-29 13:56:27,150 INFO:     41                   McCat_15-trie    1.00012887    1.00274479   -0.00261593  O1-g ≈ O3-g（差异在 ±5% 内）
2026-04-29 13:56:27,150 INFO:     42                  McCat_17-bintr    1.00262892    1.00000000   +0.00262892  O1-g ≈ O3-g（差异在 ±5% 内）
2026-04-29 13:56:27,150 INFO:     43                    McCat_18-imp    0.99980921    0.98770952   +0.01209968  O1-g ≈ O3-g（差异在 ±5% 内）
2026-04-29 13:56:27,150 INFO:     44    MiBench_automotive-basicmath    1.00004923    1.00000000   +0.00004923  O1-g ≈ O3-g（差异在 ±5% 内）
2026-04-29 13:56:27,150 INFO:     45     MiBench_automotive-bitcount    0.99980736    0.95950156   +0.04030579  O1-g ≈ O3-g（差异在 ±5% 内）
2026-04-29 13:56:27,150 INFO:     46        MiBench_automotive-susan    0.99942589    0.99555558   +0.00387031  O1-g ≈ O3-g（差异在 ±5% 内）
2026-04-29 13:56:27,150 INFO:     47           MiBench_consumer-jpeg    1.00032115    0.87112343   +0.12919772  O1-g ≈ O3-g（差异在 ±5% 内）
2026-04-29 13:56:27,150 INFO:     48           MiBench_consumer-lame    0.99827451    0.89939022   +0.09888428  O1-g ≈ O3-g（差异在 ±5% 内）
2026-04-29 13:56:27,151 INFO:     49        MiBench_consumer-typeset    1.00019455    0.99158585   +0.00860870  O1-g ≈ O3-g（差异在 ±5% 内）
2026-04-29 13:56:27,151 INFO:     50        MiBench_network-dijkstra    1.00022554    1.00082171   -0.00059617  O1-g ≈ O3-g（差异在 ±5% 内）
2026-04-29 13:56:27,151 INFO:     51        MiBench_network-patricia    0.99983233    1.00000000   -0.00016767  O1-g ≈ O3-g（差异在 ±5% 内）
2026-04-29 13:56:27,151 INFO:     52           MiBench_office-ispell    1.00024557    1.01087904   -0.01063347  O1-g ≈ O3-g（差异在 ±5% 内）
2026-04-29 13:56:27,151 INFO:     53     MiBench_office-stringsearch    0.99781150    0.95483136   +0.04298013  O1-g ≈ O3-g（差异在 ±5% 内）
2026-04-29 13:56:27,151 INFO:     54       MiBench_security-blowfish    1.00041735    0.98434114   +0.01607621  O1-g ≈ O3-g（差异在 ±5% 内）
2026-04-29 13:56:27,151 INFO:     55       MiBench_security-rijndael    0.99977660    0.93795377   +0.06182283  O1-g ≈ O3-g（差异在 ±5% 内）
2026-04-29 13:56:27,151 INFO:     56            MiBench_security-sha    0.99880213    0.74435848   +0.25444365  O1-g ≈ O3-g（差异在 ±5% 内）
2026-04-29 13:56:27,151 INFO:     57          MiBench_telecomm-CRC32    0.99996287    0.99772727   +0.00223559  O1-g ≈ O3-g（差异在 ±5% 内）
2026-04-29 13:56:27,151 INFO:     58            MiBench_telecomm-FFT    1.00007975    0.99155796   +0.00852180  O1-g ≈ O3-g（差异在 ±5% 内）
2026-04-29 13:56:27,151 INFO:     59          MiBench_telecomm-adpcm    1.00051415    1.00485432   -0.00434017  O1-g ≈ O3-g（差异在 ±5% 内）
2026-04-29 13:56:27,152 INFO:     60            MiBench_telecomm-gsm    0.99788970    0.86778843   +0.13010126  O1-g ≈ O3-g（差异在 ±5% 内）
2026-04-29 13:56:27,152 INFO:     61                   NPB-serial_is    0.99929923    1.00000000   -0.00070077  O1-g ≈ O3-g（差异在 ±5% 内）
2026-04-29 13:56:27,152 INFO:     62                        Olden_bh    0.99717283    1.21875000   -0.22157717  O1-g ≈ O3-g（差异在 ±5% 内）
2026-04-29 13:56:27,152 INFO:     63                    Olden_bisort    1.00046873    0.98888886   +0.01157987  O1-g ≈ O3-g（差异在 ±5% 内）
2026-04-29 13:56:27,152 INFO:     64                      Olden_em3d    0.99974930    1.00000000   -0.00025070  O1-g ≈ O3-g（差异在 ±5% 内）
2026-04-29 13:56:27,152 INFO:     65                    Olden_health    0.99967021    0.96174866   +0.03792155  O1-g ≈ O3-g（差异在 ±5% 内）
2026-04-29 13:56:27,152 INFO:     66                       Olden_mst    0.99995488    1.01408446   -0.01412958  O1-g ≈ O3-g（差异在 ±5% 内）
2026-04-29 13:56:27,152 INFO:     67                 Olden_perimeter    1.00005782    0.94144142   +0.05861640  O1-g ≈ O3-g（差异在 ±5% 内）
2026-04-29 13:56:27,152 INFO:     68                     Olden_power    0.99611640    0.75000000   +0.24611640  O1-g ≈ O3-g（差异在 ±5% 内）
2026-04-29 13:56:27,152 INFO:     69                   Olden_treeadd    1.00020337    0.99509805   +0.00510532  O1-g ≈ O3-g（差异在 ±5% 内）
2026-04-29 13:56:27,153 INFO:     70                       Olden_tsp    0.99843329    0.95402300   +0.04441029  O1-g ≈ O3-g（差异在 ±5% 内）
2026-04-29 13:56:27,153 INFO:     71                   Olden_voronoi    1.00019777    0.98787880   +0.01231897  O1-g ≈ O3-g（差异在 ±5% 内）
2026-04-29 13:56:27,153 INFO:     72                 Prolangs-C++_NP    1.00019419    0.99894428   +0.00124991  O1-g ≈ O3-g（差异在 ±5% 内）
2026-04-29 13:56:27,153 INFO:     73             Prolangs-C++_deriv1    1.00027418    0.99585509   +0.00441909  O1-g ≈ O3-g（差异在 ±5% 内）
2026-04-29 13:56:27,153 INFO:     74             Prolangs-C++_deriv2    1.00027013    1.01316845   -0.01289833  O1-g ≈ O3-g（差异在 ±5% 内）
2026-04-29 13:56:27,153 INFO:     75             Prolangs-C++_employ    1.00011969    1.00136423   -0.00124454  O1-g ≈ O3-g（差异在 ±5% 内）
2026-04-29 13:56:27,153 INFO:     76                Prolangs-C++_fsm    1.00028896    1.01510620   -0.01481724  O1-g ≈ O3-g（差异在 ±5% 内）
2026-04-29 13:56:27,153 INFO:     77             Prolangs-C++_garage    1.00026417    0.99168032   +0.00858384  O1-g ≈ O3-g（差异在 ±5% 内）
2026-04-29 13:56:27,153 INFO:     78               Prolangs-C++_life    1.00008249    0.97222221   +0.02786028  O1-g ≈ O3-g（差异在 ±5% 内）
2026-04-29 13:56:27,153 INFO:     79            Prolangs-C++_objects    1.00024736    1.00194526   -0.00169790  O1-g ≈ O3-g（差异在 ±5% 内）
2026-04-29 13:56:27,154 INFO:     80              Prolangs-C++_ocean    1.00028479    1.00159490   -0.00131011  O1-g ≈ O3-g（差异在 ±5% 内）
2026-04-29 13:56:27,154 INFO:     81             Prolangs-C++_office    1.00022972    1.01277828   -0.01254857  O1-g ≈ O3-g（差异在 ±5% 内）
2026-04-29 13:56:27,154 INFO:     82             Prolangs-C++_primes    0.99897027    0.45652175   +0.54244852  O1-g ≈ O3-g（差异在 ±5% 内）
2026-04-29 13:56:27,154 INFO:     83             Prolangs-C++_shapes    1.00023389    1.00199425   -0.00176036  O1-g ≈ O3-g（差异在 ±5% 内）
2026-04-29 13:56:27,154 INFO:     84              Prolangs-C++_simul    0.99969989    0.90586931   +0.09383059  O1-g ≈ O3-g（差异在 ±5% 内）
2026-04-29 13:56:27,154 INFO:     85              Prolangs-C++_trees    1.00002337    1.00201046   -0.00198710  O1-g ≈ O3-g（差异在 ±5% 内）
2026-04-29 13:56:27,154 INFO:     86         Prolangs-C_TimberWolfMC    1.00039172    0.97721088   +0.02318084  O1-g ≈ O3-g（差异在 ±5% 内）
2026-04-29 13:56:27,154 INFO:     87        Prolangs-C_archie-client    1.00021124    1.00627613   -0.00606489  O1-g ≈ O3-g（差异在 ±5% 内）
2026-04-29 13:56:27,154 INFO:     88            Prolangs-C_assembler    1.00016439    1.01347923   -0.01331484  O1-g ≈ O3-g（差异在 ±5% 内）
2026-04-29 13:56:27,154 INFO:     89                Prolangs-C_bison    1.00027430    0.99442405   +0.00585026  O1-g ≈ O3-g（差异在 ±5% 内）
2026-04-29 13:56:27,154 INFO:     90                Prolangs-C_cdecl    1.00027215    1.02129173   -0.02101958  O1-g ≈ O3-g（差异在 ±5% 内）
2026-04-29 13:56:27,155 INFO:     91             Prolangs-C_compiler    1.00027084    1.01307702   -0.01280618  O1-g ≈ O3-g（差异在 ±5% 内）
2026-04-29 13:56:27,155 INFO:     92            Prolangs-C_fixoutput    1.00022554    1.00669038   -0.00646484  O1-g ≈ O3-g（差异在 ±5% 内）
2026-04-29 13:56:27,155 INFO:     93             Prolangs-C_football    1.00031149    1.01447296   -0.01416147  O1-g ≈ O3-g（差异在 ±5% 内）
2026-04-29 13:56:27,155 INFO:     94                Prolangs-C_gnugo    1.00061107    0.95857024   +0.04204082  O1-g ≈ O3-g（差异在 ±5% 内）
2026-04-29 13:56:27,155 INFO:     95               Prolangs-C_loader    1.00038433    1.02619088   -0.02580655  O1-g ≈ O3-g（差异在 ±5% 内）
2026-04-29 13:56:27,155 INFO:     96            Prolangs-C_simulator    1.00020993    0.99519402   +0.00501591  O1-g ≈ O3-g（差异在 ±5% 内）
2026-04-29 13:56:27,155 INFO:     97                 Ptrdist_anagram    0.99999005    0.96610171   +0.03388834  O1-g ≈ O3-g（差异在 ±5% 内）
2026-04-29 13:56:27,155 INFO:     98                      Ptrdist_bc    0.99958670    1.00000000   -0.00041330  O1-g ≈ O3-g（差异在 ±5% 内）
2026-04-29 13:56:27,155 INFO:     99                      Ptrdist_ft    0.99458730    0.74000001   +0.25458729  O1-g ≈ O3-g（差异在 ±5% 内）
2026-04-29 13:56:27,155 INFO:    100                      Ptrdist_ks    1.00016308    0.94736844   +0.05279464  O1-g ≈ O3-g（差异在 ±5% 内）
2026-04-29 13:56:27,155 INFO:    101                   Ptrdist_yacr2    0.99989277    0.89743590   +0.10245687  O1-g ≈ O3-g（差异在 ±5% 内）
2026-04-29 13:56:27,155 INFO:    102                Rodinia_backprop    0.99822688    0.98571426   +0.01251262  O1-g ≈ O3-g（差异在 ±5% 内）
2026-04-29 13:56:27,156 INFO:    103                 Rodinia_hotspot    0.99894774    0.56420231   +0.43474543  O1-g ≈ O3-g（差异在 ±5% 内）
2026-04-29 13:56:27,156 INFO:    104              Rodinia_pathfinder    0.99891520    0.91208792   +0.08682728  O1-g ≈ O3-g（差异在 ±5% 内）
2026-04-29 13:56:27,156 INFO:    105                    Rodinia_srad    0.99933952    0.55434781   +0.44499171  O1-g ≈ O3-g（差异在 ±5% 内）
2026-04-29 13:56:27,156 INFO:    106                      SciMark2-C    0.99849021    1.00000000   -0.00150979  O1-g ≈ O3-g（差异在 ±5% 内）
2026-04-29 13:56:27,156 INFO:    107            TSVC_ControlFlow-dbl    0.99853951    0.85714287   +0.14139664  O1-g ≈ O3-g（差异在 ±5% 内）
2026-04-29 13:56:27,156 INFO:    108            TSVC_ControlFlow-flt    0.99860203    0.81250000   +0.18610203  O1-g ≈ O3-g（差异在 ±5% 内）
2026-04-29 13:56:27,156 INFO:    109           TSVC_ControlLoops-dbl    0.99662811    0.76923078   +0.22739732  O1-g ≈ O3-g（差异在 ±5% 内）
2026-04-29 13:56:27,156 INFO:    110           TSVC_ControlLoops-flt    0.99864000    0.50000000   +0.49864000  O1-g ≈ O3-g（差异在 ±5% 内）
2026-04-29 13:56:27,156 INFO:    111     TSVC_CrossingThresholds-dbl    0.99786055    0.73333335   +0.26452720  O1-g ≈ O3-g（差异在 ±5% 内）
2026-04-29 13:56:27,156 INFO:    112     TSVC_CrossingThresholds-flt    0.99785525    0.68181819   +0.31603706  O1-g ≈ O3-g（差异在 ±5% 内）
2026-04-29 13:56:27,157 INFO:    113          TSVC_Equivalencing-dbl    0.99599719    0.65714288   +0.33885431  O1-g ≈ O3-g（差异在 ±5% 内）
2026-04-29 13:56:27,157 INFO:    114          TSVC_Equivalencing-flt    0.99614638    0.28205130   +0.71409509  O1-g ≈ O3-g（差异在 ±5% 内）
2026-04-29 13:56:27,157 INFO:    115              TSVC_Expansion-dbl    0.99828136    0.75000000   +0.24828136  O1-g ≈ O3-g（差异在 ±5% 内）
2026-04-29 13:56:27,157 INFO:    116              TSVC_Expansion-flt    0.99892241    0.55555558   +0.44336683  O1-g ≈ O3-g（差异在 ±5% 内）
2026-04-29 13:56:27,157 INFO:    117         TSVC_GlobalDataFlow-dbl    0.99708903    0.72222221   +0.27486682  O1-g ≈ O3-g（差异在 ±5% 内）
2026-04-29 13:56:27,157 INFO:    118         TSVC_GlobalDataFlow-flt    0.99705929    0.44736841   +0.54969087  O1-g ≈ O3-g（差异在 ±5% 内）
2026-04-29 13:56:27,157 INFO:    119     TSVC_IndirectAddressing-dbl    0.99800116    1.00000000   -0.00199884  O1-g ≈ O3-g（差异在 ±5% 内）
2026-04-29 13:56:27,157 INFO:    120     TSVC_IndirectAddressing-flt    0.99820769    0.92857140   +0.06963629  O1-g ≈ O3-g（差异在 ±5% 内）
2026-04-29 13:56:27,157 INFO:    121      TSVC_InductionVariable-dbl    0.99753213    0.83333331   +0.16419882  O1-g ≈ O3-g（差异在 ±5% 内）
2026-04-29 13:56:27,157 INFO:    122      TSVC_InductionVariable-flt    0.99729514    0.75000000   +0.24729514  O1-g ≈ O3-g（差异在 ±5% 内）
2026-04-29 13:56:27,158 INFO:    123       TSVC_LinearDependence-dbl    0.99730015    0.76470590   +0.23259425  O1-g ≈ O3-g（差异在 ±5% 内）
2026-04-29 13:56:27,158 INFO:    124       TSVC_LinearDependence-flt    0.99735188    0.48148149   +0.51587039  O1-g ≈ O3-g（差异在 ±5% 内）
2026-04-29 13:56:27,158 INFO:    125          TSVC_LoopRerolling-dbl    0.99831706    0.81818181   +0.18013525  O1-g ≈ O3-g（差异在 ±5% 内）
2026-04-29 13:56:27,158 INFO:    126          TSVC_LoopRerolling-flt    0.99684900    0.81818181   +0.17866719  O1-g ≈ O3-g（差异在 ±5% 内）
2026-04-29 13:56:27,158 INFO:    127      TSVC_LoopRestructuring-dbl    0.99753946    1.00000000   -0.00246054  O1-g ≈ O3-g（差异在 ±5% 内）
2026-04-29 13:56:27,158 INFO:    128      TSVC_LoopRestructuring-flt    0.99774766    0.90909094   +0.08865672  O1-g ≈ O3-g（差异在 ±5% 内）
2026-04-29 13:56:27,158 INFO:    129          TSVC_NodeSplitting-dbl    0.99950629    0.92307693   +0.07642937  O1-g ≈ O3-g（差异在 ±5% 内）
2026-04-29 13:56:27,158 INFO:    130          TSVC_NodeSplitting-flt    0.99937576    0.87500000   +0.12437576  O1-g ≈ O3-g（差异在 ±5% 内）
2026-04-29 13:56:27,158 INFO:    131                TSVC_Packing-dbl    0.99721879    0.85714287   +0.14007592  O1-g ≈ O3-g（差异在 ±5% 内）
2026-04-29 13:56:27,158 INFO:    132                TSVC_Packing-flt    0.99729586    0.86666667   +0.13062918  O1-g ≈ O3-g（差异在 ±5% 内）
2026-04-29 13:56:27,158 INFO:    133            TSVC_Recurrences-dbl    0.99863166    1.00000000   -0.00136834  O1-g ≈ O3-g（差异在 ±5% 内）
2026-04-29 13:56:27,159 INFO:    134            TSVC_Recurrences-flt    0.99863243    1.00000000   -0.00136757  O1-g ≈ O3-g（差异在 ±5% 内）
2026-04-29 13:56:27,159 INFO:    135             TSVC_Reductions-dbl    0.99368095    1.00000000   -0.00631905  O1-g ≈ O3-g（差异在 ±5% 内）
2026-04-29 13:56:27,159 INFO:    136             TSVC_Reductions-flt    0.99260664    1.00000000   -0.00739336  O1-g ≈ O3-g（差异在 ±5% 内）
2026-04-29 13:56:27,159 INFO:    137              TSVC_Searching-dbl    0.99272567    0.66666669   +0.32605898  O1-g ≈ O3-g（差异在 ±5% 内）
2026-04-29 13:56:27,159 INFO:    138              TSVC_Searching-flt    0.99293631    0.30000001   +0.69293630  O1-g ≈ O3-g（差异在 ±5% 内）
2026-04-29 13:56:27,159 INFO:    139    TSVC_StatementReordering-dbl    0.99929982    0.92307693   +0.07622290  O1-g ≈ O3-g（差异在 ±5% 内）
2026-04-29 13:56:27,159 INFO:    140    TSVC_StatementReordering-flt    0.99936306    0.94117647   +0.05818659  O1-g ≈ O3-g（差异在 ±5% 内）
2026-04-29 13:56:27,159 INFO:    141              TSVC_Symbolics-dbl    0.99663156    0.73684210   +0.25978947  O1-g ≈ O3-g（差异在 ±5% 内）
2026-04-29 13:56:27,159 INFO:    142              TSVC_Symbolics-flt    0.99754655    0.38235295   +0.61519361  O1-g ≈ O3-g（差异在 ±5% 内）
2026-04-29 13:56:27,159 INFO:    143               Trimaran_enc-3des    0.99938083    0.95833331   +0.04104751  O1-g ≈ O3-g（差异在 ±5% 内）
2026-04-29 13:56:27,159 INFO:    144                Trimaran_enc-md5    0.99999028    1.00000000   -0.00000972  O1-g ≈ O3-g（差异在 ±5% 内）
2026-04-29 13:56:27,160 INFO:    145                Trimaran_enc-pc1    0.99522108    0.56034482   +0.43487626  O1-g ≈ O3-g（差异在 ±5% 内）
2026-04-29 13:56:27,160 INFO:    146                Trimaran_enc-rc4    0.99847168    0.89583331   +0.10263836  O1-g ≈ O3-g（差异在 ±5% 内）
2026-04-29 13:56:27,160 INFO:    147           Trimaran_netbench-crc    0.99832290    1.00000000   -0.00167710  O1-g ≈ O3-g（差异在 ±5% 内）
2026-04-29 13:56:27,160 INFO:    148           Trimaran_netbench-url    0.99923718    1.00000000   -0.00076282  O1-g ≈ O3-g（差异在 ±5% 内）
2026-04-29 13:56:27,160 INFO:    149                VersaBench_8b10b    0.99913657    1.00000000   -0.00086343  O1-g ≈ O3-g（差异在 ±5% 内）
2026-04-29 13:56:27,160 INFO:    150           VersaBench_beamformer    0.99982709    0.77049178   +0.22933531  O1-g ≈ O3-g（差异在 ±5% 内）
2026-04-29 13:56:27,160 INFO:    151                  VersaBench_bmm    1.00042534    1.00000000   +0.00042534  O1-g ≈ O3-g（差异在 ±5% 内）
2026-04-29 13:56:27,160 INFO:    152                 VersaBench_dbms    1.00044906    1.00000000   +0.00044906  O1-g ≈ O3-g（差异在 ±5% 内）
2026-04-29 13:56:27,160 INFO:    153               VersaBench_ecbdes    0.99987644    1.00000000   -0.00012356  O1-g ≈ O3-g（差异在 ±5% 内）
2026-04-29 13:56:27,160 INFO:    154                    llubenchmark    1.00045085    1.00000000   +0.00045085  O1-g ≈ O3-g（差异在 ±5% 内）
2026-04-29 13:56:27,160 INFO:    155                           mafft    1.00018859    1.00000000   +0.00018859  O1-g ≈ O3-g（差异在 ±5% 内）
2026-04-29 13:56:27,161 INFO:    156      mediabench_adpcm_rawcaudio    1.00043929    1.00152636   -0.00108707  O1-g ≈ O3-g（差异在 ±5% 内）
2026-04-29 13:56:27,161 INFO:    157      mediabench_adpcm_rawdaudio    1.00028825    1.01537275   -0.01508451  O1-g ≈ O3-g（差异在 ±5% 内）
2026-04-29 13:56:27,161 INFO:    158      mediabench_g721_g721encode    0.99999434    0.89805824   +0.10193610  O1-g ≈ O3-g（差异在 ±5% 内）
2026-04-29 13:56:27,161 INFO:    159            mediabench_gsm_toast    0.99902850    0.84902489   +0.15000361  O1-g ≈ O3-g（差异在 ±5% 内）
2026-04-29 13:56:27,161 INFO:    160         mediabench_jpeg_jpeg-6a    1.00011504    1.00703692   -0.00692189  O1-g ≈ O3-g（差异在 ±5% 内）
2026-04-29 13:56:27,161 INFO:    161       mediabench_mpeg2_mpeg2dec    0.99726748    0.97662663   +0.02064085  O1-g ≈ O3-g（差异在 ±5% 内）
2026-04-29 13:56:27,161 INFO:    162                          nbench    0.99963760    0.87096775   +0.12866986  O1-g ≈ O3-g（差异在 ±5% 内）
2026-04-29 13:56:27,161 INFO:    163                      tramp3d-v4    1.00042200    0.54452056   +0.45590144  O1-g ≈ O3-g（差异在 ±5% 内）
2026-04-29 13:56:27,161 INFO: 
  ── 验证指标 ──
2026-04-29 13:56:27,161 INFO:   MAE  = 0.107008
2026-04-29 13:56:27,162 INFO:   MSE  = 0.036171
2026-04-29 13:56:27,162 INFO:   RMSE = 0.190188
2026-04-29 13:56:27,162 INFO:   方向准确率 = 112/163 (68.7%)
2026-04-29 13:56:27,162 INFO:   预测 O1-g 更优: 64/163  (真实: 59/163)
2026-04-29 13:56:27,162 INFO:   方向准确率（排除 ±5%）= 61/73 (83.6%)
2026-04-29 13:56:27,164 INFO:   结构化结果: checkpoints/lstm/fixed_time_best/infer_samples_O1-g_vs_O3-g.csv
2026-04-29 13:56:27,164 INFO:   摘要结果: checkpoints/lstm/fixed_time_best/infer_summary_O1-g_vs_O3-g.json
2026-04-29 13:56:27,226 INFO: 已应用 exp() 变换（log-target 模式）
2026-04-29 13:56:27,226 INFO: ========================================================================
2026-04-29 13:56:27,226 INFO: 版本对: O2-bolt_vs_O2-bolt-opt  (O2-bolt vs O2-bolt-opt)  共 165 个程序
2026-04-29 13:56:27,226 INFO: 标签模式: fixed_time
2026-04-29 13:56:27,226 INFO: 标签定义: Y = N_v1 / N_v2 (throughput ratio in a fixed window)
2026-04-29 13:56:27,226 INFO: 判定方向: Y >= 1 视为 O2-bolt 更快，Y < 1 视为 O2-bolt-opt 更快
2026-04-29 13:56:27,226 INFO: 统计口径: 方向准确率按 same-side(Y=1.0) 统计；展示结论仍使用 judge() 的 ±5%% 区间
2026-04-29 13:56:27,226 INFO: ========================================================================
2026-04-29 13:56:27,226 INFO:      #                              程序          预测 Ŷ          真实 Y            误差  判断
2026-04-29 13:56:27,226 INFO:   ------------------------------------------------------------------------------------
2026-04-29 13:56:27,226 INFO:      1                            7zip    1.00164807    1.00000000   +0.00164807  O2-bolt ≈ O2-bolt-opt（差异在 ±5% 内）
2026-04-29 13:56:27,226 INFO:      2             ASCI_Purple_SMG2000    1.00167179    1.00000000   +0.00167179  O2-bolt ≈ O2-bolt-opt（差异在 ±5% 内）
2026-04-29 13:56:27,227 INFO:      3               ASC_Sequoia_AMGmk    1.00018930    1.00000000   +0.00018930  O2-bolt ≈ O2-bolt-opt（差异在 ±5% 内）
2026-04-29 13:56:27,227 INFO:      4           ASC_Sequoia_CrystalMk    1.00088799    1.00000000   +0.00088799  O2-bolt ≈ O2-bolt-opt（差异在 ±5% 内）
2026-04-29 13:56:27,227 INFO:      5               ASC_Sequoia_IRSmk    1.00017571    1.00000000   +0.00017571  O2-bolt ≈ O2-bolt-opt（差异在 ±5% 内）
2026-04-29 13:56:27,227 INFO:      6                  BitBench_drop3    0.99945045    1.04938269   -0.04993224  O2-bolt ≈ O2-bolt-opt（差异在 ±5% 内）
2026-04-29 13:56:27,227 INFO:      7                 BitBench_five11    1.00001228    0.94999999   +0.05001229  O2-bolt ≈ O2-bolt-opt（差异在 ±5% 内）
2026-04-29 13:56:27,227 INFO:      8               BitBench_uudecode    1.00007987    0.99858755   +0.00149232  O2-bolt ≈ O2-bolt-opt（差异在 ±5% 内）
2026-04-29 13:56:27,227 INFO:      9               BitBench_uuencode    1.00044250    0.99971467   +0.00072783  O2-bolt ≈ O2-bolt-opt（差异在 ±5% 内）
2026-04-29 13:56:27,227 INFO:     10                          Bullet    1.00292683    1.00000000   +0.00292683  O2-bolt ≈ O2-bolt-opt（差异在 ±5% 内）
2026-04-29 13:56:27,227 INFO:     11         DOE-ProxyApps-C++_CLAMR    0.99510944    1.00000000   -0.00489056  O2-bolt ≈ O2-bolt-opt（差异在 ±5% 内）
2026-04-29 13:56:27,227 INFO:     12   DOE-ProxyApps-C++_HACCKernels    1.00025678    1.00000000   +0.00025678  O2-bolt ≈ O2-bolt-opt（差异在 ±5% 内）
2026-04-29 13:56:27,228 INFO:     13         DOE-ProxyApps-C++_HPCCG    0.99971700    1.00000000   -0.00028300  O2-bolt ≈ O2-bolt-opt（差异在 ±5% 内）
2026-04-29 13:56:27,228 INFO:     14       DOE-ProxyApps-C++_PENNANT    1.00014246    1.00000000   +0.00014246  O2-bolt ≈ O2-bolt-opt（差异在 ±5% 内）
2026-04-29 13:56:27,228 INFO:     15        DOE-ProxyApps-C++_miniFE    1.00112915    1.00000000   +0.00112915  O2-bolt ≈ O2-bolt-opt（差异在 ±5% 内）
2026-04-29 13:56:27,228 INFO:     16            DOE-ProxyApps-C_CoMD    1.00407517    0.95999998   +0.04407519  O2-bolt ≈ O2-bolt-opt（差异在 ±5% 内）
2026-04-29 13:56:27,228 INFO:     17      DOE-ProxyApps-C_Pathfinder    1.00641811    1.06666672   -0.06024861  O2-bolt ≈ O2-bolt-opt（差异在 ±5% 内）
2026-04-29 13:56:27,228 INFO:     18         DOE-ProxyApps-C_RSBench    1.00088370    0.98518521   +0.01569849  O2-bolt ≈ O2-bolt-opt（差异在 ±5% 内）
2026-04-29 13:56:27,228 INFO:     19       DOE-ProxyApps-C_SimpleMOC    1.00058341    1.00000000   +0.00058341  O2-bolt ≈ O2-bolt-opt（差异在 ±5% 内）
2026-04-29 13:56:27,228 INFO:     20         DOE-ProxyApps-C_XSBench    1.00215638    0.93750000   +0.06465638  O2-bolt ≈ O2-bolt-opt（差异在 ±5% 内）
2026-04-29 13:56:27,228 INFO:     21         DOE-ProxyApps-C_miniAMR    1.00315940    1.00000000   +0.00315940  O2-bolt ≈ O2-bolt-opt（差异在 ±5% 内）
2026-04-29 13:56:27,228 INFO:     22         DOE-ProxyApps-C_miniGMG    1.00672472    0.98412699   +0.02259773  O2-bolt ≈ O2-bolt-opt（差异在 ±5% 内）
2026-04-29 13:56:27,229 INFO:     23                     Fhourstones    1.00147748    0.98113209   +0.02034539  O2-bolt ≈ O2-bolt-opt（差异在 ±5% 内）
2026-04-29 13:56:27,229 INFO:     24                 Fhourstones-3.1    1.00034249    1.08571434   -0.08537185  O2-bolt ≈ O2-bolt-opt（差异在 ±5% 内）
2026-04-29 13:56:27,229 INFO:     25              FreeBench_analyzer    1.00075495    1.02056551   -0.01981056  O2-bolt ≈ O2-bolt-opt（差异在 ±5% 内）
2026-04-29 13:56:27,229 INFO:     26               FreeBench_distray    0.99968970    0.99484539   +0.00484431  O2-bolt ≈ O2-bolt-opt（差异在 ±5% 内）
2026-04-29 13:56:27,229 INFO:     27            FreeBench_fourinarow    1.00085235    1.00000000   +0.00085235  O2-bolt ≈ O2-bolt-opt（差异在 ±5% 内）
2026-04-29 13:56:27,229 INFO:     28                 FreeBench_mason    0.99984396    0.98479086   +0.01505309  O2-bolt ≈ O2-bolt-opt（差异在 ±5% 内）
2026-04-29 13:56:27,229 INFO:     29                FreeBench_neural    1.00141811    1.02173913   -0.02032101  O2-bolt ≈ O2-bolt-opt（差异在 ±5% 内）
2026-04-29 13:56:27,229 INFO:     30            FreeBench_pcompress2    1.00176799    1.03353655   -0.03176856  O2-bolt ≈ O2-bolt-opt（差异在 ±5% 内）
2026-04-29 13:56:27,229 INFO:     31                 FreeBench_pifft    1.00111938    1.00180185   -0.00068247  O2-bolt ≈ O2-bolt-opt（差异在 ±5% 内）
2026-04-29 13:56:27,229 INFO:     32               MallocBench_cfrac    1.00198221    1.00000000   +0.00198221  O2-bolt ≈ O2-bolt-opt（差异在 ±5% 内）
2026-04-29 13:56:27,230 INFO:     33            MallocBench_espresso    1.00206184    1.00000000   +0.00206184  O2-bolt ≈ O2-bolt-opt（差异在 ±5% 内）
2026-04-29 13:56:27,230 INFO:     34                  MallocBench_gs    1.00199306    0.95457625   +0.04741681  O2-bolt ≈ O2-bolt-opt（差异在 ±5% 内）
2026-04-29 13:56:27,230 INFO:     35                 McCat_01-qbsort    1.00016797    0.97443610   +0.02573186  O2-bolt ≈ O2-bolt-opt（差异在 ±5% 内）
2026-04-29 13:56:27,230 INFO:     36                 McCat_04-bisect    0.99954522    1.01359224   -0.01404703  O2-bolt ≈ O2-bolt-opt（差异在 ±5% 内）
2026-04-29 13:56:27,230 INFO:     37                   McCat_08-main    1.00171196    1.00000000   +0.00171196  O2-bolt ≈ O2-bolt-opt（差异在 ±5% 内）
2026-04-29 13:56:27,230 INFO:     38                    McCat_09-vor    1.00046575    0.99473685   +0.00572890  O2-bolt ≈ O2-bolt-opt（差异在 ±5% 内）
2026-04-29 13:56:27,230 INFO:     39                 McCat_12-IOtest    1.00036061    0.99324322   +0.00711739  O2-bolt ≈ O2-bolt-opt（差异在 ±5% 内）
2026-04-29 13:56:27,230 INFO:     40                   McCat_15-trie    1.00046802    1.01008666   -0.00961864  O2-bolt ≈ O2-bolt-opt（差异在 ±5% 内）
2026-04-29 13:56:27,231 INFO:     41                  McCat_17-bintr    0.99982196    0.94939756   +0.05042440  O2-bolt ≈ O2-bolt-opt（差异在 ±5% 内）
2026-04-29 13:56:27,231 INFO:     42                    McCat_18-imp    1.00013554    1.11548555   -0.11535001  O2-bolt ≈ O2-bolt-opt（差异在 ±5% 内）
2026-04-29 13:56:27,231 INFO:     43    MiBench_automotive-basicmath    1.00033963    1.00000000   +0.00033963  O2-bolt ≈ O2-bolt-opt（差异在 ±5% 内）
2026-04-29 13:56:27,231 INFO:     44     MiBench_automotive-bitcount    1.00099897    0.89939940   +0.10159957  O2-bolt ≈ O2-bolt-opt（差异在 ±5% 内）
2026-04-29 13:56:27,231 INFO:     45        MiBench_automotive-susan    1.00026774    0.98828697   +0.01198077  O2-bolt ≈ O2-bolt-opt（差异在 ±5% 内）
2026-04-29 13:56:27,231 INFO:     46           MiBench_consumer-jpeg    1.00047266    0.99665409   +0.00381857  O2-bolt ≈ O2-bolt-opt（差异在 ±5% 内）
2026-04-29 13:56:27,231 INFO:     47           MiBench_consumer-lame    1.00155747    0.98769230   +0.01386517  O2-bolt ≈ O2-bolt-opt（差异在 ±5% 内）
2026-04-29 13:56:27,231 INFO:     48        MiBench_consumer-typeset    1.00040495    0.99445885   +0.00594610  O2-bolt ≈ O2-bolt-opt（差异在 ±5% 内）
2026-04-29 13:56:27,231 INFO:     49        MiBench_network-dijkstra    1.00114894    0.91924530   +0.08190364  O2-bolt ≈ O2-bolt-opt（差异在 ±5% 内）
2026-04-29 13:56:27,232 INFO:     50        MiBench_network-patricia    0.99953413    0.99356222   +0.00597191  O2-bolt ≈ O2-bolt-opt（差异在 ±5% 内）
2026-04-29 13:56:27,232 INFO:     51           MiBench_office-ispell    1.00054717    1.00145996   -0.00091279  O2-bolt ≈ O2-bolt-opt（差异在 ±5% 内）
2026-04-29 13:56:27,232 INFO:     52     MiBench_office-stringsearch    1.00047565    1.00898242   -0.00850677  O2-bolt ≈ O2-bolt-opt（差异在 ±5% 内）
2026-04-29 13:56:27,232 INFO:     53       MiBench_security-blowfish    1.00050533    1.02514958   -0.02464426  O2-bolt ≈ O2-bolt-opt（差异在 ±5% 内）
2026-04-29 13:56:27,232 INFO:     54       MiBench_security-rijndael    0.99956197    1.04686427   -0.04730231  O2-bolt ≈ O2-bolt-opt（差异在 ±5% 内）
2026-04-29 13:56:27,232 INFO:     55            MiBench_security-sha    1.00041211    1.00348186   -0.00306976  O2-bolt ≈ O2-bolt-opt（差异在 ±5% 内）
2026-04-29 13:56:27,232 INFO:     56          MiBench_telecomm-CRC32    0.99951506    1.00000000   -0.00048494  O2-bolt ≈ O2-bolt-opt（差异在 ±5% 内）
2026-04-29 13:56:27,232 INFO:     57            MiBench_telecomm-FFT    1.00060821    1.00309122   -0.00248301  O2-bolt ≈ O2-bolt-opt（差异在 ±5% 内）
2026-04-29 13:56:27,233 INFO:     58          MiBench_telecomm-adpcm    1.00041592    0.99757868   +0.00283724  O2-bolt ≈ O2-bolt-opt（差异在 ±5% 内）
2026-04-29 13:56:27,233 INFO:     59            MiBench_telecomm-gsm    1.00211704    1.00755668   -0.00543964  O2-bolt ≈ O2-bolt-opt（差异在 ±5% 内）
2026-04-29 13:56:27,233 INFO:     60                   NPB-serial_is    1.00035381    1.00000000   +0.00035381  O2-bolt ≈ O2-bolt-opt（差异在 ±5% 内）
2026-04-29 13:56:27,233 INFO:     61                        Olden_bh    1.00177777    1.00000000   +0.00177777  O2-bolt ≈ O2-bolt-opt（差异在 ±5% 内）
2026-04-29 13:56:27,233 INFO:     62                    Olden_bisort    1.00037491    0.97777778   +0.02259713  O2-bolt ≈ O2-bolt-opt（差异在 ±5% 内）
2026-04-29 13:56:27,233 INFO:     63                      Olden_em3d    1.00405276    1.64285719   -0.63880444  O2-bolt ≈ O2-bolt-opt（差异在 ±5% 内）
2026-04-29 13:56:27,233 INFO:     64                    Olden_health    1.00053608    0.98913044   +0.01140565  O2-bolt ≈ O2-bolt-opt（差异在 ±5% 内）
2026-04-29 13:56:27,233 INFO:     65                       Olden_mst    1.00235438    0.99201596   +0.01033843  O2-bolt ≈ O2-bolt-opt（差异在 ±5% 内）
2026-04-29 13:56:27,233 INFO:     66                 Olden_perimeter    0.99991536    0.93449783   +0.06541753  O2-bolt ≈ O2-bolt-opt（差异在 ±5% 内）
2026-04-29 13:56:27,233 INFO:     67                     Olden_power    0.99883199    1.00000000   -0.00116801  O2-bolt ≈ O2-bolt-opt（差异在 ±5% 内）
2026-04-29 13:56:27,233 INFO:     68                   Olden_treeadd    1.00017858    0.98543692   +0.01474166  O2-bolt ≈ O2-bolt-opt（差异在 ±5% 内）
2026-04-29 13:56:27,234 INFO:     69                       Olden_tsp    1.00006473    1.00000000   +0.00006473  O2-bolt ≈ O2-bolt-opt（差异在 ±5% 内）
2026-04-29 13:56:27,234 INFO:     70                   Olden_voronoi    1.00113487    1.00000000   +0.00113487  O2-bolt ≈ O2-bolt-opt（差异在 ±5% 内）
2026-04-29 13:56:27,234 INFO:     71                           PAQ8p    1.00186014    1.00000000   +0.00186014  O2-bolt ≈ O2-bolt-opt（差异在 ±5% 内）
2026-04-29 13:56:27,234 INFO:     72                 Prolangs-C++_NP    1.00059235    1.00884759   -0.00825524  O2-bolt ≈ O2-bolt-opt（差异在 ±5% 内）
2026-04-29 13:56:27,234 INFO:     73               Prolangs-C++_city    1.00053489    0.97594166   +0.02459323  O2-bolt ≈ O2-bolt-opt（差异在 ±5% 内）
2026-04-29 13:56:27,234 INFO:     74             Prolangs-C++_deriv1    1.00054741    1.01412010   -0.01357269  O2-bolt ≈ O2-bolt-opt（差异在 ±5% 内）
2026-04-29 13:56:27,234 INFO:     75             Prolangs-C++_deriv2    1.00043142    1.01145566   -0.01102424  O2-bolt ≈ O2-bolt-opt（差异在 ±5% 内）
2026-04-29 13:56:27,234 INFO:     76             Prolangs-C++_employ    1.00019062    0.99030280   +0.00988781  O2-bolt ≈ O2-bolt-opt（差异在 ±5% 内）
2026-04-29 13:56:27,234 INFO:     77             Prolangs-C++_family    1.00043678    1.01969588   -0.01925910  O2-bolt ≈ O2-bolt-opt（差异在 ±5% 内）
2026-04-29 13:56:27,234 INFO:     78                Prolangs-C++_fsm    1.00036860    1.00914490   -0.00877631  O2-bolt ≈ O2-bolt-opt（差异在 ±5% 内）
2026-04-29 13:56:27,235 INFO:     79             Prolangs-C++_garage    1.00037134    0.99812412   +0.00224721  O2-bolt ≈ O2-bolt-opt（差异在 ±5% 内）
2026-04-29 13:56:27,235 INFO:     80               Prolangs-C++_life    1.00105441    1.00000000   +0.00105441  O2-bolt ≈ O2-bolt-opt（差异在 ±5% 内）
2026-04-29 13:56:27,235 INFO:     81            Prolangs-C++_objects    1.00030279    1.01141822   -0.01111543  O2-bolt ≈ O2-bolt-opt（差异在 ±5% 内）
2026-04-29 13:56:27,235 INFO:     82              Prolangs-C++_ocean    1.00026965    1.00000000   +0.00026965  O2-bolt ≈ O2-bolt-opt（差异在 ±5% 内）
2026-04-29 13:56:27,235 INFO:     83             Prolangs-C++_office    1.00040948    1.00595653   -0.00554705  O2-bolt ≈ O2-bolt-opt（差异在 ±5% 内）
2026-04-29 13:56:27,235 INFO:     84             Prolangs-C++_primes    1.00067806    0.95804197   +0.04263610  O2-bolt ≈ O2-bolt-opt（差异在 ±5% 内）
2026-04-29 13:56:27,235 INFO:     85             Prolangs-C++_shapes    1.00024009    1.02518713   -0.02494705  O2-bolt ≈ O2-bolt-opt（差异在 ±5% 内）
2026-04-29 13:56:27,235 INFO:     86              Prolangs-C++_simul    1.00025725    1.02522528   -0.02496803  O2-bolt ≈ O2-bolt-opt（差异在 ±5% 内）
2026-04-29 13:56:27,235 INFO:     87              Prolangs-C++_trees    1.00046134    1.01762021   -0.01715887  O2-bolt ≈ O2-bolt-opt（差异在 ±5% 内）
2026-04-29 13:56:27,235 INFO:     88              Prolangs-C++_vcirc    1.00055552    1.00158143   -0.00102592  O2-bolt ≈ O2-bolt-opt（差异在 ±5% 内）
2026-04-29 13:56:27,235 INFO:     89                Prolangs-C_agrep    0.99960256    1.03820348   -0.03860092  O2-bolt ≈ O2-bolt-opt（差异在 ±5% 内）
2026-04-29 13:56:27,236 INFO:     90             Prolangs-C_allroots    1.00063336    1.00935662   -0.00872326  O2-bolt ≈ O2-bolt-opt（差异在 ±5% 内）
2026-04-29 13:56:27,236 INFO:     91                Prolangs-C_bison    1.00002837    0.98792332   +0.01210505  O2-bolt ≈ O2-bolt-opt（差异在 ±5% 内）
2026-04-29 13:56:27,236 INFO:     92                Prolangs-C_cdecl    1.00019681    1.01220322   -0.01200640  O2-bolt ≈ O2-bolt-opt（差异在 ±5% 内）
2026-04-29 13:56:27,236 INFO:     93            Prolangs-C_fixoutput    1.00059998    0.99645865   +0.00414133  O2-bolt ≈ O2-bolt-opt（差异在 ±5% 内）
2026-04-29 13:56:27,236 INFO:     94             Prolangs-C_football    1.00058186    0.99751115   +0.00307071  O2-bolt ≈ O2-bolt-opt（差异在 ±5% 内）
2026-04-29 13:56:27,236 INFO:     95                Prolangs-C_gnugo    0.99978471    1.00982797   -0.01004326  O2-bolt ≈ O2-bolt-opt（差异在 ±5% 内）
2026-04-29 13:56:27,236 INFO:     96               Prolangs-C_loader    1.00101042    1.02377474   -0.02276433  O2-bolt ≈ O2-bolt-opt（差异在 ±5% 内）
2026-04-29 13:56:27,236 INFO:     97            Prolangs-C_simulator    1.00102949    1.01593041   -0.01490092  O2-bolt ≈ O2-bolt-opt（差异在 ±5% 内）
2026-04-29 13:56:27,236 INFO:     98           Prolangs-C_unix-smail    1.00053763    0.99699098   +0.00354666  O2-bolt ≈ O2-bolt-opt（差异在 ±5% 内）
2026-04-29 13:56:27,236 INFO:     99             Prolangs-C_unix-tbl    1.00068903    1.02245474   -0.02176571  O2-bolt ≈ O2-bolt-opt（差异在 ±5% 内）
2026-04-29 13:56:27,236 INFO:    100                 Ptrdist_anagram    1.00178993    0.98333335   +0.01845658  O2-bolt ≈ O2-bolt-opt（差异在 ±5% 内）
2026-04-29 13:56:27,237 INFO:    101                      Ptrdist_bc    1.00346041    0.90445858   +0.09900182  O2-bolt ≈ O2-bolt-opt（差异在 ±5% 内）
2026-04-29 13:56:27,237 INFO:    102                      Ptrdist_ft    1.00135255    1.00000000   +0.00135255  O2-bolt ≈ O2-bolt-opt（差异在 ±5% 内）
2026-04-29 13:56:27,237 INFO:    103                      Ptrdist_ks    0.99947810    0.98305082   +0.01642728  O2-bolt ≈ O2-bolt-opt（差异在 ±5% 内）
2026-04-29 13:56:27,237 INFO:    104                   Ptrdist_yacr2    1.00154603    1.09375000   -0.09220397  O2-bolt ≈ O2-bolt-opt（差异在 ±5% 内）
2026-04-29 13:56:27,237 INFO:    105                Rodinia_backprop    1.00189197    1.00000000   +0.00189197  O2-bolt ≈ O2-bolt-opt（差异在 ±5% 内）
2026-04-29 13:56:27,237 INFO:    106                 Rodinia_hotspot    1.00056124    0.99227798   +0.00828326  O2-bolt ≈ O2-bolt-opt（差异在 ±5% 内）
2026-04-29 13:56:27,237 INFO:    107              Rodinia_pathfinder    1.00463748    1.03448272   -0.02984524  O2-bolt ≈ O2-bolt-opt（差异在 ±5% 内）
2026-04-29 13:56:27,237 INFO:    108                    Rodinia_srad    1.00398219    1.00000000   +0.00398219  O2-bolt ≈ O2-bolt-opt（差异在 ±5% 内）
2026-04-29 13:56:27,237 INFO:    109                      SciMark2-C    1.00037634    1.00000000   +0.00037634  O2-bolt ≈ O2-bolt-opt（差异在 ±5% 内）
2026-04-29 13:56:27,237 INFO:    110            TSVC_ControlFlow-dbl    1.00031137    1.00000000   +0.00031137  O2-bolt ≈ O2-bolt-opt（差异在 ±5% 内）
2026-04-29 13:56:27,238 INFO:    111            TSVC_ControlFlow-flt    1.00003111    1.00000000   +0.00003111  O2-bolt ≈ O2-bolt-opt（差异在 ±5% 内）
2026-04-29 13:56:27,238 INFO:    112           TSVC_ControlLoops-dbl    1.00190485    1.00000000   +0.00190485  O2-bolt ≈ O2-bolt-opt（差异在 ±5% 内）
2026-04-29 13:56:27,238 INFO:    113           TSVC_ControlLoops-flt    0.99974126    1.00000000   -0.00025874  O2-bolt ≈ O2-bolt-opt（差异在 ±5% 内）
2026-04-29 13:56:27,238 INFO:    114     TSVC_CrossingThresholds-dbl    1.00080609    1.00000000   +0.00080609  O2-bolt ≈ O2-bolt-opt（差异在 ±5% 内）
2026-04-29 13:56:27,238 INFO:    115     TSVC_CrossingThresholds-flt    1.00050461    0.95652175   +0.04398286  O2-bolt ≈ O2-bolt-opt（差异在 ±5% 内）
2026-04-29 13:56:27,238 INFO:    116          TSVC_Equivalencing-dbl    0.99995744    1.00000000   -0.00004256  O2-bolt ≈ O2-bolt-opt（差异在 ±5% 内）
2026-04-29 13:56:27,238 INFO:    117          TSVC_Equivalencing-flt    0.99944258    1.00000000   -0.00055742  O2-bolt ≈ O2-bolt-opt（差异在 ±5% 内）
2026-04-29 13:56:27,238 INFO:    118              TSVC_Expansion-dbl    0.99994063    1.00000000   -0.00005937  O2-bolt ≈ O2-bolt-opt（差异在 ±5% 内）
2026-04-29 13:56:27,238 INFO:    119              TSVC_Expansion-flt    0.99984586    0.96428573   +0.03556013  O2-bolt ≈ O2-bolt-opt（差异在 ±5% 内）
2026-04-29 13:56:27,238 INFO:    120         TSVC_GlobalDataFlow-dbl    1.00115967    1.00000000   +0.00115967  O2-bolt ≈ O2-bolt-opt（差异在 ±5% 内）
2026-04-29 13:56:27,238 INFO:    121         TSVC_GlobalDataFlow-flt    0.99879599    0.97435898   +0.02443701  O2-bolt ≈ O2-bolt-opt（差异在 ±5% 内）
2026-04-29 13:56:27,239 INFO:    122     TSVC_IndirectAddressing-dbl    1.00101089    1.00000000   +0.00101089  O2-bolt ≈ O2-bolt-opt（差异在 ±5% 内）
2026-04-29 13:56:27,239 INFO:    123     TSVC_IndirectAddressing-flt    1.00042057    1.00000000   +0.00042057  O2-bolt ≈ O2-bolt-opt（差异在 ±5% 内）
2026-04-29 13:56:27,239 INFO:    124      TSVC_InductionVariable-dbl    1.00017512    1.00000000   +0.00017512  O2-bolt ≈ O2-bolt-opt（差异在 ±5% 内）
2026-04-29 13:56:27,239 INFO:    125      TSVC_InductionVariable-flt    1.00013268    1.00000000   +0.00013268  O2-bolt ≈ O2-bolt-opt（差异在 ±5% 内）
2026-04-29 13:56:27,239 INFO:    126       TSVC_LinearDependence-dbl    1.00036156    1.00000000   +0.00036156  O2-bolt ≈ O2-bolt-opt（差异在 ±5% 内）
2026-04-29 13:56:27,239 INFO:    127       TSVC_LinearDependence-flt    0.99978119    0.93333334   +0.06644785  O2-bolt ≈ O2-bolt-opt（差异在 ±5% 内）
2026-04-29 13:56:27,239 INFO:    128          TSVC_LoopRerolling-dbl    1.00060797    1.00000000   +0.00060797  O2-bolt ≈ O2-bolt-opt（差异在 ±5% 内）
2026-04-29 13:56:27,239 INFO:    129          TSVC_LoopRerolling-flt    1.00044751    1.00000000   +0.00044751  O2-bolt ≈ O2-bolt-opt（差异在 ±5% 内）
2026-04-29 13:56:27,239 INFO:    130      TSVC_LoopRestructuring-dbl    0.99993384    1.00000000   -0.00006616  O2-bolt ≈ O2-bolt-opt（差异在 ±5% 内）
2026-04-29 13:56:27,239 INFO:    131      TSVC_LoopRestructuring-flt    0.99967676    1.00000000   -0.00032324  O2-bolt ≈ O2-bolt-opt（差异在 ±5% 内）
2026-04-29 13:56:27,240 INFO:    132          TSVC_NodeSplitting-dbl    0.99986553    1.00000000   -0.00013447  O2-bolt ≈ O2-bolt-opt（差异在 ±5% 内）
2026-04-29 13:56:27,240 INFO:    133          TSVC_NodeSplitting-flt    0.99983054    0.94117647   +0.05865407  O2-bolt ≈ O2-bolt-opt（差异在 ±5% 内）
2026-04-29 13:56:27,240 INFO:    134                TSVC_Packing-dbl    0.99968231    1.00000000   -0.00031769  O2-bolt ≈ O2-bolt-opt（差异在 ±5% 内）
2026-04-29 13:56:27,240 INFO:    135                TSVC_Packing-flt    0.99979281    1.33333337   -0.33354056  O2-bolt ≈ O2-bolt-opt（差异在 ±5% 内）
2026-04-29 13:56:27,240 INFO:    136            TSVC_Recurrences-dbl    0.99912149    1.00000000   -0.00087851  O2-bolt ≈ O2-bolt-opt（差异在 ±5% 内）
2026-04-29 13:56:27,240 INFO:    137            TSVC_Recurrences-flt    0.99916363    1.00000000   -0.00083637  O2-bolt ≈ O2-bolt-opt（差异在 ±5% 内）
2026-04-29 13:56:27,240 INFO:    138             TSVC_Reductions-dbl    1.00084770    1.00000000   +0.00084770  O2-bolt ≈ O2-bolt-opt（差异在 ±5% 内）
2026-04-29 13:56:27,240 INFO:    139             TSVC_Reductions-flt    1.00018394    1.00000000   +0.00018394  O2-bolt ≈ O2-bolt-opt（差异在 ±5% 内）
2026-04-29 13:56:27,240 INFO:    140              TSVC_Searching-dbl    1.00063813    1.00000000   +0.00063813  O2-bolt ≈ O2-bolt-opt（差异在 ±5% 内）
2026-04-29 13:56:27,240 INFO:    141              TSVC_Searching-flt    1.00060117    1.00000000   +0.00060117  O2-bolt ≈ O2-bolt-opt（差异在 ±5% 内）
2026-04-29 13:56:27,240 INFO:    142    TSVC_StatementReordering-dbl    1.00014639    1.00000000   +0.00014639  O2-bolt ≈ O2-bolt-opt（差异在 ±5% 内）
2026-04-29 13:56:27,241 INFO:    143    TSVC_StatementReordering-flt    1.00002456    1.06250000   -0.06247544  O2-bolt ≈ O2-bolt-opt（差异在 ±5% 内）
2026-04-29 13:56:27,241 INFO:    144              TSVC_Symbolics-dbl    1.00070941    1.00000000   +0.00070941  O2-bolt ≈ O2-bolt-opt（差异在 ±5% 内）
2026-04-29 13:56:27,241 INFO:    145              TSVC_Symbolics-flt    1.00043809    0.94444442   +0.05599368  O2-bolt ≈ O2-bolt-opt（差异在 ±5% 内）
2026-04-29 13:56:27,241 INFO:    146               Trimaran_enc-3des    1.00106108    1.00000000   +0.00106108  O2-bolt ≈ O2-bolt-opt（差异在 ±5% 内）
2026-04-29 13:56:27,241 INFO:    147                Trimaran_enc-md5    1.00113666    1.00000000   +0.00113666  O2-bolt ≈ O2-bolt-opt（差异在 ±5% 内）
2026-04-29 13:56:27,241 INFO:    148                Trimaran_enc-pc1    1.00081038    1.00000000   +0.00081038  O2-bolt ≈ O2-bolt-opt（差异在 ±5% 内）
2026-04-29 13:56:27,241 INFO:    149                Trimaran_enc-rc4    1.00063491    0.97959185   +0.02104306  O2-bolt ≈ O2-bolt-opt（差异在 ±5% 内）
2026-04-29 13:56:27,241 INFO:    150           Trimaran_netbench-crc    1.00067508    1.00000000   +0.00067508  O2-bolt ≈ O2-bolt-opt（差异在 ±5% 内）
2026-04-29 13:56:27,241 INFO:    151           Trimaran_netbench-url    1.00075603    1.00000000   +0.00075603  O2-bolt ≈ O2-bolt-opt（差异在 ±5% 内）
2026-04-29 13:56:27,241 INFO:    152                VersaBench_8b10b    1.00212729    1.00000000   +0.00212729  O2-bolt ≈ O2-bolt-opt（差异在 ±5% 内）
2026-04-29 13:56:27,241 INFO:    153           VersaBench_beamformer    1.00050938    1.12962961   -0.12912023  O2-bolt ≈ O2-bolt-opt（差异在 ±5% 内）
2026-04-29 13:56:27,241 INFO:    154                  VersaBench_bmm    1.00053751    1.00000000   +0.00053751  O2-bolt ≈ O2-bolt-opt（差异在 ±5% 内）
2026-04-29 13:56:27,242 INFO:    155                 VersaBench_dbms    1.00099134    1.00000000   +0.00099134  O2-bolt ≈ O2-bolt-opt（差异在 ±5% 内）
2026-04-29 13:56:27,242 INFO:    156               VersaBench_ecbdes    1.00093031    1.00000000   +0.00093031  O2-bolt ≈ O2-bolt-opt（差异在 ±5% 内）
2026-04-29 13:56:27,242 INFO:    157                    llubenchmark    1.00035608    1.00000000   +0.00035608  O2-bolt ≈ O2-bolt-opt（差异在 ±5% 内）
2026-04-29 13:56:27,242 INFO:    158                           mafft    1.00047445    1.00000000   +0.00047445  O2-bolt ≈ O2-bolt-opt（差异在 ±5% 内）
2026-04-29 13:56:27,242 INFO:    159      mediabench_adpcm_rawcaudio    1.00033855    0.99703491   +0.00330365  O2-bolt ≈ O2-bolt-opt（差异在 ±5% 内）
2026-04-29 13:56:27,242 INFO:    160      mediabench_adpcm_rawdaudio    1.00043380    0.99080110   +0.00963271  O2-bolt ≈ O2-bolt-opt（差异在 ±5% 内）
2026-04-29 13:56:27,242 INFO:    161      mediabench_g721_g721encode    1.00065696    0.98275864   +0.01789832  O2-bolt ≈ O2-bolt-opt（差异在 ±5% 内）
2026-04-29 13:56:27,242 INFO:    162            mediabench_gsm_toast    1.00066209    1.03024781   -0.02958572  O2-bolt ≈ O2-bolt-opt（差异在 ±5% 内）
2026-04-29 13:56:27,242 INFO:    163       mediabench_mpeg2_mpeg2dec    1.00222802    0.95915985   +0.04306817  O2-bolt ≈ O2-bolt-opt（差异在 ±5% 内）
2026-04-29 13:56:27,242 INFO:    164                          nbench    1.00337768    1.03125000   -0.02787232  O2-bolt ≈ O2-bolt-opt（差异在 ±5% 内）
2026-04-29 13:56:27,242 INFO:    165                      tramp3d-v4    1.00059509    0.98958331   +0.01101178  O2-bolt ≈ O2-bolt-opt（差异在 ±5% 内）
2026-04-29 13:56:27,243 INFO: 
  ── 验证指标 ──
2026-04-29 13:56:27,243 INFO:   MAE  = 0.021489
2026-04-29 13:56:27,243 INFO:   MSE  = 0.003985
2026-04-29 13:56:27,243 INFO:   RMSE = 0.063125
2026-04-29 13:56:27,243 INFO:   方向准确率 = 103/165 (62.4%)
2026-04-29 13:56:27,243 INFO:   预测 O2-bolt 更优: 135/165  (真实: 113/165)
2026-04-29 13:56:27,243 INFO:   方向准确率（排除 ±5%）= 11/18 (61.1%)
2026-04-29 13:56:27,246 INFO:   结构化结果: checkpoints/lstm/fixed_time_best/infer_samples_O2-bolt_vs_O2-bolt-opt.csv
2026-04-29 13:56:27,246 INFO:   摘要结果: checkpoints/lstm/fixed_time_best/infer_summary_O2-bolt_vs_O2-bolt-opt.json
2026-04-29 13:56:27,308 INFO: 已应用 exp() 变换（log-target 模式）
2026-04-29 13:56:27,308 INFO: ========================================================================
2026-04-29 13:56:27,308 INFO: 版本对: O3-bolt_vs_O3-bolt-opt  (O3-bolt vs O3-bolt-opt)  共 161 个程序
2026-04-29 13:56:27,308 INFO: 标签模式: fixed_time
2026-04-29 13:56:27,308 INFO: 标签定义: Y = N_v1 / N_v2 (throughput ratio in a fixed window)
2026-04-29 13:56:27,309 INFO: 判定方向: Y >= 1 视为 O3-bolt 更快，Y < 1 视为 O3-bolt-opt 更快
2026-04-29 13:56:27,309 INFO: 统计口径: 方向准确率按 same-side(Y=1.0) 统计；展示结论仍使用 judge() 的 ±5%% 区间
2026-04-29 13:56:27,309 INFO: ========================================================================
2026-04-29 13:56:27,309 INFO:      #                              程序          预测 Ŷ          真实 Y            误差  判断
2026-04-29 13:56:27,309 INFO:   ------------------------------------------------------------------------------------
2026-04-29 13:56:27,309 INFO:      1                            7zip    1.00282991    1.00000000   +0.00282991  O3-bolt ≈ O3-bolt-opt（差异在 ±5% 内）
2026-04-29 13:56:27,309 INFO:      2             ASCI_Purple_SMG2000    1.00186145    1.00000000   +0.00186145  O3-bolt ≈ O3-bolt-opt（差异在 ±5% 内）
2026-04-29 13:56:27,309 INFO:      3               ASC_Sequoia_AMGmk    1.00022471    1.00000000   +0.00022471  O3-bolt ≈ O3-bolt-opt（差异在 ±5% 内）
2026-04-29 13:56:27,309 INFO:      4           ASC_Sequoia_CrystalMk    1.00096416    1.00000000   +0.00096416  O3-bolt ≈ O3-bolt-opt（差异在 ±5% 内）
2026-04-29 13:56:27,309 INFO:      5               ASC_Sequoia_IRSmk    1.00022840    1.00000000   +0.00022840  O3-bolt ≈ O3-bolt-opt（差异在 ±5% 内）
2026-04-29 13:56:27,310 INFO:      6                  BitBench_drop3    0.99937546    0.93406594   +0.06530952  O3-bolt ≈ O3-bolt-opt（差异在 ±5% 内）
2026-04-29 13:56:27,310 INFO:      7                 BitBench_five11    1.00006211    0.94999999   +0.05006212  O3-bolt ≈ O3-bolt-opt（差异在 ±5% 内）
2026-04-29 13:56:27,310 INFO:      8               BitBench_uudecode    1.00123250    1.71857262   -0.71734011  O3-bolt ≈ O3-bolt-opt（差异在 ±5% 内）
2026-04-29 13:56:27,310 INFO:      9               BitBench_uuencode    1.00004470    1.00515461   -0.00510991  O3-bolt ≈ O3-bolt-opt（差异在 ±5% 内）
2026-04-29 13:56:27,310 INFO:     10                          Bullet    1.00238335    1.00000000   +0.00238335  O3-bolt ≈ O3-bolt-opt（差异在 ±5% 内）
2026-04-29 13:56:27,310 INFO:     11         DOE-ProxyApps-C++_CLAMR    0.99526781    1.00000000   -0.00473219  O3-bolt ≈ O3-bolt-opt（差异在 ±5% 内）
2026-04-29 13:56:27,310 INFO:     12   DOE-ProxyApps-C++_HACCKernels    1.00050426    1.00000000   +0.00050426  O3-bolt ≈ O3-bolt-opt（差异在 ±5% 内）
2026-04-29 13:56:27,310 INFO:     13         DOE-ProxyApps-C++_HPCCG    0.99970734    1.00000000   -0.00029266  O3-bolt ≈ O3-bolt-opt（差异在 ±5% 内）
2026-04-29 13:56:27,310 INFO:     14       DOE-ProxyApps-C++_PENNANT    1.00005341    1.00000000   +0.00005341  O3-bolt ≈ O3-bolt-opt（差异在 ±5% 内）
2026-04-29 13:56:27,311 INFO:     15        DOE-ProxyApps-C++_miniFE    1.00182283    1.00000000   +0.00182283  O3-bolt ≈ O3-bolt-opt（差异在 ±5% 内）
2026-04-29 13:56:27,311 INFO:     16            DOE-ProxyApps-C_CoMD    1.00422239    0.92000002   +0.08422238  O3-bolt ≈ O3-bolt-opt（差异在 ±5% 内）
2026-04-29 13:56:27,311 INFO:     17      DOE-ProxyApps-C_Pathfinder    1.00662363    1.06666672   -0.06004310  O3-bolt ≈ O3-bolt-opt（差异在 ±5% 内）
2026-04-29 13:56:27,311 INFO:     18         DOE-ProxyApps-C_RSBench    1.00182855    1.00000000   +0.00182855  O3-bolt ≈ O3-bolt-opt（差异在 ±5% 内）
2026-04-29 13:56:27,311 INFO:     19       DOE-ProxyApps-C_SimpleMOC    1.00274658    0.96969700   +0.03304958  O3-bolt ≈ O3-bolt-opt（差异在 ±5% 内）
2026-04-29 13:56:27,311 INFO:     20         DOE-ProxyApps-C_XSBench    0.99941200    0.93750000   +0.06191200  O3-bolt ≈ O3-bolt-opt（差异在 ±5% 内）
2026-04-29 13:56:27,311 INFO:     21         DOE-ProxyApps-C_miniAMR    1.00251842    1.00000000   +0.00251842  O3-bolt ≈ O3-bolt-opt（差异在 ±5% 内）
2026-04-29 13:56:27,311 INFO:     22         DOE-ProxyApps-C_miniGMG    1.00680542    1.00000000   +0.00680542  O3-bolt ≈ O3-bolt-opt（差异在 ±5% 内）
2026-04-29 13:56:27,311 INFO:     23                     Fhourstones    1.00083697    1.03703701   -0.03620005  O3-bolt ≈ O3-bolt-opt（差异在 ±5% 内）
2026-04-29 13:56:27,311 INFO:     24                 Fhourstones-3.1    1.00054848    1.08571434   -0.08516586  O3-bolt ≈ O3-bolt-opt（差异在 ±5% 内）
2026-04-29 13:56:27,312 INFO:     25              FreeBench_analyzer    1.00127625    0.99624997   +0.00502628  O3-bolt ≈ O3-bolt-opt（差异在 ±5% 内）
2026-04-29 13:56:27,312 INFO:     26               FreeBench_distray    0.99950117    1.00000000   -0.00049883  O3-bolt ≈ O3-bolt-opt（差异在 ±5% 内）
2026-04-29 13:56:27,312 INFO:     27            FreeBench_fourinarow    1.00086045    1.00000000   +0.00086045  O3-bolt ≈ O3-bolt-opt（差异在 ±5% 内）
2026-04-29 13:56:27,312 INFO:     28                 FreeBench_mason    1.00003481    0.98467433   +0.01536047  O3-bolt ≈ O3-bolt-opt（差异在 ±5% 内）
2026-04-29 13:56:27,312 INFO:     29                FreeBench_neural    1.00054479    1.01086962   -0.01032484  O3-bolt ≈ O3-bolt-opt（差异在 ±5% 内）
2026-04-29 13:56:27,312 INFO:     30            FreeBench_pcompress2    1.00256288    1.00604224   -0.00347936  O3-bolt ≈ O3-bolt-opt（差异在 ±5% 内）
2026-04-29 13:56:27,312 INFO:     31                 FreeBench_pifft    1.00067651    1.01268113   -0.01200461  O3-bolt ≈ O3-bolt-opt（差异在 ±5% 内）
2026-04-29 13:56:27,312 INFO:     32               MallocBench_cfrac    1.00183725    0.98113209   +0.02070516  O3-bolt ≈ O3-bolt-opt（差异在 ±5% 内）
2026-04-29 13:56:27,312 INFO:     33            MallocBench_espresso    1.00202513    1.01785719   -0.01583207  O3-bolt ≈ O3-bolt-opt（差异在 ±5% 内）
2026-04-29 13:56:27,312 INFO:     34                  MallocBench_gs    1.00194609    0.94297349   +0.05897260  O3-bolt ≈ O3-bolt-opt（差异在 ±5% 内）
2026-04-29 13:56:27,313 INFO:     35                 McCat_01-qbsort    1.00026059    0.97737557   +0.02288502  O3-bolt ≈ O3-bolt-opt（差异在 ±5% 内）
2026-04-29 13:56:27,313 INFO:     36                 McCat_04-bisect    1.00001824    1.10337555   -0.10335732  O3-bolt ≈ O3-bolt-opt（差异在 ±5% 内）
2026-04-29 13:56:27,313 INFO:     37                   McCat_08-main    1.00225258    1.00000000   +0.00225258  O3-bolt ≈ O3-bolt-opt（差异在 ±5% 内）
2026-04-29 13:56:27,313 INFO:     38                    McCat_09-vor    1.00107265    1.01600003   -0.01492739  O3-bolt ≈ O3-bolt-opt（差异在 ±5% 内）
2026-04-29 13:56:27,313 INFO:     39                 McCat_12-IOtest    1.00051153    0.99324322   +0.00726831  O3-bolt ≈ O3-bolt-opt（差异在 ±5% 内）
2026-04-29 13:56:27,313 INFO:     40                   McCat_15-trie    1.00060594    1.02257168   -0.02196574  O3-bolt ≈ O3-bolt-opt（差异在 ±5% 内）
2026-04-29 13:56:27,313 INFO:     41                  McCat_17-bintr    1.00012827    1.00000000   +0.00012827  O3-bolt ≈ O3-bolt-opt（差异在 ±5% 内）
2026-04-29 13:56:27,313 INFO:     42                    McCat_18-imp    1.00048113    1.09950864   -0.09902751  O3-bolt ≈ O3-bolt-opt（差异在 ±5% 内）
2026-04-29 13:56:27,313 INFO:     43    MiBench_automotive-basicmath    0.99983084    1.00000000   -0.00016916  O3-bolt ≈ O3-bolt-opt（差异在 ±5% 内）
2026-04-29 13:56:27,313 INFO:     44     MiBench_automotive-bitcount    1.00017023    0.96551722   +0.03465301  O3-bolt ≈ O3-bolt-opt（差异在 ±5% 内）
2026-04-29 13:56:27,313 INFO:     45        MiBench_automotive-susan    0.99997705    0.98684210   +0.01313496  O3-bolt ≈ O3-bolt-opt（差异在 ±5% 内）
2026-04-29 13:56:27,313 INFO:     46           MiBench_consumer-jpeg    1.00038075    0.98716003   +0.01322073  O3-bolt ≈ O3-bolt-opt（差异在 ±5% 内）
2026-04-29 13:56:27,314 INFO:     47           MiBench_consumer-lame    1.00212789    0.98795182   +0.01417607  O3-bolt ≈ O3-bolt-opt（差异在 ±5% 内）
2026-04-29 13:56:27,314 INFO:     48        MiBench_consumer-typeset    1.00017929    0.98859930   +0.01157999  O3-bolt ≈ O3-bolt-opt（差异在 ±5% 内）
2026-04-29 13:56:27,314 INFO:     49        MiBench_network-dijkstra    1.00114930    0.92191052   +0.07923877  O3-bolt ≈ O3-bolt-opt（差异在 ±5% 内）
2026-04-29 13:56:27,314 INFO:     50        MiBench_network-patricia    1.00023043    0.99571735   +0.00451308  O3-bolt ≈ O3-bolt-opt（差异在 ±5% 内）
2026-04-29 13:56:27,314 INFO:     51           MiBench_office-ispell    1.00070810    1.00658286   -0.00587475  O3-bolt ≈ O3-bolt-opt（差异在 ±5% 内）
2026-04-29 13:56:27,315 INFO:     52     MiBench_office-stringsearch    1.00034511    1.01574588   -0.01540077  O3-bolt ≈ O3-bolt-opt（差异在 ±5% 内）
2026-04-29 13:56:27,315 INFO:     53       MiBench_security-rijndael    0.99973238    1.05910993   -0.05937755  O3-bolt ≈ O3-bolt-opt（差异在 ±5% 内）
2026-04-29 13:56:27,315 INFO:     54            MiBench_security-sha    1.00025821    1.00746751   -0.00720930  O3-bolt ≈ O3-bolt-opt（差异在 ±5% 内）
2026-04-29 13:56:27,315 INFO:     55          MiBench_telecomm-CRC32    0.99967194    1.00688076   -0.00720882  O3-bolt ≈ O3-bolt-opt（差异在 ±5% 内）
2026-04-29 13:56:27,315 INFO:     56            MiBench_telecomm-FFT    1.00045907    0.99694890   +0.00351018  O3-bolt ≈ O3-bolt-opt（差异在 ±5% 内）
2026-04-29 13:56:27,315 INFO:     57          MiBench_telecomm-adpcm    1.00060773    0.99757868   +0.00302905  O3-bolt ≈ O3-bolt-opt（差异在 ±5% 内）
2026-04-29 13:56:27,315 INFO:     58            MiBench_telecomm-gsm    1.00227439    0.99284011   +0.00943428  O3-bolt ≈ O3-bolt-opt（差异在 ±5% 内）
2026-04-29 13:56:27,316 INFO:     59                   NPB-serial_is    1.00050271    1.00000000   +0.00050271  O3-bolt ≈ O3-bolt-opt（差异在 ±5% 内）
2026-04-29 13:56:27,316 INFO:     60                        Olden_bh    1.00175178    1.00000000   +0.00175178  O3-bolt ≈ O3-bolt-opt（差异在 ±5% 内）
2026-04-29 13:56:27,316 INFO:     61                    Olden_bisort    1.00018942    0.98913044   +0.01105899  O3-bolt ≈ O3-bolt-opt（差异在 ±5% 内）
2026-04-29 13:56:27,316 INFO:     62                      Olden_em3d    1.00439823    1.64285719   -0.63845897  O3-bolt ≈ O3-bolt-opt（差异在 ±5% 内）
2026-04-29 13:56:27,316 INFO:     63                    Olden_health    1.00027800    1.00000000   +0.00027800  O3-bolt ≈ O3-bolt-opt（差异在 ±5% 内）
2026-04-29 13:56:27,316 INFO:     64                       Olden_mst    1.00320327    1.00199997   +0.00120330  O3-bolt ≈ O3-bolt-opt（差异在 ±5% 内）
2026-04-29 13:56:27,316 INFO:     65                 Olden_perimeter    1.00004876    0.99115044   +0.00889832  O3-bolt ≈ O3-bolt-opt（差异在 ±5% 内）
2026-04-29 13:56:27,316 INFO:     66                     Olden_power    0.99888015    0.98701298   +0.01186717  O3-bolt ≈ O3-bolt-opt（差异在 ±5% 内）
2026-04-29 13:56:27,316 INFO:     67                   Olden_treeadd    1.00020957    1.00487804   -0.00466847  O3-bolt ≈ O3-bolt-opt（差异在 ±5% 内）
2026-04-29 13:56:27,317 INFO:     68                       Olden_tsp    1.00029325    1.01149428   -0.01120102  O3-bolt ≈ O3-bolt-opt（差异在 ±5% 内）
2026-04-29 13:56:27,317 INFO:     69                   Olden_voronoi    1.00067008    1.00606060   -0.00539052  O3-bolt ≈ O3-bolt-opt（差异在 ±5% 内）
2026-04-29 13:56:27,317 INFO:     70                           PAQ8p    1.00207865    1.00000000   +0.00207865  O3-bolt ≈ O3-bolt-opt（差异在 ±5% 内）
2026-04-29 13:56:27,317 INFO:     71                 Prolangs-C++_NP    1.00045729    1.02391160   -0.02345431  O3-bolt ≈ O3-bolt-opt（差异在 ±5% 内）
2026-04-29 13:56:27,317 INFO:     72             Prolangs-C++_deriv1    1.00038803    1.00143433   -0.00104630  O3-bolt ≈ O3-bolt-opt（差异在 ±5% 内）
2026-04-29 13:56:27,317 INFO:     73             Prolangs-C++_deriv2    1.00035596    1.00784409   -0.00748813  O3-bolt ≈ O3-bolt-opt（差异在 ±5% 内）
2026-04-29 13:56:27,317 INFO:     74             Prolangs-C++_employ    1.00018418    1.01038063   -0.01019645  O3-bolt ≈ O3-bolt-opt（差异在 ±5% 内）
2026-04-29 13:56:27,317 INFO:     75                Prolangs-C++_fsm    1.00042653    1.00829017   -0.00786364  O3-bolt ≈ O3-bolt-opt（差异在 ±5% 内）
2026-04-29 13:56:27,317 INFO:     76             Prolangs-C++_garage    1.00041938    1.00928879   -0.00886941  O3-bolt ≈ O3-bolt-opt（差异在 ±5% 内）
2026-04-29 13:56:27,317 INFO:     77               Prolangs-C++_life    1.00105643    1.02857149   -0.02751505  O3-bolt ≈ O3-bolt-opt（差异在 ±5% 内）
2026-04-29 13:56:27,318 INFO:     78            Prolangs-C++_objects    1.00044191    1.01456666   -0.01412475  O3-bolt ≈ O3-bolt-opt（差异在 ±5% 内）
2026-04-29 13:56:27,318 INFO:     79              Prolangs-C++_ocean    1.00037622    0.99203819   +0.00833803  O3-bolt ≈ O3-bolt-opt（差异在 ±5% 内）
2026-04-29 13:56:27,318 INFO:     80             Prolangs-C++_office    1.00032842    0.99761540   +0.00271302  O3-bolt ≈ O3-bolt-opt（差异在 ±5% 内）
2026-04-29 13:56:27,318 INFO:     81             Prolangs-C++_primes    1.00095654    0.95205480   +0.04890174  O3-bolt ≈ O3-bolt-opt（差异在 ±5% 内）
2026-04-29 13:56:27,318 INFO:     82             Prolangs-C++_shapes    1.00041115    1.00086033   -0.00044918  O3-bolt ≈ O3-bolt-opt（差异在 ±5% 内）
2026-04-29 13:56:27,318 INFO:     83              Prolangs-C++_simul    1.00026989    0.99266934   +0.00760055  O3-bolt ≈ O3-bolt-opt（差异在 ±5% 内）
2026-04-29 13:56:27,318 INFO:     84              Prolangs-C++_trees    1.00041413    1.02625501   -0.02584088  O3-bolt ≈ O3-bolt-opt（差异在 ±5% 内）
2026-04-29 13:56:27,318 INFO:     85         Prolangs-C_TimberWolfMC    1.00120735    1.01745570   -0.01624835  O3-bolt ≈ O3-bolt-opt（差异在 ±5% 内）
2026-04-29 13:56:27,318 INFO:     86                Prolangs-C_agrep    1.00009620    1.03104591   -0.03094971  O3-bolt ≈ O3-bolt-opt（差异在 ±5% 内）
2026-04-29 13:56:27,318 INFO:     87             Prolangs-C_allroots    1.00106180    1.01275063   -0.01168883  O3-bolt ≈ O3-bolt-opt（差异在 ±5% 内）
2026-04-29 13:56:27,319 INFO:     88        Prolangs-C_archie-client    1.00050914    1.01161587   -0.01110673  O3-bolt ≈ O3-bolt-opt（差异在 ±5% 内）
2026-04-29 13:56:27,319 INFO:     89                Prolangs-C_bison    0.99990928    0.99333072   +0.00657856  O3-bolt ≈ O3-bolt-opt（差异在 ±5% 内）
2026-04-29 13:56:27,319 INFO:     90                Prolangs-C_cdecl    1.00004411    1.01328838   -0.01324427  O3-bolt ≈ O3-bolt-opt（差异在 ±5% 内）
2026-04-29 13:56:27,319 INFO:     91             Prolangs-C_football    1.00054336    1.02120066   -0.02065730  O3-bolt ≈ O3-bolt-opt（差异在 ±5% 内）
2026-04-29 13:56:27,319 INFO:     92                Prolangs-C_gnugo    0.99804360    1.01735532   -0.01931173  O3-bolt ≈ O3-bolt-opt（差异在 ±5% 内）
2026-04-29 13:56:27,319 INFO:     93           Prolangs-C_unix-smail    1.00048745    1.00617516   -0.00568771  O3-bolt ≈ O3-bolt-opt（差异在 ±5% 内）
2026-04-29 13:56:27,319 INFO:     94             Prolangs-C_unix-tbl    1.00061357    1.01707256   -0.01645899  O3-bolt ≈ O3-bolt-opt（差异在 ±5% 内）
2026-04-29 13:56:27,319 INFO:     95                 Ptrdist_anagram    1.00281191    0.98333335   +0.01947856  O3-bolt ≈ O3-bolt-opt（差异在 ±5% 内）
2026-04-29 13:56:27,319 INFO:     96                      Ptrdist_bc    1.00396645    0.91612905   +0.08783740  O3-bolt ≈ O3-bolt-opt（差异在 ±5% 内）
2026-04-29 13:56:27,319 INFO:     97                      Ptrdist_ft    1.00125217    1.01999998   -0.01874781  O3-bolt ≈ O3-bolt-opt（差异在 ±5% 内）
2026-04-29 13:56:27,319 INFO:     98                      Ptrdist_ks    0.99943614    0.85074627   +0.14868987  O3-bolt ≈ O3-bolt-opt（差异在 ±5% 内）
2026-04-29 13:56:27,320 INFO:     99                   Ptrdist_yacr2    1.00176775    1.08333337   -0.08156562  O3-bolt ≈ O3-bolt-opt（差异在 ±5% 内）
2026-04-29 13:56:27,320 INFO:    100                Rodinia_backprop    1.00347960    1.00000000   +0.00347960  O3-bolt ≈ O3-bolt-opt（差异在 ±5% 内）
2026-04-29 13:56:27,320 INFO:    101                 Rodinia_hotspot    0.99942088    1.00389099   -0.00447011  O3-bolt ≈ O3-bolt-opt（差异在 ±5% 内）
2026-04-29 13:56:27,320 INFO:    102              Rodinia_pathfinder    1.00379562    1.00000000   +0.00379562  O3-bolt ≈ O3-bolt-opt（差异在 ±5% 内）
2026-04-29 13:56:27,320 INFO:    103                    Rodinia_srad    1.00301301    1.01098907   -0.00797606  O3-bolt ≈ O3-bolt-opt（差异在 ±5% 内）
2026-04-29 13:56:27,320 INFO:    104                      SciMark2-C    1.00057721    1.00000000   +0.00057721  O3-bolt ≈ O3-bolt-opt（差异在 ±5% 内）
2026-04-29 13:56:27,320 INFO:    105            TSVC_ControlFlow-dbl    1.00024199    1.00000000   +0.00024199  O3-bolt ≈ O3-bolt-opt（差异在 ±5% 内）
2026-04-29 13:56:27,320 INFO:    106            TSVC_ControlFlow-flt    1.00007224    1.06666672   -0.06659448  O3-bolt ≈ O3-bolt-opt（差异在 ±5% 内）
2026-04-29 13:56:27,320 INFO:    107           TSVC_ControlLoops-dbl    0.99914891    1.00000000   -0.00085109  O3-bolt ≈ O3-bolt-opt（差异在 ±5% 内）
2026-04-29 13:56:27,320 INFO:    108           TSVC_ControlLoops-flt    0.99934107    1.00000000   -0.00065893  O3-bolt ≈ O3-bolt-opt（差异在 ±5% 内）
2026-04-29 13:56:27,320 INFO:    109     TSVC_CrossingThresholds-dbl    1.00038064    1.00000000   +0.00038064  O3-bolt ≈ O3-bolt-opt（差异在 ±5% 内）
2026-04-29 13:56:27,321 INFO:    110     TSVC_CrossingThresholds-flt    1.00046015    1.00000000   +0.00046015  O3-bolt ≈ O3-bolt-opt（差异在 ±5% 内）
2026-04-29 13:56:27,321 INFO:    111          TSVC_Equivalencing-dbl    0.99961948    1.00000000   -0.00038052  O3-bolt ≈ O3-bolt-opt（差异在 ±5% 内）
2026-04-29 13:56:27,321 INFO:    112          TSVC_Equivalencing-flt    0.99960274    1.01282048   -0.01321775  O3-bolt ≈ O3-bolt-opt（差异在 ±5% 内）
2026-04-29 13:56:27,321 INFO:    113              TSVC_Expansion-dbl    0.99990344    1.00000000   -0.00009656  O3-bolt ≈ O3-bolt-opt（差异在 ±5% 内）
2026-04-29 13:56:27,321 INFO:    114              TSVC_Expansion-flt    0.99981278    1.03846157   -0.03864878  O3-bolt ≈ O3-bolt-opt（差异在 ±5% 内）
2026-04-29 13:56:27,321 INFO:    115         TSVC_GlobalDataFlow-dbl    0.99966079    1.00000000   -0.00033921  O3-bolt ≈ O3-bolt-opt（差异在 ±5% 内）
2026-04-29 13:56:27,321 INFO:    116         TSVC_GlobalDataFlow-flt    0.99914742    1.00000000   -0.00085258  O3-bolt ≈ O3-bolt-opt（差异在 ±5% 内）
2026-04-29 13:56:27,321 INFO:    117     TSVC_IndirectAddressing-dbl    1.00033903    0.92307693   +0.07726210  O3-bolt ≈ O3-bolt-opt（差异在 ±5% 内）
2026-04-29 13:56:27,321 INFO:    118     TSVC_IndirectAddressing-flt    1.00040567    0.92307693   +0.07732874  O3-bolt ≈ O3-bolt-opt（差异在 ±5% 内）
2026-04-29 13:56:27,321 INFO:    119      TSVC_InductionVariable-dbl    1.00017977    1.09090912   -0.09072936  O3-bolt ≈ O3-bolt-opt（差异在 ±5% 内）
2026-04-29 13:56:27,321 INFO:    120      TSVC_InductionVariable-flt    1.00003409    1.00000000   +0.00003409  O3-bolt ≈ O3-bolt-opt（差异在 ±5% 内）
2026-04-29 13:56:27,322 INFO:    121       TSVC_LinearDependence-dbl    1.00018573    1.00000000   +0.00018573  O3-bolt ≈ O3-bolt-opt（差异在 ±5% 内）
2026-04-29 13:56:27,322 INFO:    122       TSVC_LinearDependence-flt    0.99973381    0.93103451   +0.06869930  O3-bolt ≈ O3-bolt-opt（差异在 ±5% 内）
2026-04-29 13:56:27,322 INFO:    123          TSVC_LoopRerolling-dbl    1.00032425    1.00000000   +0.00032425  O3-bolt ≈ O3-bolt-opt（差异在 ±5% 内）
2026-04-29 13:56:27,322 INFO:    124          TSVC_LoopRerolling-flt    1.00040019    1.00000000   +0.00040019  O3-bolt ≈ O3-bolt-opt（差异在 ±5% 内）
2026-04-29 13:56:27,322 INFO:    125      TSVC_LoopRestructuring-dbl    0.99992114    1.00000000   -0.00007886  O3-bolt ≈ O3-bolt-opt（差异在 ±5% 内）
2026-04-29 13:56:27,322 INFO:    126      TSVC_LoopRestructuring-flt    0.99963969    1.00000000   -0.00036031  O3-bolt ≈ O3-bolt-opt（差异在 ±5% 内）
2026-04-29 13:56:27,322 INFO:    127          TSVC_NodeSplitting-dbl    0.99995351    0.92307693   +0.07687658  O3-bolt ≈ O3-bolt-opt（差异在 ±5% 内）
2026-04-29 13:56:27,322 INFO:    128          TSVC_NodeSplitting-flt    0.99996483    1.06666672   -0.06670189  O3-bolt ≈ O3-bolt-opt（差异在 ±5% 内）
2026-04-29 13:56:27,322 INFO:    129                TSVC_Packing-dbl    1.00006998    1.27272725   -0.27265728  O3-bolt ≈ O3-bolt-opt（差异在 ±5% 内）
2026-04-29 13:56:27,322 INFO:    130                TSVC_Packing-flt    1.00017297    1.25000000   -0.24982703  O3-bolt ≈ O3-bolt-opt（差异在 ±5% 内）
2026-04-29 13:56:27,323 INFO:    131            TSVC_Recurrences-dbl    0.99923867    1.00000000   -0.00076133  O3-bolt ≈ O3-bolt-opt（差异在 ±5% 内）
2026-04-29 13:56:27,323 INFO:    132            TSVC_Recurrences-flt    0.99893713    1.00000000   -0.00106287  O3-bolt ≈ O3-bolt-opt（差异在 ±5% 内）
2026-04-29 13:56:27,323 INFO:    133             TSVC_Reductions-dbl    1.00021267    1.00000000   +0.00021267  O3-bolt ≈ O3-bolt-opt（差异在 ±5% 内）
2026-04-29 13:56:27,323 INFO:    134             TSVC_Reductions-flt    1.00034809    1.00000000   +0.00034809  O3-bolt ≈ O3-bolt-opt（差异在 ±5% 内）
2026-04-29 13:56:27,323 INFO:    135              TSVC_Searching-dbl    1.00052679    1.00000000   +0.00052679  O3-bolt ≈ O3-bolt-opt（差异在 ±5% 内）
2026-04-29 13:56:27,323 INFO:    136              TSVC_Searching-flt    1.00033116    1.00000000   +0.00033116  O3-bolt ≈ O3-bolt-opt（差异在 ±5% 内）
2026-04-29 13:56:27,323 INFO:    137    TSVC_StatementReordering-dbl    0.99999613    1.00000000   -0.00000387  O3-bolt ≈ O3-bolt-opt（差异在 ±5% 内）
2026-04-29 13:56:27,324 INFO:    138    TSVC_StatementReordering-flt    1.00001597    1.00000000   +0.00001597  O3-bolt ≈ O3-bolt-opt（差异在 ±5% 内）
2026-04-29 13:56:27,324 INFO:    139              TSVC_Symbolics-dbl    1.00035620    0.94736844   +0.05298775  O3-bolt ≈ O3-bolt-opt（差异在 ±5% 内）
2026-04-29 13:56:27,324 INFO:    140              TSVC_Symbolics-flt    1.00020838    0.91891891   +0.08128947  O3-bolt ≈ O3-bolt-opt（差异在 ±5% 内）
2026-04-29 13:56:27,324 INFO:    141               Trimaran_enc-3des    1.00109529    1.04347825   -0.04238296  O3-bolt ≈ O3-bolt-opt（差异在 ±5% 内）
2026-04-29 13:56:27,324 INFO:    142                Trimaran_enc-md5    1.00073457    1.00000000   +0.00073457  O3-bolt ≈ O3-bolt-opt（差异在 ±5% 内）
2026-04-29 13:56:27,324 INFO:    143                Trimaran_enc-pc1    1.00097561    1.00000000   +0.00097561  O3-bolt ≈ O3-bolt-opt（差异在 ±5% 内）
2026-04-29 13:56:27,324 INFO:    144                Trimaran_enc-rc4    1.00066280    1.00000000   +0.00066280  O3-bolt ≈ O3-bolt-opt（差异在 ±5% 内）
2026-04-29 13:56:27,325 INFO:    145           Trimaran_netbench-crc    1.00055933    1.00000000   +0.00055933  O3-bolt ≈ O3-bolt-opt（差异在 ±5% 内）
2026-04-29 13:56:27,325 INFO:    146           Trimaran_netbench-url    1.00071561    1.00000000   +0.00071561  O3-bolt ≈ O3-bolt-opt（差异在 ±5% 内）
2026-04-29 13:56:27,325 INFO:    147                VersaBench_8b10b    1.00302386    0.88888890   +0.11413497  O3-bolt ≈ O3-bolt-opt（差异在 ±5% 内）
2026-04-29 13:56:27,325 INFO:    148           VersaBench_beamformer    1.00008512    1.00000000   +0.00008512  O3-bolt ≈ O3-bolt-opt（差异在 ±5% 内）
2026-04-29 13:56:27,325 INFO:    149                  VersaBench_bmm    1.00049686    1.00000000   +0.00049686  O3-bolt ≈ O3-bolt-opt（差异在 ±5% 内）
2026-04-29 13:56:27,325 INFO:    150                 VersaBench_dbms    1.00111079    1.00000000   +0.00111079  O3-bolt ≈ O3-bolt-opt（差异在 ±5% 内）
2026-04-29 13:56:27,326 INFO:    151               VersaBench_ecbdes    1.00139546    1.00000000   +0.00139546  O3-bolt ≈ O3-bolt-opt（差异在 ±5% 内）
2026-04-29 13:56:27,326 INFO:    152                    llubenchmark    1.00043702    1.00000000   +0.00043702  O3-bolt ≈ O3-bolt-opt（差异在 ±5% 内）
2026-04-29 13:56:27,326 INFO:    153                           mafft    1.00019336    1.00000000   +0.00019336  O3-bolt ≈ O3-bolt-opt（差异在 ±5% 内）
2026-04-29 13:56:27,326 INFO:    154      mediabench_adpcm_rawcaudio    1.00041878    1.00704527   -0.00662649  O3-bolt ≈ O3-bolt-opt（差异在 ±5% 内）
2026-04-29 13:56:27,326 INFO:    155      mediabench_adpcm_rawdaudio    1.00049114    1.01659405   -0.01610291  O3-bolt ≈ O3-bolt-opt（差异在 ±5% 内）
2026-04-29 13:56:27,326 INFO:    156      mediabench_g721_g721encode    1.00001395    0.99612403   +0.00388992  O3-bolt ≈ O3-bolt-opt（差异在 ±5% 内）
2026-04-29 13:56:27,326 INFO:    157            mediabench_gsm_toast    1.00079834    0.99899191   +0.00180644  O3-bolt ≈ O3-bolt-opt（差异在 ±5% 内）
2026-04-29 13:56:27,327 INFO:    158         mediabench_jpeg_jpeg-6a    1.00022924    1.01964355   -0.01941431  O3-bolt ≈ O3-bolt-opt（差异在 ±5% 内）
2026-04-29 13:56:27,327 INFO:    159       mediabench_mpeg2_mpeg2dec    1.00270164    0.95862961   +0.04407203  O3-bolt ≈ O3-bolt-opt（差异在 ±5% 内）
2026-04-29 13:56:27,327 INFO:    160                          nbench    1.00309765    0.93939394   +0.06370372  O3-bolt ≈ O3-bolt-opt（差异在 ±5% 内）
2026-04-29 13:56:27,327 INFO:    161                      tramp3d-v4    0.99963456    0.99317408   +0.00646049  O3-bolt ≈ O3-bolt-opt（差异在 ±5% 内）
2026-04-29 13:56:27,327 INFO: 
  ── 验证指标 ──
2026-04-29 13:56:27,327 INFO:   MAE  = 0.030497
2026-04-29 13:56:27,327 INFO:   MSE  = 0.007744
2026-04-29 13:56:27,327 INFO:   RMSE = 0.087997
2026-04-29 13:56:27,327 INFO:   方向准确率 = 104/161 (64.6%)
2026-04-29 13:56:27,327 INFO:   预测 O3-bolt 更优: 130/161  (真实: 117/161)
2026-04-29 13:56:27,328 INFO:   方向准确率（排除 ±5%）= 16/29 (55.2%)
2026-04-29 13:56:27,330 INFO:   结构化结果: checkpoints/lstm/fixed_time_best/infer_samples_O3-bolt_vs_O3-bolt-opt.csv
2026-04-29 13:56:27,330 INFO:   摘要结果: checkpoints/lstm/fixed_time_best/infer_summary_O3-bolt_vs_O3-bolt-opt.json
2026-04-29 13:56:27,330 INFO: 
