2026-04-29 13:56:31,379 INFO: 自动选择设备: directml
2026-04-29 13:56:31,379 INFO: 设备: privateuseone:0
2026-04-29 13:56:31,379 INFO: 设备类型: directml
2026-04-29 13:56:31,379 INFO: 日志输出目录: checkpoints/lstm/inst_best
2026-04-29 13:56:31,380 INFO: 从指定配置文件加载: checkpoints/lstm/inst_best/lstm_best_inst.json
2026-04-29 13:56:31,380 INFO: [LSTM] DirectML 不支持 nn.LSTM，已自动回退到 CPU
2026-04-29 13:56:31,410 INFO: 模型加载完成: checkpoints/lstm/inst_best/lstm_best_inst.pt  (设备: cpu)
2026-04-29 13:56:31,410 INFO: 模型类型: lstm
2026-04-29 13:56:31,410 INFO: 模型参数: {'in_features': 6, 'mlp_hidden': 32, 'dropout': 0.2, 'lstm_hidden': 64, 'lstm_out': 32, 'num_layers': 2, 'bidirectional': True}
2026-04-29 13:56:31,411 INFO: log-target 模式: 推理时将自动应用 exp() 变换
2026-04-29 13:56:31,411 INFO: pair-swap 训练增强: True（此为训练时数据增强，不影响推理逻辑）
2026-04-29 13:56:31,548 INFO: 已应用 exp() 变换（log-target 模式）
2026-04-29 13:56:31,548 INFO: ========================================================================
2026-04-29 13:56:31,548 INFO: 版本对: O1-g_vs_O3-g  (O1-g vs O3-g)  共 174 个程序
2026-04-29 13:56:31,548 INFO: 标签模式: inst_retired_ratio
2026-04-29 13:56:31,548 INFO: 标签定义: Y = Σinst_v1 / Σinst_v2 (retired instruction ratio)
2026-04-29 13:56:31,549 INFO: 判定方向: Y >= 1 视为 O1-g 更快，Y < 1 视为 O3-g 更快
2026-04-29 13:56:31,549 INFO: 统计口径: 方向准确率按 same-side(Y=1.0) 统计；展示结论仍使用 judge() 的 ±5%% 区间
2026-04-29 13:56:31,549 INFO: ========================================================================
2026-04-29 13:56:31,549 INFO:      #                              程序          预测 Ŷ          真实 Y            误差  判断
2026-04-29 13:56:31,549 INFO:   ------------------------------------------------------------------------------------
2026-04-29 13:56:31,549 INFO:      1                            7zip    1.03777432    1.05214691   -0.01437259  O1-g ≈ O3-g（差异在 ±5% 内）
2026-04-29 13:56:31,549 INFO:      2             ASCI_Purple_SMG2000    1.17903888    1.51914060   -0.34010172  O1-g 优于 O3-g（快 15.2%，加速比 1.18x）
2026-04-29 13:56:31,549 INFO:      3               ASC_Sequoia_AMGmk    0.83420259    0.84737968   -0.01317710  O3-g 优于 O1-g（快 16.6%，加速比 1.20x）
2026-04-29 13:56:31,550 INFO:      4           ASC_Sequoia_CrystalMk    1.05426002    1.01239920   +0.04186082  O1-g 优于 O3-g（快 5.1%，加速比 1.05x）
2026-04-29 13:56:31,550 INFO:      5               ASC_Sequoia_IRSmk    1.00911725    0.95196372   +0.05715352  O1-g ≈ O3-g（差异在 ±5% 内）
2026-04-29 13:56:31,550 INFO:      6                  BitBench_drop3    1.01319683    0.99763298   +0.01556385  O1-g ≈ O3-g（差异在 ±5% 内）
2026-04-29 13:56:31,550 INFO:      7                 BitBench_five11    1.01643550    1.01229441   +0.00414109  O1-g ≈ O3-g（差异在 ±5% 内）
2026-04-29 13:56:31,550 INFO:      8               BitBench_uudecode    0.72318751    1.02966845   -0.30648094  O3-g 优于 O1-g（快 27.7%，加速比 1.38x）
2026-04-29 13:56:31,550 INFO:      9               BitBench_uuencode    1.13799584    1.05835128   +0.07964456  O1-g 优于 O3-g（快 12.1%，加速比 1.14x）
2026-04-29 13:56:31,550 INFO:     10                          Bullet    1.03816724    0.98187548   +0.05629176  O1-g ≈ O3-g（差异在 ±5% 内）
2026-04-29 13:56:31,550 INFO:     11         DOE-ProxyApps-C++_CLAMR    1.00546300    0.98705596   +0.01840705  O1-g ≈ O3-g（差异在 ±5% 内）
2026-04-29 13:56:31,550 INFO:     12   DOE-ProxyApps-C++_HACCKernels    1.39933157    1.13959455   +0.25973701  O1-g 优于 O3-g（快 28.5%，加速比 1.40x）
2026-04-29 13:56:31,551 INFO:     13         DOE-ProxyApps-C++_HPCCG    1.40548754    1.27994394   +0.12554359  O1-g 优于 O3-g（快 28.9%，加速比 1.41x）
2026-04-29 13:56:31,551 INFO:     14       DOE-ProxyApps-C++_PENNANT    1.02499056    1.00958002   +0.01541054  O1-g ≈ O3-g（差异在 ±5% 内）
2026-04-29 13:56:31,551 INFO:     15        DOE-ProxyApps-C++_miniFE    1.34401858    1.20870245   +0.13531613  O1-g 优于 O3-g（快 25.6%，加速比 1.34x）
2026-04-29 13:56:31,551 INFO:     16            DOE-ProxyApps-C_CoMD    1.33914638    1.23889935   +0.10024703  O1-g 优于 O3-g（快 25.3%，加速比 1.34x）
2026-04-29 13:56:31,551 INFO:     17      DOE-ProxyApps-C_Pathfinder    1.00307465    0.97986549   +0.02320915  O1-g ≈ O3-g（差异在 ±5% 内）
2026-04-29 13:56:31,551 INFO:     18         DOE-ProxyApps-C_RSBench    1.01047730    1.00982273   +0.00065458  O1-g ≈ O3-g（差异在 ±5% 内）
2026-04-29 13:56:31,551 INFO:     19       DOE-ProxyApps-C_SimpleMOC    0.87662041    0.92758280   -0.05096239  O3-g 优于 O1-g（快 12.3%，加速比 1.14x）
2026-04-29 13:56:31,551 INFO:     20         DOE-ProxyApps-C_XSBench    1.01662171    0.99297804   +0.02364367  O1-g ≈ O3-g（差异在 ±5% 内）
2026-04-29 13:56:31,551 INFO:     21         DOE-ProxyApps-C_miniAMR    1.00753462    1.00334132   +0.00419331  O1-g ≈ O3-g（差异在 ±5% 内）
2026-04-29 13:56:31,551 INFO:     22         DOE-ProxyApps-C_miniGMG    0.96931565    1.09932089   -0.13000524  O1-g ≈ O3-g（差异在 ±5% 内）
2026-04-29 13:56:31,551 INFO:     23                     Fhourstones    1.04410613    0.98708868   +0.05701745  O1-g ≈ O3-g（差异在 ±5% 内）
2026-04-29 13:56:31,552 INFO:     24                 Fhourstones-3.1    0.98894989    1.00331378   -0.01436388  O1-g ≈ O3-g（差异在 ±5% 内）
2026-04-29 13:56:31,552 INFO:     25              FreeBench_analyzer    1.01030791    0.95052683   +0.05978107  O1-g ≈ O3-g（差异在 ±5% 内）
2026-04-29 13:56:31,552 INFO:     26               FreeBench_distray    1.04615915    1.04589963   +0.00025952  O1-g ≈ O3-g（差异在 ±5% 内）
2026-04-29 13:56:31,552 INFO:     27            FreeBench_fourinarow    1.27116275    2.22647858   -0.95531583  O1-g 优于 O3-g（快 21.3%，加速比 1.27x）
2026-04-29 13:56:31,552 INFO:     28                 FreeBench_mason    1.00632334    1.02385378   -0.01753044  O1-g ≈ O3-g（差异在 ±5% 内）
2026-04-29 13:56:31,552 INFO:     29                FreeBench_neural    1.42207479    1.33065224   +0.09142256  O1-g 优于 O3-g（快 29.7%，加速比 1.42x）
2026-04-29 13:56:31,552 INFO:     30            FreeBench_pcompress2    1.02659535    0.96300054   +0.06359482  O1-g ≈ O3-g（差异在 ±5% 内）
2026-04-29 13:56:31,552 INFO:     31                 FreeBench_pifft    1.01137650    1.12198377   -0.11060727  O1-g ≈ O3-g（差异在 ±5% 内）
2026-04-29 13:56:31,552 INFO:     32               MallocBench_cfrac    1.01435637    1.00670195   +0.00765443  O1-g ≈ O3-g（差异在 ±5% 内）
2026-04-29 13:56:31,552 INFO:     33            MallocBench_espresso    1.00564587    0.96524370   +0.04040217  O1-g ≈ O3-g（差异在 ±5% 内）
2026-04-29 13:56:31,552 INFO:     34                  MallocBench_gs    1.00495768    0.96539551   +0.03956217  O1-g ≈ O3-g（差异在 ±5% 内）
2026-04-29 13:56:31,553 INFO:     35                 McCat_01-qbsort    1.01130593    1.03647053   -0.02516460  O1-g ≈ O3-g（差异在 ±5% 内）
2026-04-29 13:56:31,553 INFO:     36               McCat_03-testtrie    1.00842977    0.99037755   +0.01805222  O1-g ≈ O3-g（差异在 ±5% 内）
2026-04-29 13:56:31,553 INFO:     37                 McCat_04-bisect    1.01611078    0.91615516   +0.09995562  O1-g ≈ O3-g（差异在 ±5% 内）
2026-04-29 13:56:31,553 INFO:     38                    McCat_05-eks    1.00110745    0.98651868   +0.01458877  O1-g ≈ O3-g（差异在 ±5% 内）
2026-04-29 13:56:31,553 INFO:     39                   McCat_08-main    0.97884148    1.10683334   -0.12799186  O1-g ≈ O3-g（差异在 ±5% 内）
2026-04-29 13:56:31,553 INFO:     40                    McCat_09-vor    1.01993346    1.02850676   -0.00857329  O1-g ≈ O3-g（差异在 ±5% 内）
2026-04-29 13:56:31,553 INFO:     41                 McCat_12-IOtest    1.01655006    1.01122808   +0.00532198  O1-g ≈ O3-g（差异在 ±5% 内）
2026-04-29 13:56:31,553 INFO:     42                   McCat_15-trie    1.00883138    1.03785956   -0.02902818  O1-g ≈ O3-g（差异在 ±5% 内）
2026-04-29 13:56:31,554 INFO:     43                  McCat_17-bintr    1.03706670    1.19810581   -0.16103911  O1-g ≈ O3-g（差异在 ±5% 内）
2026-04-29 13:56:31,554 INFO:     44                    McCat_18-imp    1.01154482    1.00422978   +0.00731504  O1-g ≈ O3-g（差异在 ±5% 内）
2026-04-29 13:56:31,554 INFO:     45    MiBench_automotive-basicmath    1.01602054    1.00098825   +0.01503229  O1-g ≈ O3-g（差异在 ±5% 内）
2026-04-29 13:56:31,554 INFO:     46     MiBench_automotive-bitcount    1.00667036    0.96513814   +0.04153222  O1-g ≈ O3-g（差异在 ±5% 内）
2026-04-29 13:56:31,554 INFO:     47        MiBench_automotive-susan    1.06586349    1.04468167   +0.02118182  O1-g 优于 O3-g（快 6.2%，加速比 1.07x）
2026-04-29 13:56:31,554 INFO:     48           MiBench_consumer-jpeg    1.01965773    1.07011580   -0.05045807  O1-g ≈ O3-g（差异在 ±5% 内）
2026-04-29 13:56:31,554 INFO:     49           MiBench_consumer-lame    1.11650503    1.09484780   +0.02165723  O1-g 优于 O3-g（快 10.4%，加速比 1.12x）
2026-04-29 13:56:31,554 INFO:     50        MiBench_consumer-typeset    0.99993342    0.99273539   +0.00719804  O1-g ≈ O3-g（差异在 ±5% 内）
2026-04-29 13:56:31,555 INFO:     51        MiBench_network-dijkstra    1.01141441    0.99944168   +0.01197273  O1-g ≈ O3-g（差异在 ±5% 内）
2026-04-29 13:56:31,555 INFO:     52        MiBench_network-patricia    1.01012933    0.98605341   +0.02407593  O1-g ≈ O3-g（差异在 ±5% 内）
2026-04-29 13:56:31,555 INFO:     53           MiBench_office-ispell    0.99443907    1.00195062   -0.00751156  O1-g ≈ O3-g（差异在 ±5% 内）
2026-04-29 13:56:31,555 INFO:     54     MiBench_office-stringsearch    1.07350504    1.11747324   -0.04396820  O1-g 优于 O3-g（快 6.8%，加速比 1.07x）
2026-04-29 13:56:31,555 INFO:     55       MiBench_security-blowfish    0.99721646    0.98299021   +0.01422626  O1-g ≈ O3-g（差异在 ±5% 内）
2026-04-29 13:56:31,555 INFO:     56       MiBench_security-rijndael    1.03730369    1.02165723   +0.01564646  O1-g ≈ O3-g（差异在 ±5% 内）
2026-04-29 13:56:31,555 INFO:     57            MiBench_security-sha    1.06953180    1.25654697   -0.18701518  O1-g 优于 O3-g（快 6.5%，加速比 1.07x）
2026-04-29 13:56:31,555 INFO:     58          MiBench_telecomm-CRC32    1.01098144    0.99769044   +0.01329100  O1-g ≈ O3-g（差异在 ±5% 内）
2026-04-29 13:56:31,555 INFO:     59            MiBench_telecomm-FFT    1.00263584    1.00493848   -0.00230265  O1-g ≈ O3-g（差异在 ±5% 内）
2026-04-29 13:56:31,556 INFO:     60          MiBench_telecomm-adpcm    1.00617361    1.00401998   +0.00215364  O1-g ≈ O3-g（差异在 ±5% 内）
2026-04-29 13:56:31,556 INFO:     61            MiBench_telecomm-gsm    1.04740214    1.02951670   +0.01788545  O1-g ≈ O3-g（差异在 ±5% 内）
2026-04-29 13:56:31,556 INFO:     62                   NPB-serial_is    1.06627738    1.22246301   -0.15618563  O1-g 优于 O3-g（快 6.2%，加速比 1.07x）
2026-04-29 13:56:31,556 INFO:     63                        Olden_bh    1.39631605    1.77179885   -0.37548280  O1-g 优于 O3-g（快 28.4%，加速比 1.40x）
2026-04-29 13:56:31,556 INFO:     64                    Olden_bisort    1.05416441    1.06078053   -0.00661612  O1-g 优于 O3-g（快 5.1%，加速比 1.05x）
2026-04-29 13:56:31,556 INFO:     65                      Olden_em3d    1.00622642    0.99986130   +0.00636512  O1-g ≈ O3-g（差异在 ±5% 内）
2026-04-29 13:56:31,556 INFO:     66                    Olden_health    0.99824691    1.04082322   -0.04257631  O1-g ≈ O3-g（差异在 ±5% 内）
2026-04-29 13:56:31,556 INFO:     67                       Olden_mst    1.00574899    0.97771299   +0.02803600  O1-g ≈ O3-g（差异在 ±5% 内）
2026-04-29 13:56:31,556 INFO:     68                 Olden_perimeter    1.00800645    0.96491396   +0.04309249  O1-g ≈ O3-g（差异在 ±5% 内）
2026-04-29 13:56:31,557 INFO:     69                     Olden_power    1.43149590    1.62748301   -0.19598711  O1-g 优于 O3-g（快 30.1%，加速比 1.43x）
2026-04-29 13:56:31,557 INFO:     70                   Olden_treeadd    1.01632082    0.99467939   +0.02164143  O1-g ≈ O3-g（差异在 ±5% 内）
2026-04-29 13:56:31,557 INFO:     71                       Olden_tsp    1.37005556    1.09866929   +0.27138627  O1-g 优于 O3-g（快 27.0%，加速比 1.37x）
2026-04-29 13:56:31,557 INFO:     72                   Olden_voronoi    1.00047159    0.98685688   +0.01361471  O1-g ≈ O3-g（差异在 ±5% 内）
2026-04-29 13:56:31,557 INFO:     73                           PAQ8p    1.48243010    1.40663445   +0.07579565  O1-g 优于 O3-g（快 32.5%，加速比 1.48x）
2026-04-29 13:56:31,557 INFO:     74                 Prolangs-C++_NP    1.00811338    0.98800284   +0.02011055  O1-g ≈ O3-g（差异在 ±5% 内）
2026-04-29 13:56:31,557 INFO:     75               Prolangs-C++_city    1.01277363    0.99258202   +0.02019161  O1-g ≈ O3-g（差异在 ±5% 内）
2026-04-29 13:56:31,558 INFO:     76             Prolangs-C++_deriv1    1.00468159    0.98991650   +0.01476508  O1-g ≈ O3-g（差异在 ±5% 内）
2026-04-29 13:56:31,558 INFO:     77             Prolangs-C++_deriv2    1.00140405    1.01208258   -0.01067853  O1-g ≈ O3-g（差异在 ±5% 内）
2026-04-29 13:56:31,558 INFO:     78             Prolangs-C++_employ    1.01080489    1.00013697   +0.01066792  O1-g ≈ O3-g（差异在 ±5% 内）
2026-04-29 13:56:31,558 INFO:     79             Prolangs-C++_family    1.00034285    1.00363624   -0.00329340  O1-g ≈ O3-g（差异在 ±5% 内）
2026-04-29 13:56:31,558 INFO:     80                Prolangs-C++_fsm    0.99912959    1.01623404   -0.01710445  O1-g ≈ O3-g（差异在 ±5% 内）
2026-04-29 13:56:31,558 INFO:     81             Prolangs-C++_garage    1.00363457    0.98105830   +0.02257627  O1-g ≈ O3-g（差异在 ±5% 内）
2026-04-29 13:56:31,558 INFO:     82               Prolangs-C++_life    1.01735449    1.06317055   -0.04581606  O1-g ≈ O3-g（差异在 ±5% 内）
2026-04-29 13:56:31,558 INFO:     83            Prolangs-C++_objects    1.00021374    1.00501144   -0.00479770  O1-g ≈ O3-g（差异在 ±5% 内）
2026-04-29 13:56:31,558 INFO:     84              Prolangs-C++_ocean    1.01473927    1.00059795   +0.01414132  O1-g ≈ O3-g（差异在 ±5% 内）
2026-04-29 13:56:31,558 INFO:     85             Prolangs-C++_office    1.00397921    1.00568211   -0.00170290  O1-g ≈ O3-g（差异在 ±5% 内）
2026-04-29 13:56:31,558 INFO:     86             Prolangs-C++_primes    0.68242115    0.48612747   +0.19629368  O3-g 优于 O1-g（快 31.8%，加速比 1.47x）
2026-04-29 13:56:31,559 INFO:     87             Prolangs-C++_shapes    1.00256228    1.00664079   -0.00407851  O1-g ≈ O3-g（差异在 ±5% 内）
2026-04-29 13:56:31,559 INFO:     88              Prolangs-C++_simul    1.01362145    0.95430279   +0.05931866  O1-g ≈ O3-g（差异在 ±5% 内）
2026-04-29 13:56:31,559 INFO:     89              Prolangs-C++_trees    1.00709152    0.98814744   +0.01894408  O1-g ≈ O3-g（差异在 ±5% 内）
2026-04-29 13:56:31,559 INFO:     90              Prolangs-C++_vcirc    1.00593984    0.99003530   +0.01590455  O1-g ≈ O3-g（差异在 ±5% 内）
2026-04-29 13:56:31,559 INFO:     91         Prolangs-C_TimberWolfMC    1.00337005    0.98097908   +0.02239096  O1-g ≈ O3-g（差异在 ±5% 内）
2026-04-29 13:56:31,559 INFO:     92                Prolangs-C_agrep    1.00333810    1.02208614   -0.01874804  O1-g ≈ O3-g（差异在 ±5% 内）
2026-04-29 13:56:31,559 INFO:     93             Prolangs-C_allroots    1.00086355    0.98878694   +0.01207662  O1-g ≈ O3-g（差异在 ±5% 内）
2026-04-29 13:56:31,559 INFO:     94        Prolangs-C_archie-client    1.00465274    1.00117230   +0.00348043  O1-g ≈ O3-g（差异在 ±5% 内）
2026-04-29 13:56:31,559 INFO:     95            Prolangs-C_assembler    1.00344646    0.98933381   +0.01411265  O1-g ≈ O3-g（差异在 ±5% 内）
2026-04-29 13:56:31,559 INFO:     96                Prolangs-C_bison    1.01110458    1.01602924   -0.00492465  O1-g ≈ O3-g（差异在 ±5% 内）
2026-04-29 13:56:31,560 INFO:     97                Prolangs-C_cdecl    0.99655306    1.01050997   -0.01395690  O1-g ≈ O3-g（差异在 ±5% 内）
2026-04-29 13:56:31,560 INFO:     98             Prolangs-C_compiler    1.00409651    0.99449879   +0.00959772  O1-g ≈ O3-g（差异在 ±5% 内）
2026-04-29 13:56:31,560 INFO:     99            Prolangs-C_fixoutput    1.00502324    1.00782871   -0.00280547  O1-g ≈ O3-g（差异在 ±5% 内）
2026-04-29 13:56:31,560 INFO:    100             Prolangs-C_football    1.00488222    1.01312721   -0.00824499  O1-g ≈ O3-g（差异在 ±5% 内）
2026-04-29 13:56:31,560 INFO:    101                Prolangs-C_gnugo    1.02686095    1.06310117   -0.03624022  O1-g ≈ O3-g（差异在 ±5% 内）
2026-04-29 13:56:31,560 INFO:    102               Prolangs-C_loader    1.00388217    1.01331997   -0.00943780  O1-g ≈ O3-g（差异在 ±5% 内）
2026-04-29 13:56:31,560 INFO:    103             Prolangs-C_plot2fig    1.00294995    1.00841832   -0.00546837  O1-g ≈ O3-g（差异在 ±5% 内）
2026-04-29 13:56:31,560 INFO:    104            Prolangs-C_simulator    1.00383818    0.98909372   +0.01474446  O1-g ≈ O3-g（差异在 ±5% 内）
2026-04-29 13:56:31,560 INFO:    105           Prolangs-C_unix-smail    1.00331771    1.00438523   -0.00106752  O1-g ≈ O3-g（差异在 ±5% 内）
2026-04-29 13:56:31,561 INFO:    106             Prolangs-C_unix-tbl    1.00491881    1.01323879   -0.00831997  O1-g ≈ O3-g（差异在 ±5% 内）
2026-04-29 13:56:31,561 INFO:    107                 Ptrdist_anagram    0.99917018    0.95366198   +0.04550821  O1-g ≈ O3-g（差异在 ±5% 内）
2026-04-29 13:56:31,561 INFO:    108                      Ptrdist_bc    1.01654518    0.99959159   +0.01695359  O1-g ≈ O3-g（差异在 ±5% 内）
2026-04-29 13:56:31,561 INFO:    109                      Ptrdist_ft    0.93376249    1.01296639   -0.07920390  O3-g 优于 O1-g（快 6.6%，加速比 1.07x）
2026-04-29 13:56:31,561 INFO:    110                      Ptrdist_ks    1.00338221    0.96455014   +0.03883207  O1-g ≈ O3-g（差异在 ±5% 内）
2026-04-29 13:56:31,561 INFO:    111                   Ptrdist_yacr2    1.00488710    0.89105582   +0.11383128  O1-g ≈ O3-g（差异在 ±5% 内）
2026-04-29 13:56:31,561 INFO:    112                Rodinia_backprop    1.05032706    1.07215905   -0.02183199  O1-g 优于 O3-g（快 4.8%，加速比 1.05x）
2026-04-29 13:56:31,561 INFO:    113                 Rodinia_hotspot    1.05500543    1.09053552   -0.03553009  O1-g 优于 O3-g（快 5.2%，加速比 1.06x）
2026-04-29 13:56:31,561 INFO:    114              Rodinia_pathfinder    1.35644531    1.02710640   +0.32933891  O1-g 优于 O3-g（快 26.3%，加速比 1.36x）
2026-04-29 13:56:31,561 INFO:    115                    Rodinia_srad    1.05744672    1.17933989   -0.12189317  O1-g 优于 O3-g（快 5.4%，加速比 1.06x）
2026-04-29 13:56:31,561 INFO:    116                      SciMark2-C    1.07835591    1.11672235   -0.03836644  O1-g 优于 O3-g（快 7.3%，加速比 1.08x）
2026-04-29 13:56:31,562 INFO:    117            TSVC_ControlFlow-dbl    0.97707123    0.99046850   -0.01339728  O1-g ≈ O3-g（差异在 ±5% 内）
2026-04-29 13:56:31,562 INFO:    118            TSVC_ControlFlow-flt    0.97567546    0.91927743   +0.05639803  O1-g ≈ O3-g（差异在 ±5% 内）
2026-04-29 13:56:31,562 INFO:    119           TSVC_ControlLoops-dbl    1.42059588    1.71405315   -0.29345727  O1-g 优于 O3-g（快 29.6%，加速比 1.42x）
2026-04-29 13:56:31,562 INFO:    120           TSVC_ControlLoops-flt    1.38468993    1.62484658   -0.24015665  O1-g 优于 O3-g（快 27.8%，加速比 1.38x）
2026-04-29 13:56:31,562 INFO:    121     TSVC_CrossingThresholds-dbl    1.35638797    1.38178182   -0.02539384  O1-g 优于 O3-g（快 26.3%，加速比 1.36x）
2026-04-29 13:56:31,562 INFO:    122     TSVC_CrossingThresholds-flt    1.37502432    1.65369225   -0.27866793  O1-g 优于 O3-g（快 27.3%，加速比 1.38x）
2026-04-29 13:56:31,562 INFO:    123          TSVC_Equivalencing-dbl    1.40203524    2.00345516   -0.60141993  O1-g 优于 O3-g（快 28.7%，加速比 1.40x）
2026-04-29 13:56:31,562 INFO:    124          TSVC_Equivalencing-flt    1.40228415    1.70989823   -0.30761409  O1-g 优于 O3-g（快 28.7%，加速比 1.40x）
2026-04-29 13:56:31,562 INFO:    125              TSVC_Expansion-dbl    1.23638427    1.51436615   -0.27798188  O1-g 优于 O3-g（快 19.1%，加速比 1.24x）
2026-04-29 13:56:31,562 INFO:    126              TSVC_Expansion-flt    1.14327300    1.49383807   -0.35056508  O1-g 优于 O3-g（快 12.5%，加速比 1.14x）
2026-04-29 13:56:31,562 INFO:    127         TSVC_GlobalDataFlow-dbl    1.36900926    1.49913609   -0.13012683  O1-g 优于 O3-g（快 27.0%，加速比 1.37x）
2026-04-29 13:56:31,563 INFO:    128         TSVC_GlobalDataFlow-flt    1.28691518    1.69196165   -0.40504646  O1-g 优于 O3-g（快 22.3%，加速比 1.29x）
2026-04-29 13:56:31,563 INFO:    129     TSVC_IndirectAddressing-dbl    1.28638744    1.26709020   +0.01929724  O1-g 优于 O3-g（快 22.3%，加速比 1.29x）
2026-04-29 13:56:31,563 INFO:    130     TSVC_IndirectAddressing-flt    1.28607714    1.21542096   +0.07065618  O1-g 优于 O3-g（快 22.2%，加速比 1.29x）
2026-04-29 13:56:31,563 INFO:    131      TSVC_InductionVariable-dbl    1.36916971    1.26401389   +0.10515583  O1-g 优于 O3-g（快 27.0%，加速比 1.37x）
2026-04-29 13:56:31,563 INFO:    132      TSVC_InductionVariable-flt    1.38061535    1.27615166   +0.10446370  O1-g 优于 O3-g（快 27.6%，加速比 1.38x）
2026-04-29 13:56:31,563 INFO:    133       TSVC_LinearDependence-dbl    1.33612311    1.44502699   -0.10890388  O1-g 优于 O3-g（快 25.2%，加速比 1.34x）
2026-04-29 13:56:31,563 INFO:    134       TSVC_LinearDependence-flt    1.34910929    1.30733514   +0.04177415  O1-g 优于 O3-g（快 25.9%，加速比 1.35x）
2026-04-29 13:56:31,563 INFO:    135          TSVC_LoopRerolling-dbl    1.12328279    1.16878235   -0.04549956  O1-g 优于 O3-g（快 11.0%，加速比 1.12x）
2026-04-29 13:56:31,563 INFO:    136          TSVC_LoopRerolling-flt    1.18850815    1.16744995   +0.02105820  O1-g 优于 O3-g（快 15.9%，加速比 1.19x）
2026-04-29 13:56:31,563 INFO:    137      TSVC_LoopRestructuring-dbl    1.31576443    1.37091148   -0.05514705  O1-g 优于 O3-g（快 24.0%，加速比 1.32x）
2026-04-29 13:56:31,563 INFO:    138      TSVC_LoopRestructuring-flt    1.32880259    1.39173472   -0.06293213  O1-g 优于 O3-g（快 24.7%，加速比 1.33x）
2026-04-29 13:56:31,564 INFO:    139          TSVC_NodeSplitting-dbl    1.00984693    1.07326806   -0.06342113  O1-g ≈ O3-g（差异在 ±5% 内）
2026-04-29 13:56:31,564 INFO:    140          TSVC_NodeSplitting-flt    1.01162469    1.11647558   -0.10485089  O1-g ≈ O3-g（差异在 ±5% 内）
2026-04-29 13:56:31,564 INFO:    141                TSVC_Packing-dbl    0.94800538    1.04240382   -0.09439844  O3-g 优于 O1-g（快 5.2%，加速比 1.05x）
2026-04-29 13:56:31,564 INFO:    142                TSVC_Packing-flt    0.94883662    1.04674053   -0.09790391  O3-g 优于 O1-g（快 5.1%，加速比 1.05x）
2026-04-29 13:56:31,564 INFO:    143            TSVC_Recurrences-dbl    1.03937078    1.06764257   -0.02827179  O1-g ≈ O3-g（差异在 ±5% 内）
2026-04-29 13:56:31,564 INFO:    144            TSVC_Recurrences-flt    1.03954089    1.06592286   -0.02638197  O1-g ≈ O3-g（差异在 ±5% 内）
2026-04-29 13:56:31,564 INFO:    145             TSVC_Reductions-dbl    1.32471263    1.67038345   -0.34567082  O1-g 优于 O3-g（快 24.5%，加速比 1.32x）
2026-04-29 13:56:31,564 INFO:    146             TSVC_Reductions-flt    1.29573083    1.68663168   -0.39090085  O1-g 优于 O3-g（快 22.8%，加速比 1.30x）
2026-04-29 13:56:31,564 INFO:    147              TSVC_Searching-dbl    1.00974023    0.79990190   +0.20983833  O1-g ≈ O3-g（差异在 ±5% 内）
2026-04-29 13:56:31,564 INFO:    148              TSVC_Searching-flt    0.97484607    0.76631284   +0.20853323  O1-g ≈ O3-g（差异在 ±5% 内）
2026-04-29 13:56:31,564 INFO:    149    TSVC_StatementReordering-dbl    1.08136666    0.99871159   +0.08265507  O1-g 优于 O3-g（快 7.5%，加速比 1.08x）
2026-04-29 13:56:31,565 INFO:    150    TSVC_StatementReordering-flt    1.07333028    1.00862420   +0.06470609  O1-g 优于 O3-g（快 6.8%，加速比 1.07x）
2026-04-29 13:56:31,565 INFO:    151              TSVC_Symbolics-dbl    1.30306089    1.61541533   -0.31235445  O1-g 优于 O3-g（快 23.3%，加速比 1.30x）
2026-04-29 13:56:31,565 INFO:    152              TSVC_Symbolics-flt    1.17933989    1.23055673   -0.05121684  O1-g 优于 O3-g（快 15.2%，加速比 1.18x）
2026-04-29 13:56:31,565 INFO:    153               Trimaran_enc-3des    1.02153265    1.00129914   +0.02023351  O1-g ≈ O3-g（差异在 ±5% 内）
2026-04-29 13:56:31,565 INFO:    154                Trimaran_enc-md5    1.01629102    1.00132620   +0.01496482  O1-g ≈ O3-g（差异在 ±5% 内）
2026-04-29 13:56:31,565 INFO:    155                Trimaran_enc-pc1    1.15176976    1.15480661   -0.00303686  O1-g 优于 O3-g（快 13.2%，加速比 1.15x）
2026-04-29 13:56:31,565 INFO:    156                Trimaran_enc-rc4    1.16085446    1.09661901   +0.06423545  O1-g 优于 O3-g（快 13.9%，加速比 1.16x）
2026-04-29 13:56:31,566 INFO:    157           Trimaran_netbench-crc    1.20596838    1.17783833   +0.02813005  O1-g 优于 O3-g（快 17.1%，加速比 1.21x）
2026-04-29 13:56:31,566 INFO:    158           Trimaran_netbench-url    1.00257087    0.91711408   +0.08545679  O1-g ≈ O3-g（差异在 ±5% 内）
2026-04-29 13:56:31,566 INFO:    159                VersaBench_8b10b    1.03099895    1.11346579   -0.08246684  O1-g ≈ O3-g（差异在 ±5% 内）
2026-04-29 13:56:31,566 INFO:    160           VersaBench_beamformer    0.95303291    0.97226250   -0.01922959  O1-g ≈ O3-g（差异在 ±5% 内）
2026-04-29 13:56:31,566 INFO:    161                  VersaBench_bmm    1.00407970    0.99259430   +0.01148540  O1-g ≈ O3-g（差异在 ±5% 内）
2026-04-29 13:56:31,566 INFO:    162                 VersaBench_dbms    1.01138330    1.00903523   +0.00234807  O1-g ≈ O3-g（差异在 ±5% 内）
2026-04-29 13:56:31,566 INFO:    163               VersaBench_ecbdes    1.01680470    1.01502907   +0.00177562  O1-g ≈ O3-g（差异在 ±5% 内）
2026-04-29 13:56:31,566 INFO:    164                    llubenchmark    1.01067567    1.00484812   +0.00582755  O1-g ≈ O3-g（差异在 ±5% 内）
2026-04-29 13:56:31,566 INFO:    165                           mafft    1.03478968    1.11314344   -0.07835376  O1-g ≈ O3-g（差异在 ±5% 内）
2026-04-29 13:56:31,566 INFO:    166      mediabench_adpcm_rawcaudio    1.00754499    1.02923095   -0.02168596  O1-g ≈ O3-g（差异在 ±5% 内）
2026-04-29 13:56:31,567 INFO:    167      mediabench_adpcm_rawdaudio    0.99966884    1.00451350   -0.00484467  O1-g ≈ O3-g（差异在 ±5% 内）
2026-04-29 13:56:31,567 INFO:    168      mediabench_g721_g721encode    1.02560449    1.20170522   -0.17610073  O1-g ≈ O3-g（差异在 ±5% 内）
2026-04-29 13:56:31,567 INFO:    169            mediabench_gsm_toast    1.03632820    1.02816927   +0.00815892  O1-g ≈ O3-g（差异在 ±5% 内）
2026-04-29 13:56:31,567 INFO:    170         mediabench_jpeg_jpeg-6a    1.02839422    0.99372202   +0.03467220  O1-g ≈ O3-g（差异在 ±5% 内）
2026-04-29 13:56:31,567 INFO:    171       mediabench_mpeg2_mpeg2dec    1.42847645    2.17545843   -0.74698198  O1-g 优于 O3-g（快 30.0%，加速比 1.43x）
2026-04-29 13:56:31,567 INFO:    172                          nbench    1.06728470    1.21341527   -0.14613056  O1-g 优于 O3-g（快 6.3%，加速比 1.07x）
2026-04-29 13:56:31,567 INFO:    173                             sim    1.00394678    0.98539340   +0.01855338  O1-g ≈ O3-g（差异在 ±5% 内）
2026-04-29 13:56:31,567 INFO:    174                      tramp3d-v4    0.97795790    1.05297732   -0.07501942  O1-g ≈ O3-g（差异在 ±5% 内）
2026-04-29 13:56:31,567 INFO: 
  ── 验证指标 ──
2026-04-29 13:56:31,568 INFO:   MAE  = 0.082516
2026-04-29 13:56:31,568 INFO:   MSE  = 0.023887
2026-04-29 13:56:31,568 INFO:   RMSE = 0.154553
2026-04-29 13:56:31,568 INFO:   方向准确率 = 117/174 (67.2%)
2026-04-29 13:56:31,568 INFO:   预测 O1-g 更优: 151/174  (真实: 120/174)
2026-04-29 13:56:31,568 INFO:   方向准确率（排除 ±5%）= 68/75 (90.7%)
2026-04-29 13:56:31,570 INFO:   结构化结果: checkpoints/lstm/inst_best/infer_samples_O1-g_vs_O3-g.csv
2026-04-29 13:56:31,570 INFO:   摘要结果: checkpoints/lstm/inst_best/infer_summary_O1-g_vs_O3-g.json
2026-04-29 13:56:31,670 INFO: 已应用 exp() 变换（log-target 模式）
2026-04-29 13:56:31,670 INFO: ========================================================================
2026-04-29 13:56:31,670 INFO: 版本对: O2-bolt_vs_O2-bolt-opt  (O2-bolt vs O2-bolt-opt)  共 174 个程序
2026-04-29 13:56:31,670 INFO: 标签模式: inst_retired_ratio
2026-04-29 13:56:31,670 INFO: 标签定义: Y = Σinst_v1 / Σinst_v2 (retired instruction ratio)
2026-04-29 13:56:31,670 INFO: 判定方向: Y >= 1 视为 O2-bolt 更快，Y < 1 视为 O2-bolt-opt 更快
2026-04-29 13:56:31,670 INFO: 统计口径: 方向准确率按 same-side(Y=1.0) 统计；展示结论仍使用 judge() 的 ±5%% 区间
2026-04-29 13:56:31,670 INFO: ========================================================================
2026-04-29 13:56:31,670 INFO:      #                              程序          预测 Ŷ          真实 Y            误差  判断
2026-04-29 13:56:31,670 INFO:   ------------------------------------------------------------------------------------
2026-04-29 13:56:31,670 INFO:      1                            7zip    1.01476419    0.99190646   +0.02285773  O2-bolt ≈ O2-bolt-opt（差异在 ±5% 内）
2026-04-29 13:56:31,671 INFO:      2             ASCI_Purple_SMG2000    1.00859082    0.99499196   +0.01359886  O2-bolt ≈ O2-bolt-opt（差异在 ±5% 内）
2026-04-29 13:56:31,671 INFO:      3               ASC_Sequoia_AMGmk    1.01465285    1.01762629   -0.00297344  O2-bolt ≈ O2-bolt-opt（差异在 ±5% 内）
2026-04-29 13:56:31,671 INFO:      4           ASC_Sequoia_CrystalMk    1.03972948    1.00154722   +0.03818226  O2-bolt ≈ O2-bolt-opt（差异在 ±5% 内）
2026-04-29 13:56:31,671 INFO:      5               ASC_Sequoia_IRSmk    1.00991273    0.99642879   +0.01348394  O2-bolt ≈ O2-bolt-opt（差异在 ±5% 内）
2026-04-29 13:56:31,671 INFO:      6                  BitBench_drop3    1.02183092    1.04710507   -0.02527416  O2-bolt ≈ O2-bolt-opt（差异在 ±5% 内）
2026-04-29 13:56:31,671 INFO:      7                 BitBench_five11    1.01111460    0.98819727   +0.02291733  O2-bolt ≈ O2-bolt-opt（差异在 ±5% 内）
2026-04-29 13:56:31,671 INFO:      8               BitBench_uudecode    1.00038671    1.00271845   -0.00233173  O2-bolt ≈ O2-bolt-opt（差异在 ±5% 内）
2026-04-29 13:56:31,671 INFO:      9               BitBench_uuencode    1.01396525    1.00675178   +0.00721347  O2-bolt ≈ O2-bolt-opt（差异在 ±5% 内）
2026-04-29 13:56:31,671 INFO:     10                          Bullet    1.00781560    1.00948513   -0.00166953  O2-bolt ≈ O2-bolt-opt（差异在 ±5% 内）
2026-04-29 13:56:31,671 INFO:     11         DOE-ProxyApps-C++_CLAMR    1.03976691    1.00605237   +0.03371453  O2-bolt ≈ O2-bolt-opt（差异在 ±5% 内）
2026-04-29 13:56:31,672 INFO:     12   DOE-ProxyApps-C++_HACCKernels    1.00100064    0.99787724   +0.00312340  O2-bolt ≈ O2-bolt-opt（差异在 ±5% 内）
2026-04-29 13:56:31,672 INFO:     13         DOE-ProxyApps-C++_HPCCG    0.98522788    1.00221992   -0.01699203  O2-bolt ≈ O2-bolt-opt（差异在 ±5% 内）
2026-04-29 13:56:31,672 INFO:     14       DOE-ProxyApps-C++_PENNANT    1.01192737    1.00467432   +0.00725305  O2-bolt ≈ O2-bolt-opt（差异在 ±5% 内）
2026-04-29 13:56:31,672 INFO:     15        DOE-ProxyApps-C++_miniFE    1.01653302    0.99282509   +0.02370793  O2-bolt ≈ O2-bolt-opt（差异在 ±5% 内）
2026-04-29 13:56:31,672 INFO:     16            DOE-ProxyApps-C_CoMD    1.06642103    0.97062367   +0.09579736  O2-bolt 优于 O2-bolt-opt（快 6.2%，加速比 1.07x）
2026-04-29 13:56:31,672 INFO:     17      DOE-ProxyApps-C_Pathfinder    0.98890489    1.04506969   -0.05616480  O2-bolt ≈ O2-bolt-opt（差异在 ±5% 内）
2026-04-29 13:56:31,672 INFO:     18         DOE-ProxyApps-C_RSBench    1.00187778    1.00188196   -0.00000417  O2-bolt ≈ O2-bolt-opt（差异在 ±5% 内）
2026-04-29 13:56:31,672 INFO:     19       DOE-ProxyApps-C_SimpleMOC    1.09559405    1.02424765   +0.07134640  O2-bolt 优于 O2-bolt-opt（快 8.7%，加速比 1.10x）
2026-04-29 13:56:31,672 INFO:     20         DOE-ProxyApps-C_XSBench    0.99583638    0.98589885   +0.00993752  O2-bolt ≈ O2-bolt-opt（差异在 ±5% 内）
2026-04-29 13:56:31,673 INFO:     21         DOE-ProxyApps-C_miniAMR    0.99554366    1.00723326   -0.01168960  O2-bolt ≈ O2-bolt-opt（差异在 ±5% 内）
2026-04-29 13:56:31,673 INFO:     22         DOE-ProxyApps-C_miniGMG    0.98963088    0.99291104   -0.00328016  O2-bolt ≈ O2-bolt-opt（差异在 ±5% 内）
2026-04-29 13:56:31,673 INFO:     23                     Fhourstones    0.99956036    0.99807417   +0.00148618  O2-bolt ≈ O2-bolt-opt（差异在 ±5% 内）
2026-04-29 13:56:31,673 INFO:     24                 Fhourstones-3.1    1.06255162    1.08088267   -0.01833105  O2-bolt 优于 O2-bolt-opt（快 5.9%，加速比 1.06x）
2026-04-29 13:56:31,673 INFO:     25              FreeBench_analyzer    1.01445293    1.02111661   -0.00666368  O2-bolt ≈ O2-bolt-opt（差异在 ±5% 内）
2026-04-29 13:56:31,673 INFO:     26               FreeBench_distray    1.02435005    1.00339484   +0.02095520  O2-bolt ≈ O2-bolt-opt（差异在 ±5% 内）
2026-04-29 13:56:31,673 INFO:     27            FreeBench_fourinarow    1.00932431    1.00898135   +0.00034297  O2-bolt ≈ O2-bolt-opt（差异在 ±5% 内）
2026-04-29 13:56:31,673 INFO:     28                 FreeBench_mason    0.98282355    0.98459494   -0.00177139  O2-bolt ≈ O2-bolt-opt（差异在 ±5% 内）
2026-04-29 13:56:31,674 INFO:     29                FreeBench_neural    0.87451565    1.00250769   -0.12799203  O2-bolt-opt 优于 O2-bolt（快 12.5%，加速比 1.14x）
2026-04-29 13:56:31,674 INFO:     30            FreeBench_pcompress2    1.04040003    1.05552721   -0.01512718  O2-bolt ≈ O2-bolt-opt（差异在 ±5% 内）
2026-04-29 13:56:31,674 INFO:     31                 FreeBench_pifft    0.99558479    1.00208592   -0.00650114  O2-bolt ≈ O2-bolt-opt（差异在 ±5% 内）
2026-04-29 13:56:31,674 INFO:     32               MallocBench_cfrac    1.00199080    1.01551688   -0.01352608  O2-bolt ≈ O2-bolt-opt（差异在 ±5% 内）
2026-04-29 13:56:31,674 INFO:     33            MallocBench_espresso    1.01173735    1.02561450   -0.01387715  O2-bolt ≈ O2-bolt-opt（差异在 ±5% 内）
2026-04-29 13:56:31,674 INFO:     34                  MallocBench_gs    0.99523324    0.98479539   +0.01043785  O2-bolt ≈ O2-bolt-opt（差异在 ±5% 内）
2026-04-29 13:56:31,674 INFO:     35                 McCat_01-qbsort    1.00983560    0.97684669   +0.03298891  O2-bolt ≈ O2-bolt-opt（差异在 ±5% 内）
2026-04-29 13:56:31,675 INFO:     36               McCat_03-testtrie    0.98679930    0.94643414   +0.04036516  O2-bolt ≈ O2-bolt-opt（差异在 ±5% 内）
2026-04-29 13:56:31,675 INFO:     37                 McCat_04-bisect    1.01832819    1.01462364   +0.00370455  O2-bolt ≈ O2-bolt-opt（差异在 ±5% 内）
2026-04-29 13:56:31,675 INFO:     38                    McCat_05-eks    1.02834570    1.01603544   +0.01231027  O2-bolt ≈ O2-bolt-opt（差异在 ±5% 内）
2026-04-29 13:56:31,675 INFO:     39                   McCat_08-main    0.98502016    0.99935353   -0.01433337  O2-bolt ≈ O2-bolt-opt（差异在 ±5% 内）
2026-04-29 13:56:31,675 INFO:     40                    McCat_09-vor    1.01099288    0.99774402   +0.01324886  O2-bolt ≈ O2-bolt-opt（差异在 ±5% 内）
2026-04-29 13:56:31,675 INFO:     41                 McCat_12-IOtest    1.01633024    0.99122238   +0.02510786  O2-bolt ≈ O2-bolt-opt（差异在 ±5% 内）
2026-04-29 13:56:31,675 INFO:     42                   McCat_15-trie    0.99970019    0.98767984   +0.01202035  O2-bolt ≈ O2-bolt-opt（差异在 ±5% 内）
2026-04-29 13:56:31,675 INFO:     43                  McCat_17-bintr    1.02231431    0.97631204   +0.04600227  O2-bolt ≈ O2-bolt-opt（差异在 ±5% 内）
2026-04-29 13:56:31,675 INFO:     44                    McCat_18-imp    1.01458967    1.10998380   -0.09539413  O2-bolt ≈ O2-bolt-opt（差异在 ±5% 内）
2026-04-29 13:56:31,676 INFO:     45    MiBench_automotive-basicmath    1.01474738    1.00245774   +0.01228964  O2-bolt ≈ O2-bolt-opt（差异在 ±5% 内）
2026-04-29 13:56:31,676 INFO:     46     MiBench_automotive-bitcount    1.00627959    0.90276325   +0.10351634  O2-bolt ≈ O2-bolt-opt（差异在 ±5% 内）
2026-04-29 13:56:31,676 INFO:     47        MiBench_automotive-susan    1.01795578    0.99683386   +0.02112192  O2-bolt ≈ O2-bolt-opt（差异在 ±5% 内）
2026-04-29 13:56:31,676 INFO:     48           MiBench_consumer-jpeg    1.01091886    1.00021982   +0.01069903  O2-bolt ≈ O2-bolt-opt（差异在 ±5% 内）
2026-04-29 13:56:31,676 INFO:     49           MiBench_consumer-lame    0.99825597    0.99483883   +0.00341713  O2-bolt ≈ O2-bolt-opt（差异在 ±5% 内）
2026-04-29 13:56:31,676 INFO:     50        MiBench_consumer-typeset    0.99531019    0.97581011   +0.01950008  O2-bolt ≈ O2-bolt-opt（差异在 ±5% 内）
2026-04-29 13:56:31,676 INFO:     51        MiBench_network-dijkstra    1.02560985    0.88403666   +0.14157319  O2-bolt ≈ O2-bolt-opt（差异在 ±5% 内）
2026-04-29 13:56:31,676 INFO:     52        MiBench_network-patricia    1.00705373    0.99423981   +0.01281393  O2-bolt ≈ O2-bolt-opt（差异在 ±5% 内）
2026-04-29 13:56:31,676 INFO:     53           MiBench_office-ispell    0.99880904    0.99025184   +0.00855720  O2-bolt ≈ O2-bolt-opt（差异在 ±5% 内）
2026-04-29 13:56:31,677 INFO:     54     MiBench_office-stringsearch    1.01075566    0.99113613   +0.01961952  O2-bolt ≈ O2-bolt-opt（差异在 ±5% 内）
2026-04-29 13:56:31,677 INFO:     55       MiBench_security-blowfish    1.00016248    1.00254738   -0.00238490  O2-bolt ≈ O2-bolt-opt（差异在 ±5% 内）
2026-04-29 13:56:31,677 INFO:     56       MiBench_security-rijndael    1.02865279    1.04544866   -0.01679587  O2-bolt ≈ O2-bolt-opt（差异在 ±5% 内）
2026-04-29 13:56:31,677 INFO:     57            MiBench_security-sha    1.00183415    1.00519347   -0.00335932  O2-bolt ≈ O2-bolt-opt（差异在 ±5% 内）
2026-04-29 13:56:31,677 INFO:     58          MiBench_telecomm-CRC32    0.98275530    1.05202186   -0.06926656  O2-bolt ≈ O2-bolt-opt（差异在 ±5% 内）
2026-04-29 13:56:31,677 INFO:     59            MiBench_telecomm-FFT    1.00358868    1.00388658   -0.00029790  O2-bolt ≈ O2-bolt-opt（差异在 ±5% 内）
2026-04-29 13:56:31,677 INFO:     60          MiBench_telecomm-adpcm    1.00138068    0.99869037   +0.00269032  O2-bolt ≈ O2-bolt-opt（差异在 ±5% 内）
2026-04-29 13:56:31,677 INFO:     61            MiBench_telecomm-gsm    0.98611516    1.01039660   -0.02428144  O2-bolt ≈ O2-bolt-opt（差异在 ±5% 内）
2026-04-29 13:56:31,677 INFO:     62                   NPB-serial_is    1.01113975    0.99037051   +0.02076924  O2-bolt ≈ O2-bolt-opt（差异在 ±5% 内）
2026-04-29 13:56:31,677 INFO:     63                        Olden_bh    1.02109241    1.00291443   +0.01817799  O2-bolt ≈ O2-bolt-opt（差异在 ±5% 内）
2026-04-29 13:56:31,678 INFO:     64                    Olden_bisort    1.01046622    0.98128825   +0.02917796  O2-bolt ≈ O2-bolt-opt（差异在 ±5% 内）
2026-04-29 13:56:31,678 INFO:     65                      Olden_em3d    1.07123792    1.39461422   -0.32337630  O2-bolt 优于 O2-bolt-opt（快 6.7%，加速比 1.07x）
2026-04-29 13:56:31,678 INFO:     66                    Olden_health    0.99754012    1.00839543   -0.01085532  O2-bolt ≈ O2-bolt-opt（差异在 ±5% 内）
2026-04-29 13:56:31,678 INFO:     67                       Olden_mst    0.99687248    1.00913882   -0.01226634  O2-bolt ≈ O2-bolt-opt（差异在 ±5% 内）
2026-04-29 13:56:31,678 INFO:     68                 Olden_perimeter    1.00199556    0.95056021   +0.05143535  O2-bolt ≈ O2-bolt-opt（差异在 ±5% 内）
2026-04-29 13:56:31,678 INFO:     69                     Olden_power    1.01741803    0.99998045   +0.01743758  O2-bolt ≈ O2-bolt-opt（差异在 ±5% 内）
2026-04-29 13:56:31,678 INFO:     70                   Olden_treeadd    1.01321101    0.98974520   +0.02346581  O2-bolt ≈ O2-bolt-opt（差异在 ±5% 内）
2026-04-29 13:56:31,678 INFO:     71                       Olden_tsp    1.00537896    1.00329030   +0.00208867  O2-bolt ≈ O2-bolt-opt（差异在 ±5% 内）
2026-04-29 13:56:31,678 INFO:     72                   Olden_voronoi    1.01174498    0.99776626   +0.01397872  O2-bolt ≈ O2-bolt-opt（差异在 ±5% 内）
2026-04-29 13:56:31,678 INFO:     73                           PAQ8p    0.98046845    1.00459862   -0.02413017  O2-bolt ≈ O2-bolt-opt（差异在 ±5% 内）
2026-04-29 13:56:31,678 INFO:     74                 Prolangs-C++_NP    1.00453651    1.00328708   +0.00124943  O2-bolt ≈ O2-bolt-opt（差异在 ±5% 内）
2026-04-29 13:56:31,679 INFO:     75               Prolangs-C++_city    1.01222157    0.98593503   +0.02628654  O2-bolt ≈ O2-bolt-opt（差异在 ±5% 内）
2026-04-29 13:56:31,679 INFO:     76             Prolangs-C++_deriv1    1.00908828    1.00345039   +0.00563788  O2-bolt ≈ O2-bolt-opt（差异在 ±5% 内）
2026-04-29 13:56:31,679 INFO:     77             Prolangs-C++_deriv2    1.00863039    1.00318360   +0.00544679  O2-bolt ≈ O2-bolt-opt（差异在 ±5% 内）
2026-04-29 13:56:31,679 INFO:     78             Prolangs-C++_employ    1.00955200    0.99439657   +0.01515543  O2-bolt ≈ O2-bolt-opt（差异在 ±5% 内）
2026-04-29 13:56:31,679 INFO:     79             Prolangs-C++_family    1.00815272    1.00583816   +0.00231457  O2-bolt ≈ O2-bolt-opt（差异在 ±5% 内）
2026-04-29 13:56:31,679 INFO:     80                Prolangs-C++_fsm    1.01162708    0.98981202   +0.02181506  O2-bolt ≈ O2-bolt-opt（差异在 ±5% 内）
2026-04-29 13:56:31,679 INFO:     81             Prolangs-C++_garage    1.01262391    0.98199821   +0.03062570  O2-bolt ≈ O2-bolt-opt（差异在 ±5% 内）
2026-04-29 13:56:31,679 INFO:     82               Prolangs-C++_life    1.00740957    1.01864362   -0.01123405  O2-bolt ≈ O2-bolt-opt（差异在 ±5% 内）
2026-04-29 13:56:31,679 INFO:     83            Prolangs-C++_objects    1.01110578    0.98750311   +0.02360266  O2-bolt ≈ O2-bolt-opt（差异在 ±5% 内）
2026-04-29 13:56:31,679 INFO:     84              Prolangs-C++_ocean    1.01111138    1.00416625   +0.00694513  O2-bolt ≈ O2-bolt-opt（差异在 ±5% 内）
2026-04-29 13:56:31,679 INFO:     85             Prolangs-C++_office    1.00836647    0.99278432   +0.01558214  O2-bolt ≈ O2-bolt-opt（差异在 ±5% 内）
2026-04-29 13:56:31,680 INFO:     86             Prolangs-C++_primes    0.99587595    1.01111674   -0.01524079  O2-bolt ≈ O2-bolt-opt（差异在 ±5% 内）
2026-04-29 13:56:31,680 INFO:     87             Prolangs-C++_shapes    1.01434147    1.00703347   +0.00730801  O2-bolt ≈ O2-bolt-opt（差异在 ±5% 内）
2026-04-29 13:56:31,680 INFO:     88              Prolangs-C++_simul    1.00606656    1.02582586   -0.01975930  O2-bolt ≈ O2-bolt-opt（差异在 ±5% 内）
2026-04-29 13:56:31,680 INFO:     89              Prolangs-C++_trees    1.01153088    1.00736880   +0.00416207  O2-bolt ≈ O2-bolt-opt（差异在 ±5% 内）
2026-04-29 13:56:31,680 INFO:     90              Prolangs-C++_vcirc    1.00810075    0.98898882   +0.01911193  O2-bolt ≈ O2-bolt-opt（差异在 ±5% 内）
2026-04-29 13:56:31,680 INFO:     91         Prolangs-C_TimberWolfMC    1.00141418    1.00363100   -0.00221682  O2-bolt ≈ O2-bolt-opt（差异在 ±5% 内）
2026-04-29 13:56:31,680 INFO:     92                Prolangs-C_agrep    1.00132179    1.04153943   -0.04021764  O2-bolt ≈ O2-bolt-opt（差异在 ±5% 内）
2026-04-29 13:56:31,680 INFO:     93             Prolangs-C_allroots    1.00296223    1.00817728   -0.00521505  O2-bolt ≈ O2-bolt-opt（差异在 ±5% 内）
2026-04-29 13:56:31,680 INFO:     94        Prolangs-C_archie-client    1.00412464    0.98080885   +0.02331579  O2-bolt ≈ O2-bolt-opt（差异在 ±5% 内）
2026-04-29 13:56:31,680 INFO:     95            Prolangs-C_assembler    1.00248432    1.02570844   -0.02322412  O2-bolt ≈ O2-bolt-opt（差异在 ±5% 内）
2026-04-29 13:56:31,680 INFO:     96                Prolangs-C_bison    1.00481820    1.00086927   +0.00394893  O2-bolt ≈ O2-bolt-opt（差异在 ±5% 内）
2026-04-29 13:56:31,680 INFO:     97                Prolangs-C_cdecl    0.99512649    0.99894136   -0.00381488  O2-bolt ≈ O2-bolt-opt（差异在 ±5% 内）
2026-04-29 13:56:31,680 INFO:     98             Prolangs-C_compiler    1.00407124    0.98951912   +0.01455212  O2-bolt ≈ O2-bolt-opt（差异在 ±5% 内）
2026-04-29 13:56:31,680 INFO:     99            Prolangs-C_fixoutput    1.00467074    0.99020785   +0.01446289  O2-bolt ≈ O2-bolt-opt（差异在 ±5% 内）
2026-04-29 13:56:31,680 INFO:    100             Prolangs-C_football    1.00407207    0.97804320   +0.02602887  O2-bolt ≈ O2-bolt-opt（差异在 ±5% 内）
2026-04-29 13:56:31,680 INFO:    101                Prolangs-C_gnugo    1.00866699    1.02155674   -0.01288974  O2-bolt ≈ O2-bolt-opt（差异在 ±5% 内）
2026-04-29 13:56:31,681 INFO:    102               Prolangs-C_loader    1.00248790    1.01517832   -0.01269042  O2-bolt ≈ O2-bolt-opt（差异在 ±5% 内）
2026-04-29 13:56:31,681 INFO:    103             Prolangs-C_plot2fig    1.00268555    1.03825295   -0.03556740  O2-bolt ≈ O2-bolt-opt（差异在 ±5% 内）
2026-04-29 13:56:31,681 INFO:    104            Prolangs-C_simulator    1.00246871    1.02132380   -0.01885509  O2-bolt ≈ O2-bolt-opt（差异在 ±5% 内）
2026-04-29 13:56:31,681 INFO:    105           Prolangs-C_unix-smail    1.00155902    0.98909330   +0.01246572  O2-bolt ≈ O2-bolt-opt（差异在 ±5% 内）
2026-04-29 13:56:31,681 INFO:    106             Prolangs-C_unix-tbl    1.00370550    0.98751724   +0.01618826  O2-bolt ≈ O2-bolt-opt（差异在 ±5% 内）
2026-04-29 13:56:31,681 INFO:    107                 Ptrdist_anagram    0.98997366    0.99212426   -0.00215060  O2-bolt ≈ O2-bolt-opt（差异在 ±5% 内）
2026-04-29 13:56:31,681 INFO:    108                      Ptrdist_bc    0.98971868    0.91725212   +0.07246655  O2-bolt ≈ O2-bolt-opt（差异在 ±5% 内）
2026-04-29 13:56:31,681 INFO:    109                      Ptrdist_ft    1.01855874    0.98800486   +0.03055388  O2-bolt ≈ O2-bolt-opt（差异在 ±5% 内）
2026-04-29 13:56:31,681 INFO:    110                      Ptrdist_ks    0.98686701    1.01833463   -0.03146762  O2-bolt ≈ O2-bolt-opt（差异在 ±5% 内）
2026-04-29 13:56:31,681 INFO:    111                   Ptrdist_yacr2    1.01097405    1.09103012   -0.08005607  O2-bolt ≈ O2-bolt-opt（差异在 ±5% 内）
2026-04-29 13:56:31,681 INFO:    112                Rodinia_backprop    0.99803412    1.00222254   -0.00418842  O2-bolt ≈ O2-bolt-opt（差异在 ±5% 内）
2026-04-29 13:56:31,681 INFO:    113                 Rodinia_hotspot    1.00455761    0.99391270   +0.01064491  O2-bolt ≈ O2-bolt-opt（差异在 ±5% 内）
2026-04-29 13:56:31,681 INFO:    114              Rodinia_pathfinder    1.07394338    1.03372097   +0.04022241  O2-bolt 优于 O2-bolt-opt（快 6.9%，加速比 1.07x）
2026-04-29 13:56:31,681 INFO:    115                    Rodinia_srad    0.97618997    1.00772810   -0.03153813  O2-bolt ≈ O2-bolt-opt（差异在 ±5% 内）
2026-04-29 13:56:31,681 INFO:    116                      SciMark2-C    1.01062846    0.99707294   +0.01355553  O2-bolt ≈ O2-bolt-opt（差异在 ±5% 内）
2026-04-29 13:56:31,681 INFO:    117            TSVC_ControlFlow-dbl    1.01785398    1.01295221   +0.00490177  O2-bolt ≈ O2-bolt-opt（差异在 ±5% 内）
2026-04-29 13:56:31,682 INFO:    118            TSVC_ControlFlow-flt    1.01756871    1.02443826   -0.00686955  O2-bolt ≈ O2-bolt-opt（差异在 ±5% 内）
2026-04-29 13:56:31,682 INFO:    119           TSVC_ControlLoops-dbl    0.99795455    0.99185991   +0.00609463  O2-bolt ≈ O2-bolt-opt（差异在 ±5% 内）
2026-04-29 13:56:31,682 INFO:    120           TSVC_ControlLoops-flt    1.00680971    0.99650049   +0.01030922  O2-bolt ≈ O2-bolt-opt（差异在 ±5% 内）
2026-04-29 13:56:31,682 INFO:    121     TSVC_CrossingThresholds-dbl    1.00295424    1.00930941   -0.00635517  O2-bolt ≈ O2-bolt-opt（差异在 ±5% 内）
2026-04-29 13:56:31,682 INFO:    122     TSVC_CrossingThresholds-flt    0.99661231    0.99235862   +0.00425369  O2-bolt ≈ O2-bolt-opt（差异在 ±5% 内）
2026-04-29 13:56:31,682 INFO:    123          TSVC_Equivalencing-dbl    1.15218318    1.03525054   +0.11693263  O2-bolt 优于 O2-bolt-opt（快 13.2%，加速比 1.15x）
2026-04-29 13:56:31,682 INFO:    124          TSVC_Equivalencing-flt    1.13317013    1.03489125   +0.09827888  O2-bolt 优于 O2-bolt-opt（快 11.8%，加速比 1.13x）
2026-04-29 13:56:31,683 INFO:    125              TSVC_Expansion-dbl    1.06006253    1.02877700   +0.03128552  O2-bolt 优于 O2-bolt-opt（快 5.7%，加速比 1.06x）
2026-04-29 13:56:31,683 INFO:    126              TSVC_Expansion-flt    1.12450778    1.00891173   +0.11559606  O2-bolt 优于 O2-bolt-opt（快 11.1%，加速比 1.12x）
2026-04-29 13:56:31,683 INFO:    127         TSVC_GlobalDataFlow-dbl    1.17252254    1.01026607   +0.16225648  O2-bolt 优于 O2-bolt-opt（快 14.7%，加速比 1.17x）
2026-04-29 13:56:31,683 INFO:    128         TSVC_GlobalDataFlow-flt    1.17339301    1.00367320   +0.16971982  O2-bolt 优于 O2-bolt-opt（快 14.8%，加速比 1.17x）
2026-04-29 13:56:31,683 INFO:    129     TSVC_IndirectAddressing-dbl    1.00356781    0.99403685   +0.00953096  O2-bolt ≈ O2-bolt-opt（差异在 ±5% 内）
2026-04-29 13:56:31,683 INFO:    130     TSVC_IndirectAddressing-flt    0.99880087    1.00193632   -0.00313544  O2-bolt ≈ O2-bolt-opt（差异在 ±5% 内）
2026-04-29 13:56:31,683 INFO:    131      TSVC_InductionVariable-dbl    1.03156734    0.95490927   +0.07665807  O2-bolt ≈ O2-bolt-opt（差异在 ±5% 内）
2026-04-29 13:56:31,683 INFO:    132      TSVC_InductionVariable-flt    1.01449370    0.99645537   +0.01803833  O2-bolt ≈ O2-bolt-opt（差异在 ±5% 内）
2026-04-29 13:56:31,683 INFO:    133       TSVC_LinearDependence-dbl    1.02897048    1.01332951   +0.01564097  O2-bolt ≈ O2-bolt-opt（差异在 ±5% 内）
2026-04-29 13:56:31,683 INFO:    134       TSVC_LinearDependence-flt    1.04782856    0.95713621   +0.09069234  O2-bolt ≈ O2-bolt-opt（差异在 ±5% 内）
2026-04-29 13:56:31,684 INFO:    135          TSVC_LoopRerolling-dbl    1.00465667    0.99874389   +0.00591278  O2-bolt ≈ O2-bolt-opt（差异在 ±5% 内）
2026-04-29 13:56:31,684 INFO:    136          TSVC_LoopRerolling-flt    1.00651717    1.00267529   +0.00384188  O2-bolt ≈ O2-bolt-opt（差异在 ±5% 内）
2026-04-29 13:56:31,684 INFO:    137      TSVC_LoopRestructuring-dbl    1.20270765    1.04329872   +0.15940893  O2-bolt 优于 O2-bolt-opt（快 16.9%，加速比 1.20x）
2026-04-29 13:56:31,684 INFO:    138      TSVC_LoopRestructuring-flt    1.16332901    1.04162657   +0.12170243  O2-bolt 优于 O2-bolt-opt（快 14.0%，加速比 1.16x）
2026-04-29 13:56:31,684 INFO:    139          TSVC_NodeSplitting-dbl    1.07528043    1.01968777   +0.05559266  O2-bolt 优于 O2-bolt-opt（快 7.0%，加速比 1.08x）
2026-04-29 13:56:31,684 INFO:    140          TSVC_NodeSplitting-flt    1.07188761    0.97685176   +0.09503585  O2-bolt 优于 O2-bolt-opt（快 6.7%，加速比 1.07x）
2026-04-29 13:56:31,684 INFO:    141                TSVC_Packing-dbl    0.98302156    0.96582186   +0.01719970  O2-bolt ≈ O2-bolt-opt（差异在 ±5% 内）
2026-04-29 13:56:31,684 INFO:    142                TSVC_Packing-flt    0.99546021    1.29632914   -0.30086893  O2-bolt ≈ O2-bolt-opt（差异在 ±5% 内）
2026-04-29 13:56:31,684 INFO:    143            TSVC_Recurrences-dbl    1.36073041    1.05606377   +0.30466664  O2-bolt 优于 O2-bolt-opt（快 26.5%，加速比 1.36x）
2026-04-29 13:56:31,684 INFO:    144            TSVC_Recurrences-flt    1.36049366    1.05975950   +0.30073416  O2-bolt 优于 O2-bolt-opt（快 26.5%，加速比 1.36x）
2026-04-29 13:56:31,684 INFO:    145             TSVC_Reductions-dbl    1.03431976    1.00855696   +0.02576280  O2-bolt ≈ O2-bolt-opt（差异在 ±5% 内）
2026-04-29 13:56:31,685 INFO:    146             TSVC_Reductions-flt    1.00945377    1.02131081   -0.01185703  O2-bolt ≈ O2-bolt-opt（差异在 ±5% 内）
2026-04-29 13:56:31,685 INFO:    147              TSVC_Searching-dbl    1.01036429    0.99144375   +0.01892054  O2-bolt ≈ O2-bolt-opt（差异在 ±5% 内）
2026-04-29 13:56:31,685 INFO:    148              TSVC_Searching-flt    1.01030946    0.99501938   +0.01529008  O2-bolt ≈ O2-bolt-opt（差异在 ±5% 内）
2026-04-29 13:56:31,685 INFO:    149    TSVC_StatementReordering-dbl    1.05455720    1.01621354   +0.03834367  O2-bolt 优于 O2-bolt-opt（快 5.2%，加速比 1.05x）
2026-04-29 13:56:31,685 INFO:    150    TSVC_StatementReordering-flt    1.05269861    1.05346978   -0.00077116  O2-bolt 优于 O2-bolt-opt（快 5.0%，加速比 1.05x）
2026-04-29 13:56:31,685 INFO:    151              TSVC_Symbolics-dbl    1.00875866    0.95801646   +0.05074221  O2-bolt ≈ O2-bolt-opt（差异在 ±5% 内）
2026-04-29 13:56:31,685 INFO:    152              TSVC_Symbolics-flt    1.00404894    0.94078332   +0.06326562  O2-bolt ≈ O2-bolt-opt（差异在 ±5% 内）
2026-04-29 13:56:31,685 INFO:    153               Trimaran_enc-3des    0.99742138    1.00174665   -0.00432527  O2-bolt ≈ O2-bolt-opt（差异在 ±5% 内）
2026-04-29 13:56:31,685 INFO:    154                Trimaran_enc-md5    0.99836558    0.99947608   -0.00111049  O2-bolt ≈ O2-bolt-opt（差异在 ±5% 内）
2026-04-29 13:56:31,685 INFO:    155                Trimaran_enc-pc1    1.00331962    0.99862123   +0.00469840  O2-bolt ≈ O2-bolt-opt（差异在 ±5% 内）
2026-04-29 13:56:31,685 INFO:    156                Trimaran_enc-rc4    1.00409842    0.99345094   +0.01064748  O2-bolt ≈ O2-bolt-opt（差异在 ±5% 内）
2026-04-29 13:56:31,686 INFO:    157           Trimaran_netbench-crc    1.01054227    0.99080622   +0.01973605  O2-bolt ≈ O2-bolt-opt（差异在 ±5% 内）
2026-04-29 13:56:31,686 INFO:    158           Trimaran_netbench-url    1.01282799    0.99761277   +0.01521522  O2-bolt ≈ O2-bolt-opt（差异在 ±5% 内）
2026-04-29 13:56:31,686 INFO:    159                VersaBench_8b10b    0.99675530    0.99545288   +0.00130242  O2-bolt ≈ O2-bolt-opt（差异在 ±5% 内）
2026-04-29 13:56:31,686 INFO:    160           VersaBench_beamformer    1.02034867    1.13175118   -0.11140251  O2-bolt ≈ O2-bolt-opt（差异在 ±5% 内）
2026-04-29 13:56:31,686 INFO:    161                  VersaBench_bmm    0.99842054    1.01369286   -0.01527232  O2-bolt ≈ O2-bolt-opt（差异在 ±5% 内）
2026-04-29 13:56:31,686 INFO:    162                 VersaBench_dbms    1.00339913    1.00997090   -0.00657177  O2-bolt ≈ O2-bolt-opt（差异在 ±5% 内）
2026-04-29 13:56:31,686 INFO:    163               VersaBench_ecbdes    1.00185537    1.00696623   -0.00511086  O2-bolt ≈ O2-bolt-opt（差异在 ±5% 内）
2026-04-29 13:56:31,686 INFO:    164                    llubenchmark    1.01151216    0.98124939   +0.03026277  O2-bolt ≈ O2-bolt-opt（差异在 ±5% 内）
2026-04-29 13:56:31,686 INFO:    165                           mafft    0.97956443    0.92274141   +0.05682302  O2-bolt ≈ O2-bolt-opt（差异在 ±5% 内）
2026-04-29 13:56:31,686 INFO:    166      mediabench_adpcm_rawcaudio    1.00454473    0.99222046   +0.01232427  O2-bolt ≈ O2-bolt-opt（差异在 ±5% 内）
2026-04-29 13:56:31,686 INFO:    167      mediabench_adpcm_rawdaudio    0.99715936    0.99568635   +0.00147301  O2-bolt ≈ O2-bolt-opt（差异在 ±5% 内）
2026-04-29 13:56:31,687 INFO:    168      mediabench_g721_g721encode    1.04174948    0.99530083   +0.04644865  O2-bolt ≈ O2-bolt-opt（差异在 ±5% 内）
2026-04-29 13:56:31,687 INFO:    169            mediabench_gsm_toast    0.99935454    1.02883673   -0.02948219  O2-bolt ≈ O2-bolt-opt（差异在 ±5% 内）
2026-04-29 13:56:31,687 INFO:    170         mediabench_jpeg_jpeg-6a    1.00430810    0.98786324   +0.01644486  O2-bolt ≈ O2-bolt-opt（差异在 ±5% 内）
2026-04-29 13:56:31,687 INFO:    171       mediabench_mpeg2_mpeg2dec    1.10385561    0.97445261   +0.12940300  O2-bolt 优于 O2-bolt-opt（快 9.4%，加速比 1.10x）
2026-04-29 13:56:31,687 INFO:    172                          nbench    1.02814150    1.03428447   -0.00614297  O2-bolt ≈ O2-bolt-opt（差异在 ±5% 内）
2026-04-29 13:56:31,687 INFO:    173                             sim    1.00289702    0.96357864   +0.03931838  O2-bolt ≈ O2-bolt-opt（差异在 ±5% 内）
2026-04-29 13:56:31,687 INFO:    174                      tramp3d-v4    0.94925421    0.99214816   -0.04289395  O2-bolt-opt 优于 O2-bolt（快 5.1%，加速比 1.05x）
2026-04-29 13:56:31,687 INFO: 
  ── 验证指标 ──
2026-04-29 13:56:31,687 INFO:   MAE  = 0.034438
2026-04-29 13:56:31,687 INFO:   MSE  = 0.004124
2026-04-29 13:56:31,687 INFO:   RMSE = 0.064221
2026-04-29 13:56:31,688 INFO:   方向准确率 = 95/174 (54.6%)
2026-04-29 13:56:31,688 INFO:   预测 O2-bolt 更优: 133/174  (真实: 92/174)
2026-04-29 13:56:31,688 INFO:   方向准确率（排除 ±5%）= 12/17 (70.6%)
2026-04-29 13:56:31,690 INFO:   结构化结果: checkpoints/lstm/inst_best/infer_samples_O2-bolt_vs_O2-bolt-opt.csv
2026-04-29 13:56:31,690 INFO:   摘要结果: checkpoints/lstm/inst_best/infer_summary_O2-bolt_vs_O2-bolt-opt.json
2026-04-29 13:56:31,787 INFO: 已应用 exp() 变换（log-target 模式）
2026-04-29 13:56:31,787 INFO: ========================================================================
2026-04-29 13:56:31,787 INFO: 版本对: O3-bolt_vs_O3-bolt-opt  (O3-bolt vs O3-bolt-opt)  共 174 个程序
2026-04-29 13:56:31,787 INFO: 标签模式: inst_retired_ratio
2026-04-29 13:56:31,788 INFO: 标签定义: Y = Σinst_v1 / Σinst_v2 (retired instruction ratio)
2026-04-29 13:56:31,788 INFO: 判定方向: Y >= 1 视为 O3-bolt 更快，Y < 1 视为 O3-bolt-opt 更快
2026-04-29 13:56:31,788 INFO: 统计口径: 方向准确率按 same-side(Y=1.0) 统计；展示结论仍使用 judge() 的 ±5%% 区间
2026-04-29 13:56:31,788 INFO: ========================================================================
2026-04-29 13:56:31,788 INFO:      #                              程序          预测 Ŷ          真实 Y            误差  判断
2026-04-29 13:56:31,788 INFO:   ------------------------------------------------------------------------------------
2026-04-29 13:56:31,788 INFO:      1                            7zip    1.01238024    1.01578355   -0.00340331  O3-bolt ≈ O3-bolt-opt（差异在 ±5% 内）
2026-04-29 13:56:31,788 INFO:      2             ASCI_Purple_SMG2000    1.01924396    1.01146007   +0.00778389  O3-bolt ≈ O3-bolt-opt（差异在 ±5% 内）
2026-04-29 13:56:31,788 INFO:      3               ASC_Sequoia_AMGmk    1.01255631    1.00634980   +0.00620651  O3-bolt ≈ O3-bolt-opt（差异在 ±5% 内）
2026-04-29 13:56:31,788 INFO:      4           ASC_Sequoia_CrystalMk    1.03792548    0.99978775   +0.03813773  O3-bolt ≈ O3-bolt-opt（差异在 ±5% 内）
2026-04-29 13:56:31,788 INFO:      5               ASC_Sequoia_IRSmk    1.00833547    1.00539255   +0.00294292  O3-bolt ≈ O3-bolt-opt（差异在 ±5% 内）
2026-04-29 13:56:31,789 INFO:      6                  BitBench_drop3    1.02160358    0.92709821   +0.09450537  O3-bolt ≈ O3-bolt-opt（差异在 ±5% 内）
2026-04-29 13:56:31,789 INFO:      7                 BitBench_five11    1.01146877    0.98016906   +0.03129971  O3-bolt ≈ O3-bolt-opt（差异在 ±5% 内）
2026-04-29 13:56:31,789 INFO:      8               BitBench_uudecode    1.01191676    1.71619010   -0.70427334  O3-bolt ≈ O3-bolt-opt（差异在 ±5% 内）
2026-04-29 13:56:31,789 INFO:      9               BitBench_uuencode    1.01310778    1.01267838   +0.00042939  O3-bolt ≈ O3-bolt-opt（差异在 ±5% 内）
2026-04-29 13:56:31,789 INFO:     10                          Bullet    0.99520016    1.00599194   -0.01079178  O3-bolt ≈ O3-bolt-opt（差异在 ±5% 内）
2026-04-29 13:56:31,789 INFO:     11         DOE-ProxyApps-C++_CLAMR    1.04278469    1.01356697   +0.02921772  O3-bolt ≈ O3-bolt-opt（差异在 ±5% 内）
2026-04-29 13:56:31,789 INFO:     12   DOE-ProxyApps-C++_HACCKernels    1.00024974    1.00790739   -0.00765765  O3-bolt ≈ O3-bolt-opt（差异在 ±5% 内）
2026-04-29 13:56:31,789 INFO:     13         DOE-ProxyApps-C++_HPCCG    0.98257339    1.01080227   -0.02822888  O3-bolt ≈ O3-bolt-opt（差异在 ±5% 内）
2026-04-29 13:56:31,789 INFO:     14       DOE-ProxyApps-C++_PENNANT    1.01060343    1.01100075   -0.00039732  O3-bolt ≈ O3-bolt-opt（差异在 ±5% 内）
2026-04-29 13:56:31,789 INFO:     15        DOE-ProxyApps-C++_miniFE    1.01617551    1.02538431   -0.00920880  O3-bolt ≈ O3-bolt-opt（差异在 ±5% 内）
2026-04-29 13:56:31,790 INFO:     16            DOE-ProxyApps-C_CoMD    1.06226218    0.93704116   +0.12522101  O3-bolt 优于 O3-bolt-opt（快 5.9%，加速比 1.06x）
2026-04-29 13:56:31,790 INFO:     17      DOE-ProxyApps-C_Pathfinder    0.98739856    1.04369795   -0.05629939  O3-bolt ≈ O3-bolt-opt（差异在 ±5% 内）
2026-04-29 13:56:31,790 INFO:     18         DOE-ProxyApps-C_RSBench    0.99740475    1.01033378   -0.01292902  O3-bolt ≈ O3-bolt-opt（差异在 ±5% 内）
2026-04-29 13:56:31,790 INFO:     19       DOE-ProxyApps-C_SimpleMOC    1.17406595    1.01593506   +0.15813088  O3-bolt 优于 O3-bolt-opt（快 14.8%，加速比 1.17x）
2026-04-29 13:56:31,790 INFO:     20         DOE-ProxyApps-C_XSBench    0.97110343    0.98454797   -0.01344454  O3-bolt ≈ O3-bolt-opt（差异在 ±5% 内）
2026-04-29 13:56:31,790 INFO:     21         DOE-ProxyApps-C_miniAMR    0.99644810    1.00541043   -0.00896233  O3-bolt ≈ O3-bolt-opt（差异在 ±5% 内）
2026-04-29 13:56:31,790 INFO:     22         DOE-ProxyApps-C_miniGMG    1.00744963    1.00271499   +0.00473464  O3-bolt ≈ O3-bolt-opt（差异在 ±5% 内）
2026-04-29 13:56:31,791 INFO:     23                     Fhourstones    0.99336934    1.02165437   -0.02828503  O3-bolt ≈ O3-bolt-opt（差异在 ±5% 内）
2026-04-29 13:56:31,791 INFO:     24                 Fhourstones-3.1    1.06817245    1.08524120   -0.01706874  O3-bolt 优于 O3-bolt-opt（快 6.4%，加速比 1.07x）
2026-04-29 13:56:31,791 INFO:     25              FreeBench_analyzer    1.01360345    0.99516904   +0.01843441  O3-bolt ≈ O3-bolt-opt（差异在 ±5% 内）
2026-04-29 13:56:31,791 INFO:     26               FreeBench_distray    1.01453245    1.00478363   +0.00974882  O3-bolt ≈ O3-bolt-opt（差异在 ±5% 内）
2026-04-29 13:56:31,791 INFO:     27            FreeBench_fourinarow    0.99945039    1.00707912   -0.00762874  O3-bolt ≈ O3-bolt-opt（差异在 ±5% 内）
2026-04-29 13:56:31,791 INFO:     28                 FreeBench_mason    0.98937178    0.98173440   +0.00763738  O3-bolt ≈ O3-bolt-opt（差异在 ±5% 内）
2026-04-29 13:56:31,791 INFO:     29                FreeBench_neural    0.99553072    1.01482201   -0.01929128  O3-bolt ≈ O3-bolt-opt（差异在 ±5% 内）
2026-04-29 13:56:31,791 INFO:     30            FreeBench_pcompress2    1.03948486    1.02793360   +0.01155126  O3-bolt ≈ O3-bolt-opt（差异在 ±5% 内）
2026-04-29 13:56:31,791 INFO:     31                 FreeBench_pifft    1.00134993    1.01334882   -0.01199889  O3-bolt ≈ O3-bolt-opt（差异在 ±5% 内）
2026-04-29 13:56:31,791 INFO:     32               MallocBench_cfrac    1.00279760    1.00837708   -0.00557947  O3-bolt ≈ O3-bolt-opt（差异在 ±5% 内）
2026-04-29 13:56:31,792 INFO:     33            MallocBench_espresso    1.00796294    1.03733695   -0.02937400  O3-bolt ≈ O3-bolt-opt（差异在 ±5% 内）
2026-04-29 13:56:31,792 INFO:     34                  MallocBench_gs    0.99448848    0.97171474   +0.02277374  O3-bolt ≈ O3-bolt-opt（差异在 ±5% 内）
2026-04-29 13:56:31,792 INFO:     35                 McCat_01-qbsort    1.00995708    0.98156148   +0.02839559  O3-bolt ≈ O3-bolt-opt（差异在 ±5% 内）
2026-04-29 13:56:31,792 INFO:     36               McCat_03-testtrie    0.98764127    0.95510554   +0.03253573  O3-bolt ≈ O3-bolt-opt（差异在 ±5% 内）
2026-04-29 13:56:31,792 INFO:     37                 McCat_04-bisect    1.01525426    1.10215461   -0.08690035  O3-bolt ≈ O3-bolt-opt（差异在 ±5% 内）
2026-04-29 13:56:31,792 INFO:     38                    McCat_05-eks    0.97668231    1.00565314   -0.02897084  O3-bolt ≈ O3-bolt-opt（差异在 ±5% 内）
2026-04-29 13:56:31,792 INFO:     39                   McCat_08-main    0.99516243    0.99874270   -0.00358027  O3-bolt ≈ O3-bolt-opt（差异在 ±5% 内）
2026-04-29 13:56:31,792 INFO:     40                    McCat_09-vor    1.01613975    1.01240158   +0.00373816  O3-bolt ≈ O3-bolt-opt（差异在 ±5% 内）
2026-04-29 13:56:31,792 INFO:     41                 McCat_12-IOtest    1.01556945    0.99384511   +0.02172434  O3-bolt ≈ O3-bolt-opt（差异在 ±5% 内）
2026-04-29 13:56:31,793 INFO:     42                   McCat_15-trie    0.99976021    1.00621033   -0.00645012  O3-bolt ≈ O3-bolt-opt（差异在 ±5% 内）
2026-04-29 13:56:31,793 INFO:     43                  McCat_17-bintr    1.02100694    1.02601528   -0.00500834  O3-bolt ≈ O3-bolt-opt（差异在 ±5% 内）
2026-04-29 13:56:31,793 INFO:     44                    McCat_18-imp    1.01682031    1.10870421   -0.09188390  O3-bolt ≈ O3-bolt-opt（差异在 ±5% 内）
2026-04-29 13:56:31,793 INFO:     45    MiBench_automotive-basicmath    1.01626694    1.00038624   +0.01588070  O3-bolt ≈ O3-bolt-opt（差异在 ±5% 内）
2026-04-29 13:56:31,793 INFO:     46     MiBench_automotive-bitcount    1.01378000    0.96945256   +0.04432744  O3-bolt ≈ O3-bolt-opt（差异在 ±5% 内）
2026-04-29 13:56:31,793 INFO:     47        MiBench_automotive-susan    1.02144563    0.99529481   +0.02615082  O3-bolt ≈ O3-bolt-opt（差异在 ±5% 内）
2026-04-29 13:56:31,793 INFO:     48           MiBench_consumer-jpeg    1.00970352    0.99141425   +0.01828927  O3-bolt ≈ O3-bolt-opt（差异在 ±5% 内）
2026-04-29 13:56:31,793 INFO:     49           MiBench_consumer-lame    0.98166513    0.99480385   -0.01313871  O3-bolt ≈ O3-bolt-opt（差异在 ±5% 内）
2026-04-29 13:56:31,793 INFO:     50        MiBench_consumer-typeset    0.99520028    0.97824597   +0.01695430  O3-bolt ≈ O3-bolt-opt（差异在 ±5% 内）
2026-04-29 13:56:31,793 INFO:     51        MiBench_network-dijkstra    1.02496457    0.88587141   +0.13909316  O3-bolt ≈ O3-bolt-opt（差异在 ±5% 内）
2026-04-29 13:56:31,794 INFO:     52        MiBench_network-patricia    1.00980282    0.99544346   +0.01435935  O3-bolt ≈ O3-bolt-opt（差异在 ±5% 内）
2026-04-29 13:56:31,794 INFO:     53           MiBench_office-ispell    0.99596190    0.99367309   +0.00228882  O3-bolt ≈ O3-bolt-opt（差异在 ±5% 内）
2026-04-29 13:56:31,794 INFO:     54     MiBench_office-stringsearch    1.01179397    1.00778401   +0.00400996  O3-bolt ≈ O3-bolt-opt（差异在 ±5% 内）
2026-04-29 13:56:31,794 INFO:     55       MiBench_security-blowfish    0.98909885    1.03637934   -0.04728049  O3-bolt ≈ O3-bolt-opt（差异在 ±5% 内）
2026-04-29 13:56:31,794 INFO:     56       MiBench_security-rijndael    1.03271556    1.05644810   -0.02373254  O3-bolt ≈ O3-bolt-opt（差异在 ±5% 内）
2026-04-29 13:56:31,794 INFO:     57            MiBench_security-sha    1.00787675    1.00753462   +0.00034213  O3-bolt ≈ O3-bolt-opt（差异在 ±5% 内）
2026-04-29 13:56:31,794 INFO:     58          MiBench_telecomm-CRC32    0.98286253    1.05712545   -0.07426292  O3-bolt ≈ O3-bolt-opt（差异在 ±5% 内）
2026-04-29 13:56:31,794 INFO:     59            MiBench_telecomm-FFT    1.00373280    1.00125551   +0.00247729  O3-bolt ≈ O3-bolt-opt（差异在 ±5% 内）
2026-04-29 13:56:31,794 INFO:     60          MiBench_telecomm-adpcm    1.00264597    0.99768746   +0.00495851  O3-bolt ≈ O3-bolt-opt（差异在 ±5% 内）
2026-04-29 13:56:31,795 INFO:     61            MiBench_telecomm-gsm    0.98504800    0.99434364   -0.00929564  O3-bolt ≈ O3-bolt-opt（差异在 ±5% 内）
2026-04-29 13:56:31,795 INFO:     62                   NPB-serial_is    1.00719607    0.99758065   +0.00961542  O3-bolt ≈ O3-bolt-opt（差异在 ±5% 内）
2026-04-29 13:56:31,795 INFO:     63                        Olden_bh    1.02257454    1.00719869   +0.01537585  O3-bolt ≈ O3-bolt-opt（差异在 ±5% 内）
2026-04-29 13:56:31,795 INFO:     64                    Olden_bisort    1.02392662    1.00634491   +0.01758170  O3-bolt ≈ O3-bolt-opt（差异在 ±5% 内）
2026-04-29 13:56:31,795 INFO:     65                      Olden_em3d    1.07224107    1.39166772   -0.31942666  O3-bolt 优于 O3-bolt-opt（快 6.7%，加速比 1.07x）
2026-04-29 13:56:31,795 INFO:     66                    Olden_health    0.99866891    1.01210880   -0.01343989  O3-bolt ≈ O3-bolt-opt（差异在 ±5% 内）
2026-04-29 13:56:31,795 INFO:     67                       Olden_mst    1.00136280    1.01557493   -0.01421213  O3-bolt ≈ O3-bolt-opt（差异在 ±5% 内）
2026-04-29 13:56:31,795 INFO:     68                 Olden_perimeter    1.00937831    0.99643099   +0.01294732  O3-bolt ≈ O3-bolt-opt（差异在 ±5% 内）
2026-04-29 13:56:31,795 INFO:     69                     Olden_power    1.01447725    1.00054836   +0.01392889  O3-bolt ≈ O3-bolt-opt（差异在 ±5% 内）
2026-04-29 13:56:31,795 INFO:     70                   Olden_treeadd    1.01257420    1.00693905   +0.00563514  O3-bolt ≈ O3-bolt-opt（差异在 ±5% 内）
2026-04-29 13:56:31,795 INFO:     71                       Olden_tsp    1.00491130    1.00845313   -0.00354183  O3-bolt ≈ O3-bolt-opt（差异在 ±5% 内）
2026-04-29 13:56:31,796 INFO:     72                   Olden_voronoi    1.01071095    1.00633812   +0.00437284  O3-bolt ≈ O3-bolt-opt（差异在 ±5% 内）
2026-04-29 13:56:31,796 INFO:     73                           PAQ8p    0.98070943    1.01735151   -0.03664207  O3-bolt ≈ O3-bolt-opt（差异在 ±5% 内）
2026-04-29 13:56:31,796 INFO:     74                 Prolangs-C++_NP    1.01125336    1.01477528   -0.00352192  O3-bolt ≈ O3-bolt-opt（差异在 ±5% 内）
2026-04-29 13:56:31,796 INFO:     75               Prolangs-C++_city    1.00954521    1.04837799   -0.03883278  O3-bolt ≈ O3-bolt-opt（差异在 ±5% 内）
2026-04-29 13:56:31,796 INFO:     76             Prolangs-C++_deriv1    1.01209009    0.98951948   +0.02257061  O3-bolt ≈ O3-bolt-opt（差异在 ±5% 内）
2026-04-29 13:56:31,796 INFO:     77             Prolangs-C++_deriv2    1.01055288    0.99298400   +0.01756889  O3-bolt ≈ O3-bolt-opt（差异在 ±5% 内）
2026-04-29 13:56:31,796 INFO:     78             Prolangs-C++_employ    1.01067495    1.01141703   -0.00074208  O3-bolt ≈ O3-bolt-opt（差异在 ±5% 内）
2026-04-29 13:56:31,796 INFO:     79             Prolangs-C++_family    1.00995409    0.99944913   +0.01050496  O3-bolt ≈ O3-bolt-opt（差异在 ±5% 内）
2026-04-29 13:56:31,796 INFO:     80                Prolangs-C++_fsm    1.00639868    1.00200772   +0.00439095  O3-bolt ≈ O3-bolt-opt（差异在 ±5% 内）
2026-04-29 13:56:31,796 INFO:     81             Prolangs-C++_garage    1.00968242    0.99535859   +0.01432383  O3-bolt ≈ O3-bolt-opt（差异在 ±5% 内）
2026-04-29 13:56:31,796 INFO:     82               Prolangs-C++_life    1.00744355    1.02461314   -0.01716959  O3-bolt ≈ O3-bolt-opt（差异在 ±5% 内）
2026-04-29 13:56:31,797 INFO:     83            Prolangs-C++_objects    1.01276684    1.00070775   +0.01205909  O3-bolt ≈ O3-bolt-opt（差异在 ±5% 内）
2026-04-29 13:56:31,797 INFO:     84              Prolangs-C++_ocean    1.01051390    0.99652171   +0.01399219  O3-bolt ≈ O3-bolt-opt（差异在 ±5% 内）
2026-04-29 13:56:31,797 INFO:     85             Prolangs-C++_office    1.01222157    0.98996598   +0.02225560  O3-bolt ≈ O3-bolt-opt（差异在 ±5% 内）
2026-04-29 13:56:31,797 INFO:     86             Prolangs-C++_primes    0.99931145    1.00369465   -0.00438321  O3-bolt ≈ O3-bolt-opt（差异在 ±5% 内）
2026-04-29 13:56:31,797 INFO:     87             Prolangs-C++_shapes    1.01683033    0.99385619   +0.02297413  O3-bolt ≈ O3-bolt-opt（差异在 ±5% 内）
2026-04-29 13:56:31,797 INFO:     88              Prolangs-C++_simul    1.00592208    0.99068391   +0.01523817  O3-bolt ≈ O3-bolt-opt（差异在 ±5% 内）
2026-04-29 13:56:31,797 INFO:     89              Prolangs-C++_trees    1.01195014    1.02200830   -0.01005816  O3-bolt ≈ O3-bolt-opt（差异在 ±5% 内）
2026-04-29 13:56:31,797 INFO:     90              Prolangs-C++_vcirc    1.00894129    1.00359893   +0.00534236  O3-bolt ≈ O3-bolt-opt（差异在 ±5% 内）
2026-04-29 13:56:31,797 INFO:     91         Prolangs-C_TimberWolfMC    1.00336576    1.04274309   -0.03937733  O3-bolt ≈ O3-bolt-opt（差异在 ±5% 内）
2026-04-29 13:56:31,797 INFO:     92                Prolangs-C_agrep    1.01068509    1.04121566   -0.03053057  O3-bolt ≈ O3-bolt-opt（差异在 ±5% 内）
2026-04-29 13:56:31,797 INFO:     93             Prolangs-C_allroots    1.00356710    1.03824496   -0.03467786  O3-bolt ≈ O3-bolt-opt（差异在 ±5% 内）
2026-04-29 13:56:31,798 INFO:     94        Prolangs-C_archie-client    1.00436521    0.99152249   +0.01284271  O3-bolt ≈ O3-bolt-opt（差异在 ±5% 内）
2026-04-29 13:56:31,798 INFO:     95            Prolangs-C_assembler    1.00449407    1.04223180   -0.03773773  O3-bolt ≈ O3-bolt-opt（差异在 ±5% 内）
2026-04-29 13:56:31,798 INFO:     96                Prolangs-C_bison    1.00510561    0.99823880   +0.00686681  O3-bolt ≈ O3-bolt-opt（差异在 ±5% 内）
2026-04-29 13:56:31,798 INFO:     97                Prolangs-C_cdecl    0.99317122    0.99449199   -0.00132078  O3-bolt ≈ O3-bolt-opt（差异在 ±5% 内）
2026-04-29 13:56:31,798 INFO:     98             Prolangs-C_compiler    1.00481033    1.00085521   +0.00395513  O3-bolt ≈ O3-bolt-opt（差异在 ±5% 内）
2026-04-29 13:56:31,798 INFO:     99            Prolangs-C_fixoutput    1.00477123    0.98937786   +0.01539338  O3-bolt ≈ O3-bolt-opt（差异在 ±5% 内）
2026-04-29 13:56:31,798 INFO:    100             Prolangs-C_football    1.00526965    1.01308882   -0.00781918  O3-bolt ≈ O3-bolt-opt（差异在 ±5% 内）
2026-04-29 13:56:31,798 INFO:    101                Prolangs-C_gnugo    1.00566363    1.02897823   -0.02331460  O3-bolt ≈ O3-bolt-opt（差异在 ±5% 内）
2026-04-29 13:56:31,798 INFO:    102               Prolangs-C_loader    1.00371623    1.00336170   +0.00035453  O3-bolt ≈ O3-bolt-opt（差异在 ±5% 内）
2026-04-29 13:56:31,799 INFO:    103             Prolangs-C_plot2fig    1.00378060    1.01614428   -0.01236367  O3-bolt ≈ O3-bolt-opt（差异在 ±5% 内）
2026-04-29 13:56:31,799 INFO:    104            Prolangs-C_simulator    1.00350475    1.03908980   -0.03558505  O3-bolt ≈ O3-bolt-opt（差异在 ±5% 内）
2026-04-29 13:56:31,799 INFO:    105           Prolangs-C_unix-smail    1.00143242    0.99530661   +0.00612581  O3-bolt ≈ O3-bolt-opt（差异在 ±5% 内）
2026-04-29 13:56:31,799 INFO:    106             Prolangs-C_unix-tbl    1.00566471    1.01295793   -0.00729322  O3-bolt ≈ O3-bolt-opt（差异在 ±5% 内）
2026-04-29 13:56:31,799 INFO:    107                 Ptrdist_anagram    0.98692036    1.00220931   -0.01528895  O3-bolt ≈ O3-bolt-opt（差异在 ±5% 内）
2026-04-29 13:56:31,799 INFO:    108                      Ptrdist_bc    0.98956180    0.93240905   +0.05715275  O3-bolt ≈ O3-bolt-opt（差异在 ±5% 内）
2026-04-29 13:56:31,799 INFO:    109                      Ptrdist_ft    1.01736879    1.01286995   +0.00449884  O3-bolt ≈ O3-bolt-opt（差异在 ±5% 内）
2026-04-29 13:56:31,799 INFO:    110                      Ptrdist_ks    0.98844010    0.88861984   +0.09982026  O3-bolt ≈ O3-bolt-opt（差异在 ±5% 内）
2026-04-29 13:56:31,799 INFO:    111                   Ptrdist_yacr2    1.01187146    1.08272433   -0.07085288  O3-bolt ≈ O3-bolt-opt（差异在 ±5% 内）
2026-04-29 13:56:31,799 INFO:    112                Rodinia_backprop    0.99465996    1.00219524   -0.00753528  O3-bolt ≈ O3-bolt-opt（差异在 ±5% 内）
2026-04-29 13:56:31,800 INFO:    113                 Rodinia_hotspot    1.01452339    1.00095415   +0.01356924  O3-bolt ≈ O3-bolt-opt（差异在 ±5% 内）
2026-04-29 13:56:31,800 INFO:    114              Rodinia_pathfinder    1.04122698    0.99289376   +0.04833323  O3-bolt ≈ O3-bolt-opt（差异在 ±5% 内）
2026-04-29 13:56:31,800 INFO:    115                    Rodinia_srad    0.99363434    1.02228773   -0.02865338  O3-bolt ≈ O3-bolt-opt（差异在 ±5% 内）
2026-04-29 13:56:31,800 INFO:    116                      SciMark2-C    0.99623102    1.01620269   -0.01997167  O3-bolt ≈ O3-bolt-opt（差异在 ±5% 内）
2026-04-29 13:56:31,800 INFO:    117            TSVC_ControlFlow-dbl    1.02024472    1.03565192   -0.01540720  O3-bolt ≈ O3-bolt-opt（差异在 ±5% 内）
2026-04-29 13:56:31,800 INFO:    118            TSVC_ControlFlow-flt    1.01651704    1.04929185   -0.03277481  O3-bolt ≈ O3-bolt-opt（差异在 ±5% 内）
2026-04-29 13:56:31,800 INFO:    119           TSVC_ControlLoops-dbl    1.00068355    0.99948257   +0.00120097  O3-bolt ≈ O3-bolt-opt（差异在 ±5% 内）
2026-04-29 13:56:31,800 INFO:    120           TSVC_ControlLoops-flt    1.00589299    1.00608766   -0.00019467  O3-bolt ≈ O3-bolt-opt（差异在 ±5% 内）
2026-04-29 13:56:31,800 INFO:    121     TSVC_CrossingThresholds-dbl    1.00243092    0.99849886   +0.00393206  O3-bolt ≈ O3-bolt-opt（差异在 ±5% 内）
2026-04-29 13:56:31,800 INFO:    122     TSVC_CrossingThresholds-flt    1.00311291    1.03935432   -0.03624141  O3-bolt ≈ O3-bolt-opt（差异在 ±5% 内）
2026-04-29 13:56:31,801 INFO:    123          TSVC_Equivalencing-dbl    1.15336621    1.03804207   +0.11532414  O3-bolt 优于 O3-bolt-opt（快 13.3%，加速比 1.15x）
2026-04-29 13:56:31,801 INFO:    124          TSVC_Equivalencing-flt    1.14041352    1.03284538   +0.10756814  O3-bolt 优于 O3-bolt-opt（快 12.3%，加速比 1.14x）
2026-04-29 13:56:31,801 INFO:    125              TSVC_Expansion-dbl    1.06660891    1.01790655   +0.04870236  O3-bolt 优于 O3-bolt-opt（快 6.2%，加速比 1.07x）
2026-04-29 13:56:31,801 INFO:    126              TSVC_Expansion-flt    1.10929298    1.06088364   +0.04840934  O3-bolt 优于 O3-bolt-opt（快 9.9%，加速比 1.11x）
2026-04-29 13:56:31,801 INFO:    127         TSVC_GlobalDataFlow-dbl    1.10784245    1.02321601   +0.08462644  O3-bolt 优于 O3-bolt-opt（快 9.7%，加速比 1.11x）
2026-04-29 13:56:31,801 INFO:    128         TSVC_GlobalDataFlow-flt    1.17874384    1.01367843   +0.16506541  O3-bolt 优于 O3-bolt-opt（快 15.2%，加速比 1.18x）
2026-04-29 13:56:31,801 INFO:    129     TSVC_IndirectAddressing-dbl    1.00109220    0.99225050   +0.00884169  O3-bolt ≈ O3-bolt-opt（差异在 ±5% 内）
2026-04-29 13:56:31,801 INFO:    130     TSVC_IndirectAddressing-flt    1.00458443    0.97296017   +0.03162426  O3-bolt ≈ O3-bolt-opt（差异在 ±5% 内）
2026-04-29 13:56:31,801 INFO:    131      TSVC_InductionVariable-dbl    1.02286494    1.05321896   -0.03035402  O3-bolt ≈ O3-bolt-opt（差异在 ±5% 内）
2026-04-29 13:56:31,801 INFO:    132      TSVC_InductionVariable-flt    1.01344335    1.00122225   +0.01222110  O3-bolt ≈ O3-bolt-opt（差异在 ±5% 内）
2026-04-29 13:56:31,801 INFO:    133       TSVC_LinearDependence-dbl    1.03150213    1.01511943   +0.01638269  O3-bolt ≈ O3-bolt-opt（差异在 ±5% 内）
2026-04-29 13:56:31,801 INFO:    134       TSVC_LinearDependence-flt    1.05010784    0.95952314   +0.09058470  O3-bolt 优于 O3-bolt-opt（快 4.8%，加速比 1.05x）
2026-04-29 13:56:31,802 INFO:    135          TSVC_LoopRerolling-dbl    1.00627637    1.00312531   +0.00315106  O3-bolt ≈ O3-bolt-opt（差异在 ±5% 内）
2026-04-29 13:56:31,802 INFO:    136          TSVC_LoopRerolling-flt    1.00671124    0.99850774   +0.00820351  O3-bolt ≈ O3-bolt-opt（差异在 ±5% 内）
2026-04-29 13:56:31,802 INFO:    137      TSVC_LoopRestructuring-dbl    1.22837305    1.02997386   +0.19839919  O3-bolt 优于 O3-bolt-opt（快 18.6%，加速比 1.23x）
2026-04-29 13:56:31,802 INFO:    138      TSVC_LoopRestructuring-flt    1.16580093    1.03045797   +0.13534296  O3-bolt 优于 O3-bolt-opt（快 14.2%，加速比 1.17x）
2026-04-29 13:56:31,802 INFO:    139          TSVC_NodeSplitting-dbl    1.07360816    1.01778722   +0.05582094  O3-bolt 优于 O3-bolt-opt（快 6.9%，加速比 1.07x）
2026-04-29 13:56:31,802 INFO:    140          TSVC_NodeSplitting-flt    1.06350613    1.09958148   -0.03607535  O3-bolt 优于 O3-bolt-opt（快 6.0%，加速比 1.06x）
2026-04-29 13:56:31,802 INFO:    141                TSVC_Packing-dbl    1.01398265    1.17247140   -0.15848875  O3-bolt ≈ O3-bolt-opt（差异在 ±5% 内）
2026-04-29 13:56:31,802 INFO:    142                TSVC_Packing-flt    1.01386178    1.22751749   -0.21365571  O3-bolt ≈ O3-bolt-opt（差异在 ±5% 内）
2026-04-29 13:56:31,802 INFO:    143            TSVC_Recurrences-dbl    1.35835445    1.06051290   +0.29784155  O3-bolt 优于 O3-bolt-opt（快 26.4%，加速比 1.36x）
2026-04-29 13:56:31,802 INFO:    144            TSVC_Recurrences-flt    1.35714483    1.05906332   +0.29808152  O3-bolt 优于 O3-bolt-opt（快 26.3%，加速比 1.36x）
2026-04-29 13:56:31,803 INFO:    145             TSVC_Reductions-dbl    1.03683472    1.00581753   +0.03101718  O3-bolt ≈ O3-bolt-opt（差异在 ±5% 内）
2026-04-29 13:56:31,803 INFO:    146             TSVC_Reductions-flt    1.03349352    1.00946319   +0.02403033  O3-bolt ≈ O3-bolt-opt（差异在 ±5% 内）
2026-04-29 13:56:31,803 INFO:    147              TSVC_Searching-dbl    0.99709904    0.99068916   +0.00640988  O3-bolt ≈ O3-bolt-opt（差异在 ±5% 内）
2026-04-29 13:56:31,803 INFO:    148              TSVC_Searching-flt    1.00905347    0.99654156   +0.01251191  O3-bolt ≈ O3-bolt-opt（差异在 ±5% 内）
2026-04-29 13:56:31,803 INFO:    149    TSVC_StatementReordering-dbl    1.05160630    1.01957202   +0.03203428  O3-bolt 优于 O3-bolt-opt（快 4.9%，加速比 1.05x）
2026-04-29 13:56:31,803 INFO:    150    TSVC_StatementReordering-flt    1.05620658    1.02887583   +0.02733076  O3-bolt 优于 O3-bolt-opt（快 5.3%，加速比 1.06x）
2026-04-29 13:56:31,803 INFO:    151              TSVC_Symbolics-dbl    0.99757862    0.95133102   +0.04624760  O3-bolt ≈ O3-bolt-opt（差异在 ±5% 内）
2026-04-29 13:56:31,803 INFO:    152              TSVC_Symbolics-flt    1.00146723    0.89796203   +0.10350519  O3-bolt ≈ O3-bolt-opt（差异在 ±5% 内）
2026-04-29 13:56:31,803 INFO:    153               Trimaran_enc-3des    0.99640936    1.00349534   -0.00708598  O3-bolt ≈ O3-bolt-opt（差异在 ±5% 内）
2026-04-29 13:56:31,803 INFO:    154                Trimaran_enc-md5    1.00340831    1.00622022   -0.00281191  O3-bolt ≈ O3-bolt-opt（差异在 ±5% 内）
2026-04-29 13:56:31,804 INFO:    155                Trimaran_enc-pc1    1.00127816    1.00240302   -0.00112486  O3-bolt ≈ O3-bolt-opt（差异在 ±5% 内）
2026-04-29 13:56:31,804 INFO:    156                Trimaran_enc-rc4    1.00399208    0.99556661   +0.00842547  O3-bolt ≈ O3-bolt-opt（差异在 ±5% 内）
2026-04-29 13:56:31,804 INFO:    157           Trimaran_netbench-crc    1.01312995    1.00019097   +0.01293898  O3-bolt ≈ O3-bolt-opt（差异在 ±5% 内）
2026-04-29 13:56:31,804 INFO:    158           Trimaran_netbench-url    1.01311600    1.00052023   +0.01259577  O3-bolt ≈ O3-bolt-opt（差异在 ±5% 内）
2026-04-29 13:56:31,804 INFO:    159                VersaBench_8b10b    0.98231441    0.88725698   +0.09505743  O3-bolt ≈ O3-bolt-opt（差异在 ±5% 内）
2026-04-29 13:56:31,804 INFO:    160           VersaBench_beamformer    1.01628649    1.00112140   +0.01516509  O3-bolt ≈ O3-bolt-opt（差异在 ±5% 内）
2026-04-29 13:56:31,804 INFO:    161                  VersaBench_bmm    0.99913418    0.99431783   +0.00481635  O3-bolt ≈ O3-bolt-opt（差异在 ±5% 内）
2026-04-29 13:56:31,804 INFO:    162                 VersaBench_dbms    1.00633657    1.02810395   -0.02176738  O3-bolt ≈ O3-bolt-opt（差异在 ±5% 内）
2026-04-29 13:56:31,804 INFO:    163               VersaBench_ecbdes    0.99539697    1.01350093   -0.01810396  O3-bolt ≈ O3-bolt-opt（差异在 ±5% 内）
2026-04-29 13:56:31,804 INFO:    164                    llubenchmark    1.01293659    1.00407982   +0.00885677  O3-bolt ≈ O3-bolt-opt（差异在 ±5% 内）
2026-04-29 13:56:31,804 INFO:    165                           mafft    0.98030609    1.01419985   -0.03389376  O3-bolt ≈ O3-bolt-opt（差异在 ±5% 内）
2026-04-29 13:56:31,805 INFO:    166      mediabench_adpcm_rawcaudio    1.00729859    0.99648595   +0.01081264  O3-bolt ≈ O3-bolt-opt（差异在 ±5% 内）
2026-04-29 13:56:31,805 INFO:    167      mediabench_adpcm_rawdaudio    0.99899071    1.01338756   -0.01439685  O3-bolt ≈ O3-bolt-opt（差异在 ±5% 内）
2026-04-29 13:56:31,805 INFO:    168      mediabench_g721_g721encode    1.02599275    1.00831401   +0.01767874  O3-bolt ≈ O3-bolt-opt（差异在 ±5% 内）
2026-04-29 13:56:31,805 INFO:    169            mediabench_gsm_toast    0.99870491    0.99834013   +0.00036478  O3-bolt ≈ O3-bolt-opt（差异在 ±5% 内）
2026-04-29 13:56:31,805 INFO:    170         mediabench_jpeg_jpeg-6a    1.01679134    1.01562071   +0.00117064  O3-bolt ≈ O3-bolt-opt（差异在 ±5% 内）
2026-04-29 13:56:31,805 INFO:    171       mediabench_mpeg2_mpeg2dec    1.04358613    0.96874619   +0.07483995  O3-bolt ≈ O3-bolt-opt（差异在 ±5% 内）
2026-04-29 13:56:31,805 INFO:    172                          nbench    1.02822065    0.96670610   +0.06151456  O3-bolt ≈ O3-bolt-opt（差异在 ±5% 内）
2026-04-29 13:56:31,805 INFO:    173                             sim    1.00516105    1.02870250   -0.02354145  O3-bolt ≈ O3-bolt-opt（差异在 ±5% 内）
2026-04-29 13:56:31,805 INFO:    174                      tramp3d-v4    0.91907769    1.00187922   -0.08280152  O3-bolt-opt 优于 O3-bolt（快 8.1%，加速比 1.09x）
2026-04-29 13:56:31,806 INFO: 
  ── 验证指标 ──
2026-04-29 13:56:31,806 INFO:   MAE  = 0.038626
2026-04-29 13:56:31,806 INFO:   MSE  = 0.006789
2026-04-29 13:56:31,806 INFO:   RMSE = 0.082394
2026-04-29 13:56:31,806 INFO:   方向准确率 = 110/174 (63.2%)
2026-04-29 13:56:31,806 INFO:   预测 O3-bolt 更优: 133/174  (真实: 117/174)
2026-04-29 13:56:31,806 INFO:   方向准确率（排除 ±5%）= 17/22 (77.3%)
2026-04-29 13:56:31,808 INFO:   结构化结果: checkpoints/lstm/inst_best/infer_samples_O3-bolt_vs_O3-bolt-opt.csv
2026-04-29 13:56:31,808 INFO:   摘要结果: checkpoints/lstm/inst_best/infer_summary_O3-bolt_vs_O3-bolt-opt.json
2026-04-29 13:56:31,809 INFO: 
