2026-04-29 13:52:20,374 INFO: 自动选择设备: directml
2026-04-29 13:52:20,374 INFO: 设备: privateuseone:0
2026-04-29 13:52:20,374 INFO: 设备类型: directml
2026-04-29 13:52:20,374 INFO: 日志输出目录: checkpoints/cnn/fixed_work_best
2026-04-29 13:52:20,375 INFO: 从指定配置文件加载: checkpoints/cnn/fixed_work_best/cnn_best_work.json
2026-04-29 13:52:20,607 INFO: 模型加载完成: checkpoints/cnn/fixed_work_best/cnn_best_work.pt  (设备: privateuseone:0)
2026-04-29 13:52:20,607 INFO: 模型类型: cnn
2026-04-29 13:52:20,607 INFO: 模型参数: {'in_features': 6, 'mlp_hidden': 128, 'dropout': 0.1, 'cnn_hidden': 64, 'cnn_out': 128}
2026-04-29 13:52:20,607 INFO: log-target 模式: 推理时将自动应用 exp() 变换
2026-04-29 13:52:20,608 INFO: pair-swap 训练增强: True（此为训练时数据增强，不影响推理逻辑）
2026-04-29 13:52:20,734 INFO: 已应用 exp() 变换（log-target 模式）
2026-04-29 13:52:20,735 INFO: ========================================================================
2026-04-29 13:52:20,736 INFO: 版本对: O1-g_vs_O3-g  (O1-g vs O3-g)  共 163 个程序
2026-04-29 13:52:20,736 INFO: 标签模式: fixed_workload
2026-04-29 13:52:20,736 INFO: 标签定义: Y = T_v2 / T_v1 (time ratio)
2026-04-29 13:52:20,736 INFO: 判定方向: Y >= 1 视为 O1-g 更快，Y < 1 视为 O3-g 更快
2026-04-29 13:52:20,736 INFO: 统计口径: 方向准确率按 same-side(Y=1.0) 统计；展示结论仍使用 judge() 的 ±5%% 区间
2026-04-29 13:52:20,736 INFO: ========================================================================
2026-04-29 13:52:20,736 INFO:      #                              程序          预测 Ŷ          真实 Y            误差  判断
2026-04-29 13:52:20,736 INFO:   ------------------------------------------------------------------------------------
2026-04-29 13:52:20,737 INFO:      1                            7zip    0.99761289    1.00000000   -0.00238711  O1-g ≈ O3-g（差异在 ±5% 内）
2026-04-29 13:52:20,737 INFO:      2             ASCI_Purple_SMG2000    0.87880141    0.87500000   +0.00380141  O3-g 优于 O1-g（快 12.1%，加速比 1.14x）
2026-04-29 13:52:20,737 INFO:      3               ASC_Sequoia_AMGmk    0.93643928    0.66666669   +0.26977259  O3-g 优于 O1-g（快 6.4%，加速比 1.07x）
2026-04-29 13:52:20,737 INFO:      4           ASC_Sequoia_CrystalMk    0.94908953    0.92857140   +0.02051812  O3-g 优于 O1-g（快 5.1%，加速比 1.05x）
2026-04-29 13:52:20,737 INFO:      5               ASC_Sequoia_IRSmk    0.66505075    0.66666669   -0.00161594  O3-g 优于 O1-g（快 33.5%，加速比 1.50x）
2026-04-29 13:52:20,737 INFO:      6                  BitBench_drop3    0.99905765    0.99411762   +0.00494003  O1-g ≈ O3-g（差异在 ±5% 内）
2026-04-29 13:52:20,738 INFO:      7                 BitBench_five11    1.03918505    1.05263162   -0.01344657  O1-g ≈ O3-g（差异在 ±5% 内）
2026-04-29 13:52:20,738 INFO:      8               BitBench_uudecode    0.26492375    0.28747046   -0.02254671  O3-g 优于 O1-g（快 73.5%，加速比 3.77x）
2026-04-29 13:52:20,738 INFO:      9               BitBench_uuencode    0.96608627    0.95510203   +0.01098424  O1-g ≈ O3-g（差异在 ±5% 内）
2026-04-29 13:52:20,738 INFO:     10                          Bullet    0.92636871    0.90909094   +0.01727778  O3-g 优于 O1-g（快 7.4%，加速比 1.08x）
2026-04-29 13:52:20,738 INFO:     11         DOE-ProxyApps-C++_CLAMR    1.03848469    1.03225803   +0.00622666  O1-g ≈ O3-g（差异在 ±5% 内）
2026-04-29 13:52:20,738 INFO:     12   DOE-ProxyApps-C++_HACCKernels    0.96872663    0.95238096   +0.01634568  O1-g ≈ O3-g（差异在 ±5% 内）
2026-04-29 13:52:20,738 INFO:     13         DOE-ProxyApps-C++_HPCCG    0.99834949    1.00000000   -0.00165051  O1-g ≈ O3-g（差异在 ±5% 内）
2026-04-29 13:52:20,738 INFO:     14       DOE-ProxyApps-C++_PENNANT    0.91373634    0.89285713   +0.02087921  O3-g 优于 O1-g（快 8.6%，加速比 1.09x）
2026-04-29 13:52:20,739 INFO:     15        DOE-ProxyApps-C++_miniFE    0.92590791    0.91666669   +0.00924122  O3-g 优于 O1-g（快 7.4%，加速比 1.08x）
2026-04-29 13:52:20,739 INFO:     16            DOE-ProxyApps-C_CoMD    0.95038289    0.95652175   -0.00613886  O1-g ≈ O3-g（差异在 ±5% 内）
2026-04-29 13:52:20,739 INFO:     17      DOE-ProxyApps-C_Pathfinder    0.99543959    1.00000000   -0.00456041  O1-g ≈ O3-g（差异在 ±5% 内）
2026-04-29 13:52:20,739 INFO:     18         DOE-ProxyApps-C_RSBench    0.99732238    0.99248123   +0.00484115  O1-g ≈ O3-g（差异在 ±5% 内）
2026-04-29 13:52:20,739 INFO:     19       DOE-ProxyApps-C_SimpleMOC    0.72360981    0.78125000   -0.05764019  O3-g 优于 O1-g（快 27.6%，加速比 1.38x）
2026-04-29 13:52:20,739 INFO:     20         DOE-ProxyApps-C_XSBench    0.93284243    0.93333334   -0.00049090  O3-g 优于 O1-g（快 6.7%，加速比 1.07x）
2026-04-29 13:52:20,740 INFO:     21         DOE-ProxyApps-C_miniAMR    0.98982894    0.91379309   +0.07603586  O1-g ≈ O3-g（差异在 ±5% 内）
2026-04-29 13:52:20,740 INFO:     22         DOE-ProxyApps-C_miniGMG    0.91431379    0.90476191   +0.00955188  O3-g 优于 O1-g（快 8.6%，加速比 1.09x）
2026-04-29 13:52:20,740 INFO:     23                     Fhourstones    0.94570482    0.94545454   +0.00025028  O3-g 优于 O1-g（快 5.4%，加速比 1.06x）
2026-04-29 13:52:20,740 INFO:     24                 Fhourstones-3.1    0.99367630    1.00000000   -0.00632370  O1-g ≈ O3-g（差异在 ±5% 内）
2026-04-29 13:52:20,740 INFO:     25              FreeBench_analyzer    0.96910208    0.97503120   -0.00592911  O1-g ≈ O3-g（差异在 ±5% 内）
2026-04-29 13:52:20,740 INFO:     26               FreeBench_distray    0.95674658    0.93877554   +0.01797104  O1-g ≈ O3-g（差异在 ±5% 内）
2026-04-29 13:52:20,740 INFO:     27            FreeBench_fourinarow    1.15728438    1.28571427   -0.12842989  O1-g 优于 O3-g（快 13.6%，加速比 1.16x）
2026-04-29 13:52:20,741 INFO:     28                 FreeBench_mason    1.05686045    1.08171201   -0.02485156  O1-g 优于 O3-g（快 5.4%，加速比 1.06x）
2026-04-29 13:52:20,741 INFO:     29                FreeBench_neural    0.99798226    1.00268817   -0.00470591  O1-g ≈ O3-g（差异在 ±5% 内）
2026-04-29 13:52:20,741 INFO:     30            FreeBench_pcompress2    0.98483616    0.96084338   +0.02399278  O1-g ≈ O3-g（差异在 ±5% 内）
2026-04-29 13:52:20,741 INFO:     31                 FreeBench_pifft    0.90518308    0.92307693   -0.01789385  O3-g 优于 O1-g（快 9.5%，加速比 1.10x）
2026-04-29 13:52:20,741 INFO:     32               MallocBench_cfrac    0.97536057    0.98113209   -0.00577152  O1-g ≈ O3-g（差异在 ±5% 内）
2026-04-29 13:52:20,741 INFO:     33            MallocBench_espresso    0.97355282    0.97391301   -0.00036019  O1-g ≈ O3-g（差异在 ±5% 内）
2026-04-29 13:52:20,741 INFO:     34                  MallocBench_gs    1.01874399    1.15406764   -0.13532364  O1-g ≈ O3-g（差异在 ±5% 内）
2026-04-29 13:52:20,742 INFO:     35                 McCat_01-qbsort    1.02839267    1.03245747   -0.00406480  O1-g ≈ O3-g（差异在 ±5% 内）
2026-04-29 13:52:20,742 INFO:     36               McCat_03-testtrie    0.98460966    0.99137932   -0.00676966  O1-g ≈ O3-g（差异在 ±5% 内）
2026-04-29 13:52:20,742 INFO:     37                 McCat_04-bisect    0.91731763    0.91586995   +0.00144768  O3-g 优于 O1-g（快 8.3%，加速比 1.09x）
2026-04-29 13:52:20,742 INFO:     38                   McCat_08-main    1.03560877    1.01509428   +0.02051449  O1-g ≈ O3-g（差异在 ±5% 内）
2026-04-29 13:52:20,742 INFO:     39                    McCat_09-vor    0.99645168    0.98947370   +0.00697798  O1-g ≈ O3-g（差异在 ±5% 内）
2026-04-29 13:52:20,742 INFO:     40                 McCat_12-IOtest    1.00015080    1.00680268   -0.00665188  O1-g ≈ O3-g（差异在 ±5% 内）
2026-04-29 13:52:20,742 INFO:     41                   McCat_15-trie    1.00419021    1.00274479   +0.00144541  O1-g ≈ O3-g（差异在 ±5% 内）
2026-04-29 13:52:20,743 INFO:     42                  McCat_17-bintr    1.00849009    1.00000000   +0.00849009  O1-g ≈ O3-g（差异在 ±5% 内）
2026-04-29 13:52:20,743 INFO:     43                    McCat_18-imp    0.97862899    0.98770952   -0.00908053  O1-g ≈ O3-g（差异在 ±5% 内）
2026-04-29 13:52:20,743 INFO:     44    MiBench_automotive-basicmath    0.99944979    1.00000000   -0.00055021  O1-g ≈ O3-g（差异在 ±5% 内）
2026-04-29 13:52:20,743 INFO:     45     MiBench_automotive-bitcount    0.95743877    0.95950156   -0.00206280  O1-g ≈ O3-g（差异在 ±5% 内）
2026-04-29 13:52:20,743 INFO:     46        MiBench_automotive-susan    0.99786299    0.99555558   +0.00230742  O1-g ≈ O3-g（差异在 ±5% 内）
2026-04-29 13:52:20,743 INFO:     47           MiBench_consumer-jpeg    0.98354602    0.87112343   +0.11242259  O1-g ≈ O3-g（差异在 ±5% 内）
2026-04-29 13:52:20,743 INFO:     48           MiBench_consumer-lame    0.92790645    0.89939022   +0.02851623  O3-g 优于 O1-g（快 7.2%，加速比 1.08x）
2026-04-29 13:52:20,743 INFO:     49        MiBench_consumer-typeset    0.99188429    0.99158585   +0.00029844  O1-g ≈ O3-g（差异在 ±5% 内）
2026-04-29 13:52:20,743 INFO:     50        MiBench_network-dijkstra    1.00221527    1.00082171   +0.00139356  O1-g ≈ O3-g（差异在 ±5% 内）
2026-04-29 13:52:20,744 INFO:     51        MiBench_network-patricia    1.00146735    1.00000000   +0.00146735  O1-g ≈ O3-g（差异在 ±5% 内）
2026-04-29 13:52:20,744 INFO:     52           MiBench_office-ispell    1.00262833    1.01087904   -0.00825071  O1-g ≈ O3-g（差异在 ±5% 内）
2026-04-29 13:52:20,744 INFO:     53     MiBench_office-stringsearch    0.96090358    0.95483136   +0.00607222  O1-g ≈ O3-g（差异在 ±5% 内）
2026-04-29 13:52:20,744 INFO:     54       MiBench_security-blowfish    0.99243230    0.98434114   +0.00809115  O1-g ≈ O3-g（差异在 ±5% 内）
2026-04-29 13:52:20,744 INFO:     55       MiBench_security-rijndael    0.94049853    0.93795377   +0.00254476  O3-g 优于 O1-g（快 6.0%，加速比 1.06x）
2026-04-29 13:52:20,744 INFO:     56            MiBench_security-sha    0.85237271    0.74435848   +0.10801423  O3-g 优于 O1-g（快 14.8%，加速比 1.17x）
2026-04-29 13:52:20,744 INFO:     57          MiBench_telecomm-CRC32    1.00086057    0.99772727   +0.00313330  O1-g ≈ O3-g（差异在 ±5% 内）
2026-04-29 13:52:20,744 INFO:     58            MiBench_telecomm-FFT    0.98313981    0.99155796   -0.00841814  O1-g ≈ O3-g（差异在 ±5% 内）
2026-04-29 13:52:20,745 INFO:     59          MiBench_telecomm-adpcm    1.00004780    1.00485432   -0.00480652  O1-g ≈ O3-g（差异在 ±5% 内）
2026-04-29 13:52:20,745 INFO:     60            MiBench_telecomm-gsm    0.83111054    0.86778843   -0.03667790  O3-g 优于 O1-g（快 16.9%，加速比 1.20x）
2026-04-29 13:52:20,745 INFO:     61                   NPB-serial_is    0.99721289    1.00000000   -0.00278711  O1-g ≈ O3-g（差异在 ±5% 内）
2026-04-29 13:52:20,745 INFO:     62                        Olden_bh    1.01730442    1.21875000   -0.20144558  O1-g ≈ O3-g（差异在 ±5% 内）
2026-04-29 13:52:20,745 INFO:     63                    Olden_bisort    0.96792650    0.98888886   -0.02096236  O1-g ≈ O3-g（差异在 ±5% 内）
2026-04-29 13:52:20,745 INFO:     64                      Olden_em3d    0.99639738    1.00000000   -0.00360262  O1-g ≈ O3-g（差异在 ±5% 内）
2026-04-29 13:52:20,745 INFO:     65                    Olden_health    0.98923302    0.96174866   +0.02748436  O1-g ≈ O3-g（差异在 ±5% 内）
2026-04-29 13:52:20,745 INFO:     66                       Olden_mst    1.00726211    1.01408446   -0.00682235  O1-g ≈ O3-g（差异在 ±5% 内）
2026-04-29 13:52:20,745 INFO:     67                 Olden_perimeter    0.97468382    0.94144142   +0.03324240  O1-g ≈ O3-g（差异在 ±5% 内）
2026-04-29 13:52:20,746 INFO:     68                     Olden_power    0.72769970    0.75000000   -0.02230030  O3-g 优于 O1-g（快 27.2%，加速比 1.37x）
2026-04-29 13:52:20,746 INFO:     69                   Olden_treeadd    0.99932313    0.99509805   +0.00422508  O1-g ≈ O3-g（差异在 ±5% 内）
2026-04-29 13:52:20,746 INFO:     70                       Olden_tsp    0.96925652    0.95402300   +0.01523352  O1-g ≈ O3-g（差异在 ±5% 内）
2026-04-29 13:52:20,746 INFO:     71                   Olden_voronoi    0.98284745    0.98787880   -0.00503135  O1-g ≈ O3-g（差异在 ±5% 内）
2026-04-29 13:52:20,746 INFO:     72                 Prolangs-C++_NP    0.99817699    0.99894428   -0.00076729  O1-g ≈ O3-g（差异在 ±5% 内）
2026-04-29 13:52:20,746 INFO:     73             Prolangs-C++_deriv1    1.00035644    0.99585509   +0.00450134  O1-g ≈ O3-g（差异在 ±5% 内）
2026-04-29 13:52:20,746 INFO:     74             Prolangs-C++_deriv2    1.00419593    1.01316845   -0.00897253  O1-g ≈ O3-g（差异在 ±5% 内）
2026-04-29 13:52:20,747 INFO:     75             Prolangs-C++_employ    1.00065184    1.00136423   -0.00071239  O1-g ≈ O3-g（差异在 ±5% 内）
2026-04-29 13:52:20,747 INFO:     76                Prolangs-C++_fsm    1.00426698    1.01510620   -0.01083922  O1-g ≈ O3-g（差异在 ±5% 内）
2026-04-29 13:52:20,747 INFO:     77             Prolangs-C++_garage    0.99839193    0.99168032   +0.00671160  O1-g ≈ O3-g（差异在 ±5% 内）
2026-04-29 13:52:20,747 INFO:     78               Prolangs-C++_life    0.96387362    0.97222221   -0.00834858  O1-g ≈ O3-g（差异在 ±5% 内）
2026-04-29 13:52:20,747 INFO:     79            Prolangs-C++_objects    0.99826753    1.00194526   -0.00367773  O1-g ≈ O3-g（差异在 ±5% 内）
2026-04-29 13:52:20,747 INFO:     80              Prolangs-C++_ocean    0.99967647    1.00159490   -0.00191844  O1-g ≈ O3-g（差异在 ±5% 内）
2026-04-29 13:52:20,747 INFO:     81             Prolangs-C++_office    1.00391221    1.01277828   -0.00886607  O1-g ≈ O3-g（差异在 ±5% 内）
2026-04-29 13:52:20,748 INFO:     82             Prolangs-C++_primes    0.39320534    0.45652175   -0.06331640  O3-g 优于 O1-g（快 60.7%，加速比 2.54x）
2026-04-29 13:52:20,748 INFO:     83             Prolangs-C++_shapes    0.99826974    1.00199425   -0.00372452  O1-g ≈ O3-g（差异在 ±5% 内）
2026-04-29 13:52:20,748 INFO:     84              Prolangs-C++_simul    0.97732162    0.90586931   +0.07145232  O1-g ≈ O3-g（差异在 ±5% 内）
2026-04-29 13:52:20,748 INFO:     85              Prolangs-C++_trees    1.00022149    1.00201046   -0.00178897  O1-g ≈ O3-g（差异在 ±5% 内）
2026-04-29 13:52:20,748 INFO:     86         Prolangs-C_TimberWolfMC    0.99439758    0.97721088   +0.01718670  O1-g ≈ O3-g（差异在 ±5% 内）
2026-04-29 13:52:20,748 INFO:     87        Prolangs-C_archie-client    1.00053823    1.00627613   -0.00573790  O1-g ≈ O3-g（差异在 ±5% 内）
2026-04-29 13:52:20,749 INFO:     88            Prolangs-C_assembler    1.00474250    1.01347923   -0.00873673  O1-g ≈ O3-g（差异在 ±5% 内）
2026-04-29 13:52:20,749 INFO:     89                Prolangs-C_bison    0.99726212    0.99442405   +0.00283808  O1-g ≈ O3-g（差异在 ±5% 内）
2026-04-29 13:52:20,749 INFO:     90                Prolangs-C_cdecl    1.00542665    1.02129173   -0.01586509  O1-g ≈ O3-g（差异在 ±5% 内）
2026-04-29 13:52:20,749 INFO:     91             Prolangs-C_compiler    1.00531971    1.01307702   -0.00775731  O1-g ≈ O3-g（差异在 ±5% 内）
2026-04-29 13:52:20,749 INFO:     92            Prolangs-C_fixoutput    1.00101995    1.00669038   -0.00567043  O1-g ≈ O3-g（差异在 ±5% 内）
2026-04-29 13:52:20,749 INFO:     93             Prolangs-C_football    1.00538421    1.01447296   -0.00908875  O1-g ≈ O3-g（差异在 ±5% 内）
2026-04-29 13:52:20,749 INFO:     94                Prolangs-C_gnugo    0.96584016    0.95857024   +0.00726992  O1-g ≈ O3-g（差异在 ±5% 内）
2026-04-29 13:52:20,750 INFO:     95               Prolangs-C_loader    1.00571573    1.02619088   -0.02047515  O1-g ≈ O3-g（差异在 ±5% 内）
2026-04-29 13:52:20,750 INFO:     96            Prolangs-C_simulator    1.00111377    0.99519402   +0.00591975  O1-g ≈ O3-g（差异在 ±5% 内）
2026-04-29 13:52:20,750 INFO:     97                 Ptrdist_anagram    0.98456877    0.96610171   +0.01846707  O1-g ≈ O3-g（差异在 ±5% 内）
2026-04-29 13:52:20,750 INFO:     98                      Ptrdist_bc    1.00442493    1.00000000   +0.00442493  O1-g ≈ O3-g（差异在 ±5% 内）
2026-04-29 13:52:20,750 INFO:     99                      Ptrdist_ft    0.73990315    0.74000001   -0.00009686  O3-g 优于 O1-g（快 26.0%，加速比 1.35x）
2026-04-29 13:52:20,750 INFO:    100                      Ptrdist_ks    0.95753670    0.94736844   +0.01016825  O1-g ≈ O3-g（差异在 ±5% 内）
2026-04-29 13:52:20,751 INFO:    101                   Ptrdist_yacr2    0.92597908    0.89743590   +0.02854317  O3-g 优于 O1-g（快 7.4%，加速比 1.08x）
2026-04-29 13:52:20,751 INFO:    102                Rodinia_backprop    0.91623938    0.98571426   -0.06947488  O3-g 优于 O1-g（快 8.4%，加速比 1.09x）
2026-04-29 13:52:20,751 INFO:    103                 Rodinia_hotspot    0.56596738    0.56420231   +0.00176507  O3-g 优于 O1-g（快 43.4%，加速比 1.77x）
2026-04-29 13:52:20,751 INFO:    104              Rodinia_pathfinder    0.92477274    0.91208792   +0.01268482  O3-g 优于 O1-g（快 7.5%，加速比 1.08x）
2026-04-29 13:52:20,751 INFO:    105                    Rodinia_srad    0.51403928    0.55434781   -0.04030854  O3-g 优于 O1-g（快 48.6%，加速比 1.95x）
2026-04-29 13:52:20,752 INFO:    106                      SciMark2-C    0.99622387    1.00000000   -0.00377613  O1-g ≈ O3-g（差异在 ±5% 内）
2026-04-29 13:52:20,752 INFO:    107            TSVC_ControlFlow-dbl    0.87199742    0.85714287   +0.01485455  O3-g 优于 O1-g（快 12.8%，加速比 1.15x）
2026-04-29 13:52:20,752 INFO:    108            TSVC_ControlFlow-flt    0.79243630    0.81250000   -0.02006370  O3-g 优于 O1-g（快 20.8%，加速比 1.26x）
2026-04-29 13:52:20,752 INFO:    109           TSVC_ControlLoops-dbl    0.75943977    0.76923078   -0.00979102  O3-g 优于 O1-g（快 24.1%，加速比 1.32x）
2026-04-29 13:52:20,752 INFO:    110           TSVC_ControlLoops-flt    0.48069397    0.50000000   -0.01930603  O3-g 优于 O1-g（快 51.9%，加速比 2.08x）
2026-04-29 13:52:20,752 INFO:    111     TSVC_CrossingThresholds-dbl    0.71988958    0.73333335   -0.01344377  O3-g 优于 O1-g（快 28.0%，加速比 1.39x）
2026-04-29 13:52:20,752 INFO:    112     TSVC_CrossingThresholds-flt    0.67026764    0.68181819   -0.01155055  O3-g 优于 O1-g（快 33.0%，加速比 1.49x）
2026-04-29 13:52:20,753 INFO:    113          TSVC_Equivalencing-dbl    0.59234995    0.65714288   -0.06479293  O3-g 优于 O1-g（快 40.8%，加速比 1.69x）
2026-04-29 13:52:20,753 INFO:    114          TSVC_Equivalencing-flt    0.25507003    0.28205130   -0.02698126  O3-g 优于 O1-g（快 74.5%，加速比 3.92x）
2026-04-29 13:52:20,753 INFO:    115              TSVC_Expansion-dbl    0.73721379    0.75000000   -0.01278621  O3-g 优于 O1-g（快 26.3%，加速比 1.36x）
2026-04-29 13:52:20,753 INFO:    116              TSVC_Expansion-flt    0.62967646    0.55555558   +0.07412088  O3-g 优于 O1-g（快 37.0%，加速比 1.59x）
2026-04-29 13:52:20,753 INFO:    117         TSVC_GlobalDataFlow-dbl    0.68611258    0.72222221   -0.03610963  O3-g 优于 O1-g（快 31.4%，加速比 1.46x）
2026-04-29 13:52:20,753 INFO:    118         TSVC_GlobalDataFlow-flt    0.43766260    0.44736841   -0.00970581  O3-g 优于 O1-g（快 56.2%，加速比 2.28x）
2026-04-29 13:52:20,753 INFO:    119     TSVC_IndirectAddressing-dbl    0.99970943    1.00000000   -0.00029057  O1-g ≈ O3-g（差异在 ±5% 内）
2026-04-29 13:52:20,753 INFO:    120     TSVC_IndirectAddressing-flt    0.93021178    0.92857140   +0.00164038  O3-g 优于 O1-g（快 7.0%，加速比 1.08x）
2026-04-29 13:52:20,754 INFO:    121      TSVC_InductionVariable-dbl    0.78527993    0.83333331   -0.04805338  O3-g 优于 O1-g（快 21.5%，加速比 1.27x）
2026-04-29 13:52:20,754 INFO:    122      TSVC_InductionVariable-flt    0.71884084    0.75000000   -0.03115916  O3-g 优于 O1-g（快 28.1%，加速比 1.39x）
2026-04-29 13:52:20,754 INFO:    123       TSVC_LinearDependence-dbl    0.73972428    0.76470590   -0.02498162  O3-g 优于 O1-g（快 26.0%，加速比 1.35x）
2026-04-29 13:52:20,754 INFO:    124       TSVC_LinearDependence-flt    0.50179619    0.48148149   +0.02031469  O3-g 优于 O1-g（快 49.8%，加速比 1.99x）
2026-04-29 13:52:20,754 INFO:    125          TSVC_LoopRerolling-dbl    0.77783549    0.81818181   -0.04034632  O3-g 优于 O1-g（快 22.2%，加速比 1.29x）
2026-04-29 13:52:20,754 INFO:    126          TSVC_LoopRerolling-flt    0.78404200    0.81818181   -0.03413981  O3-g 优于 O1-g（快 21.6%，加速比 1.28x）
2026-04-29 13:52:20,754 INFO:    127      TSVC_LoopRestructuring-dbl    0.99640006    1.00000000   -0.00359994  O1-g ≈ O3-g（差异在 ±5% 内）
2026-04-29 13:52:20,754 INFO:    128      TSVC_LoopRestructuring-flt    0.90646279    0.90909094   -0.00262815  O3-g 优于 O1-g（快 9.4%，加速比 1.10x）
2026-04-29 13:52:20,755 INFO:    129          TSVC_NodeSplitting-dbl    0.92374271    0.92307693   +0.00066578  O3-g 优于 O1-g（快 7.6%，加速比 1.08x）
2026-04-29 13:52:20,755 INFO:    130          TSVC_NodeSplitting-flt    0.89787561    0.87500000   +0.02287561  O3-g 优于 O1-g（快 10.2%，加速比 1.11x）
2026-04-29 13:52:20,755 INFO:    131                TSVC_Packing-dbl    0.86050606    0.85714287   +0.00336319  O3-g 优于 O1-g（快 13.9%，加速比 1.16x）
2026-04-29 13:52:20,755 INFO:    132                TSVC_Packing-flt    0.86130196    0.86666667   -0.00536472  O3-g 优于 O1-g（快 13.9%，加速比 1.16x）
2026-04-29 13:52:20,755 INFO:    133            TSVC_Recurrences-dbl    1.00482786    1.00000000   +0.00482786  O1-g ≈ O3-g（差异在 ±5% 内）
2026-04-29 13:52:20,755 INFO:    134            TSVC_Recurrences-flt    1.00349069    1.00000000   +0.00349069  O1-g ≈ O3-g（差异在 ±5% 内）
2026-04-29 13:52:20,756 INFO:    135             TSVC_Reductions-dbl    0.99811590    1.00000000   -0.00188410  O1-g ≈ O3-g（差异在 ±5% 内）
2026-04-29 13:52:20,756 INFO:    136             TSVC_Reductions-flt    0.94039655    1.00000000   -0.05960345  O3-g 优于 O1-g（快 6.0%，加速比 1.06x）
2026-04-29 13:52:20,756 INFO:    137              TSVC_Searching-dbl    0.66736865    0.66666669   +0.00070196  O3-g 优于 O1-g（快 33.3%，加速比 1.50x）
2026-04-29 13:52:20,756 INFO:    138              TSVC_Searching-flt    0.28367186    0.30000001   -0.01632816  O3-g 优于 O1-g（快 71.6%，加速比 3.53x）
2026-04-29 13:52:20,756 INFO:    139    TSVC_StatementReordering-dbl    0.88844830    0.92307693   -0.03462863  O3-g 优于 O1-g（快 11.2%，加速比 1.13x）
2026-04-29 13:52:20,756 INFO:    140    TSVC_StatementReordering-flt    0.93686998    0.94117647   -0.00430650  O3-g 优于 O1-g（快 6.3%，加速比 1.07x）
2026-04-29 13:52:20,756 INFO:    141              TSVC_Symbolics-dbl    0.65581518    0.73684210   -0.08102691  O3-g 优于 O1-g（快 34.4%，加速比 1.52x）
2026-04-29 13:52:20,756 INFO:    142              TSVC_Symbolics-flt    0.37216920    0.38235295   -0.01018375  O3-g 优于 O1-g（快 62.8%，加速比 2.69x）
2026-04-29 13:52:20,757 INFO:    143               Trimaran_enc-3des    0.95339555    0.95833331   -0.00493777  O1-g ≈ O3-g（差异在 ±5% 内）
2026-04-29 13:52:20,757 INFO:    144                Trimaran_enc-md5    1.00013304    1.00000000   +0.00013304  O1-g ≈ O3-g（差异在 ±5% 内）
2026-04-29 13:52:20,757 INFO:    145                Trimaran_enc-pc1    0.57538110    0.56034482   +0.01503628  O3-g 优于 O1-g（快 42.5%，加速比 1.74x）
2026-04-29 13:52:20,757 INFO:    146                Trimaran_enc-rc4    0.91268337    0.89583331   +0.01685005  O3-g 优于 O1-g（快 8.7%，加速比 1.10x）
2026-04-29 13:52:20,757 INFO:    147           Trimaran_netbench-crc    0.99814218    1.00000000   -0.00185782  O1-g ≈ O3-g（差异在 ±5% 内）
2026-04-29 13:52:20,757 INFO:    148           Trimaran_netbench-url    1.00141919    1.00000000   +0.00141919  O1-g ≈ O3-g（差异在 ±5% 内）
2026-04-29 13:52:20,758 INFO:    149                VersaBench_8b10b    0.99032342    1.00000000   -0.00967658  O1-g ≈ O3-g（差异在 ±5% 内）
2026-04-29 13:52:20,758 INFO:    150           VersaBench_beamformer    0.77754784    0.77049178   +0.00705606  O3-g 优于 O1-g（快 22.2%，加速比 1.29x）
2026-04-29 13:52:20,758 INFO:    151                  VersaBench_bmm    0.99964797    1.00000000   -0.00035203  O1-g ≈ O3-g（差异在 ±5% 内）
2026-04-29 13:52:20,758 INFO:    152                 VersaBench_dbms    1.00051439    1.00000000   +0.00051439  O1-g ≈ O3-g（差异在 ±5% 内）
2026-04-29 13:52:20,758 INFO:    153               VersaBench_ecbdes    1.00007570    1.00000000   +0.00007570  O1-g ≈ O3-g（差异在 ±5% 内）
2026-04-29 13:52:20,758 INFO:    154                    llubenchmark    0.99910617    1.00000000   -0.00089383  O1-g ≈ O3-g（差异在 ±5% 内）
2026-04-29 13:52:20,758 INFO:    155                           mafft    0.99955016    1.00000000   -0.00044984  O1-g ≈ O3-g（差异在 ±5% 内）
2026-04-29 13:52:20,759 INFO:    156      mediabench_adpcm_rawcaudio    1.00091600    1.00152636   -0.00061035  O1-g ≈ O3-g（差异在 ±5% 内）
2026-04-29 13:52:20,759 INFO:    157      mediabench_adpcm_rawdaudio    1.00128841    1.01537275   -0.01408434  O1-g ≈ O3-g（差异在 ±5% 内）
2026-04-29 13:52:20,759 INFO:    158      mediabench_g721_g721encode    0.90014452    0.89805824   +0.00208628  O3-g 优于 O1-g（快 10.0%，加速比 1.11x）
2026-04-29 13:52:20,759 INFO:    159            mediabench_gsm_toast    0.87820339    0.84902489   +0.02917850  O3-g 优于 O1-g（快 12.2%，加速比 1.14x）
2026-04-29 13:52:20,759 INFO:    160         mediabench_jpeg_jpeg-6a    0.99694639    1.00703692   -0.01009053  O1-g ≈ O3-g（差异在 ±5% 内）
2026-04-29 13:52:20,759 INFO:    161       mediabench_mpeg2_mpeg2dec    0.98225302    0.97662663   +0.00562638  O1-g ≈ O3-g（差异在 ±5% 内）
2026-04-29 13:52:20,759 INFO:    162                          nbench    0.86195570    0.87096775   -0.00901204  O3-g 优于 O1-g（快 13.8%，加速比 1.16x）
2026-04-29 13:52:20,760 INFO:    163                      tramp3d-v4    0.59093881    0.54452056   +0.04641825  O3-g 优于 O1-g（快 40.9%，加速比 1.69x）
2026-04-29 13:52:20,760 INFO: 
  ── 验证指标 ──
2026-04-29 13:52:20,760 INFO:   MAE  = 0.019230
2026-04-29 13:52:20,760 INFO:   MSE  = 0.001523
2026-04-29 13:52:20,760 INFO:   RMSE = 0.039022
2026-04-29 13:52:20,760 INFO:   方向准确率 = 138/163 (84.7%)
2026-04-29 13:52:20,761 INFO:   预测 O1-g 更优: 40/163  (真实: 59/163)
2026-04-29 13:52:20,761 INFO:   方向准确率（排除 ±5%）= 73/73 (100.0%)
