2026-04-29 13:52:59,415 INFO: 自动选择设备: directml
2026-04-29 13:52:59,415 INFO: 设备: privateuseone:0
2026-04-29 13:52:59,415 INFO: 设备类型: directml
2026-04-29 13:52:59,416 INFO: 日志输出目录: checkpoints/cnn/fixed_work_best
2026-04-29 13:52:59,416 INFO: 从指定配置文件加载: checkpoints/cnn/fixed_work_best/cnn_best_work.json
2026-04-29 13:52:59,554 INFO: 模型加载完成: checkpoints/cnn/fixed_work_best/cnn_best_work.pt  (设备: privateuseone:0)
2026-04-29 13:52:59,554 INFO: 模型类型: cnn
2026-04-29 13:52:59,554 INFO: 模型参数: {'in_features': 6, 'mlp_hidden': 128, 'dropout': 0.1, 'cnn_hidden': 64, 'cnn_out': 128}
2026-04-29 13:52:59,554 INFO: log-target 模式: 推理时将自动应用 exp() 变换
2026-04-29 13:52:59,554 INFO: pair-swap 训练增强: True（此为训练时数据增强，不影响推理逻辑）
2026-04-29 13:52:59,624 INFO: 已应用 exp() 变换（log-target 模式）
2026-04-29 13:52:59,624 INFO: ========================================================================
2026-04-29 13:52:59,624 INFO: 版本对: O1-g_vs_O3-g  (O1-g vs O3-g)  共 163 个程序
2026-04-29 13:52:59,625 INFO: 标签模式: fixed_workload
2026-04-29 13:52:59,625 INFO: 标签定义: Y = T_v2 / T_v1 (time ratio)
2026-04-29 13:52:59,625 INFO: 判定方向: Y >= 1 视为 O1-g 更快，Y < 1 视为 O3-g 更快
2026-04-29 13:52:59,625 INFO: 统计口径: 方向准确率按 same-side(Y=1.0) 统计；展示结论仍使用 judge() 的 ±5%% 区间
2026-04-29 13:52:59,625 INFO: ========================================================================
2026-04-29 13:52:59,625 INFO:      #                              程序          预测 Ŷ          真实 Y            误差  判断
2026-04-29 13:52:59,625 INFO:   ------------------------------------------------------------------------------------
2026-04-29 13:52:59,625 INFO:      1                            7zip    0.99761289    1.00000000   -0.00238711  O1-g ≈ O3-g（差异在 ±5% 内）
2026-04-29 13:52:59,626 INFO:      2             ASCI_Purple_SMG2000    0.87880141    0.87500000   +0.00380141  O3-g 优于 O1-g（快 12.1%，加速比 1.14x）
2026-04-29 13:52:59,626 INFO:      3               ASC_Sequoia_AMGmk    0.93643928    0.66666669   +0.26977259  O3-g 优于 O1-g（快 6.4%，加速比 1.07x）
2026-04-29 13:52:59,626 INFO:      4           ASC_Sequoia_CrystalMk    0.94908953    0.92857140   +0.02051812  O3-g 优于 O1-g（快 5.1%，加速比 1.05x）
2026-04-29 13:52:59,626 INFO:      5               ASC_Sequoia_IRSmk    0.66505075    0.66666669   -0.00161594  O3-g 优于 O1-g（快 33.5%，加速比 1.50x）
2026-04-29 13:52:59,626 INFO:      6                  BitBench_drop3    0.99905765    0.99411762   +0.00494003  O1-g ≈ O3-g（差异在 ±5% 内）
2026-04-29 13:52:59,626 INFO:      7                 BitBench_five11    1.03918505    1.05263162   -0.01344657  O1-g ≈ O3-g（差异在 ±5% 内）
2026-04-29 13:52:59,626 INFO:      8               BitBench_uudecode    0.26492375    0.28747046   -0.02254671  O3-g 优于 O1-g（快 73.5%，加速比 3.77x）
2026-04-29 13:52:59,626 INFO:      9               BitBench_uuencode    0.96608627    0.95510203   +0.01098424  O1-g ≈ O3-g（差异在 ±5% 内）
2026-04-29 13:52:59,627 INFO:     10                          Bullet    0.92636871    0.90909094   +0.01727778  O3-g 优于 O1-g（快 7.4%，加速比 1.08x）
2026-04-29 13:52:59,627 INFO:     11         DOE-ProxyApps-C++_CLAMR    1.03848469    1.03225803   +0.00622666  O1-g ≈ O3-g（差异在 ±5% 内）
2026-04-29 13:52:59,627 INFO:     12   DOE-ProxyApps-C++_HACCKernels    0.96872663    0.95238096   +0.01634568  O1-g ≈ O3-g（差异在 ±5% 内）
2026-04-29 13:52:59,627 INFO:     13         DOE-ProxyApps-C++_HPCCG    0.99834949    1.00000000   -0.00165051  O1-g ≈ O3-g（差异在 ±5% 内）
2026-04-29 13:52:59,627 INFO:     14       DOE-ProxyApps-C++_PENNANT    0.91373634    0.89285713   +0.02087921  O3-g 优于 O1-g（快 8.6%，加速比 1.09x）
2026-04-29 13:52:59,627 INFO:     15        DOE-ProxyApps-C++_miniFE    0.92590791    0.91666669   +0.00924122  O3-g 优于 O1-g（快 7.4%，加速比 1.08x）
2026-04-29 13:52:59,627 INFO:     16            DOE-ProxyApps-C_CoMD    0.95038289    0.95652175   -0.00613886  O1-g ≈ O3-g（差异在 ±5% 内）
2026-04-29 13:52:59,628 INFO:     17      DOE-ProxyApps-C_Pathfinder    0.99543959    1.00000000   -0.00456041  O1-g ≈ O3-g（差异在 ±5% 内）
2026-04-29 13:52:59,628 INFO:     18         DOE-ProxyApps-C_RSBench    0.99732238    0.99248123   +0.00484115  O1-g ≈ O3-g（差异在 ±5% 内）
2026-04-29 13:52:59,628 INFO:     19       DOE-ProxyApps-C_SimpleMOC    0.72360981    0.78125000   -0.05764019  O3-g 优于 O1-g（快 27.6%，加速比 1.38x）
2026-04-29 13:52:59,628 INFO:     20         DOE-ProxyApps-C_XSBench    0.93284243    0.93333334   -0.00049090  O3-g 优于 O1-g（快 6.7%，加速比 1.07x）
2026-04-29 13:52:59,628 INFO:     21         DOE-ProxyApps-C_miniAMR    0.98982894    0.91379309   +0.07603586  O1-g ≈ O3-g（差异在 ±5% 内）
2026-04-29 13:52:59,628 INFO:     22         DOE-ProxyApps-C_miniGMG    0.91431379    0.90476191   +0.00955188  O3-g 优于 O1-g（快 8.6%，加速比 1.09x）
2026-04-29 13:52:59,628 INFO:     23                     Fhourstones    0.94570482    0.94545454   +0.00025028  O3-g 优于 O1-g（快 5.4%，加速比 1.06x）
2026-04-29 13:52:59,629 INFO:     24                 Fhourstones-3.1    0.99367630    1.00000000   -0.00632370  O1-g ≈ O3-g（差异在 ±5% 内）
2026-04-29 13:52:59,629 INFO:     25              FreeBench_analyzer    0.96910208    0.97503120   -0.00592911  O1-g ≈ O3-g（差异在 ±5% 内）
2026-04-29 13:52:59,629 INFO:     26               FreeBench_distray    0.95674658    0.93877554   +0.01797104  O1-g ≈ O3-g（差异在 ±5% 内）
2026-04-29 13:52:59,629 INFO:     27            FreeBench_fourinarow    1.15728438    1.28571427   -0.12842989  O1-g 优于 O3-g（快 13.6%，加速比 1.16x）
2026-04-29 13:52:59,629 INFO:     28                 FreeBench_mason    1.05686045    1.08171201   -0.02485156  O1-g 优于 O3-g（快 5.4%，加速比 1.06x）
2026-04-29 13:52:59,629 INFO:     29                FreeBench_neural    0.99798226    1.00268817   -0.00470591  O1-g ≈ O3-g（差异在 ±5% 内）
2026-04-29 13:52:59,629 INFO:     30            FreeBench_pcompress2    0.98483616    0.96084338   +0.02399278  O1-g ≈ O3-g（差异在 ±5% 内）
2026-04-29 13:52:59,630 INFO:     31                 FreeBench_pifft    0.90518308    0.92307693   -0.01789385  O3-g 优于 O1-g（快 9.5%，加速比 1.10x）
2026-04-29 13:52:59,630 INFO:     32               MallocBench_cfrac    0.97536057    0.98113209   -0.00577152  O1-g ≈ O3-g（差异在 ±5% 内）
2026-04-29 13:52:59,630 INFO:     33            MallocBench_espresso    0.97355282    0.97391301   -0.00036019  O1-g ≈ O3-g（差异在 ±5% 内）
2026-04-29 13:52:59,630 INFO:     34                  MallocBench_gs    1.01874399    1.15406764   -0.13532364  O1-g ≈ O3-g（差异在 ±5% 内）
2026-04-29 13:52:59,630 INFO:     35                 McCat_01-qbsort    1.02839267    1.03245747   -0.00406480  O1-g ≈ O3-g（差异在 ±5% 内）
2026-04-29 13:52:59,630 INFO:     36               McCat_03-testtrie    0.98460966    0.99137932   -0.00676966  O1-g ≈ O3-g（差异在 ±5% 内）
2026-04-29 13:52:59,630 INFO:     37                 McCat_04-bisect    0.91731763    0.91586995   +0.00144768  O3-g 优于 O1-g（快 8.3%，加速比 1.09x）
2026-04-29 13:52:59,630 INFO:     38                   McCat_08-main    1.03560877    1.01509428   +0.02051449  O1-g ≈ O3-g（差异在 ±5% 内）
2026-04-29 13:52:59,631 INFO:     39                    McCat_09-vor    0.99645168    0.98947370   +0.00697798  O1-g ≈ O3-g（差异在 ±5% 内）
2026-04-29 13:52:59,631 INFO:     40                 McCat_12-IOtest    1.00015080    1.00680268   -0.00665188  O1-g ≈ O3-g（差异在 ±5% 内）
2026-04-29 13:52:59,631 INFO:     41                   McCat_15-trie    1.00419021    1.00274479   +0.00144541  O1-g ≈ O3-g（差异在 ±5% 内）
2026-04-29 13:52:59,631 INFO:     42                  McCat_17-bintr    1.00849009    1.00000000   +0.00849009  O1-g ≈ O3-g（差异在 ±5% 内）
2026-04-29 13:52:59,631 INFO:     43                    McCat_18-imp    0.97862899    0.98770952   -0.00908053  O1-g ≈ O3-g（差异在 ±5% 内）
2026-04-29 13:52:59,631 INFO:     44    MiBench_automotive-basicmath    0.99944979    1.00000000   -0.00055021  O1-g ≈ O3-g（差异在 ±5% 内）
2026-04-29 13:52:59,632 INFO:     45     MiBench_automotive-bitcount    0.95743877    0.95950156   -0.00206280  O1-g ≈ O3-g（差异在 ±5% 内）
2026-04-29 13:52:59,632 INFO:     46        MiBench_automotive-susan    0.99786299    0.99555558   +0.00230742  O1-g ≈ O3-g（差异在 ±5% 内）
2026-04-29 13:52:59,632 INFO:     47           MiBench_consumer-jpeg    0.98354602    0.87112343   +0.11242259  O1-g ≈ O3-g（差异在 ±5% 内）
2026-04-29 13:52:59,632 INFO:     48           MiBench_consumer-lame    0.92790645    0.89939022   +0.02851623  O3-g 优于 O1-g（快 7.2%，加速比 1.08x）
2026-04-29 13:52:59,632 INFO:     49        MiBench_consumer-typeset    0.99188429    0.99158585   +0.00029844  O1-g ≈ O3-g（差异在 ±5% 内）
2026-04-29 13:52:59,632 INFO:     50        MiBench_network-dijkstra    1.00221527    1.00082171   +0.00139356  O1-g ≈ O3-g（差异在 ±5% 内）
2026-04-29 13:52:59,632 INFO:     51        MiBench_network-patricia    1.00146735    1.00000000   +0.00146735  O1-g ≈ O3-g（差异在 ±5% 内）
2026-04-29 13:52:59,632 INFO:     52           MiBench_office-ispell    1.00262833    1.01087904   -0.00825071  O1-g ≈ O3-g（差异在 ±5% 内）
2026-04-29 13:52:59,633 INFO:     53     MiBench_office-stringsearch    0.96090358    0.95483136   +0.00607222  O1-g ≈ O3-g（差异在 ±5% 内）
2026-04-29 13:52:59,633 INFO:     54       MiBench_security-blowfish    0.99243230    0.98434114   +0.00809115  O1-g ≈ O3-g（差异在 ±5% 内）
2026-04-29 13:52:59,633 INFO:     55       MiBench_security-rijndael    0.94049853    0.93795377   +0.00254476  O3-g 优于 O1-g（快 6.0%，加速比 1.06x）
2026-04-29 13:52:59,633 INFO:     56            MiBench_security-sha    0.85237271    0.74435848   +0.10801423  O3-g 优于 O1-g（快 14.8%，加速比 1.17x）
2026-04-29 13:52:59,633 INFO:     57          MiBench_telecomm-CRC32    1.00086057    0.99772727   +0.00313330  O1-g ≈ O3-g（差异在 ±5% 内）
2026-04-29 13:52:59,633 INFO:     58            MiBench_telecomm-FFT    0.98313981    0.99155796   -0.00841814  O1-g ≈ O3-g（差异在 ±5% 内）
2026-04-29 13:52:59,633 INFO:     59          MiBench_telecomm-adpcm    1.00004780    1.00485432   -0.00480652  O1-g ≈ O3-g（差异在 ±5% 内）
2026-04-29 13:52:59,634 INFO:     60            MiBench_telecomm-gsm    0.83111054    0.86778843   -0.03667790  O3-g 优于 O1-g（快 16.9%，加速比 1.20x）
2026-04-29 13:52:59,634 INFO:     61                   NPB-serial_is    0.99721289    1.00000000   -0.00278711  O1-g ≈ O3-g（差异在 ±5% 内）
2026-04-29 13:52:59,634 INFO:     62                        Olden_bh    1.01730442    1.21875000   -0.20144558  O1-g ≈ O3-g（差异在 ±5% 内）
2026-04-29 13:52:59,634 INFO:     63                    Olden_bisort    0.96792650    0.98888886   -0.02096236  O1-g ≈ O3-g（差异在 ±5% 内）
2026-04-29 13:52:59,634 INFO:     64                      Olden_em3d    0.99639738    1.00000000   -0.00360262  O1-g ≈ O3-g（差异在 ±5% 内）
2026-04-29 13:52:59,634 INFO:     65                    Olden_health    0.98923302    0.96174866   +0.02748436  O1-g ≈ O3-g（差异在 ±5% 内）
2026-04-29 13:52:59,634 INFO:     66                       Olden_mst    1.00726211    1.01408446   -0.00682235  O1-g ≈ O3-g（差异在 ±5% 内）
2026-04-29 13:52:59,635 INFO:     67                 Olden_perimeter    0.97468382    0.94144142   +0.03324240  O1-g ≈ O3-g（差异在 ±5% 内）
2026-04-29 13:52:59,635 INFO:     68                     Olden_power    0.72769970    0.75000000   -0.02230030  O3-g 优于 O1-g（快 27.2%，加速比 1.37x）
2026-04-29 13:52:59,635 INFO:     69                   Olden_treeadd    0.99932313    0.99509805   +0.00422508  O1-g ≈ O3-g（差异在 ±5% 内）
2026-04-29 13:52:59,635 INFO:     70                       Olden_tsp    0.96925652    0.95402300   +0.01523352  O1-g ≈ O3-g（差异在 ±5% 内）
2026-04-29 13:52:59,635 INFO:     71                   Olden_voronoi    0.98284745    0.98787880   -0.00503135  O1-g ≈ O3-g（差异在 ±5% 内）
2026-04-29 13:52:59,635 INFO:     72                 Prolangs-C++_NP    0.99817699    0.99894428   -0.00076729  O1-g ≈ O3-g（差异在 ±5% 内）
2026-04-29 13:52:59,635 INFO:     73             Prolangs-C++_deriv1    1.00035644    0.99585509   +0.00450134  O1-g ≈ O3-g（差异在 ±5% 内）
2026-04-29 13:52:59,636 INFO:     74             Prolangs-C++_deriv2    1.00419593    1.01316845   -0.00897253  O1-g ≈ O3-g（差异在 ±5% 内）
2026-04-29 13:52:59,636 INFO:     75             Prolangs-C++_employ    1.00065184    1.00136423   -0.00071239  O1-g ≈ O3-g（差异在 ±5% 内）
2026-04-29 13:52:59,636 INFO:     76                Prolangs-C++_fsm    1.00426698    1.01510620   -0.01083922  O1-g ≈ O3-g（差异在 ±5% 内）
2026-04-29 13:52:59,636 INFO:     77             Prolangs-C++_garage    0.99839193    0.99168032   +0.00671160  O1-g ≈ O3-g（差异在 ±5% 内）
2026-04-29 13:52:59,636 INFO:     78               Prolangs-C++_life    0.96387362    0.97222221   -0.00834858  O1-g ≈ O3-g（差异在 ±5% 内）
2026-04-29 13:52:59,636 INFO:     79            Prolangs-C++_objects    0.99826753    1.00194526   -0.00367773  O1-g ≈ O3-g（差异在 ±5% 内）
2026-04-29 13:52:59,636 INFO:     80              Prolangs-C++_ocean    0.99967647    1.00159490   -0.00191844  O1-g ≈ O3-g（差异在 ±5% 内）
2026-04-29 13:52:59,637 INFO:     81             Prolangs-C++_office    1.00391221    1.01277828   -0.00886607  O1-g ≈ O3-g（差异在 ±5% 内）
2026-04-29 13:52:59,637 INFO:     82             Prolangs-C++_primes    0.39320534    0.45652175   -0.06331640  O3-g 优于 O1-g（快 60.7%，加速比 2.54x）
2026-04-29 13:52:59,637 INFO:     83             Prolangs-C++_shapes    0.99826974    1.00199425   -0.00372452  O1-g ≈ O3-g（差异在 ±5% 内）
2026-04-29 13:52:59,637 INFO:     84              Prolangs-C++_simul    0.97732162    0.90586931   +0.07145232  O1-g ≈ O3-g（差异在 ±5% 内）
2026-04-29 13:52:59,637 INFO:     85              Prolangs-C++_trees    1.00022149    1.00201046   -0.00178897  O1-g ≈ O3-g（差异在 ±5% 内）
2026-04-29 13:52:59,637 INFO:     86         Prolangs-C_TimberWolfMC    0.99439758    0.97721088   +0.01718670  O1-g ≈ O3-g（差异在 ±5% 内）
2026-04-29 13:52:59,638 INFO:     87        Prolangs-C_archie-client    1.00053823    1.00627613   -0.00573790  O1-g ≈ O3-g（差异在 ±5% 内）
2026-04-29 13:52:59,638 INFO:     88            Prolangs-C_assembler    1.00474250    1.01347923   -0.00873673  O1-g ≈ O3-g（差异在 ±5% 内）
2026-04-29 13:52:59,638 INFO:     89                Prolangs-C_bison    0.99726212    0.99442405   +0.00283808  O1-g ≈ O3-g（差异在 ±5% 内）
2026-04-29 13:52:59,638 INFO:     90                Prolangs-C_cdecl    1.00542665    1.02129173   -0.01586509  O1-g ≈ O3-g（差异在 ±5% 内）
2026-04-29 13:52:59,638 INFO:     91             Prolangs-C_compiler    1.00531971    1.01307702   -0.00775731  O1-g ≈ O3-g（差异在 ±5% 内）
2026-04-29 13:52:59,638 INFO:     92            Prolangs-C_fixoutput    1.00101995    1.00669038   -0.00567043  O1-g ≈ O3-g（差异在 ±5% 内）
2026-04-29 13:52:59,639 INFO:     93             Prolangs-C_football    1.00538421    1.01447296   -0.00908875  O1-g ≈ O3-g（差异在 ±5% 内）
2026-04-29 13:52:59,639 INFO:     94                Prolangs-C_gnugo    0.96584016    0.95857024   +0.00726992  O1-g ≈ O3-g（差异在 ±5% 内）
2026-04-29 13:52:59,639 INFO:     95               Prolangs-C_loader    1.00571573    1.02619088   -0.02047515  O1-g ≈ O3-g（差异在 ±5% 内）
2026-04-29 13:52:59,639 INFO:     96            Prolangs-C_simulator    1.00111377    0.99519402   +0.00591975  O1-g ≈ O3-g（差异在 ±5% 内）
2026-04-29 13:52:59,639 INFO:     97                 Ptrdist_anagram    0.98456877    0.96610171   +0.01846707  O1-g ≈ O3-g（差异在 ±5% 内）
2026-04-29 13:52:59,639 INFO:     98                      Ptrdist_bc    1.00442493    1.00000000   +0.00442493  O1-g ≈ O3-g（差异在 ±5% 内）
2026-04-29 13:52:59,640 INFO:     99                      Ptrdist_ft    0.73990315    0.74000001   -0.00009686  O3-g 优于 O1-g（快 26.0%，加速比 1.35x）
2026-04-29 13:52:59,640 INFO:    100                      Ptrdist_ks    0.95753670    0.94736844   +0.01016825  O1-g ≈ O3-g（差异在 ±5% 内）
2026-04-29 13:52:59,640 INFO:    101                   Ptrdist_yacr2    0.92597908    0.89743590   +0.02854317  O3-g 优于 O1-g（快 7.4%，加速比 1.08x）
2026-04-29 13:52:59,640 INFO:    102                Rodinia_backprop    0.91623938    0.98571426   -0.06947488  O3-g 优于 O1-g（快 8.4%，加速比 1.09x）
2026-04-29 13:52:59,640 INFO:    103                 Rodinia_hotspot    0.56596738    0.56420231   +0.00176507  O3-g 优于 O1-g（快 43.4%，加速比 1.77x）
2026-04-29 13:52:59,640 INFO:    104              Rodinia_pathfinder    0.92477274    0.91208792   +0.01268482  O3-g 优于 O1-g（快 7.5%，加速比 1.08x）
2026-04-29 13:52:59,641 INFO:    105                    Rodinia_srad    0.51403928    0.55434781   -0.04030854  O3-g 优于 O1-g（快 48.6%，加速比 1.95x）
2026-04-29 13:52:59,641 INFO:    106                      SciMark2-C    0.99622387    1.00000000   -0.00377613  O1-g ≈ O3-g（差异在 ±5% 内）
2026-04-29 13:52:59,641 INFO:    107            TSVC_ControlFlow-dbl    0.87199742    0.85714287   +0.01485455  O3-g 优于 O1-g（快 12.8%，加速比 1.15x）
2026-04-29 13:52:59,641 INFO:    108            TSVC_ControlFlow-flt    0.79243630    0.81250000   -0.02006370  O3-g 优于 O1-g（快 20.8%，加速比 1.26x）
2026-04-29 13:52:59,641 INFO:    109           TSVC_ControlLoops-dbl    0.75943977    0.76923078   -0.00979102  O3-g 优于 O1-g（快 24.1%，加速比 1.32x）
2026-04-29 13:52:59,641 INFO:    110           TSVC_ControlLoops-flt    0.48069397    0.50000000   -0.01930603  O3-g 优于 O1-g（快 51.9%，加速比 2.08x）
2026-04-29 13:52:59,642 INFO:    111     TSVC_CrossingThresholds-dbl    0.71988958    0.73333335   -0.01344377  O3-g 优于 O1-g（快 28.0%，加速比 1.39x）
2026-04-29 13:52:59,642 INFO:    112     TSVC_CrossingThresholds-flt    0.67026764    0.68181819   -0.01155055  O3-g 优于 O1-g（快 33.0%，加速比 1.49x）
2026-04-29 13:52:59,642 INFO:    113          TSVC_Equivalencing-dbl    0.59234995    0.65714288   -0.06479293  O3-g 优于 O1-g（快 40.8%，加速比 1.69x）
2026-04-29 13:52:59,642 INFO:    114          TSVC_Equivalencing-flt    0.25507003    0.28205130   -0.02698126  O3-g 优于 O1-g（快 74.5%，加速比 3.92x）
2026-04-29 13:52:59,642 INFO:    115              TSVC_Expansion-dbl    0.73721379    0.75000000   -0.01278621  O3-g 优于 O1-g（快 26.3%，加速比 1.36x）
2026-04-29 13:52:59,642 INFO:    116              TSVC_Expansion-flt    0.62967646    0.55555558   +0.07412088  O3-g 优于 O1-g（快 37.0%，加速比 1.59x）
2026-04-29 13:52:59,643 INFO:    117         TSVC_GlobalDataFlow-dbl    0.68611258    0.72222221   -0.03610963  O3-g 优于 O1-g（快 31.4%，加速比 1.46x）
2026-04-29 13:52:59,643 INFO:    118         TSVC_GlobalDataFlow-flt    0.43766260    0.44736841   -0.00970581  O3-g 优于 O1-g（快 56.2%，加速比 2.28x）
2026-04-29 13:52:59,643 INFO:    119     TSVC_IndirectAddressing-dbl    0.99970943    1.00000000   -0.00029057  O1-g ≈ O3-g（差异在 ±5% 内）
2026-04-29 13:52:59,643 INFO:    120     TSVC_IndirectAddressing-flt    0.93021178    0.92857140   +0.00164038  O3-g 优于 O1-g（快 7.0%，加速比 1.08x）
2026-04-29 13:52:59,643 INFO:    121      TSVC_InductionVariable-dbl    0.78527993    0.83333331   -0.04805338  O3-g 优于 O1-g（快 21.5%，加速比 1.27x）
2026-04-29 13:52:59,643 INFO:    122      TSVC_InductionVariable-flt    0.71884084    0.75000000   -0.03115916  O3-g 优于 O1-g（快 28.1%，加速比 1.39x）
2026-04-29 13:52:59,643 INFO:    123       TSVC_LinearDependence-dbl    0.73972428    0.76470590   -0.02498162  O3-g 优于 O1-g（快 26.0%，加速比 1.35x）
2026-04-29 13:52:59,643 INFO:    124       TSVC_LinearDependence-flt    0.50179619    0.48148149   +0.02031469  O3-g 优于 O1-g（快 49.8%，加速比 1.99x）
2026-04-29 13:52:59,644 INFO:    125          TSVC_LoopRerolling-dbl    0.77783549    0.81818181   -0.04034632  O3-g 优于 O1-g（快 22.2%，加速比 1.29x）
2026-04-29 13:52:59,644 INFO:    126          TSVC_LoopRerolling-flt    0.78404200    0.81818181   -0.03413981  O3-g 优于 O1-g（快 21.6%，加速比 1.28x）
2026-04-29 13:52:59,644 INFO:    127      TSVC_LoopRestructuring-dbl    0.99640006    1.00000000   -0.00359994  O1-g ≈ O3-g（差异在 ±5% 内）
2026-04-29 13:52:59,644 INFO:    128      TSVC_LoopRestructuring-flt    0.90646279    0.90909094   -0.00262815  O3-g 优于 O1-g（快 9.4%，加速比 1.10x）
2026-04-29 13:52:59,644 INFO:    129          TSVC_NodeSplitting-dbl    0.92374271    0.92307693   +0.00066578  O3-g 优于 O1-g（快 7.6%，加速比 1.08x）
2026-04-29 13:52:59,644 INFO:    130          TSVC_NodeSplitting-flt    0.89787561    0.87500000   +0.02287561  O3-g 优于 O1-g（快 10.2%，加速比 1.11x）
2026-04-29 13:52:59,645 INFO:    131                TSVC_Packing-dbl    0.86050606    0.85714287   +0.00336319  O3-g 优于 O1-g（快 13.9%，加速比 1.16x）
2026-04-29 13:52:59,645 INFO:    132                TSVC_Packing-flt    0.86130196    0.86666667   -0.00536472  O3-g 优于 O1-g（快 13.9%，加速比 1.16x）
2026-04-29 13:52:59,645 INFO:    133            TSVC_Recurrences-dbl    1.00482786    1.00000000   +0.00482786  O1-g ≈ O3-g（差异在 ±5% 内）
2026-04-29 13:52:59,645 INFO:    134            TSVC_Recurrences-flt    1.00349069    1.00000000   +0.00349069  O1-g ≈ O3-g（差异在 ±5% 内）
2026-04-29 13:52:59,645 INFO:    135             TSVC_Reductions-dbl    0.99811590    1.00000000   -0.00188410  O1-g ≈ O3-g（差异在 ±5% 内）
2026-04-29 13:52:59,645 INFO:    136             TSVC_Reductions-flt    0.94039655    1.00000000   -0.05960345  O3-g 优于 O1-g（快 6.0%，加速比 1.06x）
2026-04-29 13:52:59,646 INFO:    137              TSVC_Searching-dbl    0.66736865    0.66666669   +0.00070196  O3-g 优于 O1-g（快 33.3%，加速比 1.50x）
2026-04-29 13:52:59,646 INFO:    138              TSVC_Searching-flt    0.28367186    0.30000001   -0.01632816  O3-g 优于 O1-g（快 71.6%，加速比 3.53x）
2026-04-29 13:52:59,646 INFO:    139    TSVC_StatementReordering-dbl    0.88844830    0.92307693   -0.03462863  O3-g 优于 O1-g（快 11.2%，加速比 1.13x）
2026-04-29 13:52:59,646 INFO:    140    TSVC_StatementReordering-flt    0.93686998    0.94117647   -0.00430650  O3-g 优于 O1-g（快 6.3%，加速比 1.07x）
2026-04-29 13:52:59,646 INFO:    141              TSVC_Symbolics-dbl    0.65581518    0.73684210   -0.08102691  O3-g 优于 O1-g（快 34.4%，加速比 1.52x）
2026-04-29 13:52:59,646 INFO:    142              TSVC_Symbolics-flt    0.37216920    0.38235295   -0.01018375  O3-g 优于 O1-g（快 62.8%，加速比 2.69x）
2026-04-29 13:52:59,647 INFO:    143               Trimaran_enc-3des    0.95339555    0.95833331   -0.00493777  O1-g ≈ O3-g（差异在 ±5% 内）
2026-04-29 13:52:59,647 INFO:    144                Trimaran_enc-md5    1.00013304    1.00000000   +0.00013304  O1-g ≈ O3-g（差异在 ±5% 内）
2026-04-29 13:52:59,647 INFO:    145                Trimaran_enc-pc1    0.57538110    0.56034482   +0.01503628  O3-g 优于 O1-g（快 42.5%，加速比 1.74x）
2026-04-29 13:52:59,647 INFO:    146                Trimaran_enc-rc4    0.91268337    0.89583331   +0.01685005  O3-g 优于 O1-g（快 8.7%，加速比 1.10x）
2026-04-29 13:52:59,647 INFO:    147           Trimaran_netbench-crc    0.99814218    1.00000000   -0.00185782  O1-g ≈ O3-g（差异在 ±5% 内）
2026-04-29 13:52:59,647 INFO:    148           Trimaran_netbench-url    1.00141919    1.00000000   +0.00141919  O1-g ≈ O3-g（差异在 ±5% 内）
2026-04-29 13:52:59,647 INFO:    149                VersaBench_8b10b    0.99032342    1.00000000   -0.00967658  O1-g ≈ O3-g（差异在 ±5% 内）
2026-04-29 13:52:59,648 INFO:    150           VersaBench_beamformer    0.77754784    0.77049178   +0.00705606  O3-g 优于 O1-g（快 22.2%，加速比 1.29x）
2026-04-29 13:52:59,648 INFO:    151                  VersaBench_bmm    0.99964797    1.00000000   -0.00035203  O1-g ≈ O3-g（差异在 ±5% 内）
2026-04-29 13:52:59,648 INFO:    152                 VersaBench_dbms    1.00051439    1.00000000   +0.00051439  O1-g ≈ O3-g（差异在 ±5% 内）
2026-04-29 13:52:59,648 INFO:    153               VersaBench_ecbdes    1.00007570    1.00000000   +0.00007570  O1-g ≈ O3-g（差异在 ±5% 内）
2026-04-29 13:52:59,648 INFO:    154                    llubenchmark    0.99910617    1.00000000   -0.00089383  O1-g ≈ O3-g（差异在 ±5% 内）
2026-04-29 13:52:59,648 INFO:    155                           mafft    0.99955016    1.00000000   -0.00044984  O1-g ≈ O3-g（差异在 ±5% 内）
2026-04-29 13:52:59,648 INFO:    156      mediabench_adpcm_rawcaudio    1.00091600    1.00152636   -0.00061035  O1-g ≈ O3-g（差异在 ±5% 内）
2026-04-29 13:52:59,648 INFO:    157      mediabench_adpcm_rawdaudio    1.00128841    1.01537275   -0.01408434  O1-g ≈ O3-g（差异在 ±5% 内）
2026-04-29 13:52:59,648 INFO:    158      mediabench_g721_g721encode    0.90014452    0.89805824   +0.00208628  O3-g 优于 O1-g（快 10.0%，加速比 1.11x）
2026-04-29 13:52:59,649 INFO:    159            mediabench_gsm_toast    0.87820339    0.84902489   +0.02917850  O3-g 优于 O1-g（快 12.2%，加速比 1.14x）
2026-04-29 13:52:59,649 INFO:    160         mediabench_jpeg_jpeg-6a    0.99694639    1.00703692   -0.01009053  O1-g ≈ O3-g（差异在 ±5% 内）
2026-04-29 13:52:59,649 INFO:    161       mediabench_mpeg2_mpeg2dec    0.98225302    0.97662663   +0.00562638  O1-g ≈ O3-g（差异在 ±5% 内）
2026-04-29 13:52:59,649 INFO:    162                          nbench    0.86195570    0.87096775   -0.00901204  O3-g 优于 O1-g（快 13.8%，加速比 1.16x）
2026-04-29 13:52:59,649 INFO:    163                      tramp3d-v4    0.59093881    0.54452056   +0.04641825  O3-g 优于 O1-g（快 40.9%，加速比 1.69x）
2026-04-29 13:52:59,650 INFO: 
  ── 验证指标 ──
2026-04-29 13:52:59,650 INFO:   MAE  = 0.019230
2026-04-29 13:52:59,650 INFO:   MSE  = 0.001523
2026-04-29 13:52:59,650 INFO:   RMSE = 0.039022
2026-04-29 13:52:59,650 INFO:   方向准确率 = 138/163 (84.7%)
2026-04-29 13:52:59,650 INFO:   预测 O1-g 更优: 40/163  (真实: 59/163)
2026-04-29 13:52:59,651 INFO:   方向准确率（排除 ±5%）= 73/73 (100.0%)
2026-04-29 13:52:59,653 INFO:   结构化结果: checkpoints/cnn/fixed_work_best/infer_samples_O1-g_vs_O3-g.csv
2026-04-29 13:52:59,653 INFO:   摘要结果: checkpoints/cnn/fixed_work_best/infer_summary_O1-g_vs_O3-g.json
2026-04-29 13:52:59,665 INFO: 已应用 exp() 变换（log-target 模式）
2026-04-29 13:52:59,665 INFO: ========================================================================
2026-04-29 13:52:59,665 INFO: 版本对: O2-bolt_vs_O2-bolt-opt  (O2-bolt vs O2-bolt-opt)  共 165 个程序
2026-04-29 13:52:59,665 INFO: 标签模式: fixed_workload
2026-04-29 13:52:59,665 INFO: 标签定义: Y = T_v2 / T_v1 (time ratio)
2026-04-29 13:52:59,665 INFO: 判定方向: Y >= 1 视为 O2-bolt 更快，Y < 1 视为 O2-bolt-opt 更快
2026-04-29 13:52:59,665 INFO: 统计口径: 方向准确率按 same-side(Y=1.0) 统计；展示结论仍使用 judge() 的 ±5%% 区间
2026-04-29 13:52:59,666 INFO: ========================================================================
2026-04-29 13:52:59,666 INFO:      #                              程序          预测 Ŷ          真实 Y            误差  判断
2026-04-29 13:52:59,666 INFO:   ------------------------------------------------------------------------------------
2026-04-29 13:52:59,666 INFO:      1                            7zip    1.00499117    1.00000000   +0.00499117  O2-bolt ≈ O2-bolt-opt（差异在 ±5% 内）
2026-04-29 13:52:59,666 INFO:      2             ASCI_Purple_SMG2000    1.00031519    1.00000000   +0.00031519  O2-bolt ≈ O2-bolt-opt（差异在 ±5% 内）
2026-04-29 13:52:59,666 INFO:      3               ASC_Sequoia_AMGmk    0.99982142    1.00000000   -0.00017858  O2-bolt ≈ O2-bolt-opt（差异在 ±5% 内）
2026-04-29 13:52:59,666 INFO:      4           ASC_Sequoia_CrystalMk    1.00056601    1.00000000   +0.00056601  O2-bolt ≈ O2-bolt-opt（差异在 ±5% 内）
2026-04-29 13:52:59,666 INFO:      5               ASC_Sequoia_IRSmk    1.00000286    1.00000000   +0.00000286  O2-bolt ≈ O2-bolt-opt（差异在 ±5% 内）
2026-04-29 13:52:59,667 INFO:      6                  BitBench_drop3    1.06671917    1.04938269   +0.01733649  O2-bolt 优于 O2-bolt-opt（快 6.3%，加速比 1.07x）
2026-04-29 13:52:59,667 INFO:      7                 BitBench_five11    0.96515936    0.94999999   +0.01515937  O2-bolt ≈ O2-bolt-opt（差异在 ±5% 内）
2026-04-29 13:52:59,667 INFO:      8               BitBench_uudecode    0.99979216    0.99858755   +0.00120461  O2-bolt ≈ O2-bolt-opt（差异在 ±5% 内）
2026-04-29 13:52:59,667 INFO:      9               BitBench_uuencode    1.00013864    0.99971467   +0.00042397  O2-bolt ≈ O2-bolt-opt（差异在 ±5% 内）
2026-04-29 13:52:59,667 INFO:     10                          Bullet    0.99745095    1.00000000   -0.00254905  O2-bolt ≈ O2-bolt-opt（差异在 ±5% 内）
2026-04-29 13:52:59,667 INFO:     11         DOE-ProxyApps-C++_CLAMR    0.97912437    1.00000000   -0.02087563  O2-bolt ≈ O2-bolt-opt（差异在 ±5% 内）
2026-04-29 13:52:59,667 INFO:     12   DOE-ProxyApps-C++_HACCKernels    0.99898916    1.00000000   -0.00101084  O2-bolt ≈ O2-bolt-opt（差异在 ±5% 内）
2026-04-29 13:52:59,668 INFO:     13         DOE-ProxyApps-C++_HPCCG    0.99952745    1.00000000   -0.00047255  O2-bolt ≈ O2-bolt-opt（差异在 ±5% 内）
2026-04-29 13:52:59,668 INFO:     14       DOE-ProxyApps-C++_PENNANT    1.00006187    1.00000000   +0.00006187  O2-bolt ≈ O2-bolt-opt（差异在 ±5% 内）
2026-04-29 13:52:59,668 INFO:     15        DOE-ProxyApps-C++_miniFE    0.99976003    1.00000000   -0.00023997  O2-bolt ≈ O2-bolt-opt（差异在 ±5% 内）
2026-04-29 13:52:59,668 INFO:     16            DOE-ProxyApps-C_CoMD    0.94067127    0.95999998   -0.01932871  O2-bolt-opt 优于 O2-bolt（快 5.9%，加速比 1.06x）
2026-04-29 13:52:59,668 INFO:     17      DOE-ProxyApps-C_Pathfinder    1.05498385    1.06666672   -0.01168287  O2-bolt 优于 O2-bolt-opt（快 5.2%，加速比 1.05x）
2026-04-29 13:52:59,668 INFO:     18         DOE-ProxyApps-C_RSBench    0.97166896    0.98518521   -0.01351625  O2-bolt ≈ O2-bolt-opt（差异在 ±5% 内）
2026-04-29 13:52:59,668 INFO:     19       DOE-ProxyApps-C_SimpleMOC    1.00397646    1.00000000   +0.00397646  O2-bolt ≈ O2-bolt-opt（差异在 ±5% 内）
2026-04-29 13:52:59,669 INFO:     20         DOE-ProxyApps-C_XSBench    0.93892157    0.93750000   +0.00142157  O2-bolt-opt 优于 O2-bolt（快 6.1%，加速比 1.07x）
2026-04-29 13:52:59,669 INFO:     21         DOE-ProxyApps-C_miniAMR    0.98655564    1.00000000   -0.01344436  O2-bolt ≈ O2-bolt-opt（差异在 ±5% 内）
2026-04-29 13:52:59,669 INFO:     22         DOE-ProxyApps-C_miniGMG    0.96886975    0.98412699   -0.01525724  O2-bolt ≈ O2-bolt-opt（差异在 ±5% 内）
2026-04-29 13:52:59,669 INFO:     23                     Fhourstones    0.96380049    0.98113209   -0.01733160  O2-bolt ≈ O2-bolt-opt（差异在 ±5% 内）
2026-04-29 13:52:59,669 INFO:     24                 Fhourstones-3.1    1.02562118    1.08571434   -0.06009316  O2-bolt ≈ O2-bolt-opt（差异在 ±5% 内）
2026-04-29 13:52:59,669 INFO:     25              FreeBench_analyzer    1.02604771    1.02056551   +0.00548220  O2-bolt ≈ O2-bolt-opt（差异在 ±5% 内）
2026-04-29 13:52:59,669 INFO:     26               FreeBench_distray    0.99880815    0.99484539   +0.00396276  O2-bolt ≈ O2-bolt-opt（差异在 ±5% 内）
2026-04-29 13:52:59,669 INFO:     27            FreeBench_fourinarow    0.99915254    1.00000000   -0.00084746  O2-bolt ≈ O2-bolt-opt（差异在 ±5% 内）
2026-04-29 13:52:59,670 INFO:     28                 FreeBench_mason    0.98237962    0.98479086   -0.00241125  O2-bolt ≈ O2-bolt-opt（差异在 ±5% 内）
2026-04-29 13:52:59,670 INFO:     29                FreeBench_neural    1.02936172    1.02173913   +0.00762260  O2-bolt ≈ O2-bolt-opt（差异在 ±5% 内）
2026-04-29 13:52:59,670 INFO:     30            FreeBench_pcompress2    1.03327823    1.03353655   -0.00025833  O2-bolt ≈ O2-bolt-opt（差异在 ±5% 内）
2026-04-29 13:52:59,670 INFO:     31                 FreeBench_pifft    1.00037956    1.00180185   -0.00142229  O2-bolt ≈ O2-bolt-opt（差异在 ±5% 内）
2026-04-29 13:52:59,670 INFO:     32               MallocBench_cfrac    0.99876004    1.00000000   -0.00123996  O2-bolt ≈ O2-bolt-opt（差异在 ±5% 内）
2026-04-29 13:52:59,670 INFO:     33            MallocBench_espresso    1.00623739    1.00000000   +0.00623739  O2-bolt ≈ O2-bolt-opt（差异在 ±5% 内）
2026-04-29 13:52:59,670 INFO:     34                  MallocBench_gs    0.95369786    0.95457625   -0.00087839  O2-bolt ≈ O2-bolt-opt（差异在 ±5% 内）
2026-04-29 13:52:59,671 INFO:     35                 McCat_01-qbsort    0.97182679    0.97443610   -0.00260931  O2-bolt ≈ O2-bolt-opt（差异在 ±5% 内）
2026-04-29 13:52:59,671 INFO:     36                 McCat_04-bisect    1.07602036    1.01359224   +0.06242812  O2-bolt 优于 O2-bolt-opt（快 7.1%，加速比 1.08x）
2026-04-29 13:52:59,671 INFO:     37                   McCat_08-main    0.99998623    1.00000000   -0.00001377  O2-bolt ≈ O2-bolt-opt（差异在 ±5% 内）
2026-04-29 13:52:59,671 INFO:     38                    McCat_09-vor    1.00426543    0.99473685   +0.00952858  O2-bolt ≈ O2-bolt-opt（差异在 ±5% 内）
2026-04-29 13:52:59,671 INFO:     39                 McCat_12-IOtest    1.00115526    0.99324322   +0.00791204  O2-bolt ≈ O2-bolt-opt（差异在 ±5% 内）
2026-04-29 13:52:59,671 INFO:     40                   McCat_15-trie    1.00851464    1.01008666   -0.00157201  O2-bolt ≈ O2-bolt-opt（差异在 ±5% 内）
2026-04-29 13:52:59,671 INFO:     41                  McCat_17-bintr    0.98693925    0.94939756   +0.03754169  O2-bolt ≈ O2-bolt-opt（差异在 ±5% 内）
2026-04-29 13:52:59,672 INFO:     42                    McCat_18-imp    1.03436005    1.11548555   -0.08112550  O2-bolt ≈ O2-bolt-opt（差异在 ±5% 内）
2026-04-29 13:52:59,672 INFO:     43    MiBench_automotive-basicmath    0.99896371    1.00000000   -0.00103629  O2-bolt ≈ O2-bolt-opt（差异在 ±5% 内）
2026-04-29 13:52:59,672 INFO:     44     MiBench_automotive-bitcount    0.92834258    0.89939940   +0.02894318  O2-bolt-opt 优于 O2-bolt（快 7.2%，加速比 1.08x）
2026-04-29 13:52:59,672 INFO:     45        MiBench_automotive-susan    0.97796333    0.98828697   -0.01032364  O2-bolt ≈ O2-bolt-opt（差异在 ±5% 内）
2026-04-29 13:52:59,672 INFO:     46           MiBench_consumer-jpeg    0.99837637    0.99665409   +0.00172228  O2-bolt ≈ O2-bolt-opt（差异在 ±5% 内）
2026-04-29 13:52:59,672 INFO:     47           MiBench_consumer-lame    0.98731434    0.98769230   -0.00037795  O2-bolt ≈ O2-bolt-opt（差异在 ±5% 内）
2026-04-29 13:52:59,672 INFO:     48        MiBench_consumer-typeset    0.99814451    0.99445885   +0.00368565  O2-bolt ≈ O2-bolt-opt（差异在 ±5% 内）
2026-04-29 13:52:59,672 INFO:     49        MiBench_network-dijkstra    0.94508600    0.91924530   +0.02584070  O2-bolt-opt 优于 O2-bolt（快 5.5%，加速比 1.06x）
2026-04-29 13:52:59,673 INFO:     50        MiBench_network-patricia    0.98801249    0.99356222   -0.00554973  O2-bolt ≈ O2-bolt-opt（差异在 ±5% 内）
2026-04-29 13:52:59,673 INFO:     51           MiBench_office-ispell    1.00527716    1.00145996   +0.00381720  O2-bolt ≈ O2-bolt-opt（差异在 ±5% 内）
2026-04-29 13:52:59,673 INFO:     52     MiBench_office-stringsearch    1.01019955    1.00898242   +0.00121713  O2-bolt ≈ O2-bolt-opt（差异在 ±5% 内）
2026-04-29 13:52:59,673 INFO:     53       MiBench_security-blowfish    1.00639796    1.02514958   -0.01875162  O2-bolt ≈ O2-bolt-opt（差异在 ±5% 内）
2026-04-29 13:52:59,673 INFO:     54       MiBench_security-rijndael    1.05748546    1.04686427   +0.01062119  O2-bolt 优于 O2-bolt-opt（快 5.4%，加速比 1.06x）
2026-04-29 13:52:59,673 INFO:     55            MiBench_security-sha    1.00032496    1.00348186   -0.00315690  O2-bolt ≈ O2-bolt-opt（差异在 ±5% 内）
2026-04-29 13:52:59,674 INFO:     56          MiBench_telecomm-CRC32    1.00761700    1.00000000   +0.00761700  O2-bolt ≈ O2-bolt-opt（差异在 ±5% 内）
2026-04-29 13:52:59,674 INFO:     57            MiBench_telecomm-FFT    0.99767387    1.00309122   -0.00541735  O2-bolt ≈ O2-bolt-opt（差异在 ±5% 内）
2026-04-29 13:52:59,674 INFO:     58          MiBench_telecomm-adpcm    1.00030875    0.99757868   +0.00273007  O2-bolt ≈ O2-bolt-opt（差异在 ±5% 内）
2026-04-29 13:52:59,674 INFO:     59            MiBench_telecomm-gsm    1.00182545    1.00755668   -0.00573123  O2-bolt ≈ O2-bolt-opt（差异在 ±5% 内）
2026-04-29 13:52:59,674 INFO:     60                   NPB-serial_is    1.00001609    1.00000000   +0.00001609  O2-bolt ≈ O2-bolt-opt（差异在 ±5% 内）
2026-04-29 13:52:59,674 INFO:     61                        Olden_bh    1.00796950    1.00000000   +0.00796950  O2-bolt ≈ O2-bolt-opt（差异在 ±5% 内）
2026-04-29 13:52:59,674 INFO:     62                    Olden_bisort    0.97773492    0.97777778   -0.00004286  O2-bolt ≈ O2-bolt-opt（差异在 ±5% 内）
2026-04-29 13:52:59,675 INFO:     63                      Olden_em3d    1.69053316    1.64285719   +0.04767597  O2-bolt 优于 O2-bolt-opt（快 40.8%，加速比 1.69x）
2026-04-29 13:52:59,675 INFO:     64                    Olden_health    0.99486053    0.98913044   +0.00573009  O2-bolt ≈ O2-bolt-opt（差异在 ±5% 内）
2026-04-29 13:52:59,675 INFO:     65                       Olden_mst    0.99355054    0.99201596   +0.00153458  O2-bolt ≈ O2-bolt-opt（差异在 ±5% 内）
2026-04-29 13:52:59,675 INFO:     66                 Olden_perimeter    0.98563766    0.93449783   +0.05113983  O2-bolt ≈ O2-bolt-opt（差异在 ±5% 内）
2026-04-29 13:52:59,675 INFO:     67                     Olden_power    0.99975026    1.00000000   -0.00024974  O2-bolt ≈ O2-bolt-opt（差异在 ±5% 内）
2026-04-29 13:52:59,675 INFO:     68                   Olden_treeadd    0.98218548    0.98543692   -0.00325143  O2-bolt ≈ O2-bolt-opt（差异在 ±5% 内）
2026-04-29 13:52:59,676 INFO:     69                       Olden_tsp    0.99860114    1.00000000   -0.00139886  O2-bolt ≈ O2-bolt-opt（差异在 ±5% 内）
2026-04-29 13:52:59,676 INFO:     70                   Olden_voronoi    1.00585914    1.00000000   +0.00585914  O2-bolt ≈ O2-bolt-opt（差异在 ±5% 内）
2026-04-29 13:52:59,676 INFO:     71                           PAQ8p    1.00418985    1.00000000   +0.00418985  O2-bolt ≈ O2-bolt-opt（差异在 ±5% 内）
2026-04-29 13:52:59,676 INFO:     72                 Prolangs-C++_NP    1.00823069    1.00884759   -0.00061691  O2-bolt ≈ O2-bolt-opt（差异在 ±5% 内）
2026-04-29 13:52:59,676 INFO:     73               Prolangs-C++_city    0.97669417    0.97594166   +0.00075251  O2-bolt ≈ O2-bolt-opt（差异在 ±5% 内）
2026-04-29 13:52:59,676 INFO:     74             Prolangs-C++_deriv1    1.01100266    1.01412010   -0.00311744  O2-bolt ≈ O2-bolt-opt（差异在 ±5% 内）
2026-04-29 13:52:59,676 INFO:     75             Prolangs-C++_deriv2    1.00773787    1.01145566   -0.00371778  O2-bolt ≈ O2-bolt-opt（差异在 ±5% 内）
2026-04-29 13:52:59,677 INFO:     76             Prolangs-C++_employ    0.98793060    0.99030280   -0.00237221  O2-bolt ≈ O2-bolt-opt（差异在 ±5% 内）
2026-04-29 13:52:59,677 INFO:     77             Prolangs-C++_family    1.00645900    1.01969588   -0.01323688  O2-bolt ≈ O2-bolt-opt（差异在 ±5% 内）
2026-04-29 13:52:59,677 INFO:     78                Prolangs-C++_fsm    1.00705421    1.00914490   -0.00209069  O2-bolt ≈ O2-bolt-opt（差异在 ±5% 内）
2026-04-29 13:52:59,677 INFO:     79             Prolangs-C++_garage    1.00107777    0.99812412   +0.00295365  O2-bolt ≈ O2-bolt-opt（差异在 ±5% 内）
2026-04-29 13:52:59,677 INFO:     80               Prolangs-C++_life    0.99846190    1.00000000   -0.00153810  O2-bolt ≈ O2-bolt-opt（差异在 ±5% 内）
2026-04-29 13:52:59,677 INFO:     81            Prolangs-C++_objects    1.00764310    1.01141822   -0.00377512  O2-bolt ≈ O2-bolt-opt（差异在 ±5% 内）
2026-04-29 13:52:59,678 INFO:     82              Prolangs-C++_ocean    0.99989671    1.00000000   -0.00010329  O2-bolt ≈ O2-bolt-opt（差异在 ±5% 内）
2026-04-29 13:52:59,678 INFO:     83             Prolangs-C++_office    1.00151455    1.00595653   -0.00444198  O2-bolt ≈ O2-bolt-opt（差异在 ±5% 内）
2026-04-29 13:52:59,678 INFO:     84             Prolangs-C++_primes    0.94797224    0.95804197   -0.01006973  O2-bolt-opt 优于 O2-bolt（快 5.2%，加速比 1.05x）
2026-04-29 13:52:59,678 INFO:     85             Prolangs-C++_shapes    1.00638902    1.02518713   -0.01879811  O2-bolt ≈ O2-bolt-opt（差异在 ±5% 内）
2026-04-29 13:52:59,678 INFO:     86              Prolangs-C++_simul    1.01562655    1.02522528   -0.00959873  O2-bolt ≈ O2-bolt-opt（差异在 ±5% 内）
2026-04-29 13:52:59,678 INFO:     87              Prolangs-C++_trees    1.00728941    1.01762021   -0.01033080  O2-bolt ≈ O2-bolt-opt（差异在 ±5% 内）
2026-04-29 13:52:59,678 INFO:     88              Prolangs-C++_vcirc    1.00220597    1.00158143   +0.00062454  O2-bolt ≈ O2-bolt-opt（差异在 ±5% 内）
2026-04-29 13:52:59,679 INFO:     89                Prolangs-C_agrep    1.02830064    1.03820348   -0.00990283  O2-bolt ≈ O2-bolt-opt（差异在 ±5% 内）
2026-04-29 13:52:59,679 INFO:     90             Prolangs-C_allroots    1.00979161    1.00935662   +0.00043499  O2-bolt ≈ O2-bolt-opt（差异在 ±5% 内）
2026-04-29 13:52:59,679 INFO:     91                Prolangs-C_bison    0.98815769    0.98792332   +0.00023437  O2-bolt ≈ O2-bolt-opt（差异在 ±5% 内）
2026-04-29 13:52:59,679 INFO:     92                Prolangs-C_cdecl    0.99964285    1.01220322   -0.01256037  O2-bolt ≈ O2-bolt-opt（差异在 ±5% 内）
2026-04-29 13:52:59,679 INFO:     93            Prolangs-C_fixoutput    1.00316799    0.99645865   +0.00670934  O2-bolt ≈ O2-bolt-opt（差异在 ±5% 内）
2026-04-29 13:52:59,679 INFO:     94             Prolangs-C_football    1.00431883    0.99751115   +0.00680768  O2-bolt ≈ O2-bolt-opt（差异在 ±5% 内）
2026-04-29 13:52:59,680 INFO:     95                Prolangs-C_gnugo    1.00902200    1.00982797   -0.00080597  O2-bolt ≈ O2-bolt-opt（差异在 ±5% 内）
2026-04-29 13:52:59,680 INFO:     96               Prolangs-C_loader    1.00976646    1.02377474   -0.01400828  O2-bolt ≈ O2-bolt-opt（差异在 ±5% 内）
2026-04-29 13:52:59,680 INFO:     97            Prolangs-C_simulator    1.01015139    1.01593041   -0.00577903  O2-bolt ≈ O2-bolt-opt（差异在 ±5% 内）
2026-04-29 13:52:59,680 INFO:     98           Prolangs-C_unix-smail    1.00066805    0.99699098   +0.00367707  O2-bolt ≈ O2-bolt-opt（差异在 ±5% 内）
2026-04-29 13:52:59,680 INFO:     99             Prolangs-C_unix-tbl    1.00863695    1.02245474   -0.01381779  O2-bolt ≈ O2-bolt-opt（差异在 ±5% 内）
2026-04-29 13:52:59,680 INFO:    100                 Ptrdist_anagram    0.96566564    0.98333335   -0.01766771  O2-bolt ≈ O2-bolt-opt（差异在 ±5% 内）
2026-04-29 13:52:59,680 INFO:    101                      Ptrdist_bc    0.89706582    0.90445858   -0.00739276  O2-bolt-opt 优于 O2-bolt（快 10.3%，加速比 1.11x）
2026-04-29 13:52:59,680 INFO:    102                      Ptrdist_ft    1.00096512    1.00000000   +0.00096512  O2-bolt ≈ O2-bolt-opt（差异在 ±5% 内）
2026-04-29 13:52:59,681 INFO:    103                      Ptrdist_ks    0.97919494    0.98305082   -0.00385588  O2-bolt ≈ O2-bolt-opt（差异在 ±5% 内）
2026-04-29 13:52:59,681 INFO:    104                   Ptrdist_yacr2    1.09253645    1.09375000   -0.00121355  O2-bolt 优于 O2-bolt-opt（快 8.5%，加速比 1.09x）
2026-04-29 13:52:59,681 INFO:    105                Rodinia_backprop    1.00116897    1.00000000   +0.00116897  O2-bolt ≈ O2-bolt-opt（差异在 ±5% 内）
2026-04-29 13:52:59,681 INFO:    106                 Rodinia_hotspot    1.00014055    0.99227798   +0.00786257  O2-bolt ≈ O2-bolt-opt（差异在 ±5% 内）
2026-04-29 13:52:59,681 INFO:    107              Rodinia_pathfinder    1.01336312    1.03448272   -0.02111959  O2-bolt ≈ O2-bolt-opt（差异在 ±5% 内）
2026-04-29 13:52:59,681 INFO:    108                    Rodinia_srad    1.00291681    1.00000000   +0.00291681  O2-bolt ≈ O2-bolt-opt（差异在 ±5% 内）
2026-04-29 13:52:59,681 INFO:    109                      SciMark2-C    0.99985754    1.00000000   -0.00014246  O2-bolt ≈ O2-bolt-opt（差异在 ±5% 内）
2026-04-29 13:52:59,682 INFO:    110            TSVC_ControlFlow-dbl    0.99875456    1.00000000   -0.00124544  O2-bolt ≈ O2-bolt-opt（差异在 ±5% 内）
2026-04-29 13:52:59,682 INFO:    111            TSVC_ControlFlow-flt    0.99165756    1.00000000   -0.00834244  O2-bolt ≈ O2-bolt-opt（差异在 ±5% 内）
2026-04-29 13:52:59,682 INFO:    112           TSVC_ControlLoops-dbl    1.00270939    1.00000000   +0.00270939  O2-bolt ≈ O2-bolt-opt（差异在 ±5% 内）
2026-04-29 13:52:59,682 INFO:    113           TSVC_ControlLoops-flt    0.99858022    1.00000000   -0.00141978  O2-bolt ≈ O2-bolt-opt（差异在 ±5% 内）
2026-04-29 13:52:59,682 INFO:    114     TSVC_CrossingThresholds-dbl    1.00123763    1.00000000   +0.00123763  O2-bolt ≈ O2-bolt-opt（差异在 ±5% 内）
2026-04-29 13:52:59,682 INFO:    115     TSVC_CrossingThresholds-flt    0.94751853    0.95652175   -0.00900322  O2-bolt-opt 优于 O2-bolt（快 5.2%，加速比 1.06x）
2026-04-29 13:52:59,683 INFO:    116          TSVC_Equivalencing-dbl    1.00034463    1.00000000   +0.00034463  O2-bolt ≈ O2-bolt-opt（差异在 ±5% 内）
2026-04-29 13:52:59,683 INFO:    117          TSVC_Equivalencing-flt    0.99977744    1.00000000   -0.00022256  O2-bolt ≈ O2-bolt-opt（差异在 ±5% 内）
2026-04-29 13:52:59,683 INFO:    118              TSVC_Expansion-dbl    0.99952793    1.00000000   -0.00047207  O2-bolt ≈ O2-bolt-opt（差异在 ±5% 内）
2026-04-29 13:52:59,683 INFO:    119              TSVC_Expansion-flt    0.94939208    0.96428573   -0.01489365  O2-bolt-opt 优于 O2-bolt（快 5.1%，加速比 1.05x）
2026-04-29 13:52:59,683 INFO:    120         TSVC_GlobalDataFlow-dbl    0.99869376    1.00000000   -0.00130624  O2-bolt ≈ O2-bolt-opt（差异在 ±5% 内）
2026-04-29 13:52:59,684 INFO:    121         TSVC_GlobalDataFlow-flt    0.89416373    0.97435898   -0.08019525  O2-bolt-opt 优于 O2-bolt（快 10.6%，加速比 1.12x）
2026-04-29 13:52:59,684 INFO:    122     TSVC_IndirectAddressing-dbl    1.00188386    1.00000000   +0.00188386  O2-bolt ≈ O2-bolt-opt（差异在 ±5% 内）
2026-04-29 13:52:59,684 INFO:    123     TSVC_IndirectAddressing-flt    0.99988693    1.00000000   -0.00011307  O2-bolt ≈ O2-bolt-opt（差异在 ±5% 内）
2026-04-29 13:52:59,684 INFO:    124      TSVC_InductionVariable-dbl    0.99544024    1.00000000   -0.00455976  O2-bolt ≈ O2-bolt-opt（差异在 ±5% 内）
2026-04-29 13:52:59,684 INFO:    125      TSVC_InductionVariable-flt    0.99746430    1.00000000   -0.00253570  O2-bolt ≈ O2-bolt-opt（差异在 ±5% 内）
2026-04-29 13:52:59,684 INFO:    126       TSVC_LinearDependence-dbl    0.99965549    1.00000000   -0.00034451  O2-bolt ≈ O2-bolt-opt（差异在 ±5% 内）
2026-04-29 13:52:59,684 INFO:    127       TSVC_LinearDependence-flt    0.92975426    0.93333334   -0.00357908  O2-bolt-opt 优于 O2-bolt（快 7.0%，加速比 1.08x）
2026-04-29 13:52:59,684 INFO:    128          TSVC_LoopRerolling-dbl    1.00024557    1.00000000   +0.00024557  O2-bolt ≈ O2-bolt-opt（差异在 ±5% 内）
2026-04-29 13:52:59,685 INFO:    129          TSVC_LoopRerolling-flt    0.99999470    1.00000000   -0.00000530  O2-bolt ≈ O2-bolt-opt（差异在 ±5% 内）
2026-04-29 13:52:59,685 INFO:    130      TSVC_LoopRestructuring-dbl    1.00042868    1.00000000   +0.00042868  O2-bolt ≈ O2-bolt-opt（差异在 ±5% 内）
2026-04-29 13:52:59,685 INFO:    131      TSVC_LoopRestructuring-flt    0.99921101    1.00000000   -0.00078899  O2-bolt ≈ O2-bolt-opt（差异在 ±5% 内）
2026-04-29 13:52:59,685 INFO:    132          TSVC_NodeSplitting-dbl    1.00093365    1.00000000   +0.00093365  O2-bolt ≈ O2-bolt-opt（差异在 ±5% 内）
2026-04-29 13:52:59,685 INFO:    133          TSVC_NodeSplitting-flt    0.94817650    0.94117647   +0.00700003  O2-bolt-opt 优于 O2-bolt（快 5.2%，加速比 1.05x）
2026-04-29 13:52:59,685 INFO:    134                TSVC_Packing-dbl    1.00398242    1.00000000   +0.00398242  O2-bolt ≈ O2-bolt-opt（差异在 ±5% 内）
2026-04-29 13:52:59,685 INFO:    135                TSVC_Packing-flt    1.37956405    1.33333337   +0.04623067  O2-bolt 优于 O2-bolt-opt（快 27.5%，加速比 1.38x）
2026-04-29 13:52:59,686 INFO:    136            TSVC_Recurrences-dbl    0.99835247    1.00000000   -0.00164753  O2-bolt ≈ O2-bolt-opt（差异在 ±5% 内）
2026-04-29 13:52:59,686 INFO:    137            TSVC_Recurrences-flt    0.99934942    1.00000000   -0.00065058  O2-bolt ≈ O2-bolt-opt（差异在 ±5% 内）
2026-04-29 13:52:59,686 INFO:    138             TSVC_Reductions-dbl    1.00070703    1.00000000   +0.00070703  O2-bolt ≈ O2-bolt-opt（差异在 ±5% 内）
2026-04-29 13:52:59,686 INFO:    139             TSVC_Reductions-flt    1.00107491    1.00000000   +0.00107491  O2-bolt ≈ O2-bolt-opt（差异在 ±5% 内）
2026-04-29 13:52:59,686 INFO:    140              TSVC_Searching-dbl    0.99808121    1.00000000   -0.00191879  O2-bolt ≈ O2-bolt-opt（差异在 ±5% 内）
2026-04-29 13:52:59,686 INFO:    141              TSVC_Searching-flt    1.00809038    1.00000000   +0.00809038  O2-bolt ≈ O2-bolt-opt（差异在 ±5% 内）
2026-04-29 13:52:59,687 INFO:    142    TSVC_StatementReordering-dbl    1.00274980    1.00000000   +0.00274980  O2-bolt ≈ O2-bolt-opt（差异在 ±5% 内）
2026-04-29 13:52:59,687 INFO:    143    TSVC_StatementReordering-flt    1.06844592    1.06250000   +0.00594592  O2-bolt 优于 O2-bolt-opt（快 6.4%，加速比 1.07x）
2026-04-29 13:52:59,687 INFO:    144              TSVC_Symbolics-dbl    0.99834096    1.00000000   -0.00165904  O2-bolt ≈ O2-bolt-opt（差异在 ±5% 内）
2026-04-29 13:52:59,687 INFO:    145              TSVC_Symbolics-flt    0.89721113    0.94444442   -0.04723328  O2-bolt-opt 优于 O2-bolt（快 10.3%，加速比 1.11x）
2026-04-29 13:52:59,687 INFO:    146               Trimaran_enc-3des    0.99951732    1.00000000   -0.00048268  O2-bolt ≈ O2-bolt-opt（差异在 ±5% 内）
2026-04-29 13:52:59,687 INFO:    147                Trimaran_enc-md5    1.00166392    1.00000000   +0.00166392  O2-bolt ≈ O2-bolt-opt（差异在 ±5% 内）
2026-04-29 13:52:59,687 INFO:    148                Trimaran_enc-pc1    1.00097167    1.00000000   +0.00097167  O2-bolt ≈ O2-bolt-opt（差异在 ±5% 内）
2026-04-29 13:52:59,688 INFO:    149                Trimaran_enc-rc4    0.96543300    0.97959185   -0.01415884  O2-bolt ≈ O2-bolt-opt（差异在 ±5% 内）
2026-04-29 13:52:59,688 INFO:    150           Trimaran_netbench-crc    1.00082529    1.00000000   +0.00082529  O2-bolt ≈ O2-bolt-opt（差异在 ±5% 内）
2026-04-29 13:52:59,688 INFO:    151           Trimaran_netbench-url    1.00081825    1.00000000   +0.00081825  O2-bolt ≈ O2-bolt-opt（差异在 ±5% 内）
2026-04-29 13:52:59,688 INFO:    152                VersaBench_8b10b    1.00660551    1.00000000   +0.00660551  O2-bolt ≈ O2-bolt-opt（差异在 ±5% 内）
2026-04-29 13:52:59,688 INFO:    153           VersaBench_beamformer    1.15583289    1.12962961   +0.02620327  O2-bolt 优于 O2-bolt-opt（快 13.5%，加速比 1.16x）
2026-04-29 13:52:59,688 INFO:    154                  VersaBench_bmm    0.99980301    1.00000000   -0.00019699  O2-bolt ≈ O2-bolt-opt（差异在 ±5% 内）
2026-04-29 13:52:59,689 INFO:    155                 VersaBench_dbms    1.00966120    1.00000000   +0.00966120  O2-bolt ≈ O2-bolt-opt（差异在 ±5% 内）
2026-04-29 13:52:59,689 INFO:    156               VersaBench_ecbdes    1.00039542    1.00000000   +0.00039542  O2-bolt ≈ O2-bolt-opt（差异在 ±5% 内）
2026-04-29 13:52:59,689 INFO:    157                    llubenchmark    0.99900532    1.00000000   -0.00099468  O2-bolt ≈ O2-bolt-opt（差异在 ±5% 内）
2026-04-29 13:52:59,689 INFO:    158                           mafft    0.99951172    1.00000000   -0.00048828  O2-bolt ≈ O2-bolt-opt（差异在 ±5% 内）
2026-04-29 13:52:59,689 INFO:    159      mediabench_adpcm_rawcaudio    1.00046349    0.99703491   +0.00342858  O2-bolt ≈ O2-bolt-opt（差异在 ±5% 内）
2026-04-29 13:52:59,689 INFO:    160      mediabench_adpcm_rawdaudio    0.99951130    0.99080110   +0.00871021  O2-bolt ≈ O2-bolt-opt（差异在 ±5% 内）
2026-04-29 13:52:59,689 INFO:    161      mediabench_g721_g721encode    0.98527616    0.98275864   +0.00251752  O2-bolt ≈ O2-bolt-opt（差异在 ±5% 内）
2026-04-29 13:52:59,690 INFO:    162            mediabench_gsm_toast    1.03939736    1.03024781   +0.00914955  O2-bolt ≈ O2-bolt-opt（差异在 ±5% 内）
2026-04-29 13:52:59,690 INFO:    163       mediabench_mpeg2_mpeg2dec    0.95836198    0.95915985   -0.00079787  O2-bolt ≈ O2-bolt-opt（差异在 ±5% 内）
2026-04-29 13:52:59,690 INFO:    164                          nbench    1.06483400    1.03125000   +0.03358400  O2-bolt 优于 O2-bolt-opt（快 6.1%，加速比 1.06x）
2026-04-29 13:52:59,690 INFO:    165                      tramp3d-v4    0.99498564    0.98958331   +0.00540233  O2-bolt ≈ O2-bolt-opt（差异在 ±5% 内）
2026-04-29 13:52:59,690 INFO: 
  ── 验证指标 ──
2026-04-29 13:52:59,691 INFO:   MAE  = 0.008122
2026-04-29 13:52:59,691 INFO:   MSE  = 0.000254
2026-04-29 13:52:59,691 INFO:   RMSE = 0.015944
2026-04-29 13:52:59,691 INFO:   方向准确率 = 117/165 (70.9%)
2026-04-29 13:52:59,691 INFO:   预测 O2-bolt 更优: 85/165  (真实: 113/165)
2026-04-29 13:52:59,691 INFO:   方向准确率（排除 ±5%）= 18/18 (100.0%)
2026-04-29 13:52:59,694 INFO:   结构化结果: checkpoints/cnn/fixed_work_best/infer_samples_O2-bolt_vs_O2-bolt-opt.csv
2026-04-29 13:52:59,694 INFO:   摘要结果: checkpoints/cnn/fixed_work_best/infer_summary_O2-bolt_vs_O2-bolt-opt.json
2026-04-29 13:52:59,706 INFO: 已应用 exp() 变换（log-target 模式）
2026-04-29 13:52:59,706 INFO: ========================================================================
2026-04-29 13:52:59,706 INFO: 版本对: O3-bolt_vs_O3-bolt-opt  (O3-bolt vs O3-bolt-opt)  共 161 个程序
2026-04-29 13:52:59,706 INFO: 标签模式: fixed_workload
2026-04-29 13:52:59,706 INFO: 标签定义: Y = T_v2 / T_v1 (time ratio)
2026-04-29 13:52:59,706 INFO: 判定方向: Y >= 1 视为 O3-bolt 更快，Y < 1 视为 O3-bolt-opt 更快
2026-04-29 13:52:59,707 INFO: 统计口径: 方向准确率按 same-side(Y=1.0) 统计；展示结论仍使用 judge() 的 ±5%% 区间
2026-04-29 13:52:59,707 INFO: ========================================================================
2026-04-29 13:52:59,707 INFO:      #                              程序          预测 Ŷ          真实 Y            误差  判断
2026-04-29 13:52:59,707 INFO:   ------------------------------------------------------------------------------------
2026-04-29 13:52:59,707 INFO:      1                            7zip    1.00741053    1.00000000   +0.00741053  O3-bolt ≈ O3-bolt-opt（差异在 ±5% 内）
2026-04-29 13:52:59,707 INFO:      2             ASCI_Purple_SMG2000    0.99933463    1.00000000   -0.00066537  O3-bolt ≈ O3-bolt-opt（差异在 ±5% 内）
2026-04-29 13:52:59,707 INFO:      3               ASC_Sequoia_AMGmk    1.00059557    1.00000000   +0.00059557  O3-bolt ≈ O3-bolt-opt（差异在 ±5% 内）
2026-04-29 13:52:59,707 INFO:      4           ASC_Sequoia_CrystalMk    1.00054717    1.00000000   +0.00054717  O3-bolt ≈ O3-bolt-opt（差异在 ±5% 内）
2026-04-29 13:52:59,707 INFO:      5               ASC_Sequoia_IRSmk    1.00003624    1.00000000   +0.00003624  O3-bolt ≈ O3-bolt-opt（差异在 ±5% 内）
2026-04-29 13:52:59,708 INFO:      6                  BitBench_drop3    0.94522083    0.93406594   +0.01115489  O3-bolt-opt 优于 O3-bolt（快 5.5%，加速比 1.06x）
2026-04-29 13:52:59,708 INFO:      7                 BitBench_five11    0.96777737    0.94999999   +0.01777738  O3-bolt ≈ O3-bolt-opt（差异在 ±5% 内）
2026-04-29 13:52:59,708 INFO:      8               BitBench_uudecode    1.64523959    1.71857262   -0.07333302  O3-bolt 优于 O3-bolt-opt（快 39.2%，加速比 1.65x）
2026-04-29 13:52:59,708 INFO:      9               BitBench_uuencode    0.99976641    1.00515461   -0.00538820  O3-bolt ≈ O3-bolt-opt（差异在 ±5% 内）
2026-04-29 13:52:59,708 INFO:     10                          Bullet    0.99760288    1.00000000   -0.00239712  O3-bolt ≈ O3-bolt-opt（差异在 ±5% 内）
2026-04-29 13:52:59,708 INFO:     11         DOE-ProxyApps-C++_CLAMR    0.98492825    1.00000000   -0.01507175  O3-bolt ≈ O3-bolt-opt（差异在 ±5% 内）
2026-04-29 13:52:59,708 INFO:     12   DOE-ProxyApps-C++_HACCKernels    0.99985957    1.00000000   -0.00014043  O3-bolt ≈ O3-bolt-opt（差异在 ±5% 内）
2026-04-29 13:52:59,708 INFO:     13         DOE-ProxyApps-C++_HPCCG    0.99860895    1.00000000   -0.00139105  O3-bolt ≈ O3-bolt-opt（差异在 ±5% 内）
2026-04-29 13:52:59,709 INFO:     14       DOE-ProxyApps-C++_PENNANT    0.99914682    1.00000000   -0.00085318  O3-bolt ≈ O3-bolt-opt（差异在 ±5% 内）
2026-04-29 13:52:59,709 INFO:     15        DOE-ProxyApps-C++_miniFE    1.00027788    1.00000000   +0.00027788  O3-bolt ≈ O3-bolt-opt（差异在 ±5% 内）
2026-04-29 13:52:59,709 INFO:     16            DOE-ProxyApps-C_CoMD    0.92797887    0.92000002   +0.00797886  O3-bolt-opt 优于 O3-bolt（快 7.2%，加速比 1.08x）
2026-04-29 13:52:59,709 INFO:     17      DOE-ProxyApps-C_Pathfinder    1.05697739    1.06666672   -0.00968933  O3-bolt 优于 O3-bolt-opt（快 5.4%，加速比 1.06x）
2026-04-29 13:52:59,709 INFO:     18         DOE-ProxyApps-C_RSBench    0.99857724    1.00000000   -0.00142276  O3-bolt ≈ O3-bolt-opt（差异在 ±5% 内）
2026-04-29 13:52:59,709 INFO:     19       DOE-ProxyApps-C_SimpleMOC    0.97615725    0.96969700   +0.00646025  O3-bolt ≈ O3-bolt-opt（差异在 ±5% 内）
2026-04-29 13:52:59,709 INFO:     20         DOE-ProxyApps-C_XSBench    0.95079952    0.93750000   +0.01329952  O3-bolt ≈ O3-bolt-opt（差异在 ±5% 内）
2026-04-29 13:52:59,709 INFO:     21         DOE-ProxyApps-C_miniAMR    0.99710912    1.00000000   -0.00289088  O3-bolt ≈ O3-bolt-opt（差异在 ±5% 内）
2026-04-29 13:52:59,710 INFO:     22         DOE-ProxyApps-C_miniGMG    1.00583375    1.00000000   +0.00583375  O3-bolt ≈ O3-bolt-opt（差异在 ±5% 内）
2026-04-29 13:52:59,710 INFO:     23                     Fhourstones    1.04229593    1.03703701   +0.00525892  O3-bolt ≈ O3-bolt-opt（差异在 ±5% 内）
2026-04-29 13:52:59,710 INFO:     24                 Fhourstones-3.1    1.03123248    1.08571434   -0.05448186  O3-bolt ≈ O3-bolt-opt（差异在 ±5% 内）
2026-04-29 13:52:59,710 INFO:     25              FreeBench_analyzer    0.99938107    0.99624997   +0.00313109  O3-bolt ≈ O3-bolt-opt（差异在 ±5% 内）
2026-04-29 13:52:59,710 INFO:     26               FreeBench_distray    0.99806356    1.00000000   -0.00193644  O3-bolt ≈ O3-bolt-opt（差异在 ±5% 内）
2026-04-29 13:52:59,710 INFO:     27            FreeBench_fourinarow    0.99624181    1.00000000   -0.00375819  O3-bolt ≈ O3-bolt-opt（差异在 ±5% 内）
2026-04-29 13:52:59,710 INFO:     28                 FreeBench_mason    0.97838771    0.98467433   -0.00628662  O3-bolt ≈ O3-bolt-opt（差异在 ±5% 内）
2026-04-29 13:52:59,710 INFO:     29                FreeBench_neural    1.04334366    1.01086962   +0.03247404  O3-bolt ≈ O3-bolt-opt（差异在 ±5% 内）
2026-04-29 13:52:59,711 INFO:     30            FreeBench_pcompress2    1.03678131    1.00604224   +0.03073907  O3-bolt ≈ O3-bolt-opt（差异在 ±5% 内）
2026-04-29 13:52:59,711 INFO:     31                 FreeBench_pifft    1.03339946    1.01268113   +0.02071834  O3-bolt ≈ O3-bolt-opt（差异在 ±5% 内）
2026-04-29 13:52:59,711 INFO:     32               MallocBench_cfrac    0.96681792    0.98113209   -0.01431417  O3-bolt ≈ O3-bolt-opt（差异在 ±5% 内）
2026-04-29 13:52:59,711 INFO:     33            MallocBench_espresso    1.02855468    1.01785719   +0.01069748  O3-bolt ≈ O3-bolt-opt（差异在 ±5% 内）
2026-04-29 13:52:59,711 INFO:     34                  MallocBench_gs    0.95278585    0.94297349   +0.00981236  O3-bolt ≈ O3-bolt-opt（差异在 ±5% 内）
2026-04-29 13:52:59,711 INFO:     35                 McCat_01-qbsort    0.96912903    0.97737557   -0.00824654  O3-bolt ≈ O3-bolt-opt（差异在 ±5% 内）
2026-04-29 13:52:59,711 INFO:     36                 McCat_04-bisect    1.05937397    1.10337555   -0.04400158  O3-bolt 优于 O3-bolt-opt（快 5.6%，加速比 1.06x）
2026-04-29 13:52:59,712 INFO:     37                   McCat_08-main    1.00086701    1.00000000   +0.00086701  O3-bolt ≈ O3-bolt-opt（差异在 ±5% 内）
2026-04-29 13:52:59,712 INFO:     38                    McCat_09-vor    1.02757049    1.01600003   +0.01157045  O3-bolt ≈ O3-bolt-opt（差异在 ±5% 内）
2026-04-29 13:52:59,712 INFO:     39                 McCat_12-IOtest    1.00093281    0.99324322   +0.00768960  O3-bolt ≈ O3-bolt-opt（差异在 ±5% 内）
2026-04-29 13:52:59,712 INFO:     40                   McCat_15-trie    1.00807536    1.02257168   -0.01449633  O3-bolt ≈ O3-bolt-opt（差异在 ±5% 内）
2026-04-29 13:52:59,712 INFO:     41                  McCat_17-bintr    0.99782217    1.00000000   -0.00217783  O3-bolt ≈ O3-bolt-opt（差异在 ±5% 内）
2026-04-29 13:52:59,712 INFO:     42                    McCat_18-imp    1.01752508    1.09950864   -0.08198357  O3-bolt ≈ O3-bolt-opt（差异在 ±5% 内）
2026-04-29 13:52:59,712 INFO:     43    MiBench_automotive-basicmath    0.99368954    1.00000000   -0.00631046  O3-bolt ≈ O3-bolt-opt（差异在 ±5% 内）
2026-04-29 13:52:59,712 INFO:     44     MiBench_automotive-bitcount    0.94764286    0.96551722   -0.01787436  O3-bolt-opt 优于 O3-bolt（快 5.2%，加速比 1.06x）
2026-04-29 13:52:59,713 INFO:     45        MiBench_automotive-susan    0.97715330    0.98684210   -0.00968879  O3-bolt ≈ O3-bolt-opt（差异在 ±5% 内）
2026-04-29 13:52:59,713 INFO:     46           MiBench_consumer-jpeg    0.99211532    0.98716003   +0.00495529  O3-bolt ≈ O3-bolt-opt（差异在 ±5% 内）
2026-04-29 13:52:59,713 INFO:     47           MiBench_consumer-lame    0.99329299    0.98795182   +0.00534117  O3-bolt ≈ O3-bolt-opt（差异在 ±5% 内）
2026-04-29 13:52:59,713 INFO:     48        MiBench_consumer-typeset    0.99199748    0.98859930   +0.00339818  O3-bolt ≈ O3-bolt-opt（差异在 ±5% 内）
2026-04-29 13:52:59,713 INFO:     49        MiBench_network-dijkstra    0.93456632    0.92191052   +0.01265579  O3-bolt-opt 优于 O3-bolt（快 6.5%，加速比 1.07x）
2026-04-29 13:52:59,713 INFO:     50        MiBench_network-patricia    0.99895602    0.99571735   +0.00323868  O3-bolt ≈ O3-bolt-opt（差异在 ±5% 内）
2026-04-29 13:52:59,713 INFO:     51           MiBench_office-ispell    1.00441658    1.00658286   -0.00216627  O3-bolt ≈ O3-bolt-opt（差异在 ±5% 内）
2026-04-29 13:52:59,713 INFO:     52     MiBench_office-stringsearch    1.00805628    1.01574588   -0.00768960  O3-bolt ≈ O3-bolt-opt（差异在 ±5% 内）
2026-04-29 13:52:59,714 INFO:     53       MiBench_security-rijndael    1.06254482    1.05910993   +0.00343490  O3-bolt 优于 O3-bolt-opt（快 5.9%，加速比 1.06x）
2026-04-29 13:52:59,714 INFO:     54            MiBench_security-sha    0.99922693    1.00746751   -0.00824058  O3-bolt ≈ O3-bolt-opt（差异在 ±5% 内）
2026-04-29 13:52:59,714 INFO:     55          MiBench_telecomm-CRC32    1.00760412    1.00688076   +0.00072336  O3-bolt ≈ O3-bolt-opt（差异在 ±5% 内）
2026-04-29 13:52:59,714 INFO:     56            MiBench_telecomm-FFT    1.00081277    0.99694890   +0.00386387  O3-bolt ≈ O3-bolt-opt（差异在 ±5% 内）
2026-04-29 13:52:59,714 INFO:     57          MiBench_telecomm-adpcm    1.00070262    0.99757868   +0.00312394  O3-bolt ≈ O3-bolt-opt（差异在 ±5% 内）
2026-04-29 13:52:59,714 INFO:     58            MiBench_telecomm-gsm    1.00411332    0.99284011   +0.01127321  O3-bolt ≈ O3-bolt-opt（差异在 ±5% 内）
2026-04-29 13:52:59,714 INFO:     59                   NPB-serial_is    1.00054657    1.00000000   +0.00054657  O3-bolt ≈ O3-bolt-opt（差异在 ±5% 内）
2026-04-29 13:52:59,715 INFO:     60                        Olden_bh    1.00771403    1.00000000   +0.00771403  O3-bolt ≈ O3-bolt-opt（差异在 ±5% 内）
2026-04-29 13:52:59,715 INFO:     61                    Olden_bisort    0.97522521    0.98913044   -0.01390523  O3-bolt ≈ O3-bolt-opt（差异在 ±5% 内）
2026-04-29 13:52:59,715 INFO:     62                      Olden_em3d    1.76249456    1.64285719   +0.11963737  O3-bolt 优于 O3-bolt-opt（快 43.3%，加速比 1.76x）
2026-04-29 13:52:59,715 INFO:     63                    Olden_health    1.00208521    1.00000000   +0.00208521  O3-bolt ≈ O3-bolt-opt（差异在 ±5% 内）
2026-04-29 13:52:59,715 INFO:     64                       Olden_mst    0.99806476    1.00199997   -0.00393522  O3-bolt ≈ O3-bolt-opt（差异在 ±5% 内）
2026-04-29 13:52:59,715 INFO:     65                 Olden_perimeter    0.98701149    0.99115044   -0.00413895  O3-bolt ≈ O3-bolt-opt（差异在 ±5% 内）
2026-04-29 13:52:59,715 INFO:     66                     Olden_power    0.97228241    0.98701298   -0.01473057  O3-bolt ≈ O3-bolt-opt（差异在 ±5% 内）
2026-04-29 13:52:59,715 INFO:     67                   Olden_treeadd    1.00010359    1.00487804   -0.00477445  O3-bolt ≈ O3-bolt-opt（差异在 ±5% 内）
2026-04-29 13:52:59,716 INFO:     68                       Olden_tsp    1.01845849    1.01149428   +0.00696421  O3-bolt ≈ O3-bolt-opt（差异在 ±5% 内）
2026-04-29 13:52:59,716 INFO:     69                   Olden_voronoi    1.00598133    1.00606060   -0.00007927  O3-bolt ≈ O3-bolt-opt（差异在 ±5% 内）
2026-04-29 13:52:59,716 INFO:     70                           PAQ8p    1.00341666    1.00000000   +0.00341666  O3-bolt ≈ O3-bolt-opt（差异在 ±5% 内）
2026-04-29 13:52:59,716 INFO:     71                 Prolangs-C++_NP    1.00934100    1.02391160   -0.01457059  O3-bolt ≈ O3-bolt-opt（差异在 ±5% 内）
2026-04-29 13:52:59,716 INFO:     72             Prolangs-C++_deriv1    1.00144339    1.00143433   +0.00000906  O3-bolt ≈ O3-bolt-opt（差异在 ±5% 内）
2026-04-29 13:52:59,716 INFO:     73             Prolangs-C++_deriv2    1.00068045    1.00784409   -0.00716364  O3-bolt ≈ O3-bolt-opt（差异在 ±5% 内）
2026-04-29 13:52:59,716 INFO:     74             Prolangs-C++_employ    1.00921643    1.01038063   -0.00116420  O3-bolt ≈ O3-bolt-opt（差异在 ±5% 内）
2026-04-29 13:52:59,716 INFO:     75                Prolangs-C++_fsm    1.00000906    1.00829017   -0.00828111  O3-bolt ≈ O3-bolt-opt（差异在 ±5% 内）
2026-04-29 13:52:59,717 INFO:     76             Prolangs-C++_garage    1.00721884    1.00928879   -0.00206995  O3-bolt ≈ O3-bolt-opt（差异在 ±5% 内）
2026-04-29 13:52:59,717 INFO:     77               Prolangs-C++_life    1.05065739    1.02857149   +0.02208591  O3-bolt 优于 O3-bolt-opt（快 4.8%，加速比 1.05x）
2026-04-29 13:52:59,717 INFO:     78            Prolangs-C++_objects    1.00752640    1.01456666   -0.00704026  O3-bolt ≈ O3-bolt-opt（差异在 ±5% 内）
2026-04-29 13:52:59,717 INFO:     79              Prolangs-C++_ocean    1.00037122    0.99203819   +0.00833303  O3-bolt ≈ O3-bolt-opt（差异在 ±5% 内）
2026-04-29 13:52:59,717 INFO:     80             Prolangs-C++_office    1.00258422    0.99761540   +0.00496882  O3-bolt ≈ O3-bolt-opt（差异在 ±5% 内）
2026-04-29 13:52:59,717 INFO:     81             Prolangs-C++_primes    0.97018105    0.95205480   +0.01812625  O3-bolt ≈ O3-bolt-opt（差异在 ±5% 内）
2026-04-29 13:52:59,717 INFO:     82             Prolangs-C++_shapes    1.00045776    1.00086033   -0.00040257  O3-bolt ≈ O3-bolt-opt（差异在 ±5% 内）
2026-04-29 13:52:59,717 INFO:     83              Prolangs-C++_simul    1.00026524    0.99266934   +0.00759590  O3-bolt ≈ O3-bolt-opt（差异在 ±5% 内）
2026-04-29 13:52:59,718 INFO:     84              Prolangs-C++_trees    1.00448406    1.02625501   -0.02177095  O3-bolt ≈ O3-bolt-opt（差异在 ±5% 内）
2026-04-29 13:52:59,718 INFO:     85         Prolangs-C_TimberWolfMC    1.00964689    1.01745570   -0.00780880  O3-bolt ≈ O3-bolt-opt（差异在 ±5% 内）
2026-04-29 13:52:59,718 INFO:     86                Prolangs-C_agrep    1.01772821    1.03104591   -0.01331770  O3-bolt ≈ O3-bolt-opt（差异在 ±5% 内）
2026-04-29 13:52:59,718 INFO:     87             Prolangs-C_allroots    1.01032102    1.01275063   -0.00242960  O3-bolt ≈ O3-bolt-opt（差异在 ±5% 内）
2026-04-29 13:52:59,718 INFO:     88        Prolangs-C_archie-client    1.00759757    1.01161587   -0.00401831  O3-bolt ≈ O3-bolt-opt（差异在 ±5% 内）
2026-04-29 13:52:59,718 INFO:     89                Prolangs-C_bison    0.99951577    0.99333072   +0.00618505  O3-bolt ≈ O3-bolt-opt（差异在 ±5% 内）
2026-04-29 13:52:59,718 INFO:     90                Prolangs-C_cdecl    0.99957728    1.01328838   -0.01371109  O3-bolt ≈ O3-bolt-opt（差异在 ±5% 内）
2026-04-29 13:52:59,719 INFO:     91             Prolangs-C_football    1.00662065    1.02120066   -0.01458001  O3-bolt ≈ O3-bolt-opt（差异在 ±5% 内）
2026-04-29 13:52:59,719 INFO:     92                Prolangs-C_gnugo    1.01921594    1.01735532   +0.00186062  O3-bolt ≈ O3-bolt-opt（差异在 ±5% 内）
2026-04-29 13:52:59,719 INFO:     93           Prolangs-C_unix-smail    1.00058532    1.00617516   -0.00558984  O3-bolt ≈ O3-bolt-opt（差异在 ±5% 内）
2026-04-29 13:52:59,719 INFO:     94             Prolangs-C_unix-tbl    1.00812137    1.01707256   -0.00895119  O3-bolt ≈ O3-bolt-opt（差异在 ±5% 内）
2026-04-29 13:52:59,719 INFO:     95                 Ptrdist_anagram    0.97115952    0.98333335   -0.01217383  O3-bolt ≈ O3-bolt-opt（差异在 ±5% 内）
2026-04-29 13:52:59,719 INFO:     96                      Ptrdist_bc    0.92912704    0.91612905   +0.01299798  O3-bolt-opt 优于 O3-bolt（快 7.1%，加速比 1.08x）
2026-04-29 13:52:59,719 INFO:     97                      Ptrdist_ft    1.08042693    1.01999998   +0.06042695  O3-bolt 优于 O3-bolt-opt（快 7.4%，加速比 1.08x）
2026-04-29 13:52:59,720 INFO:     98                      Ptrdist_ks    0.97747725    0.85074627   +0.12673098  O3-bolt ≈ O3-bolt-opt（差异在 ±5% 内）
2026-04-29 13:52:59,720 INFO:     99                   Ptrdist_yacr2    1.10727715    1.08333337   +0.02394378  O3-bolt 优于 O3-bolt-opt（快 9.7%，加速比 1.11x）
2026-04-29 13:52:59,720 INFO:    100                Rodinia_backprop    1.00186193    1.00000000   +0.00186193  O3-bolt ≈ O3-bolt-opt（差异在 ±5% 内）
2026-04-29 13:52:59,720 INFO:    101                 Rodinia_hotspot    1.00174809    1.00389099   -0.00214291  O3-bolt ≈ O3-bolt-opt（差异在 ±5% 内）
2026-04-29 13:52:59,720 INFO:    102              Rodinia_pathfinder    0.99778324    1.00000000   -0.00221676  O3-bolt ≈ O3-bolt-opt（差异在 ±5% 内）
2026-04-29 13:52:59,720 INFO:    103                    Rodinia_srad    1.01595271    1.01098907   +0.00496364  O3-bolt ≈ O3-bolt-opt（差异在 ±5% 内）
2026-04-29 13:52:59,720 INFO:    104                      SciMark2-C    1.00011003    1.00000000   +0.00011003  O3-bolt ≈ O3-bolt-opt（差异在 ±5% 内）
2026-04-29 13:52:59,721 INFO:    105            TSVC_ControlFlow-dbl    0.99928963    1.00000000   -0.00071037  O3-bolt ≈ O3-bolt-opt（差异在 ±5% 内）
2026-04-29 13:52:59,721 INFO:    106            TSVC_ControlFlow-flt    1.06686461    1.06666672   +0.00019789  O3-bolt 优于 O3-bolt-opt（快 6.3%，加速比 1.07x）
2026-04-29 13:52:59,721 INFO:    107           TSVC_ControlLoops-dbl    0.99698097    1.00000000   -0.00301903  O3-bolt ≈ O3-bolt-opt（差异在 ±5% 内）
2026-04-29 13:52:59,721 INFO:    108           TSVC_ControlLoops-flt    0.99760228    1.00000000   -0.00239772  O3-bolt ≈ O3-bolt-opt（差异在 ±5% 内）
2026-04-29 13:52:59,721 INFO:    109     TSVC_CrossingThresholds-dbl    0.99991298    1.00000000   -0.00008702  O3-bolt ≈ O3-bolt-opt（差异在 ±5% 内）
2026-04-29 13:52:59,721 INFO:    110     TSVC_CrossingThresholds-flt    1.00054121    1.00000000   +0.00054121  O3-bolt ≈ O3-bolt-opt（差异在 ±5% 内）
2026-04-29 13:52:59,721 INFO:    111          TSVC_Equivalencing-dbl    1.00112295    1.00000000   +0.00112295  O3-bolt ≈ O3-bolt-opt（差异在 ±5% 内）
2026-04-29 13:52:59,721 INFO:    112          TSVC_Equivalencing-flt    1.04940569    1.01282048   +0.03658521  O3-bolt ≈ O3-bolt-opt（差异在 ±5% 内）
2026-04-29 13:52:59,722 INFO:    113              TSVC_Expansion-dbl    1.00109601    1.00000000   +0.00109601  O3-bolt ≈ O3-bolt-opt（差异在 ±5% 内）
2026-04-29 13:52:59,722 INFO:    114              TSVC_Expansion-flt    1.05327451    1.03846157   +0.01481295  O3-bolt 优于 O3-bolt-opt（快 5.1%，加速比 1.05x）
2026-04-29 13:52:59,722 INFO:    115         TSVC_GlobalDataFlow-dbl    0.99918616    1.00000000   -0.00081384  O3-bolt ≈ O3-bolt-opt（差异在 ±5% 内）
2026-04-29 13:52:59,722 INFO:    116         TSVC_GlobalDataFlow-flt    1.00156999    1.00000000   +0.00156999  O3-bolt ≈ O3-bolt-opt（差异在 ±5% 内）
2026-04-29 13:52:59,722 INFO:    117     TSVC_IndirectAddressing-dbl    0.94479364    0.92307693   +0.02171671  O3-bolt-opt 优于 O3-bolt（快 5.5%，加速比 1.06x）
2026-04-29 13:52:59,722 INFO:    118     TSVC_IndirectAddressing-flt    0.94785208    0.92307693   +0.02477515  O3-bolt-opt 优于 O3-bolt（快 5.2%，加速比 1.06x）
2026-04-29 13:52:59,722 INFO:    119      TSVC_InductionVariable-dbl    1.05425048    1.09090912   -0.03665864  O3-bolt 优于 O3-bolt-opt（快 5.1%，加速比 1.05x）
2026-04-29 13:52:59,722 INFO:    120      TSVC_InductionVariable-flt    0.99582815    1.00000000   -0.00417185  O3-bolt ≈ O3-bolt-opt（差异在 ±5% 内）
2026-04-29 13:52:59,723 INFO:    121       TSVC_LinearDependence-dbl    0.99930191    1.00000000   -0.00069809  O3-bolt ≈ O3-bolt-opt（差异在 ±5% 内）
2026-04-29 13:52:59,723 INFO:    122       TSVC_LinearDependence-flt    0.94015348    0.93103451   +0.00911897  O3-bolt-opt 优于 O3-bolt（快 6.0%，加速比 1.06x）
2026-04-29 13:52:59,723 INFO:    123          TSVC_LoopRerolling-dbl    0.99953127    1.00000000   -0.00046873  O3-bolt ≈ O3-bolt-opt（差异在 ±5% 内）
2026-04-29 13:52:59,723 INFO:    124          TSVC_LoopRerolling-flt    1.00005841    1.00000000   +0.00005841  O3-bolt ≈ O3-bolt-opt（差异在 ±5% 内）
2026-04-29 13:52:59,723 INFO:    125      TSVC_LoopRestructuring-dbl    1.00061142    1.00000000   +0.00061142  O3-bolt ≈ O3-bolt-opt（差异在 ±5% 内）
2026-04-29 13:52:59,723 INFO:    126      TSVC_LoopRestructuring-flt    0.99941492    1.00000000   -0.00058508  O3-bolt ≈ O3-bolt-opt（差异在 ±5% 内）
2026-04-29 13:52:59,723 INFO:    127          TSVC_NodeSplitting-dbl    0.94825339    0.92307693   +0.02517647  O3-bolt-opt 优于 O3-bolt（快 5.2%，加速比 1.05x）
2026-04-29 13:52:59,724 INFO:    128          TSVC_NodeSplitting-flt    1.06661785    1.06666672   -0.00004888  O3-bolt 优于 O3-bolt-opt（快 6.2%，加速比 1.07x）
2026-04-29 13:52:59,724 INFO:    129                TSVC_Packing-dbl    1.29619157    1.27272725   +0.02346432  O3-bolt 优于 O3-bolt-opt（快 22.9%，加速比 1.30x）
2026-04-29 13:52:59,724 INFO:    130                TSVC_Packing-flt    1.25495732    1.25000000   +0.00495732  O3-bolt 优于 O3-bolt-opt（快 20.3%，加速比 1.25x）
2026-04-29 13:52:59,724 INFO:    131            TSVC_Recurrences-dbl    0.99868524    1.00000000   -0.00131476  O3-bolt ≈ O3-bolt-opt（差异在 ±5% 内）
2026-04-29 13:52:59,724 INFO:    132            TSVC_Recurrences-flt    0.99902523    1.00000000   -0.00097477  O3-bolt ≈ O3-bolt-opt（差异在 ±5% 内）
2026-04-29 13:52:59,724 INFO:    133             TSVC_Reductions-dbl    1.00019765    1.00000000   +0.00019765  O3-bolt ≈ O3-bolt-opt（差异在 ±5% 内）
2026-04-29 13:52:59,724 INFO:    134             TSVC_Reductions-flt    0.99871475    1.00000000   -0.00128525  O3-bolt ≈ O3-bolt-opt（差异在 ±5% 内）
2026-04-29 13:52:59,724 INFO:    135              TSVC_Searching-dbl    1.00107849    1.00000000   +0.00107849  O3-bolt ≈ O3-bolt-opt（差异在 ±5% 内）
2026-04-29 13:52:59,724 INFO:    136              TSVC_Searching-flt    1.00513721    1.00000000   +0.00513721  O3-bolt ≈ O3-bolt-opt（差异在 ±5% 内）
2026-04-29 13:52:59,725 INFO:    137    TSVC_StatementReordering-dbl    1.00218439    1.00000000   +0.00218439  O3-bolt ≈ O3-bolt-opt（差异在 ±5% 内）
2026-04-29 13:52:59,725 INFO:    138    TSVC_StatementReordering-flt    1.00084054    1.00000000   +0.00084054  O3-bolt ≈ O3-bolt-opt（差异在 ±5% 内）
2026-04-29 13:52:59,725 INFO:    139              TSVC_Symbolics-dbl    0.89351642    0.94736844   -0.05385202  O3-bolt-opt 优于 O3-bolt（快 10.6%，加速比 1.12x）
2026-04-29 13:52:59,725 INFO:    140              TSVC_Symbolics-flt    0.92054558    0.91891891   +0.00162667  O3-bolt-opt 优于 O3-bolt（快 7.9%，加速比 1.09x）
2026-04-29 13:52:59,725 INFO:    141               Trimaran_enc-3des    1.05842555    1.04347825   +0.01494730  O3-bolt 优于 O3-bolt-opt（快 5.5%，加速比 1.06x）
2026-04-29 13:52:59,725 INFO:    142                Trimaran_enc-md5    0.99906588    1.00000000   -0.00093412  O3-bolt ≈ O3-bolt-opt（差异在 ±5% 内）
2026-04-29 13:52:59,725 INFO:    143                Trimaran_enc-pc1    1.00193059    1.00000000   +0.00193059  O3-bolt ≈ O3-bolt-opt（差异在 ±5% 内）
2026-04-29 13:52:59,726 INFO:    144                Trimaran_enc-rc4    0.99996716    1.00000000   -0.00003284  O3-bolt ≈ O3-bolt-opt（差异在 ±5% 内）
2026-04-29 13:52:59,726 INFO:    145           Trimaran_netbench-crc    1.00001490    1.00000000   +0.00001490  O3-bolt ≈ O3-bolt-opt（差异在 ±5% 内）
2026-04-29 13:52:59,726 INFO:    146           Trimaran_netbench-url    1.00074184    1.00000000   +0.00074184  O3-bolt ≈ O3-bolt-opt（差异在 ±5% 内）
2026-04-29 13:52:59,726 INFO:    147                VersaBench_8b10b    1.00542974    0.88888890   +0.11654085  O3-bolt ≈ O3-bolt-opt（差异在 ±5% 内）
2026-04-29 13:52:59,726 INFO:    148           VersaBench_beamformer    0.99991208    1.00000000   -0.00008792  O3-bolt ≈ O3-bolt-opt（差异在 ±5% 内）
2026-04-29 13:52:59,726 INFO:    149                  VersaBench_bmm    0.99956876    1.00000000   -0.00043124  O3-bolt ≈ O3-bolt-opt（差异在 ±5% 内）
2026-04-29 13:52:59,726 INFO:    150                 VersaBench_dbms    1.00869262    1.00000000   +0.00869262  O3-bolt ≈ O3-bolt-opt（差异在 ±5% 内）
2026-04-29 13:52:59,726 INFO:    151               VersaBench_ecbdes    1.00068533    1.00000000   +0.00068533  O3-bolt ≈ O3-bolt-opt（差异在 ±5% 内）
2026-04-29 13:52:59,727 INFO:    152                    llubenchmark    0.99897528    1.00000000   -0.00102472  O3-bolt ≈ O3-bolt-opt（差异在 ±5% 内）
2026-04-29 13:52:59,727 INFO:    153                           mafft    0.99944717    1.00000000   -0.00055283  O3-bolt ≈ O3-bolt-opt（差异在 ±5% 内）
2026-04-29 13:52:59,727 INFO:    154      mediabench_adpcm_rawcaudio    1.00041652    1.00704527   -0.00662875  O3-bolt ≈ O3-bolt-opt（差异在 ±5% 内）
2026-04-29 13:52:59,727 INFO:    155      mediabench_adpcm_rawdaudio    1.00164330    1.01659405   -0.01495075  O3-bolt ≈ O3-bolt-opt（差异在 ±5% 内）
2026-04-29 13:52:59,727 INFO:    156      mediabench_g721_g721encode    0.99819487    0.99612403   +0.00207084  O3-bolt ≈ O3-bolt-opt（差异在 ±5% 内）
2026-04-29 13:52:59,727 INFO:    157            mediabench_gsm_toast    1.00188124    0.99899191   +0.00288934  O3-bolt ≈ O3-bolt-opt（差异在 ±5% 内）
2026-04-29 13:52:59,727 INFO:    158         mediabench_jpeg_jpeg-6a    1.00169837    1.01964355   -0.01794517  O3-bolt ≈ O3-bolt-opt（差异在 ±5% 内）
2026-04-29 13:52:59,728 INFO:    159       mediabench_mpeg2_mpeg2dec    0.95177567    0.95862961   -0.00685394  O3-bolt ≈ O3-bolt-opt（差异在 ±5% 内）
2026-04-29 13:52:59,728 INFO:    160                          nbench    1.01925611    0.93939394   +0.07986218  O3-bolt ≈ O3-bolt-opt（差异在 ±5% 内）
2026-04-29 13:52:59,728 INFO:    161                      tramp3d-v4    0.99923611    0.99317408   +0.00606203  O3-bolt ≈ O3-bolt-opt（差异在 ±5% 内）
2026-04-29 13:52:59,728 INFO: 
  ── 验证指标 ──
2026-04-29 13:52:59,728 INFO:   MAE  = 0.011507
2026-04-29 13:52:59,728 INFO:   MSE  = 0.000559
2026-04-29 13:52:59,728 INFO:   RMSE = 0.023641
2026-04-29 13:52:59,728 INFO:   方向准确率 = 116/161 (72.0%)
2026-04-29 13:52:59,729 INFO:   预测 O3-bolt 更优: 92/161  (真实: 117/161)
2026-04-29 13:52:59,729 INFO:   方向准确率（排除 ±5%）= 27/29 (93.1%)
2026-04-29 13:52:59,731 INFO:   结构化结果: checkpoints/cnn/fixed_work_best/infer_samples_O3-bolt_vs_O3-bolt-opt.csv
2026-04-29 13:52:59,731 INFO:   摘要结果: checkpoints/cnn/fixed_work_best/infer_summary_O3-bolt_vs_O3-bolt-opt.json
2026-04-29 13:52:59,732 INFO: 
