2026-04-29 13:56:36,217 INFO: 自动选择设备: directml
2026-04-29 13:56:36,217 INFO: 设备: privateuseone:0
2026-04-29 13:56:36,217 INFO: 设备类型: directml
2026-04-29 13:56:36,217 INFO: 日志输出目录: checkpoints/transformer/fixed_work_best
2026-04-29 13:56:36,218 INFO: 从指定配置文件加载: checkpoints/transformer/fixed_work_best/transformer_best_work.json
2026-04-29 13:56:36,375 INFO: 模型加载完成: checkpoints/transformer/fixed_work_best/transformer_best_work.pt  (设备: privateuseone:0)
2026-04-29 13:56:36,375 INFO: 模型类型: transformer
2026-04-29 13:56:36,375 INFO: 模型参数: {'in_features': 6, 'mlp_hidden': 64, 'dropout': 0.1, 'd_model': 64, 'nhead': 2, 'num_layers': 3, 'dim_feedforward': 256, 'max_len': 512, 'pos_encoding': 'learnable'}
2026-04-29 13:56:36,375 INFO: pair-swap 训练增强: False（此为训练时数据增强，不影响推理逻辑）
2026-04-29 13:56:36,584 INFO: ========================================================================
2026-04-29 13:56:36,584 INFO: 版本对: O1-g_vs_O3-g  (O1-g vs O3-g)  共 163 个程序
2026-04-29 13:56:36,584 INFO: 标签模式: fixed_workload
2026-04-29 13:56:36,584 INFO: 标签定义: Y = T_v2 / T_v1 (time ratio)
2026-04-29 13:56:36,584 INFO: 判定方向: Y >= 1 视为 O1-g 更快，Y < 1 视为 O3-g 更快
2026-04-29 13:56:36,584 INFO: 统计口径: 方向准确率按 same-side(Y=1.0) 统计；展示结论仍使用 judge() 的 ±5%% 区间
2026-04-29 13:56:36,584 INFO: ========================================================================
2026-04-29 13:56:36,585 INFO:      #                              程序          预测 Ŷ          真实 Y            误差  判断
2026-04-29 13:56:36,585 INFO:   ------------------------------------------------------------------------------------
2026-04-29 13:56:36,585 INFO:      1                            7zip    0.98686498    1.00000000   -0.01313502  O1-g ≈ O3-g（差异在 ±5% 内）
2026-04-29 13:56:36,585 INFO:      2             ASCI_Purple_SMG2000    0.91662753    0.87500000   +0.04162753  O3-g 优于 O1-g（快 8.3%，加速比 1.09x）
2026-04-29 13:56:36,585 INFO:      3               ASC_Sequoia_AMGmk    0.67317307    0.66666669   +0.00650638  O3-g 优于 O1-g（快 32.7%，加速比 1.49x）
2026-04-29 13:56:36,585 INFO:      4           ASC_Sequoia_CrystalMk    0.96519876    0.92857140   +0.03662735  O1-g ≈ O3-g（差异在 ±5% 内）
2026-04-29 13:56:36,585 INFO:      5               ASC_Sequoia_IRSmk    0.71781379    0.66666669   +0.05114710  O3-g 优于 O1-g（快 28.2%，加速比 1.39x）
2026-04-29 13:56:36,585 INFO:      6                  BitBench_drop3    1.01387167    0.99411762   +0.01975405  O1-g ≈ O3-g（差异在 ±5% 内）
2026-04-29 13:56:36,585 INFO:      7                 BitBench_five11    1.07744825    1.05263162   +0.02481663  O1-g 优于 O3-g（快 7.2%，加速比 1.08x）
2026-04-29 13:56:36,586 INFO:      8               BitBench_uudecode    0.29987895    0.28747046   +0.01240849  O3-g 优于 O1-g（快 70.0%，加速比 3.33x）
2026-04-29 13:56:36,586 INFO:      9               BitBench_uuencode    0.95103490    0.95510203   -0.00406712  O1-g ≈ O3-g（差异在 ±5% 内）
2026-04-29 13:56:36,586 INFO:     10                          Bullet    0.94334072    0.90909094   +0.03424978  O3-g 优于 O1-g（快 5.7%，加速比 1.06x）
2026-04-29 13:56:36,586 INFO:     11         DOE-ProxyApps-C++_CLAMR    1.05252099    1.03225803   +0.02026296  O1-g 优于 O3-g（快 5.0%，加速比 1.05x）
2026-04-29 13:56:36,586 INFO:     12   DOE-ProxyApps-C++_HACCKernels    0.96694332    0.95238096   +0.01456237  O1-g ≈ O3-g（差异在 ±5% 内）
2026-04-29 13:56:36,586 INFO:     13         DOE-ProxyApps-C++_HPCCG    1.00698018    1.00000000   +0.00698018  O1-g ≈ O3-g（差异在 ±5% 内）
2026-04-29 13:56:36,586 INFO:     14       DOE-ProxyApps-C++_PENNANT    0.91747296    0.89285713   +0.02461582  O3-g 优于 O1-g（快 8.3%，加速比 1.09x）
2026-04-29 13:56:36,586 INFO:     15        DOE-ProxyApps-C++_miniFE    0.92719579    0.91666669   +0.01052910  O3-g 优于 O1-g（快 7.3%，加速比 1.08x）
2026-04-29 13:56:36,587 INFO:     16            DOE-ProxyApps-C_CoMD    0.93310499    0.95652175   -0.02341676  O3-g 优于 O1-g（快 6.7%，加速比 1.07x）
2026-04-29 13:56:36,587 INFO:     17      DOE-ProxyApps-C_Pathfinder    1.00462711    1.00000000   +0.00462711  O1-g ≈ O3-g（差异在 ±5% 内）
2026-04-29 13:56:36,587 INFO:     18         DOE-ProxyApps-C_RSBench    1.00423694    0.99248123   +0.01175570  O1-g ≈ O3-g（差异在 ±5% 内）
2026-04-29 13:56:36,587 INFO:     19       DOE-ProxyApps-C_SimpleMOC    0.81615573    0.78125000   +0.03490573  O3-g 优于 O1-g（快 18.4%，加速比 1.23x）
2026-04-29 13:56:36,587 INFO:     20         DOE-ProxyApps-C_XSBench    0.95150894    0.93333334   +0.01817560  O1-g ≈ O3-g（差异在 ±5% 内）
2026-04-29 13:56:36,587 INFO:     21         DOE-ProxyApps-C_miniAMR    0.94259715    0.91379309   +0.02880406  O3-g 优于 O1-g（快 5.7%，加速比 1.06x）
2026-04-29 13:56:36,587 INFO:     22         DOE-ProxyApps-C_miniGMG    0.93917572    0.90476191   +0.03441381  O3-g 优于 O1-g（快 6.1%，加速比 1.06x）
2026-04-29 13:56:36,587 INFO:     23                     Fhourstones    0.97901100    0.94545454   +0.03355646  O1-g ≈ O3-g（差异在 ±5% 内）
2026-04-29 13:56:36,587 INFO:     24                 Fhourstones-3.1    1.02160895    1.00000000   +0.02160895  O1-g ≈ O3-g（差异在 ±5% 内）
2026-04-29 13:56:36,587 INFO:     25              FreeBench_analyzer    1.00026774    0.97503120   +0.02523655  O1-g ≈ O3-g（差异在 ±5% 内）
2026-04-29 13:56:36,587 INFO:     26               FreeBench_distray    0.95151925    0.93877554   +0.01274371  O1-g ≈ O3-g（差异在 ±5% 内）
2026-04-29 13:56:36,588 INFO:     27            FreeBench_fourinarow    1.20178831    1.28571427   -0.08392596  O1-g 优于 O3-g（快 16.8%，加速比 1.20x）
2026-04-29 13:56:36,588 INFO:     28                 FreeBench_mason    1.08322465    1.08171201   +0.00151265  O1-g 优于 O3-g（快 7.7%，加速比 1.08x）
2026-04-29 13:56:36,588 INFO:     29                FreeBench_neural    0.99653924    1.00268817   -0.00614893  O1-g ≈ O3-g（差异在 ±5% 内）
2026-04-29 13:56:36,588 INFO:     30            FreeBench_pcompress2    0.99953055    0.96084338   +0.03868717  O1-g ≈ O3-g（差异在 ±5% 内）
2026-04-29 13:56:36,588 INFO:     31                 FreeBench_pifft    0.95091766    0.92307693   +0.02784073  O1-g ≈ O3-g（差异在 ±5% 内）
2026-04-29 13:56:36,588 INFO:     32               MallocBench_cfrac    1.00092876    0.98113209   +0.01979667  O1-g ≈ O3-g（差异在 ±5% 内）
2026-04-29 13:56:36,588 INFO:     33            MallocBench_espresso    0.99531490    0.97391301   +0.02140188  O1-g ≈ O3-g（差异在 ±5% 内）
2026-04-29 13:56:36,588 INFO:     34                  MallocBench_gs    1.10684383    1.15406764   -0.04722381  O1-g 优于 O3-g（快 9.7%，加速比 1.11x）
2026-04-29 13:56:36,588 INFO:     35                 McCat_01-qbsort    1.05587304    1.03245747   +0.02341557  O1-g 优于 O3-g（快 5.3%，加速比 1.06x）
2026-04-29 13:56:36,588 INFO:     36               McCat_03-testtrie    0.99686784    0.99137932   +0.00548851  O1-g ≈ O3-g（差异在 ±5% 内）
2026-04-29 13:56:36,588 INFO:     37                 McCat_04-bisect    0.93559307    0.91586995   +0.01972312  O3-g 优于 O1-g（快 6.4%，加速比 1.07x）
2026-04-29 13:56:36,589 INFO:     38                   McCat_08-main    1.04041266    1.01509428   +0.02531838  O1-g ≈ O3-g（差异在 ±5% 内）
2026-04-29 13:56:36,589 INFO:     39                    McCat_09-vor    1.01289868    0.98947370   +0.02342498  O1-g ≈ O3-g（差异在 ±5% 内）
2026-04-29 13:56:36,589 INFO:     40                 McCat_12-IOtest    1.02001095    1.00680268   +0.01320827  O1-g ≈ O3-g（差异在 ±5% 内）
2026-04-29 13:56:36,589 INFO:     41                   McCat_15-trie    0.99593288    1.00274479   -0.00681192  O1-g ≈ O3-g（差异在 ±5% 内）
2026-04-29 13:56:36,589 INFO:     42                  McCat_17-bintr    1.01504982    1.00000000   +0.01504982  O1-g ≈ O3-g（差异在 ±5% 内）
2026-04-29 13:56:36,589 INFO:     43                    McCat_18-imp    0.98386163    0.98770952   -0.00384790  O1-g ≈ O3-g（差异在 ±5% 内）
2026-04-29 13:56:36,589 INFO:     44    MiBench_automotive-basicmath    1.00555336    1.00000000   +0.00555336  O1-g ≈ O3-g（差异在 ±5% 内）
2026-04-29 13:56:36,589 INFO:     45     MiBench_automotive-bitcount    0.97685224    0.95950156   +0.01735067  O1-g ≈ O3-g（差异在 ±5% 内）
2026-04-29 13:56:36,589 INFO:     46        MiBench_automotive-susan    1.00195169    0.99555558   +0.00639611  O1-g ≈ O3-g（差异在 ±5% 内）
2026-04-29 13:56:36,589 INFO:     47           MiBench_consumer-jpeg    0.92777902    0.87112343   +0.05665559  O3-g 优于 O1-g（快 7.2%，加速比 1.08x）
2026-04-29 13:56:36,589 INFO:     48           MiBench_consumer-lame    0.91167629    0.89939022   +0.01228607  O3-g 优于 O1-g（快 8.8%，加速比 1.10x）
2026-04-29 13:56:36,590 INFO:     49        MiBench_consumer-typeset    1.01590717    0.99158585   +0.02432132  O1-g ≈ O3-g（差异在 ±5% 内）
2026-04-29 13:56:36,590 INFO:     50        MiBench_network-dijkstra    1.00879359    1.00082171   +0.00797188  O1-g ≈ O3-g（差异在 ±5% 内）
2026-04-29 13:56:36,590 INFO:     51        MiBench_network-patricia    1.00236964    1.00000000   +0.00236964  O1-g ≈ O3-g（差异在 ±5% 内）
2026-04-29 13:56:36,590 INFO:     52           MiBench_office-ispell    1.01542163    1.01087904   +0.00454259  O1-g ≈ O3-g（差异在 ±5% 内）
2026-04-29 13:56:36,590 INFO:     53     MiBench_office-stringsearch    0.96080440    0.95483136   +0.00597304  O1-g ≈ O3-g（差异在 ±5% 内）
2026-04-29 13:56:36,590 INFO:     54       MiBench_security-blowfish    0.99909109    0.98434114   +0.01474994  O1-g ≈ O3-g（差异在 ±5% 内）
2026-04-29 13:56:36,590 INFO:     55       MiBench_security-rijndael    0.95956981    0.93795377   +0.02161604  O1-g ≈ O3-g（差异在 ±5% 内）
2026-04-29 13:56:36,590 INFO:     56            MiBench_security-sha    0.78733456    0.74435848   +0.04297608  O3-g 优于 O1-g（快 21.3%，加速比 1.27x）
2026-04-29 13:56:36,590 INFO:     57          MiBench_telecomm-CRC32    1.01996875    0.99772727   +0.02224147  O1-g ≈ O3-g（差异在 ±5% 内）
2026-04-29 13:56:36,590 INFO:     58            MiBench_telecomm-FFT    0.99309367    0.99155796   +0.00153571  O1-g ≈ O3-g（差异在 ±5% 内）
2026-04-29 13:56:36,591 INFO:     59          MiBench_telecomm-adpcm    1.01277292    1.00485432   +0.00791860  O1-g ≈ O3-g（差异在 ±5% 内）
2026-04-29 13:56:36,591 INFO:     60            MiBench_telecomm-gsm    0.91469049    0.86778843   +0.04690206  O3-g 优于 O1-g（快 8.5%，加速比 1.09x）
2026-04-29 13:56:36,591 INFO:     61                   NPB-serial_is    0.99088186    1.00000000   -0.00911814  O1-g ≈ O3-g（差异在 ±5% 内）
2026-04-29 13:56:36,591 INFO:     62                        Olden_bh    1.16416645    1.21875000   -0.05458355  O1-g 优于 O3-g（快 14.1%，加速比 1.16x）
2026-04-29 13:56:36,591 INFO:     63                    Olden_bisort    0.97598618    0.98888886   -0.01290268  O1-g ≈ O3-g（差异在 ±5% 内）
2026-04-29 13:56:36,591 INFO:     64                      Olden_em3d    1.02392471    1.00000000   +0.02392471  O1-g ≈ O3-g（差异在 ±5% 内）
2026-04-29 13:56:36,591 INFO:     65                    Olden_health    0.98544842    0.96174866   +0.02369976  O1-g ≈ O3-g（差异在 ±5% 内）
2026-04-29 13:56:36,591 INFO:     66                       Olden_mst    1.02277613    1.01408446   +0.00869167  O1-g ≈ O3-g（差异在 ±5% 内）
2026-04-29 13:56:36,591 INFO:     67                 Olden_perimeter    0.92893189    0.94144142   -0.01250952  O3-g 优于 O1-g（快 7.1%，加速比 1.08x）
2026-04-29 13:56:36,592 INFO:     68                     Olden_power    0.75354511    0.75000000   +0.00354511  O3-g 优于 O1-g（快 24.6%，加速比 1.33x）
2026-04-29 13:56:36,592 INFO:     69                   Olden_treeadd    1.00826561    0.99509805   +0.01316756  O1-g ≈ O3-g（差异在 ±5% 内）
2026-04-29 13:56:36,592 INFO:     70                       Olden_tsp    0.91514450    0.95402300   -0.03887850  O3-g 优于 O1-g（快 8.5%，加速比 1.09x）
2026-04-29 13:56:36,592 INFO:     71                   Olden_voronoi    0.99158198    0.98787880   +0.00370318  O1-g ≈ O3-g（差异在 ±5% 内）
2026-04-29 13:56:36,592 INFO:     72                 Prolangs-C++_NP    1.01385438    0.99894428   +0.01491010  O1-g ≈ O3-g（差异在 ±5% 内）
2026-04-29 13:56:36,592 INFO:     73             Prolangs-C++_deriv1    1.01293278    0.99585509   +0.01707768  O1-g ≈ O3-g（差异在 ±5% 内）
2026-04-29 13:56:36,592 INFO:     74             Prolangs-C++_deriv2    1.01858485    1.01316845   +0.00541639  O1-g ≈ O3-g（差异在 ±5% 内）
2026-04-29 13:56:36,592 INFO:     75             Prolangs-C++_employ    1.00527692    1.00136423   +0.00391269  O1-g ≈ O3-g（差异在 ±5% 内）
2026-04-29 13:56:36,592 INFO:     76                Prolangs-C++_fsm    1.01825333    1.01510620   +0.00314713  O1-g ≈ O3-g（差异在 ±5% 内）
2026-04-29 13:56:36,592 INFO:     77             Prolangs-C++_garage    1.01206267    0.99168032   +0.02038234  O1-g ≈ O3-g（差异在 ±5% 内）
2026-04-29 13:56:36,593 INFO:     78               Prolangs-C++_life    0.97702253    0.97222221   +0.00480032  O1-g ≈ O3-g（差异在 ±5% 内）
2026-04-29 13:56:36,593 INFO:     79            Prolangs-C++_objects    1.01131272    1.00194526   +0.00936747  O1-g ≈ O3-g（差异在 ±5% 内）
2026-04-29 13:56:36,593 INFO:     80              Prolangs-C++_ocean    1.00794911    1.00159490   +0.00635421  O1-g ≈ O3-g（差异在 ±5% 内）
2026-04-29 13:56:36,593 INFO:     81             Prolangs-C++_office    1.01821232    1.01277828   +0.00543404  O1-g ≈ O3-g（差异在 ±5% 内）
2026-04-29 13:56:36,593 INFO:     82             Prolangs-C++_primes    0.44958520    0.45652175   -0.00693655  O3-g 优于 O1-g（快 55.0%，加速比 2.22x）
2026-04-29 13:56:36,593 INFO:     83             Prolangs-C++_shapes    1.01437235    1.00199425   +0.01237810  O1-g ≈ O3-g（差异在 ±5% 内）
2026-04-29 13:56:36,593 INFO:     84              Prolangs-C++_simul    0.91989452    0.90586931   +0.01402521  O3-g 优于 O1-g（快 8.0%，加速比 1.09x）
2026-04-29 13:56:36,593 INFO:     85              Prolangs-C++_trees    1.01044822    1.00201046   +0.00843775  O1-g ≈ O3-g（差异在 ±5% 内）
2026-04-29 13:56:36,593 INFO:     86         Prolangs-C_TimberWolfMC    1.01911867    0.97721088   +0.04190779  O1-g ≈ O3-g（差异在 ±5% 内）
2026-04-29 13:56:36,594 INFO:     87        Prolangs-C_archie-client    1.01564789    1.00627613   +0.00937176  O1-g ≈ O3-g（差异在 ±5% 内）
2026-04-29 13:56:36,594 INFO:     88            Prolangs-C_assembler    1.02108526    1.01347923   +0.00760603  O1-g ≈ O3-g（差异在 ±5% 内）
2026-04-29 13:56:36,594 INFO:     89                Prolangs-C_bison    1.01131177    0.99442405   +0.01688772  O1-g ≈ O3-g（差异在 ±5% 内）
2026-04-29 13:56:36,594 INFO:     90                Prolangs-C_cdecl    1.02137256    1.02129173   +0.00008082  O1-g ≈ O3-g（差异在 ±5% 内）
2026-04-29 13:56:36,594 INFO:     91             Prolangs-C_compiler    1.01839161    1.01307702   +0.00531459  O1-g ≈ O3-g（差异在 ±5% 内）
2026-04-29 13:56:36,594 INFO:     92            Prolangs-C_fixoutput    1.01653397    1.00669038   +0.00984359  O1-g ≈ O3-g（差异在 ±5% 内）
2026-04-29 13:56:36,594 INFO:     93             Prolangs-C_football    1.01911747    1.01447296   +0.00464451  O1-g ≈ O3-g（差异在 ±5% 内）
2026-04-29 13:56:36,594 INFO:     94                Prolangs-C_gnugo    0.97741276    0.95857024   +0.01884252  O1-g ≈ O3-g（差异在 ±5% 内）
2026-04-29 13:56:36,594 INFO:     95               Prolangs-C_loader    1.02553785    1.02619088   -0.00065303  O1-g ≈ O3-g（差异在 ±5% 内）
2026-04-29 13:56:36,595 INFO:     96            Prolangs-C_simulator    1.01972926    0.99519402   +0.02453524  O1-g ≈ O3-g（差异在 ±5% 内）
2026-04-29 13:56:36,595 INFO:     97                 Ptrdist_anagram    0.97461176    0.96610171   +0.00851005  O1-g ≈ O3-g（差异在 ±5% 内）
2026-04-29 13:56:36,595 INFO:     98                      Ptrdist_bc    1.00690675    1.00000000   +0.00690675  O1-g ≈ O3-g（差异在 ±5% 内）
2026-04-29 13:56:36,595 INFO:     99                      Ptrdist_ft    0.71734124    0.74000001   -0.02265877  O3-g 优于 O1-g（快 28.3%，加速比 1.39x）
2026-04-29 13:56:36,595 INFO:    100                      Ptrdist_ks    0.99209338    0.94736844   +0.04472494  O1-g ≈ O3-g（差异在 ±5% 内）
2026-04-29 13:56:36,595 INFO:    101                   Ptrdist_yacr2    0.93904573    0.89743590   +0.04160982  O3-g 优于 O1-g（快 6.1%，加速比 1.06x）
2026-04-29 13:56:36,595 INFO:    102                Rodinia_backprop    1.01201403    0.98571426   +0.02629977  O1-g ≈ O3-g（差异在 ±5% 内）
2026-04-29 13:56:36,595 INFO:    103                 Rodinia_hotspot    0.53271908    0.56420231   -0.03148323  O3-g 优于 O1-g（快 46.7%，加速比 1.88x）
2026-04-29 13:56:36,595 INFO:    104              Rodinia_pathfinder    0.90623051    0.91208792   -0.00585741  O3-g 优于 O1-g（快 9.4%，加速比 1.10x）
2026-04-29 13:56:36,596 INFO:    105                    Rodinia_srad    0.64262819    0.55434781   +0.08828038  O3-g 优于 O1-g（快 35.7%，加速比 1.56x）
2026-04-29 13:56:36,596 INFO:    106                      SciMark2-C    1.01884937    1.00000000   +0.01884937  O1-g ≈ O3-g（差异在 ±5% 内）
2026-04-29 13:56:36,596 INFO:    107            TSVC_ControlFlow-dbl    0.85629153    0.85714287   -0.00085133  O3-g 优于 O1-g（快 14.4%，加速比 1.17x）
2026-04-29 13:56:36,596 INFO:    108            TSVC_ControlFlow-flt    0.81673521    0.81250000   +0.00423521  O3-g 优于 O1-g（快 18.3%，加速比 1.22x）
2026-04-29 13:56:36,596 INFO:    109           TSVC_ControlLoops-dbl    0.73338515    0.76923078   -0.03584564  O3-g 优于 O1-g（快 26.7%，加速比 1.36x）
2026-04-29 13:56:36,596 INFO:    110           TSVC_ControlLoops-flt    0.44892943    0.50000000   -0.05107057  O3-g 优于 O1-g（快 55.1%，加速比 2.23x）
2026-04-29 13:56:36,596 INFO:    111     TSVC_CrossingThresholds-dbl    0.74656135    0.73333335   +0.01322800  O3-g 优于 O1-g（快 25.3%，加速比 1.34x）
2026-04-29 13:56:36,596 INFO:    112     TSVC_CrossingThresholds-flt    0.67504865    0.68181819   -0.00676954  O3-g 优于 O1-g（快 32.5%，加速比 1.48x）
2026-04-29 13:56:36,596 INFO:    113          TSVC_Equivalencing-dbl    0.61017132    0.65714288   -0.04697156  O3-g 优于 O1-g（快 39.0%，加速比 1.64x）
2026-04-29 13:56:36,597 INFO:    114          TSVC_Equivalencing-flt    0.33001399    0.28205130   +0.04796270  O3-g 优于 O1-g（快 67.0%，加速比 3.03x）
2026-04-29 13:56:36,597 INFO:    115              TSVC_Expansion-dbl    0.77218044    0.75000000   +0.02218044  O3-g 优于 O1-g（快 22.8%，加速比 1.30x）
2026-04-29 13:56:36,597 INFO:    116              TSVC_Expansion-flt    0.49013132    0.55555558   -0.06542426  O3-g 优于 O1-g（快 51.0%，加速比 2.04x）
2026-04-29 13:56:36,597 INFO:    117         TSVC_GlobalDataFlow-dbl    0.69108969    0.72222221   -0.03113252  O3-g 优于 O1-g（快 30.9%，加速比 1.45x）
2026-04-29 13:56:36,597 INFO:    118         TSVC_GlobalDataFlow-flt    0.38025403    0.44736841   -0.06711438  O3-g 优于 O1-g（快 62.0%，加速比 2.63x）
2026-04-29 13:56:36,597 INFO:    119     TSVC_IndirectAddressing-dbl    1.00359237    1.00000000   +0.00359237  O1-g ≈ O3-g（差异在 ±5% 内）
2026-04-29 13:56:36,597 INFO:    120     TSVC_IndirectAddressing-flt    0.94568878    0.92857140   +0.01711738  O3-g 优于 O1-g（快 5.4%，加速比 1.06x）
2026-04-29 13:56:36,597 INFO:    121      TSVC_InductionVariable-dbl    0.85739070    0.83333331   +0.02405739  O3-g 优于 O1-g（快 14.3%，加速比 1.17x）
2026-04-29 13:56:36,597 INFO:    122      TSVC_InductionVariable-flt    0.76043820    0.75000000   +0.01043820  O3-g 优于 O1-g（快 24.0%，加速比 1.32x）
2026-04-29 13:56:36,597 INFO:    123       TSVC_LinearDependence-dbl    0.78687978    0.76470590   +0.02217388  O3-g 优于 O1-g（快 21.3%，加速比 1.27x）
2026-04-29 13:56:36,597 INFO:    124       TSVC_LinearDependence-flt    0.46520686    0.48148149   -0.01627463  O3-g 优于 O1-g（快 53.5%，加速比 2.15x）
2026-04-29 13:56:36,598 INFO:    125          TSVC_LoopRerolling-dbl    0.83229989    0.81818181   +0.01411808  O3-g 优于 O1-g（快 16.8%，加速比 1.20x）
2026-04-29 13:56:36,598 INFO:    126          TSVC_LoopRerolling-flt    0.84519273    0.81818181   +0.02701092  O3-g 优于 O1-g（快 15.5%，加速比 1.18x）
2026-04-29 13:56:36,598 INFO:    127      TSVC_LoopRestructuring-dbl    1.01799333    1.00000000   +0.01799333  O1-g ≈ O3-g（差异在 ±5% 内）
2026-04-29 13:56:36,598 INFO:    128      TSVC_LoopRestructuring-flt    0.93321294    0.90909094   +0.02412200  O3-g 优于 O1-g（快 6.7%，加速比 1.07x）
2026-04-29 13:56:36,598 INFO:    129          TSVC_NodeSplitting-dbl    0.94413602    0.92307693   +0.02105910  O3-g 优于 O1-g（快 5.6%，加速比 1.06x）
2026-04-29 13:56:36,598 INFO:    130          TSVC_NodeSplitting-flt    0.90090764    0.87500000   +0.02590764  O3-g 优于 O1-g（快 9.9%，加速比 1.11x）
2026-04-29 13:56:36,598 INFO:    131                TSVC_Packing-dbl    0.82352012    0.85714287   -0.03362274  O3-g 优于 O1-g（快 17.6%，加速比 1.21x）
2026-04-29 13:56:36,598 INFO:    132                TSVC_Packing-flt    0.83747512    0.86666667   -0.02919155  O3-g 优于 O1-g（快 16.3%，加速比 1.19x）
2026-04-29 13:56:36,598 INFO:    133            TSVC_Recurrences-dbl    1.02460039    1.00000000   +0.02460039  O1-g ≈ O3-g（差异在 ±5% 内）
2026-04-29 13:56:36,599 INFO:    134            TSVC_Recurrences-flt    1.02390981    1.00000000   +0.02390981  O1-g ≈ O3-g（差异在 ±5% 内）
2026-04-29 13:56:36,599 INFO:    135             TSVC_Reductions-dbl    0.94700545    1.00000000   -0.05299455  O3-g 优于 O1-g（快 5.3%，加速比 1.06x）
2026-04-29 13:56:36,599 INFO:    136             TSVC_Reductions-flt    0.92929250    1.00000000   -0.07070750  O3-g 优于 O1-g（快 7.1%，加速比 1.08x）
2026-04-29 13:56:36,599 INFO:    137              TSVC_Searching-dbl    0.62222672    0.66666669   -0.04443997  O3-g 优于 O1-g（快 37.8%，加速比 1.61x）
2026-04-29 13:56:36,599 INFO:    138              TSVC_Searching-flt    0.30594647    0.30000001   +0.00594646  O3-g 优于 O1-g（快 69.4%，加速比 3.27x）
2026-04-29 13:56:36,599 INFO:    139    TSVC_StatementReordering-dbl    0.94007391    0.92307693   +0.01699698  O3-g 优于 O1-g（快 6.0%，加速比 1.06x）
2026-04-29 13:56:36,599 INFO:    140    TSVC_StatementReordering-flt    0.95146769    0.94117647   +0.01029122  O1-g ≈ O3-g（差异在 ±5% 内）
2026-04-29 13:56:36,599 INFO:    141              TSVC_Symbolics-dbl    0.72329783    0.73684210   -0.01354426  O3-g 优于 O1-g（快 27.7%，加速比 1.38x）
2026-04-29 13:56:36,599 INFO:    142              TSVC_Symbolics-flt    0.36257678    0.38235295   -0.01977617  O3-g 优于 O1-g（快 63.7%，加速比 2.76x）
2026-04-29 13:56:36,599 INFO:    143               Trimaran_enc-3des    0.97524482    0.95833331   +0.01691151  O1-g ≈ O3-g（差异在 ±5% 内）
2026-04-29 13:56:36,599 INFO:    144                Trimaran_enc-md5    1.01085865    1.00000000   +0.01085865  O1-g ≈ O3-g（差异在 ±5% 内）
2026-04-29 13:56:36,600 INFO:    145                Trimaran_enc-pc1    0.57785732    0.56034482   +0.01751250  O3-g 优于 O1-g（快 42.2%，加速比 1.73x）
2026-04-29 13:56:36,600 INFO:    146                Trimaran_enc-rc4    0.92504030    0.89583331   +0.02920699  O3-g 优于 O1-g（快 7.5%，加速比 1.08x）
2026-04-29 13:56:36,600 INFO:    147           Trimaran_netbench-crc    1.01401997    1.00000000   +0.01401997  O1-g ≈ O3-g（差异在 ±5% 内）
2026-04-29 13:56:36,600 INFO:    148           Trimaran_netbench-url    1.01019728    1.00000000   +0.01019728  O1-g ≈ O3-g（差异在 ±5% 内）
2026-04-29 13:56:36,600 INFO:    149                VersaBench_8b10b    1.00804543    1.00000000   +0.00804543  O1-g ≈ O3-g（差异在 ±5% 内）
2026-04-29 13:56:36,600 INFO:    150           VersaBench_beamformer    0.79957336    0.77049178   +0.02908158  O3-g 优于 O1-g（快 20.0%，加速比 1.25x）
2026-04-29 13:56:36,600 INFO:    151                  VersaBench_bmm    1.01031375    1.00000000   +0.01031375  O1-g ≈ O3-g（差异在 ±5% 内）
2026-04-29 13:56:36,600 INFO:    152                 VersaBench_dbms    1.01490867    1.00000000   +0.01490867  O1-g ≈ O3-g（差异在 ±5% 内）
2026-04-29 13:56:36,600 INFO:    153               VersaBench_ecbdes    1.01586354    1.00000000   +0.01586354  O1-g ≈ O3-g（差异在 ±5% 内）
2026-04-29 13:56:36,600 INFO:    154                    llubenchmark    1.01164258    1.00000000   +0.01164258  O1-g ≈ O3-g（差异在 ±5% 内）
2026-04-29 13:56:36,601 INFO:    155                           mafft    1.00534105    1.00000000   +0.00534105  O1-g ≈ O3-g（差异在 ±5% 内）
2026-04-29 13:56:36,601 INFO:    156      mediabench_adpcm_rawcaudio    1.00758195    1.00152636   +0.00605559  O1-g ≈ O3-g（差异在 ±5% 内）
2026-04-29 13:56:36,601 INFO:    157      mediabench_adpcm_rawdaudio    1.01134944    1.01537275   -0.00402331  O1-g ≈ O3-g（差异在 ±5% 内）
2026-04-29 13:56:36,601 INFO:    158      mediabench_g721_g721encode    0.95581454    0.89805824   +0.05775630  O1-g ≈ O3-g（差异在 ±5% 内）
2026-04-29 13:56:36,601 INFO:    159            mediabench_gsm_toast    0.89823174    0.84902489   +0.04920685  O3-g 优于 O1-g（快 10.2%，加速比 1.11x）
2026-04-29 13:56:36,601 INFO:    160         mediabench_jpeg_jpeg-6a    1.00621653    1.00703692   -0.00082040  O1-g ≈ O3-g（差异在 ±5% 内）
2026-04-29 13:56:36,601 INFO:    161       mediabench_mpeg2_mpeg2dec    0.96499276    0.97662663   -0.01163387  O1-g ≈ O3-g（差异在 ±5% 内）
2026-04-29 13:56:36,601 INFO:    162                          nbench    0.89056379    0.87096775   +0.01959604  O3-g 优于 O1-g（快 10.9%，加速比 1.12x）
2026-04-29 13:56:36,601 INFO:    163                      tramp3d-v4    0.48571593    0.54452056   -0.05880463  O3-g 优于 O1-g（快 51.4%，加速比 2.06x）
2026-04-29 13:56:36,602 INFO: 
  ── 验证指标 ──
2026-04-29 13:56:36,602 INFO:   MAE  = 0.020806
2026-04-29 13:56:36,602 INFO:   MSE  = 0.000720
2026-04-29 13:56:36,602 INFO:   RMSE = 0.026838
2026-04-29 13:56:36,602 INFO:   方向准确率 = 141/163 (86.5%)
2026-04-29 13:56:36,602 INFO:   预测 O1-g 更优: 69/163  (真实: 59/163)
2026-04-29 13:56:36,602 INFO:   方向准确率（排除 ±5%）= 73/73 (100.0%)
2026-04-29 13:56:36,605 INFO:   结构化结果: checkpoints/transformer/fixed_work_best/infer_samples_O1-g_vs_O3-g.csv
2026-04-29 13:56:36,605 INFO:   摘要结果: checkpoints/transformer/fixed_work_best/infer_summary_O1-g_vs_O3-g.json
2026-04-29 13:56:36,746 INFO: ========================================================================
2026-04-29 13:56:36,746 INFO: 版本对: O2-bolt_vs_O2-bolt-opt  (O2-bolt vs O2-bolt-opt)  共 165 个程序
2026-04-29 13:56:36,746 INFO: 标签模式: fixed_workload
2026-04-29 13:56:36,746 INFO: 标签定义: Y = T_v2 / T_v1 (time ratio)
2026-04-29 13:56:36,746 INFO: 判定方向: Y >= 1 视为 O2-bolt 更快，Y < 1 视为 O2-bolt-opt 更快
2026-04-29 13:56:36,746 INFO: 统计口径: 方向准确率按 same-side(Y=1.0) 统计；展示结论仍使用 judge() 的 ±5%% 区间
2026-04-29 13:56:36,746 INFO: ========================================================================
2026-04-29 13:56:36,746 INFO:      #                              程序          预测 Ŷ          真实 Y            误差  判断
2026-04-29 13:56:36,746 INFO:   ------------------------------------------------------------------------------------
2026-04-29 13:56:36,747 INFO:      1                            7zip    0.99318922    1.00000000   -0.00681078  O2-bolt ≈ O2-bolt-opt（差异在 ±5% 内）
2026-04-29 13:56:36,747 INFO:      2             ASCI_Purple_SMG2000    1.00344515    1.00000000   +0.00344515  O2-bolt ≈ O2-bolt-opt（差异在 ±5% 内）
2026-04-29 13:56:36,747 INFO:      3               ASC_Sequoia_AMGmk    1.02272260    1.00000000   +0.02272260  O2-bolt ≈ O2-bolt-opt（差异在 ±5% 内）
2026-04-29 13:56:36,747 INFO:      4           ASC_Sequoia_CrystalMk    1.01427662    1.00000000   +0.01427662  O2-bolt ≈ O2-bolt-opt（差异在 ±5% 内）
2026-04-29 13:56:36,747 INFO:      5               ASC_Sequoia_IRSmk    1.01818442    1.00000000   +0.01818442  O2-bolt ≈ O2-bolt-opt（差异在 ±5% 内）
2026-04-29 13:56:36,747 INFO:      6                  BitBench_drop3    1.08366907    1.04938269   +0.03428638  O2-bolt 优于 O2-bolt-opt（快 7.7%，加速比 1.08x）
2026-04-29 13:56:36,747 INFO:      7                 BitBench_five11    0.95938778    0.94999999   +0.00938779  O2-bolt ≈ O2-bolt-opt（差异在 ±5% 内）
2026-04-29 13:56:36,747 INFO:      8               BitBench_uudecode    1.02451670    0.99858755   +0.02592915  O2-bolt ≈ O2-bolt-opt（差异在 ±5% 内）
2026-04-29 13:56:36,747 INFO:      9               BitBench_uuencode    1.01220393    0.99971467   +0.01248926  O2-bolt ≈ O2-bolt-opt（差异在 ±5% 内）
2026-04-29 13:56:36,747 INFO:     10                          Bullet    1.01661563    1.00000000   +0.01661563  O2-bolt ≈ O2-bolt-opt（差异在 ±5% 内）
2026-04-29 13:56:36,748 INFO:     11         DOE-ProxyApps-C++_CLAMR    1.02290928    1.00000000   +0.02290928  O2-bolt ≈ O2-bolt-opt（差异在 ±5% 内）
2026-04-29 13:56:36,748 INFO:     12   DOE-ProxyApps-C++_HACCKernels    1.00997663    1.00000000   +0.00997663  O2-bolt ≈ O2-bolt-opt（差异在 ±5% 内）
2026-04-29 13:56:36,748 INFO:     13         DOE-ProxyApps-C++_HPCCG    1.03183305    1.00000000   +0.03183305  O2-bolt ≈ O2-bolt-opt（差异在 ±5% 内）
2026-04-29 13:56:36,748 INFO:     14       DOE-ProxyApps-C++_PENNANT    1.01533234    1.00000000   +0.01533234  O2-bolt ≈ O2-bolt-opt（差异在 ±5% 内）
2026-04-29 13:56:36,748 INFO:     15        DOE-ProxyApps-C++_miniFE    1.01153684    1.00000000   +0.01153684  O2-bolt ≈ O2-bolt-opt（差异在 ±5% 内）
2026-04-29 13:56:36,748 INFO:     16            DOE-ProxyApps-C_CoMD    0.96475631    0.95999998   +0.00475633  O2-bolt ≈ O2-bolt-opt（差异在 ±5% 内）
2026-04-29 13:56:36,748 INFO:     17      DOE-ProxyApps-C_Pathfinder    1.02796388    1.06666672   -0.03870285  O2-bolt ≈ O2-bolt-opt（差异在 ±5% 内）
2026-04-29 13:56:36,748 INFO:     18         DOE-ProxyApps-C_RSBench    0.99820995    0.98518521   +0.01302475  O2-bolt ≈ O2-bolt-opt（差异在 ±5% 内）
2026-04-29 13:56:36,748 INFO:     19       DOE-ProxyApps-C_SimpleMOC    1.01662374    1.00000000   +0.01662374  O2-bolt ≈ O2-bolt-opt（差异在 ±5% 内）
2026-04-29 13:56:36,748 INFO:     20         DOE-ProxyApps-C_XSBench    0.94886440    0.93750000   +0.01136440  O2-bolt-opt 优于 O2-bolt（快 5.1%，加速比 1.05x）
2026-04-29 13:56:36,749 INFO:     21         DOE-ProxyApps-C_miniAMR    0.98377144    1.00000000   -0.01622856  O2-bolt ≈ O2-bolt-opt（差异在 ±5% 内）
2026-04-29 13:56:36,749 INFO:     22         DOE-ProxyApps-C_miniGMG    0.96199262    0.98412699   -0.02213436  O2-bolt ≈ O2-bolt-opt（差异在 ±5% 内）
2026-04-29 13:56:36,749 INFO:     23                     Fhourstones    0.98849005    0.98113209   +0.00735795  O2-bolt ≈ O2-bolt-opt（差异在 ±5% 内）
2026-04-29 13:56:36,749 INFO:     24                 Fhourstones-3.1    1.05835879    1.08571434   -0.02735555  O2-bolt 优于 O2-bolt-opt（快 5.5%，加速比 1.06x）
2026-04-29 13:56:36,749 INFO:     25              FreeBench_analyzer    1.03468966    1.02056551   +0.01412416  O2-bolt ≈ O2-bolt-opt（差异在 ±5% 内）
2026-04-29 13:56:36,749 INFO:     26               FreeBench_distray    1.01678491    0.99484539   +0.02193952  O2-bolt ≈ O2-bolt-opt（差异在 ±5% 内）
2026-04-29 13:56:36,749 INFO:     27            FreeBench_fourinarow    1.00482345    1.00000000   +0.00482345  O2-bolt ≈ O2-bolt-opt（差异在 ±5% 内）
2026-04-29 13:56:36,749 INFO:     28                 FreeBench_mason    0.99570459    0.98479086   +0.01091373  O2-bolt ≈ O2-bolt-opt（差异在 ±5% 内）
2026-04-29 13:56:36,749 INFO:     29                FreeBench_neural    1.05020857    1.02173913   +0.02846944  O2-bolt 优于 O2-bolt-opt（快 4.8%，加速比 1.05x）
2026-04-29 13:56:36,749 INFO:     30            FreeBench_pcompress2    1.01178980    1.03353655   -0.02174675  O2-bolt ≈ O2-bolt-opt（差异在 ±5% 内）
2026-04-29 13:56:36,750 INFO:     31                 FreeBench_pifft    1.01219773    1.00180185   +0.01039588  O2-bolt ≈ O2-bolt-opt（差异在 ±5% 内）
2026-04-29 13:56:36,750 INFO:     32               MallocBench_cfrac    1.01901376    1.00000000   +0.01901376  O2-bolt ≈ O2-bolt-opt（差异在 ±5% 内）
2026-04-29 13:56:36,750 INFO:     33            MallocBench_espresso    1.00771964    1.00000000   +0.00771964  O2-bolt ≈ O2-bolt-opt（差异在 ±5% 内）
2026-04-29 13:56:36,750 INFO:     34                  MallocBench_gs    0.96639287    0.95457625   +0.01181662  O2-bolt ≈ O2-bolt-opt（差异在 ±5% 内）
2026-04-29 13:56:36,750 INFO:     35                 McCat_01-qbsort    0.98800689    0.97443610   +0.01357079  O2-bolt ≈ O2-bolt-opt（差异在 ±5% 内）
2026-04-29 13:56:36,750 INFO:     36                 McCat_04-bisect    1.04895663    1.01359224   +0.03536439  O2-bolt ≈ O2-bolt-opt（差异在 ±5% 内）
2026-04-29 13:56:36,750 INFO:     37                   McCat_08-main    1.01156080    1.00000000   +0.01156080  O2-bolt ≈ O2-bolt-opt（差异在 ±5% 内）
2026-04-29 13:56:36,750 INFO:     38                    McCat_09-vor    1.01811099    0.99473685   +0.02337414  O2-bolt ≈ O2-bolt-opt（差异在 ±5% 内）
2026-04-29 13:56:36,750 INFO:     39                 McCat_12-IOtest    1.01948416    0.99324322   +0.02624094  O2-bolt ≈ O2-bolt-opt（差异在 ±5% 内）
2026-04-29 13:56:36,750 INFO:     40                   McCat_15-trie    1.00445974    1.01008666   -0.00562692  O2-bolt ≈ O2-bolt-opt（差异在 ±5% 内）
2026-04-29 13:56:36,750 INFO:     41                  McCat_17-bintr    0.92998421    0.94939756   -0.01941335  O2-bolt-opt 优于 O2-bolt（快 7.0%，加速比 1.08x）
2026-04-29 13:56:36,751 INFO:     42                    McCat_18-imp    1.11619353    1.11548555   +0.00070798  O2-bolt 优于 O2-bolt-opt（快 10.4%，加速比 1.12x）
2026-04-29 13:56:36,751 INFO:     43    MiBench_automotive-basicmath    0.99702066    1.00000000   -0.00297934  O2-bolt ≈ O2-bolt-opt（差异在 ±5% 内）
2026-04-29 13:56:36,751 INFO:     44     MiBench_automotive-bitcount    0.91062093    0.89939940   +0.01122153  O2-bolt-opt 优于 O2-bolt（快 8.9%，加速比 1.10x）
2026-04-29 13:56:36,751 INFO:     45        MiBench_automotive-susan    0.99820948    0.98828697   +0.00992250  O2-bolt ≈ O2-bolt-opt（差异在 ±5% 内）
2026-04-29 13:56:36,751 INFO:     46           MiBench_consumer-jpeg    1.00111771    0.99665409   +0.00446361  O2-bolt ≈ O2-bolt-opt（差异在 ±5% 内）
2026-04-29 13:56:36,751 INFO:     47           MiBench_consumer-lame    0.98911053    0.98769230   +0.00141823  O2-bolt ≈ O2-bolt-opt（差异在 ±5% 内）
2026-04-29 13:56:36,751 INFO:     48        MiBench_consumer-typeset    1.02009213    0.99445885   +0.02563328  O2-bolt ≈ O2-bolt-opt（差异在 ±5% 内）
2026-04-29 13:56:36,751 INFO:     49        MiBench_network-dijkstra    0.97917855    0.91924530   +0.05993325  O2-bolt ≈ O2-bolt-opt（差异在 ±5% 内）
2026-04-29 13:56:36,751 INFO:     50        MiBench_network-patricia    1.00410318    0.99356222   +0.01054096  O2-bolt ≈ O2-bolt-opt（差异在 ±5% 内）
2026-04-29 13:56:36,751 INFO:     51           MiBench_office-ispell    1.00999606    1.00145996   +0.00853610  O2-bolt ≈ O2-bolt-opt（差异在 ±5% 内）
2026-04-29 13:56:36,751 INFO:     52     MiBench_office-stringsearch    1.00892544    1.00898242   -0.00005698  O2-bolt ≈ O2-bolt-opt（差异在 ±5% 内）
2026-04-29 13:56:36,752 INFO:     53       MiBench_security-blowfish    1.00741696    1.02514958   -0.01773262  O2-bolt ≈ O2-bolt-opt（差异在 ±5% 内）
2026-04-29 13:56:36,752 INFO:     54       MiBench_security-rijndael    1.04294121    1.04686427   -0.00392306  O2-bolt ≈ O2-bolt-opt（差异在 ±5% 内）
2026-04-29 13:56:36,752 INFO:     55            MiBench_security-sha    1.02246606    1.00348186   +0.01898420  O2-bolt ≈ O2-bolt-opt（差异在 ±5% 内）
2026-04-29 13:56:36,752 INFO:     56          MiBench_telecomm-CRC32    1.00488067    1.00000000   +0.00488067  O2-bolt ≈ O2-bolt-opt（差异在 ±5% 内）
2026-04-29 13:56:36,752 INFO:     57            MiBench_telecomm-FFT    0.99661106    1.00309122   -0.00648016  O2-bolt ≈ O2-bolt-opt（差异在 ±5% 内）
2026-04-29 13:56:36,752 INFO:     58          MiBench_telecomm-adpcm    1.02159560    0.99757868   +0.02401692  O2-bolt ≈ O2-bolt-opt（差异在 ±5% 内）
2026-04-29 13:56:36,752 INFO:     59            MiBench_telecomm-gsm    1.00642192    1.00755668   -0.00113475  O2-bolt ≈ O2-bolt-opt（差异在 ±5% 内）
2026-04-29 13:56:36,752 INFO:     60                   NPB-serial_is    1.01298559    1.00000000   +0.01298559  O2-bolt ≈ O2-bolt-opt（差异在 ±5% 内）
2026-04-29 13:56:36,752 INFO:     61                        Olden_bh    1.00952506    1.00000000   +0.00952506  O2-bolt ≈ O2-bolt-opt（差异在 ±5% 内）
2026-04-29 13:56:36,752 INFO:     62                    Olden_bisort    0.99712622    0.97777778   +0.01934844  O2-bolt ≈ O2-bolt-opt（差异在 ±5% 内）
2026-04-29 13:56:36,752 INFO:     63                      Olden_em3d    1.69804096    1.64285719   +0.05518377  O2-bolt 优于 O2-bolt-opt（快 41.1%，加速比 1.70x）
2026-04-29 13:56:36,753 INFO:     64                    Olden_health    0.99290907    0.98913044   +0.00377864  O2-bolt ≈ O2-bolt-opt（差异在 ±5% 内）
2026-04-29 13:56:36,753 INFO:     65                       Olden_mst    0.98037386    0.99201596   -0.01164210  O2-bolt ≈ O2-bolt-opt（差异在 ±5% 内）
2026-04-29 13:56:36,753 INFO:     66                 Olden_perimeter    0.93805188    0.93449783   +0.00355405  O2-bolt-opt 优于 O2-bolt（快 6.2%，加速比 1.07x）
2026-04-29 13:56:36,753 INFO:     67                     Olden_power    1.02667844    1.00000000   +0.02667844  O2-bolt ≈ O2-bolt-opt（差异在 ±5% 内）
2026-04-29 13:56:36,753 INFO:     68                   Olden_treeadd    0.99516976    0.98543692   +0.00973284  O2-bolt ≈ O2-bolt-opt（差异在 ±5% 内）
2026-04-29 13:56:36,753 INFO:     69                       Olden_tsp    1.00786197    1.00000000   +0.00786197  O2-bolt ≈ O2-bolt-opt（差异在 ±5% 内）
2026-04-29 13:56:36,753 INFO:     70                   Olden_voronoi    1.01562488    1.00000000   +0.01562488  O2-bolt ≈ O2-bolt-opt（差异在 ±5% 内）
2026-04-29 13:56:36,753 INFO:     71                           PAQ8p    1.00226879    1.00000000   +0.00226879  O2-bolt ≈ O2-bolt-opt（差异在 ±5% 内）
2026-04-29 13:56:36,753 INFO:     72                 Prolangs-C++_NP    1.01722944    1.00884759   +0.00838184  O2-bolt ≈ O2-bolt-opt（差异在 ±5% 内）
2026-04-29 13:56:36,753 INFO:     73               Prolangs-C++_city    0.99460948    0.97594166   +0.01866782  O2-bolt ≈ O2-bolt-opt（差异在 ±5% 内）
2026-04-29 13:56:36,754 INFO:     74             Prolangs-C++_deriv1    1.01769233    1.01412010   +0.00357223  O2-bolt ≈ O2-bolt-opt（差异在 ±5% 内）
2026-04-29 13:56:36,754 INFO:     75             Prolangs-C++_deriv2    1.01568377    1.01145566   +0.00422812  O2-bolt ≈ O2-bolt-opt（差异在 ±5% 内）
2026-04-29 13:56:36,754 INFO:     76             Prolangs-C++_employ    0.99399692    0.99030280   +0.00369412  O2-bolt ≈ O2-bolt-opt（差异在 ±5% 内）
2026-04-29 13:56:36,754 INFO:     77             Prolangs-C++_family    1.01639879    1.01969588   -0.00329709  O2-bolt ≈ O2-bolt-opt（差异在 ±5% 内）
2026-04-29 13:56:36,754 INFO:     78                Prolangs-C++_fsm    1.01452732    1.00914490   +0.00538242  O2-bolt ≈ O2-bolt-opt（差异在 ±5% 内）
2026-04-29 13:56:36,754 INFO:     79             Prolangs-C++_garage    1.01031375    0.99812412   +0.01218963  O2-bolt ≈ O2-bolt-opt（差异在 ±5% 内）
2026-04-29 13:56:36,754 INFO:     80               Prolangs-C++_life    1.01195598    1.00000000   +0.01195598  O2-bolt ≈ O2-bolt-opt（差异在 ±5% 内）
2026-04-29 13:56:36,754 INFO:     81            Prolangs-C++_objects    1.01371527    1.01141822   +0.00229704  O2-bolt ≈ O2-bolt-opt（差异在 ±5% 内）
2026-04-29 13:56:36,754 INFO:     82              Prolangs-C++_ocean    1.00704741    1.00000000   +0.00704741  O2-bolt ≈ O2-bolt-opt（差异在 ±5% 内）
2026-04-29 13:56:36,754 INFO:     83             Prolangs-C++_office    1.01168907    1.00595653   +0.00573254  O2-bolt ≈ O2-bolt-opt（差异在 ±5% 内）
2026-04-29 13:56:36,754 INFO:     84             Prolangs-C++_primes    0.96209484    0.95804197   +0.00405288  O2-bolt ≈ O2-bolt-opt（差异在 ±5% 内）
2026-04-29 13:56:36,754 INFO:     85             Prolangs-C++_shapes    1.01295567    1.02518713   -0.01223147  O2-bolt ≈ O2-bolt-opt（差异在 ±5% 内）
2026-04-29 13:56:36,755 INFO:     86              Prolangs-C++_simul    1.03616047    1.02522528   +0.01093519  O2-bolt ≈ O2-bolt-opt（差异在 ±5% 内）
2026-04-29 13:56:36,755 INFO:     87              Prolangs-C++_trees    1.01822770    1.01762021   +0.00060749  O2-bolt ≈ O2-bolt-opt（差异在 ±5% 内）
2026-04-29 13:56:36,755 INFO:     88              Prolangs-C++_vcirc    1.01074541    1.00158143   +0.00916398  O2-bolt ≈ O2-bolt-opt（差异在 ±5% 内）
2026-04-29 13:56:36,755 INFO:     89                Prolangs-C_agrep    1.01781464    1.03820348   -0.02038884  O2-bolt ≈ O2-bolt-opt（差异在 ±5% 内）
2026-04-29 13:56:36,755 INFO:     90             Prolangs-C_allroots    1.02062321    1.00935662   +0.01126659  O2-bolt ≈ O2-bolt-opt（差异在 ±5% 内）
2026-04-29 13:56:36,755 INFO:     91                Prolangs-C_bison    0.99536371    0.98792332   +0.00744039  O2-bolt ≈ O2-bolt-opt（差异在 ±5% 内）
2026-04-29 13:56:36,755 INFO:     92                Prolangs-C_cdecl    1.02194953    1.01220322   +0.00974631  O2-bolt ≈ O2-bolt-opt（差异在 ±5% 内）
2026-04-29 13:56:36,755 INFO:     93            Prolangs-C_fixoutput    1.01163197    0.99645865   +0.01517332  O2-bolt ≈ O2-bolt-opt（差异在 ±5% 内）
2026-04-29 13:56:36,755 INFO:     94             Prolangs-C_football    1.01237321    0.99751115   +0.01486206  O2-bolt ≈ O2-bolt-opt（差异在 ±5% 内）
2026-04-29 13:56:36,755 INFO:     95                Prolangs-C_gnugo    1.02225995    1.00982797   +0.01243198  O2-bolt ≈ O2-bolt-opt（差异在 ±5% 内）
2026-04-29 13:56:36,756 INFO:     96               Prolangs-C_loader    1.02108598    1.02377474   -0.00268877  O2-bolt ≈ O2-bolt-opt（差异在 ±5% 内）
2026-04-29 13:56:36,756 INFO:     97            Prolangs-C_simulator    1.02213168    1.01593041   +0.00620127  O2-bolt ≈ O2-bolt-opt（差异在 ±5% 内）
2026-04-29 13:56:36,756 INFO:     98           Prolangs-C_unix-smail    1.01473606    0.99699098   +0.01774508  O2-bolt ≈ O2-bolt-opt（差异在 ±5% 内）
2026-04-29 13:56:36,756 INFO:     99             Prolangs-C_unix-tbl    1.01474595    1.02245474   -0.00770879  O2-bolt ≈ O2-bolt-opt（差异在 ±5% 内）
2026-04-29 13:56:36,756 INFO:    100                 Ptrdist_anagram    0.98368365    0.98333335   +0.00035030  O2-bolt ≈ O2-bolt-opt（差异在 ±5% 内）
2026-04-29 13:56:36,756 INFO:    101                      Ptrdist_bc    0.92435890    0.90445858   +0.01990032  O2-bolt-opt 优于 O2-bolt（快 7.6%，加速比 1.08x）
2026-04-29 13:56:36,756 INFO:    102                      Ptrdist_ft    1.00665557    1.00000000   +0.00665557  O2-bolt ≈ O2-bolt-opt（差异在 ±5% 内）
2026-04-29 13:56:36,756 INFO:    103                      Ptrdist_ks    0.99140626    0.98305082   +0.00835544  O2-bolt ≈ O2-bolt-opt（差异在 ±5% 内）
2026-04-29 13:56:36,756 INFO:    104                   Ptrdist_yacr2    1.12390268    1.09375000   +0.03015268  O2-bolt 优于 O2-bolt-opt（快 11.0%，加速比 1.12x）
2026-04-29 13:56:36,756 INFO:    105                Rodinia_backprop    0.99522388    1.00000000   -0.00477612  O2-bolt ≈ O2-bolt-opt（差异在 ±5% 内）
2026-04-29 13:56:36,756 INFO:    106                 Rodinia_hotspot    1.01272798    0.99227798   +0.02045000  O2-bolt ≈ O2-bolt-opt（差异在 ±5% 内）
2026-04-29 13:56:36,757 INFO:    107              Rodinia_pathfinder    0.97392744    1.03448272   -0.06055528  O2-bolt ≈ O2-bolt-opt（差异在 ±5% 内）
2026-04-29 13:56:36,757 INFO:    108                    Rodinia_srad    0.99541664    1.00000000   -0.00458336  O2-bolt ≈ O2-bolt-opt（差异在 ±5% 内）
2026-04-29 13:56:36,757 INFO:    109                      SciMark2-C    1.01299512    1.00000000   +0.01299512  O2-bolt ≈ O2-bolt-opt（差异在 ±5% 内）
2026-04-29 13:56:36,757 INFO:    110            TSVC_ControlFlow-dbl    1.01734960    1.00000000   +0.01734960  O2-bolt ≈ O2-bolt-opt（差异在 ±5% 内）
2026-04-29 13:56:36,757 INFO:    111            TSVC_ControlFlow-flt    1.02175701    1.00000000   +0.02175701  O2-bolt ≈ O2-bolt-opt（差异在 ±5% 内）
2026-04-29 13:56:36,757 INFO:    112           TSVC_ControlLoops-dbl    1.02418840    1.00000000   +0.02418840  O2-bolt ≈ O2-bolt-opt（差异在 ±5% 内）
2026-04-29 13:56:36,757 INFO:    113           TSVC_ControlLoops-flt    1.01654041    1.00000000   +0.01654041  O2-bolt ≈ O2-bolt-opt（差异在 ±5% 内）
2026-04-29 13:56:36,757 INFO:    114     TSVC_CrossingThresholds-dbl    1.00926769    1.00000000   +0.00926769  O2-bolt ≈ O2-bolt-opt（差异在 ±5% 内）
2026-04-29 13:56:36,757 INFO:    115     TSVC_CrossingThresholds-flt    0.97308755    0.95652175   +0.01656580  O2-bolt ≈ O2-bolt-opt（差异在 ±5% 内）
2026-04-29 13:56:36,757 INFO:    116          TSVC_Equivalencing-dbl    0.99211973    1.00000000   -0.00788027  O2-bolt ≈ O2-bolt-opt（差异在 ±5% 内）
2026-04-29 13:56:36,758 INFO:    117          TSVC_Equivalencing-flt    0.99631464    1.00000000   -0.00368536  O2-bolt ≈ O2-bolt-opt（差异在 ±5% 内）
2026-04-29 13:56:36,758 INFO:    118              TSVC_Expansion-dbl    1.00598729    1.00000000   +0.00598729  O2-bolt ≈ O2-bolt-opt（差异在 ±5% 内）
2026-04-29 13:56:36,758 INFO:    119              TSVC_Expansion-flt    0.97290719    0.96428573   +0.00862145  O2-bolt ≈ O2-bolt-opt（差异在 ±5% 内）
2026-04-29 13:56:36,758 INFO:    120         TSVC_GlobalDataFlow-dbl    0.99380207    1.00000000   -0.00619793  O2-bolt ≈ O2-bolt-opt（差异在 ±5% 内）
2026-04-29 13:56:36,758 INFO:    121         TSVC_GlobalDataFlow-flt    0.99316704    0.97435898   +0.01880807  O2-bolt ≈ O2-bolt-opt（差异在 ±5% 内）
2026-04-29 13:56:36,758 INFO:    122     TSVC_IndirectAddressing-dbl    1.00384331    1.00000000   +0.00384331  O2-bolt ≈ O2-bolt-opt（差异在 ±5% 内）
2026-04-29 13:56:36,758 INFO:    123     TSVC_IndirectAddressing-flt    1.01631641    1.00000000   +0.01631641  O2-bolt ≈ O2-bolt-opt（差异在 ±5% 内）
2026-04-29 13:56:36,758 INFO:    124      TSVC_InductionVariable-dbl    1.00575376    1.00000000   +0.00575376  O2-bolt ≈ O2-bolt-opt（差异在 ±5% 内）
2026-04-29 13:56:36,758 INFO:    125      TSVC_InductionVariable-flt    1.02230382    1.00000000   +0.02230382  O2-bolt ≈ O2-bolt-opt（差异在 ±5% 内）
2026-04-29 13:56:36,759 INFO:    126       TSVC_LinearDependence-dbl    1.00858128    1.00000000   +0.00858128  O2-bolt ≈ O2-bolt-opt（差异在 ±5% 内）
2026-04-29 13:56:36,759 INFO:    127       TSVC_LinearDependence-flt    0.94849169    0.93333334   +0.01515836  O2-bolt-opt 优于 O2-bolt（快 5.2%，加速比 1.05x）
2026-04-29 13:56:36,759 INFO:    128          TSVC_LoopRerolling-dbl    1.01480973    1.00000000   +0.01480973  O2-bolt ≈ O2-bolt-opt（差异在 ±5% 内）
2026-04-29 13:56:36,759 INFO:    129          TSVC_LoopRerolling-flt    1.01770687    1.00000000   +0.01770687  O2-bolt ≈ O2-bolt-opt（差异在 ±5% 内）
2026-04-29 13:56:36,759 INFO:    130      TSVC_LoopRestructuring-dbl    0.98996317    1.00000000   -0.01003683  O2-bolt ≈ O2-bolt-opt（差异在 ±5% 内）
2026-04-29 13:56:36,759 INFO:    131      TSVC_LoopRestructuring-flt    1.01331425    1.00000000   +0.01331425  O2-bolt ≈ O2-bolt-opt（差异在 ±5% 内）
2026-04-29 13:56:36,759 INFO:    132          TSVC_NodeSplitting-dbl    1.00246525    1.00000000   +0.00246525  O2-bolt ≈ O2-bolt-opt（差异在 ±5% 内）
2026-04-29 13:56:36,759 INFO:    133          TSVC_NodeSplitting-flt    0.94772297    0.94117647   +0.00654650  O2-bolt-opt 优于 O2-bolt（快 5.2%，加速比 1.06x）
2026-04-29 13:56:36,759 INFO:    134                TSVC_Packing-dbl    1.00934947    1.00000000   +0.00934947  O2-bolt ≈ O2-bolt-opt（差异在 ±5% 内）
2026-04-29 13:56:36,759 INFO:    135                TSVC_Packing-flt    1.32498682    1.33333337   -0.00834656  O2-bolt 优于 O2-bolt-opt（快 24.5%，加速比 1.32x）
2026-04-29 13:56:36,760 INFO:    136            TSVC_Recurrences-dbl    0.98614258    1.00000000   -0.01385742  O2-bolt ≈ O2-bolt-opt（差异在 ±5% 内）
2026-04-29 13:56:36,760 INFO:    137            TSVC_Recurrences-flt    0.98469901    1.00000000   -0.01530099  O2-bolt ≈ O2-bolt-opt（差异在 ±5% 内）
2026-04-29 13:56:36,760 INFO:    138             TSVC_Reductions-dbl    1.00726259    1.00000000   +0.00726259  O2-bolt ≈ O2-bolt-opt（差异在 ±5% 内）
2026-04-29 13:56:36,760 INFO:    139             TSVC_Reductions-flt    1.00419891    1.00000000   +0.00419891  O2-bolt ≈ O2-bolt-opt（差异在 ±5% 内）
2026-04-29 13:56:36,760 INFO:    140              TSVC_Searching-dbl    1.00816607    1.00000000   +0.00816607  O2-bolt ≈ O2-bolt-opt（差异在 ±5% 内）
2026-04-29 13:56:36,760 INFO:    141              TSVC_Searching-flt    1.01603520    1.00000000   +0.01603520  O2-bolt ≈ O2-bolt-opt（差异在 ±5% 内）
2026-04-29 13:56:36,760 INFO:    142    TSVC_StatementReordering-dbl    1.00221670    1.00000000   +0.00221670  O2-bolt ≈ O2-bolt-opt（差异在 ±5% 内）
2026-04-29 13:56:36,760 INFO:    143    TSVC_StatementReordering-flt    1.06805098    1.06250000   +0.00555098  O2-bolt 优于 O2-bolt-opt（快 6.4%，加速比 1.07x）
2026-04-29 13:56:36,760 INFO:    144              TSVC_Symbolics-dbl    1.01515484    1.00000000   +0.01515484  O2-bolt ≈ O2-bolt-opt（差异在 ±5% 内）
2026-04-29 13:56:36,760 INFO:    145              TSVC_Symbolics-flt    0.97423732    0.94444442   +0.02979290  O2-bolt ≈ O2-bolt-opt（差异在 ±5% 内）
2026-04-29 13:56:36,760 INFO:    146               Trimaran_enc-3des    1.00404561    1.00000000   +0.00404561  O2-bolt ≈ O2-bolt-opt（差异在 ±5% 内）
2026-04-29 13:56:36,761 INFO:    147                Trimaran_enc-md5    1.01257408    1.00000000   +0.01257408  O2-bolt ≈ O2-bolt-opt（差异在 ±5% 内）
2026-04-29 13:56:36,761 INFO:    148                Trimaran_enc-pc1    1.01314533    1.00000000   +0.01314533  O2-bolt ≈ O2-bolt-opt（差异在 ±5% 内）
2026-04-29 13:56:36,761 INFO:    149                Trimaran_enc-rc4    0.99836069    0.97959185   +0.01876885  O2-bolt ≈ O2-bolt-opt（差异在 ±5% 内）
2026-04-29 13:56:36,761 INFO:    150           Trimaran_netbench-crc    1.00761259    1.00000000   +0.00761259  O2-bolt ≈ O2-bolt-opt（差异在 ±5% 内）
2026-04-29 13:56:36,761 INFO:    151           Trimaran_netbench-url    1.01463723    1.00000000   +0.01463723  O2-bolt ≈ O2-bolt-opt（差异在 ±5% 内）
2026-04-29 13:56:36,761 INFO:    152                VersaBench_8b10b    1.02534211    1.00000000   +0.02534211  O2-bolt ≈ O2-bolt-opt（差异在 ±5% 内）
2026-04-29 13:56:36,761 INFO:    153           VersaBench_beamformer    1.13420320    1.12962961   +0.00457358  O2-bolt 优于 O2-bolt-opt（快 11.8%，加速比 1.13x）
2026-04-29 13:56:36,761 INFO:    154                  VersaBench_bmm    1.01050544    1.00000000   +0.01050544  O2-bolt ≈ O2-bolt-opt（差异在 ±5% 内）
2026-04-29 13:56:36,761 INFO:    155                 VersaBench_dbms    0.99353421    1.00000000   -0.00646579  O2-bolt ≈ O2-bolt-opt（差异在 ±5% 内）
2026-04-29 13:56:36,761 INFO:    156               VersaBench_ecbdes    1.01164091    1.00000000   +0.01164091  O2-bolt ≈ O2-bolt-opt（差异在 ±5% 内）
2026-04-29 13:56:36,761 INFO:    157                    llubenchmark    1.01324546    1.00000000   +0.01324546  O2-bolt ≈ O2-bolt-opt（差异在 ±5% 内）
2026-04-29 13:56:36,762 INFO:    158                           mafft    1.02388394    1.00000000   +0.02388394  O2-bolt ≈ O2-bolt-opt（差异在 ±5% 内）
2026-04-29 13:56:36,762 INFO:    159      mediabench_adpcm_rawcaudio    0.99941957    0.99703491   +0.00238466  O2-bolt ≈ O2-bolt-opt（差异在 ±5% 内）
2026-04-29 13:56:36,762 INFO:    160      mediabench_adpcm_rawdaudio    0.98933208    0.99080110   -0.00146902  O2-bolt ≈ O2-bolt-opt（差异在 ±5% 内）
2026-04-29 13:56:36,762 INFO:    161      mediabench_g721_g721encode    0.98131615    0.98275864   -0.00144249  O2-bolt ≈ O2-bolt-opt（差异在 ±5% 内）
2026-04-29 13:56:36,762 INFO:    162            mediabench_gsm_toast    1.04294205    1.03024781   +0.01269424  O2-bolt ≈ O2-bolt-opt（差异在 ±5% 内）
2026-04-29 13:56:36,762 INFO:    163       mediabench_mpeg2_mpeg2dec    0.99042201    0.95915985   +0.03126216  O2-bolt ≈ O2-bolt-opt（差异在 ±5% 内）
2026-04-29 13:56:36,762 INFO:    164                          nbench    1.03557777    1.03125000   +0.00432777  O2-bolt ≈ O2-bolt-opt（差异在 ±5% 内）
2026-04-29 13:56:36,762 INFO:    165                      tramp3d-v4    0.99688983    0.98958331   +0.00730652  O2-bolt ≈ O2-bolt-opt（差异在 ±5% 内）
2026-04-29 13:56:36,763 INFO: 
  ── 验证指标 ──
2026-04-29 13:56:36,763 INFO:   MAE  = 0.013117
2026-04-29 13:56:36,763 INFO:   MSE  = 0.000275
2026-04-29 13:56:36,763 INFO:   RMSE = 0.016580
2026-04-29 13:56:36,763 INFO:   方向准确率 = 137/165 (83.0%)
2026-04-29 13:56:36,763 INFO:   预测 O2-bolt 更优: 113/165  (真实: 113/165)
2026-04-29 13:56:36,763 INFO:   方向准确率（排除 ±5%）= 18/18 (100.0%)
2026-04-29 13:56:36,766 INFO:   结构化结果: checkpoints/transformer/fixed_work_best/infer_samples_O2-bolt_vs_O2-bolt-opt.csv
2026-04-29 13:56:36,766 INFO:   摘要结果: checkpoints/transformer/fixed_work_best/infer_summary_O2-bolt_vs_O2-bolt-opt.json
2026-04-29 13:56:36,897 INFO: ========================================================================
2026-04-29 13:56:36,897 INFO: 版本对: O3-bolt_vs_O3-bolt-opt  (O3-bolt vs O3-bolt-opt)  共 161 个程序
2026-04-29 13:56:36,897 INFO: 标签模式: fixed_workload
2026-04-29 13:56:36,897 INFO: 标签定义: Y = T_v2 / T_v1 (time ratio)
2026-04-29 13:56:36,897 INFO: 判定方向: Y >= 1 视为 O3-bolt 更快，Y < 1 视为 O3-bolt-opt 更快
2026-04-29 13:56:36,897 INFO: 统计口径: 方向准确率按 same-side(Y=1.0) 统计；展示结论仍使用 judge() 的 ±5%% 区间
2026-04-29 13:56:36,898 INFO: ========================================================================
2026-04-29 13:56:36,898 INFO:      #                              程序          预测 Ŷ          真实 Y            误差  判断
2026-04-29 13:56:36,898 INFO:   ------------------------------------------------------------------------------------
2026-04-29 13:56:36,898 INFO:      1                            7zip    0.98842555    1.00000000   -0.01157445  O3-bolt ≈ O3-bolt-opt（差异在 ±5% 内）
2026-04-29 13:56:36,898 INFO:      2             ASCI_Purple_SMG2000    0.97715104    1.00000000   -0.02284896  O3-bolt ≈ O3-bolt-opt（差异在 ±5% 内）
2026-04-29 13:56:36,898 INFO:      3               ASC_Sequoia_AMGmk    1.02254832    1.00000000   +0.02254832  O3-bolt ≈ O3-bolt-opt（差异在 ±5% 内）
2026-04-29 13:56:36,898 INFO:      4           ASC_Sequoia_CrystalMk    1.00328290    1.00000000   +0.00328290  O3-bolt ≈ O3-bolt-opt（差异在 ±5% 内）
2026-04-29 13:56:36,898 INFO:      5               ASC_Sequoia_IRSmk    1.01883018    1.00000000   +0.01883018  O3-bolt ≈ O3-bolt-opt（差异在 ±5% 内）
2026-04-29 13:56:36,898 INFO:      6                  BitBench_drop3    0.94441116    0.93406594   +0.01034522  O3-bolt-opt 优于 O3-bolt（快 5.6%，加速比 1.06x）
2026-04-29 13:56:36,898 INFO:      7                 BitBench_five11    0.96025783    0.94999999   +0.01025784  O3-bolt ≈ O3-bolt-opt（差异在 ±5% 内）
2026-04-29 13:56:36,898 INFO:      8               BitBench_uudecode    1.85605383    1.71857262   +0.13748121  O3-bolt 优于 O3-bolt-opt（快 46.1%，加速比 1.86x）
2026-04-29 13:56:36,898 INFO:      9               BitBench_uuencode    1.01685691    1.00515461   +0.01170230  O3-bolt ≈ O3-bolt-opt（差异在 ±5% 内）
2026-04-29 13:56:36,899 INFO:     10                          Bullet    1.02224052    1.00000000   +0.02224052  O3-bolt ≈ O3-bolt-opt（差异在 ±5% 内）
2026-04-29 13:56:36,899 INFO:     11         DOE-ProxyApps-C++_CLAMR    1.02052832    1.00000000   +0.02052832  O3-bolt ≈ O3-bolt-opt（差异在 ±5% 内）
2026-04-29 13:56:36,899 INFO:     12   DOE-ProxyApps-C++_HACCKernels    1.01206815    1.00000000   +0.01206815  O3-bolt ≈ O3-bolt-opt（差异在 ±5% 内）
2026-04-29 13:56:36,899 INFO:     13         DOE-ProxyApps-C++_HPCCG    1.03296185    1.00000000   +0.03296185  O3-bolt ≈ O3-bolt-opt（差异在 ±5% 内）
2026-04-29 13:56:36,899 INFO:     14       DOE-ProxyApps-C++_PENNANT    1.00922608    1.00000000   +0.00922608  O3-bolt ≈ O3-bolt-opt（差异在 ±5% 内）
2026-04-29 13:56:36,899 INFO:     15        DOE-ProxyApps-C++_miniFE    1.02256405    1.00000000   +0.02256405  O3-bolt ≈ O3-bolt-opt（差异在 ±5% 内）
2026-04-29 13:56:36,899 INFO:     16            DOE-ProxyApps-C_CoMD    0.92347068    0.92000002   +0.00347066  O3-bolt-opt 优于 O3-bolt（快 7.7%，加速比 1.08x）
2026-04-29 13:56:36,899 INFO:     17      DOE-ProxyApps-C_Pathfinder    1.02606130    1.06666672   -0.04060543  O3-bolt ≈ O3-bolt-opt（差异在 ±5% 内）
2026-04-29 13:56:36,899 INFO:     18         DOE-ProxyApps-C_RSBench    1.03231275    1.00000000   +0.03231275  O3-bolt ≈ O3-bolt-opt（差异在 ±5% 内）
2026-04-29 13:56:36,899 INFO:     19       DOE-ProxyApps-C_SimpleMOC    0.96844387    0.96969700   -0.00125313  O3-bolt ≈ O3-bolt-opt（差异在 ±5% 内）
2026-04-29 13:56:36,900 INFO:     20         DOE-ProxyApps-C_XSBench    0.95038158    0.93750000   +0.01288158  O3-bolt ≈ O3-bolt-opt（差异在 ±5% 内）
2026-04-29 13:56:36,900 INFO:     21         DOE-ProxyApps-C_miniAMR    0.99597007    1.00000000   -0.00402993  O3-bolt ≈ O3-bolt-opt（差异在 ±5% 内）
2026-04-29 13:56:36,900 INFO:     22         DOE-ProxyApps-C_miniGMG    0.99012870    1.00000000   -0.00987130  O3-bolt ≈ O3-bolt-opt（差异在 ±5% 内）
2026-04-29 13:56:36,900 INFO:     23                     Fhourstones    1.02932656    1.03703701   -0.00771046  O3-bolt ≈ O3-bolt-opt（差异在 ±5% 内）
2026-04-29 13:56:36,900 INFO:     24                 Fhourstones-3.1    1.05866516    1.08571434   -0.02704918  O3-bolt 优于 O3-bolt-opt（快 5.5%，加速比 1.06x）
2026-04-29 13:56:36,900 INFO:     25              FreeBench_analyzer    1.00737894    0.99624997   +0.01112896  O3-bolt ≈ O3-bolt-opt（差异在 ±5% 内）
2026-04-29 13:56:36,900 INFO:     26               FreeBench_distray    1.01506817    1.00000000   +0.01506817  O3-bolt ≈ O3-bolt-opt（差异在 ±5% 内）
2026-04-29 13:56:36,900 INFO:     27            FreeBench_fourinarow    1.00985801    1.00000000   +0.00985801  O3-bolt ≈ O3-bolt-opt（差异在 ±5% 内）
2026-04-29 13:56:36,900 INFO:     28                 FreeBench_mason    0.99428982    0.98467433   +0.00961548  O3-bolt ≈ O3-bolt-opt（差异在 ±5% 内）
2026-04-29 13:56:36,900 INFO:     29                FreeBench_neural    1.03287530    1.01086962   +0.02200568  O3-bolt ≈ O3-bolt-opt（差异在 ±5% 内）
2026-04-29 13:56:36,901 INFO:     30            FreeBench_pcompress2    1.00747979    1.00604224   +0.00143754  O3-bolt ≈ O3-bolt-opt（差异在 ±5% 内）
2026-04-29 13:56:36,901 INFO:     31                 FreeBench_pifft    1.03125811    1.01268113   +0.01857698  O3-bolt ≈ O3-bolt-opt（差异在 ±5% 内）
2026-04-29 13:56:36,901 INFO:     32               MallocBench_cfrac    0.99062145    0.98113209   +0.00948936  O3-bolt ≈ O3-bolt-opt（差异在 ±5% 内）
2026-04-29 13:56:36,901 INFO:     33            MallocBench_espresso    1.01784515    1.01785719   -0.00001204  O3-bolt ≈ O3-bolt-opt（差异在 ±5% 内）
2026-04-29 13:56:36,901 INFO:     34                  MallocBench_gs    0.96357816    0.94297349   +0.02060467  O3-bolt ≈ O3-bolt-opt（差异在 ±5% 内）
2026-04-29 13:56:36,901 INFO:     35                 McCat_01-qbsort    0.99261260    0.97737557   +0.01523703  O3-bolt ≈ O3-bolt-opt（差异在 ±5% 内）
2026-04-29 13:56:36,901 INFO:     36                 McCat_04-bisect    1.15699244    1.10337555   +0.05361688  O3-bolt 优于 O3-bolt-opt（快 13.6%，加速比 1.16x）
2026-04-29 13:56:36,901 INFO:     37                   McCat_08-main    1.01440763    1.00000000   +0.01440763  O3-bolt ≈ O3-bolt-opt（差异在 ±5% 内）
2026-04-29 13:56:36,901 INFO:     38                    McCat_09-vor    1.02546930    1.01600003   +0.00946927  O3-bolt ≈ O3-bolt-opt（差异在 ±5% 内）
2026-04-29 13:56:36,901 INFO:     39                 McCat_12-IOtest    1.01472151    0.99324322   +0.02147830  O3-bolt ≈ O3-bolt-opt（差异在 ±5% 内）
2026-04-29 13:56:36,901 INFO:     40                   McCat_15-trie    1.00043952    1.02257168   -0.02213216  O3-bolt ≈ O3-bolt-opt（差异在 ±5% 内）
2026-04-29 13:56:36,902 INFO:     41                  McCat_17-bintr    0.94148093    1.00000000   -0.05851907  O3-bolt-opt 优于 O3-bolt（快 5.9%，加速比 1.06x）
2026-04-29 13:56:36,902 INFO:     42                    McCat_18-imp    1.10736501    1.09950864   +0.00785637  O3-bolt 优于 O3-bolt-opt（快 9.7%，加速比 1.11x）
2026-04-29 13:56:36,902 INFO:     43    MiBench_automotive-basicmath    1.00671756    1.00000000   +0.00671756  O3-bolt ≈ O3-bolt-opt（差异在 ±5% 内）
2026-04-29 13:56:36,902 INFO:     44     MiBench_automotive-bitcount    0.96490520    0.96551722   -0.00061202  O3-bolt ≈ O3-bolt-opt（差异在 ±5% 内）
2026-04-29 13:56:36,902 INFO:     45        MiBench_automotive-susan    1.00708735    0.98684210   +0.02024525  O3-bolt ≈ O3-bolt-opt（差异在 ±5% 内）
2026-04-29 13:56:36,902 INFO:     46           MiBench_consumer-jpeg    0.98819852    0.98716003   +0.00103849  O3-bolt ≈ O3-bolt-opt（差异在 ±5% 内）
2026-04-29 13:56:36,902 INFO:     47           MiBench_consumer-lame    0.97904831    0.98795182   -0.00890350  O3-bolt ≈ O3-bolt-opt（差异在 ±5% 内）
2026-04-29 13:56:36,902 INFO:     48        MiBench_consumer-typeset    1.01799846    0.98859930   +0.02939916  O3-bolt ≈ O3-bolt-opt（差异在 ±5% 内）
2026-04-29 13:56:36,902 INFO:     49        MiBench_network-dijkstra    0.97028846    0.92191052   +0.04837793  O3-bolt ≈ O3-bolt-opt（差异在 ±5% 内）
2026-04-29 13:56:36,902 INFO:     50        MiBench_network-patricia    0.98650432    0.99571735   -0.00921303  O3-bolt ≈ O3-bolt-opt（差异在 ±5% 内）
2026-04-29 13:56:36,902 INFO:     51           MiBench_office-ispell    1.01070142    1.00658286   +0.00411856  O3-bolt ≈ O3-bolt-opt（差异在 ±5% 内）
2026-04-29 13:56:36,903 INFO:     52     MiBench_office-stringsearch    1.01124966    1.01574588   -0.00449622  O3-bolt ≈ O3-bolt-opt（差异在 ±5% 内）
2026-04-29 13:56:36,903 INFO:     53       MiBench_security-rijndael    1.04915392    1.05910993   -0.00995600  O3-bolt ≈ O3-bolt-opt（差异在 ±5% 内）
2026-04-29 13:56:36,903 INFO:     54            MiBench_security-sha    1.01556051    1.00746751   +0.00809300  O3-bolt ≈ O3-bolt-opt（差异在 ±5% 内）
2026-04-29 13:56:36,903 INFO:     55          MiBench_telecomm-CRC32    0.99993390    1.00688076   -0.00694686  O3-bolt ≈ O3-bolt-opt（差异在 ±5% 内）
2026-04-29 13:56:36,903 INFO:     56            MiBench_telecomm-FFT    1.01987100    0.99694890   +0.02292210  O3-bolt ≈ O3-bolt-opt（差异在 ±5% 内）
2026-04-29 13:56:36,903 INFO:     57          MiBench_telecomm-adpcm    1.00999403    0.99757868   +0.01241535  O3-bolt ≈ O3-bolt-opt（差异在 ±5% 内）
2026-04-29 13:56:36,903 INFO:     58            MiBench_telecomm-gsm    1.00405407    0.99284011   +0.01121396  O3-bolt ≈ O3-bolt-opt（差异在 ±5% 内）
2026-04-29 13:56:36,903 INFO:     59                   NPB-serial_is    1.01041269    1.00000000   +0.01041269  O3-bolt ≈ O3-bolt-opt（差异在 ±5% 内）
2026-04-29 13:56:36,903 INFO:     60                        Olden_bh    1.01492620    1.00000000   +0.01492620  O3-bolt ≈ O3-bolt-opt（差异在 ±5% 内）
2026-04-29 13:56:36,903 INFO:     61                    Olden_bisort    0.98637760    0.98913044   -0.00275284  O3-bolt ≈ O3-bolt-opt（差异在 ±5% 内）
2026-04-29 13:56:36,903 INFO:     62                      Olden_em3d    1.69136071    1.64285719   +0.04850352  O3-bolt 优于 O3-bolt-opt（快 40.9%，加速比 1.69x）
2026-04-29 13:56:36,904 INFO:     63                    Olden_health    1.00684440    1.00000000   +0.00684440  O3-bolt ≈ O3-bolt-opt（差异在 ±5% 内）
2026-04-29 13:56:36,904 INFO:     64                       Olden_mst    0.95974231    1.00199997   -0.04225767  O3-bolt ≈ O3-bolt-opt（差异在 ±5% 内）
2026-04-29 13:56:36,904 INFO:     65                 Olden_perimeter    0.99242371    0.99115044   +0.00127327  O3-bolt ≈ O3-bolt-opt（差异在 ±5% 内）
2026-04-29 13:56:36,904 INFO:     66                     Olden_power    1.01504159    0.98701298   +0.02802861  O3-bolt ≈ O3-bolt-opt（差异在 ±5% 内）
2026-04-29 13:56:36,904 INFO:     67                   Olden_treeadd    1.00842953    1.00487804   +0.00355148  O3-bolt ≈ O3-bolt-opt（差异在 ±5% 内）
2026-04-29 13:56:36,904 INFO:     68                       Olden_tsp    1.02661192    1.01149428   +0.01511765  O3-bolt ≈ O3-bolt-opt（差异在 ±5% 内）
2026-04-29 13:56:36,904 INFO:     69                   Olden_voronoi    1.00150168    1.00606060   -0.00455892  O3-bolt ≈ O3-bolt-opt（差异在 ±5% 内）
2026-04-29 13:56:36,904 INFO:     70                           PAQ8p    0.99972504    1.00000000   -0.00027496  O3-bolt ≈ O3-bolt-opt（差异在 ±5% 内）
2026-04-29 13:56:36,904 INFO:     71                 Prolangs-C++_NP    1.01780760    1.02391160   -0.00610399  O3-bolt ≈ O3-bolt-opt（差异在 ±5% 内）
2026-04-29 13:56:36,904 INFO:     72             Prolangs-C++_deriv1    1.01172757    1.00143433   +0.01029325  O3-bolt ≈ O3-bolt-opt（差异在 ±5% 内）
2026-04-29 13:56:36,904 INFO:     73             Prolangs-C++_deriv2    1.01044989    1.00784409   +0.00260580  O3-bolt ≈ O3-bolt-opt（差异在 ±5% 内）
2026-04-29 13:56:36,905 INFO:     74             Prolangs-C++_employ    1.01754594    1.01038063   +0.00716531  O3-bolt ≈ O3-bolt-opt（差异在 ±5% 内）
2026-04-29 13:56:36,905 INFO:     75                Prolangs-C++_fsm    1.00990355    1.00829017   +0.00161338  O3-bolt ≈ O3-bolt-opt（差异在 ±5% 内）
2026-04-29 13:56:36,905 INFO:     76             Prolangs-C++_garage    1.01397908    1.00928879   +0.00469029  O3-bolt ≈ O3-bolt-opt（差异在 ±5% 内）
2026-04-29 13:56:36,905 INFO:     77               Prolangs-C++_life    1.04601264    1.02857149   +0.01744115  O3-bolt ≈ O3-bolt-opt（差异在 ±5% 内）
2026-04-29 13:56:36,905 INFO:     78            Prolangs-C++_objects    1.01515877    1.01456666   +0.00059211  O3-bolt ≈ O3-bolt-opt（差异在 ±5% 内）
2026-04-29 13:56:36,905 INFO:     79              Prolangs-C++_ocean    1.01334560    0.99203819   +0.02130741  O3-bolt ≈ O3-bolt-opt（差异在 ±5% 内）
2026-04-29 13:56:36,905 INFO:     80             Prolangs-C++_office    1.01111019    0.99761540   +0.01349479  O3-bolt ≈ O3-bolt-opt（差异在 ±5% 内）
2026-04-29 13:56:36,905 INFO:     81             Prolangs-C++_primes    0.95706731    0.95205480   +0.00501251  O3-bolt ≈ O3-bolt-opt（差异在 ±5% 内）
2026-04-29 13:56:36,906 INFO:     82             Prolangs-C++_shapes    1.00957978    1.00086033   +0.00871944  O3-bolt ≈ O3-bolt-opt（差异在 ±5% 内）
2026-04-29 13:56:36,906 INFO:     83              Prolangs-C++_simul    1.01174557    0.99266934   +0.01907623  O3-bolt ≈ O3-bolt-opt（差异在 ±5% 内）
2026-04-29 13:56:36,906 INFO:     84              Prolangs-C++_trees    1.02076590    1.02625501   -0.00548911  O3-bolt ≈ O3-bolt-opt（差异在 ±5% 内）
2026-04-29 13:56:36,906 INFO:     85         Prolangs-C_TimberWolfMC    1.02066684    1.01745570   +0.00321114  O3-bolt ≈ O3-bolt-opt（差异在 ±5% 内）
2026-04-29 13:56:36,906 INFO:     86                Prolangs-C_agrep    1.00897849    1.03104591   -0.02206743  O3-bolt ≈ O3-bolt-opt（差异在 ±5% 内）
2026-04-29 13:56:36,906 INFO:     87             Prolangs-C_allroots    1.01932156    1.01275063   +0.00657094  O3-bolt ≈ O3-bolt-opt（差异在 ±5% 内）
2026-04-29 13:56:36,906 INFO:     88        Prolangs-C_archie-client    1.01137316    1.01161587   -0.00024271  O3-bolt ≈ O3-bolt-opt（差异在 ±5% 内）
2026-04-29 13:56:36,906 INFO:     89                Prolangs-C_bison    1.00412285    0.99333072   +0.01079214  O3-bolt ≈ O3-bolt-opt（差异在 ±5% 内）
2026-04-29 13:56:36,907 INFO:     90                Prolangs-C_cdecl    1.02088439    1.01328838   +0.00759602  O3-bolt ≈ O3-bolt-opt（差异在 ±5% 内）
2026-04-29 13:56:36,907 INFO:     91             Prolangs-C_football    1.00857317    1.02120066   -0.01262748  O3-bolt ≈ O3-bolt-opt（差异在 ±5% 内）
2026-04-29 13:56:36,907 INFO:     92                Prolangs-C_gnugo    1.04440141    1.01735532   +0.02704608  O3-bolt ≈ O3-bolt-opt（差异在 ±5% 内）
2026-04-29 13:56:36,907 INFO:     93           Prolangs-C_unix-smail    1.01275325    1.00617516   +0.00657809  O3-bolt ≈ O3-bolt-opt（差异在 ±5% 内）
2026-04-29 13:56:36,907 INFO:     94             Prolangs-C_unix-tbl    1.00947499    1.01707256   -0.00759757  O3-bolt ≈ O3-bolt-opt（差异在 ±5% 内）
2026-04-29 13:56:36,907 INFO:     95                 Ptrdist_anagram    0.97783697    0.98333335   -0.00549638  O3-bolt ≈ O3-bolt-opt（差异在 ±5% 内）
2026-04-29 13:56:36,907 INFO:     96                      Ptrdist_bc    0.93326104    0.91612905   +0.01713198  O3-bolt-opt 优于 O3-bolt（快 6.7%，加速比 1.07x）
2026-04-29 13:56:36,907 INFO:     97                      Ptrdist_ft    1.03092611    1.01999998   +0.01092613  O3-bolt ≈ O3-bolt-opt（差异在 ±5% 内）
2026-04-29 13:56:36,908 INFO:     98                      Ptrdist_ks    0.89871359    0.85074627   +0.04796731  O3-bolt-opt 优于 O3-bolt（快 10.1%，加速比 1.11x）
2026-04-29 13:56:36,908 INFO:     99                   Ptrdist_yacr2    1.11664724    1.08333337   +0.03331387  O3-bolt 优于 O3-bolt-opt（快 10.4%，加速比 1.12x）
2026-04-29 13:56:36,908 INFO:    100                Rodinia_backprop    0.96917415    1.00000000   -0.03082585  O3-bolt ≈ O3-bolt-opt（差异在 ±5% 内）
2026-04-29 13:56:36,908 INFO:    101                 Rodinia_hotspot    1.03261590    1.00389099   +0.02872491  O3-bolt ≈ O3-bolt-opt（差异在 ±5% 内）
2026-04-29 13:56:36,908 INFO:    102              Rodinia_pathfinder    0.95749557    1.00000000   -0.04250443  O3-bolt ≈ O3-bolt-opt（差异在 ±5% 内）
2026-04-29 13:56:36,908 INFO:    103                    Rodinia_srad    1.00640047    1.01098907   -0.00458860  O3-bolt ≈ O3-bolt-opt（差异在 ±5% 内）
2026-04-29 13:56:36,908 INFO:    104                      SciMark2-C    1.01765454    1.00000000   +0.01765454  O3-bolt ≈ O3-bolt-opt（差异在 ±5% 内）
2026-04-29 13:56:36,908 INFO:    105            TSVC_ControlFlow-dbl    1.01774573    1.00000000   +0.01774573  O3-bolt ≈ O3-bolt-opt（差异在 ±5% 内）
2026-04-29 13:56:36,909 INFO:    106            TSVC_ControlFlow-flt    1.08290792    1.06666672   +0.01624119  O3-bolt 优于 O3-bolt-opt（快 7.7%，加速比 1.08x）
2026-04-29 13:56:36,909 INFO:    107           TSVC_ControlLoops-dbl    1.02292383    1.00000000   +0.02292383  O3-bolt ≈ O3-bolt-opt（差异在 ±5% 内）
2026-04-29 13:56:36,909 INFO:    108           TSVC_ControlLoops-flt    1.02675259    1.00000000   +0.02675259  O3-bolt ≈ O3-bolt-opt（差异在 ±5% 内）
2026-04-29 13:56:36,909 INFO:    109     TSVC_CrossingThresholds-dbl    1.01980817    1.00000000   +0.01980817  O3-bolt ≈ O3-bolt-opt（差异在 ±5% 内）
2026-04-29 13:56:36,909 INFO:    110     TSVC_CrossingThresholds-flt    1.01622307    1.00000000   +0.01622307  O3-bolt ≈ O3-bolt-opt（差异在 ±5% 内）
2026-04-29 13:56:36,909 INFO:    111          TSVC_Equivalencing-dbl    0.99876779    1.00000000   -0.00123221  O3-bolt ≈ O3-bolt-opt（差异在 ±5% 内）
2026-04-29 13:56:36,909 INFO:    112          TSVC_Equivalencing-flt    1.01878572    1.01282048   +0.00596523  O3-bolt ≈ O3-bolt-opt（差异在 ±5% 内）
2026-04-29 13:56:36,909 INFO:    113              TSVC_Expansion-dbl    1.00465500    1.00000000   +0.00465500  O3-bolt ≈ O3-bolt-opt（差异在 ±5% 内）
2026-04-29 13:56:36,909 INFO:    114              TSVC_Expansion-flt    1.03769839    1.03846157   -0.00076318  O3-bolt ≈ O3-bolt-opt（差异在 ±5% 内）
2026-04-29 13:56:36,909 INFO:    115         TSVC_GlobalDataFlow-dbl    1.01093829    1.00000000   +0.01093829  O3-bolt ≈ O3-bolt-opt（差异在 ±5% 内）
2026-04-29 13:56:36,910 INFO:    116         TSVC_GlobalDataFlow-flt    1.03042758    1.00000000   +0.03042758  O3-bolt ≈ O3-bolt-opt（差异在 ±5% 内）
2026-04-29 13:56:36,910 INFO:    117     TSVC_IndirectAddressing-dbl    0.94478965    0.92307693   +0.02171272  O3-bolt-opt 优于 O3-bolt（快 5.5%，加速比 1.06x）
2026-04-29 13:56:36,910 INFO:    118     TSVC_IndirectAddressing-flt    0.94305348    0.92307693   +0.01997656  O3-bolt-opt 优于 O3-bolt（快 5.7%，加速比 1.06x）
2026-04-29 13:56:36,910 INFO:    119      TSVC_InductionVariable-dbl    1.08312225    1.09090912   -0.00778687  O3-bolt 优于 O3-bolt-opt（快 7.7%，加速比 1.08x）
2026-04-29 13:56:36,910 INFO:    120      TSVC_InductionVariable-flt    1.00964725    1.00000000   +0.00964725  O3-bolt ≈ O3-bolt-opt（差异在 ±5% 内）
2026-04-29 13:56:36,910 INFO:    121       TSVC_LinearDependence-dbl    1.00754464    1.00000000   +0.00754464  O3-bolt ≈ O3-bolt-opt（差异在 ±5% 内）
2026-04-29 13:56:36,910 INFO:    122       TSVC_LinearDependence-flt    0.95172310    0.93103451   +0.02068859  O3-bolt ≈ O3-bolt-opt（差异在 ±5% 内）
2026-04-29 13:56:36,910 INFO:    123          TSVC_LoopRerolling-dbl    1.01675487    1.00000000   +0.01675487  O3-bolt ≈ O3-bolt-opt（差异在 ±5% 内）
2026-04-29 13:56:36,910 INFO:    124          TSVC_LoopRerolling-flt    1.01559043    1.00000000   +0.01559043  O3-bolt ≈ O3-bolt-opt（差异在 ±5% 内）
2026-04-29 13:56:36,910 INFO:    125      TSVC_LoopRestructuring-dbl    0.99056178    1.00000000   -0.00943822  O3-bolt ≈ O3-bolt-opt（差异在 ±5% 内）
2026-04-29 13:56:36,910 INFO:    126      TSVC_LoopRestructuring-flt    1.01852596    1.00000000   +0.01852596  O3-bolt ≈ O3-bolt-opt（差异在 ±5% 内）
2026-04-29 13:56:36,911 INFO:    127          TSVC_NodeSplitting-dbl    0.93588537    0.92307693   +0.01280844  O3-bolt-opt 优于 O3-bolt（快 6.4%，加速比 1.07x）
2026-04-29 13:56:36,911 INFO:    128          TSVC_NodeSplitting-flt    1.06466055    1.06666672   -0.00200617  O3-bolt 优于 O3-bolt-opt（快 6.1%，加速比 1.06x）
2026-04-29 13:56:36,911 INFO:    129                TSVC_Packing-dbl    1.27164066    1.27272725   -0.00108659  O3-bolt 优于 O3-bolt-opt（快 21.4%，加速比 1.27x）
2026-04-29 13:56:36,911 INFO:    130                TSVC_Packing-flt    1.24551094    1.25000000   -0.00448906  O3-bolt 优于 O3-bolt-opt（快 19.7%，加速比 1.25x）
2026-04-29 13:56:36,911 INFO:    131            TSVC_Recurrences-dbl    0.98514289    1.00000000   -0.01485711  O3-bolt ≈ O3-bolt-opt（差异在 ±5% 内）
2026-04-29 13:56:36,911 INFO:    132            TSVC_Recurrences-flt    0.98835254    1.00000000   -0.01164746  O3-bolt ≈ O3-bolt-opt（差异在 ±5% 内）
2026-04-29 13:56:36,911 INFO:    133             TSVC_Reductions-dbl    1.01116085    1.00000000   +0.01116085  O3-bolt ≈ O3-bolt-opt（差异在 ±5% 内）
2026-04-29 13:56:36,911 INFO:    134             TSVC_Reductions-flt    1.00898921    1.00000000   +0.00898921  O3-bolt ≈ O3-bolt-opt（差异在 ±5% 内）
2026-04-29 13:56:36,911 INFO:    135              TSVC_Searching-dbl    1.02993679    1.00000000   +0.02993679  O3-bolt ≈ O3-bolt-opt（差异在 ±5% 内）
2026-04-29 13:56:36,911 INFO:    136              TSVC_Searching-flt    1.01957095    1.00000000   +0.01957095  O3-bolt ≈ O3-bolt-opt（差异在 ±5% 内）
2026-04-29 13:56:36,911 INFO:    137    TSVC_StatementReordering-dbl    1.00890517    1.00000000   +0.00890517  O3-bolt ≈ O3-bolt-opt（差异在 ±5% 内）
2026-04-29 13:56:36,911 INFO:    138    TSVC_StatementReordering-flt    1.01067126    1.00000000   +0.01067126  O3-bolt ≈ O3-bolt-opt（差异在 ±5% 内）
2026-04-29 13:56:36,912 INFO:    139              TSVC_Symbolics-dbl    0.97659981    0.94736844   +0.02923137  O3-bolt ≈ O3-bolt-opt（差异在 ±5% 内）
2026-04-29 13:56:36,912 INFO:    140              TSVC_Symbolics-flt    0.94704270    0.91891891   +0.02812380  O3-bolt-opt 优于 O3-bolt（快 5.3%，加速比 1.06x）
2026-04-29 13:56:36,912 INFO:    141               Trimaran_enc-3des    1.02855074    1.04347825   -0.01492751  O3-bolt ≈ O3-bolt-opt（差异在 ±5% 内）
2026-04-29 13:56:36,912 INFO:    142                Trimaran_enc-md5    1.01315773    1.00000000   +0.01315773  O3-bolt ≈ O3-bolt-opt（差异在 ±5% 内）
2026-04-29 13:56:36,912 INFO:    143                Trimaran_enc-pc1    1.01622295    1.00000000   +0.01622295  O3-bolt ≈ O3-bolt-opt（差异在 ±5% 内）
2026-04-29 13:56:36,912 INFO:    144                Trimaran_enc-rc4    1.01623249    1.00000000   +0.01623249  O3-bolt ≈ O3-bolt-opt（差异在 ±5% 内）
2026-04-29 13:56:36,912 INFO:    145           Trimaran_netbench-crc    1.00903678    1.00000000   +0.00903678  O3-bolt ≈ O3-bolt-opt（差异在 ±5% 内）
2026-04-29 13:56:36,912 INFO:    146           Trimaran_netbench-url    1.00994432    1.00000000   +0.00994432  O3-bolt ≈ O3-bolt-opt（差异在 ±5% 内）
2026-04-29 13:56:36,912 INFO:    147                VersaBench_8b10b    0.99852306    0.88888890   +0.10963416  O3-bolt ≈ O3-bolt-opt（差异在 ±5% 内）
2026-04-29 13:56:36,912 INFO:    148           VersaBench_beamformer    1.01855922    1.00000000   +0.01855922  O3-bolt ≈ O3-bolt-opt（差异在 ±5% 内）
2026-04-29 13:56:36,913 INFO:    149                  VersaBench_bmm    1.01447940    1.00000000   +0.01447940  O3-bolt ≈ O3-bolt-opt（差异在 ±5% 内）
2026-04-29 13:56:36,913 INFO:    150                 VersaBench_dbms    0.99608409    1.00000000   -0.00391591  O3-bolt ≈ O3-bolt-opt（差异在 ±5% 内）
2026-04-29 13:56:36,913 INFO:    151               VersaBench_ecbdes    1.01009178    1.00000000   +0.01009178  O3-bolt ≈ O3-bolt-opt（差异在 ±5% 内）
2026-04-29 13:56:36,913 INFO:    152                    llubenchmark    1.01613903    1.00000000   +0.01613903  O3-bolt ≈ O3-bolt-opt（差异在 ±5% 内）
2026-04-29 13:56:36,913 INFO:    153                           mafft    1.01523197    1.00000000   +0.01523197  O3-bolt ≈ O3-bolt-opt（差异在 ±5% 内）
2026-04-29 13:56:36,913 INFO:    154      mediabench_adpcm_rawcaudio    0.99761498    1.00704527   -0.00943029  O3-bolt ≈ O3-bolt-opt（差异在 ±5% 内）
2026-04-29 13:56:36,913 INFO:    155      mediabench_adpcm_rawdaudio    1.00222468    1.01659405   -0.01436937  O3-bolt ≈ O3-bolt-opt（差异在 ±5% 内）
2026-04-29 13:56:36,913 INFO:    156      mediabench_g721_g721encode    1.00110734    0.99612403   +0.00498331  O3-bolt ≈ O3-bolt-opt（差异在 ±5% 内）
2026-04-29 13:56:36,914 INFO:    157            mediabench_gsm_toast    1.01197088    0.99899191   +0.01297897  O3-bolt ≈ O3-bolt-opt（差异在 ±5% 内）
2026-04-29 13:56:36,914 INFO:    158         mediabench_jpeg_jpeg-6a    1.00923193    1.01964355   -0.01041162  O3-bolt ≈ O3-bolt-opt（差异在 ±5% 内）
2026-04-29 13:56:36,914 INFO:    159       mediabench_mpeg2_mpeg2dec    0.99423236    0.95862961   +0.03560275  O3-bolt ≈ O3-bolt-opt（差异在 ±5% 内）
2026-04-29 13:56:36,914 INFO:    160                          nbench    0.96675408    0.93939394   +0.02736014  O3-bolt ≈ O3-bolt-opt（差异在 ±5% 内）
2026-04-29 13:56:36,914 INFO:    161                      tramp3d-v4    1.01834643    0.99317408   +0.02517235  O3-bolt ≈ O3-bolt-opt（差异在 ±5% 内）
2026-04-29 13:56:36,914 INFO: 
  ── 验证指标 ──
2026-04-29 13:56:36,914 INFO:   MAE  = 0.016156
2026-04-29 13:56:36,914 INFO:   MSE  = 0.000535
2026-04-29 13:56:36,914 INFO:   RMSE = 0.023121
2026-04-29 13:56:36,914 INFO:   方向准确率 = 130/161 (80.7%)
2026-04-29 13:56:36,915 INFO:   预测 O3-bolt 更优: 116/161  (真实: 117/161)
2026-04-29 13:56:36,915 INFO:   方向准确率（排除 ±5%）= 29/29 (100.0%)
2026-04-29 13:56:36,917 INFO:   结构化结果: checkpoints/transformer/fixed_work_best/infer_samples_O3-bolt_vs_O3-bolt-opt.csv
2026-04-29 13:56:36,917 INFO:   摘要结果: checkpoints/transformer/fixed_work_best/infer_summary_O3-bolt_vs_O3-bolt-opt.json
2026-04-29 13:56:36,917 INFO: 
